Archive member included because of file (symbol)

f:/windowsstuff/12.0/nios2eds/bin/gnu/h-i686-mingw32/bin/../lib/gcc/nios2-elf/4.1.2/../../../../nios2-elf/lib\libm.a(lib_a-s_sin.o)
                              obj/default/audio.o (sin)
f:/windowsstuff/12.0/nios2eds/bin/gnu/h-i686-mingw32/bin/../lib/gcc/nios2-elf/4.1.2/../../../../nios2-elf/lib\libm.a(lib_a-e_rem_pio2.o)
                              f:/windowsstuff/12.0/nios2eds/bin/gnu/h-i686-mingw32/bin/../lib/gcc/nios2-elf/4.1.2/../../../../nios2-elf/lib\libm.a(lib_a-s_sin.o) (__ieee754_rem_pio2)
f:/windowsstuff/12.0/nios2eds/bin/gnu/h-i686-mingw32/bin/../lib/gcc/nios2-elf/4.1.2/../../../../nios2-elf/lib\libm.a(lib_a-k_cos.o)
                              f:/windowsstuff/12.0/nios2eds/bin/gnu/h-i686-mingw32/bin/../lib/gcc/nios2-elf/4.1.2/../../../../nios2-elf/lib\libm.a(lib_a-s_sin.o) (__kernel_cos)
f:/windowsstuff/12.0/nios2eds/bin/gnu/h-i686-mingw32/bin/../lib/gcc/nios2-elf/4.1.2/../../../../nios2-elf/lib\libm.a(lib_a-k_rem_pio2.o)
                              f:/windowsstuff/12.0/nios2eds/bin/gnu/h-i686-mingw32/bin/../lib/gcc/nios2-elf/4.1.2/../../../../nios2-elf/lib\libm.a(lib_a-e_rem_pio2.o) (__kernel_rem_pio2)
f:/windowsstuff/12.0/nios2eds/bin/gnu/h-i686-mingw32/bin/../lib/gcc/nios2-elf/4.1.2/../../../../nios2-elf/lib\libm.a(lib_a-k_sin.o)
                              f:/windowsstuff/12.0/nios2eds/bin/gnu/h-i686-mingw32/bin/../lib/gcc/nios2-elf/4.1.2/../../../../nios2-elf/lib\libm.a(lib_a-s_sin.o) (__kernel_sin)
f:/windowsstuff/12.0/nios2eds/bin/gnu/h-i686-mingw32/bin/../lib/gcc/nios2-elf/4.1.2/../../../../nios2-elf/lib\libm.a(lib_a-s_fabs.o)
                              f:/windowsstuff/12.0/nios2eds/bin/gnu/h-i686-mingw32/bin/../lib/gcc/nios2-elf/4.1.2/../../../../nios2-elf/lib\libm.a(lib_a-e_rem_pio2.o) (fabs)
f:/windowsstuff/12.0/nios2eds/bin/gnu/h-i686-mingw32/bin/../lib/gcc/nios2-elf/4.1.2/../../../../nios2-elf/lib\libm.a(lib_a-s_floor.o)
                              f:/windowsstuff/12.0/nios2eds/bin/gnu/h-i686-mingw32/bin/../lib/gcc/nios2-elf/4.1.2/../../../../nios2-elf/lib\libm.a(lib_a-k_rem_pio2.o) (floor)
f:/windowsstuff/12.0/nios2eds/bin/gnu/h-i686-mingw32/bin/../lib/gcc/nios2-elf/4.1.2/../../../../nios2-elf/lib\libm.a(lib_a-s_scalbn.o)
                              f:/windowsstuff/12.0/nios2eds/bin/gnu/h-i686-mingw32/bin/../lib/gcc/nios2-elf/4.1.2/../../../../nios2-elf/lib\libm.a(lib_a-k_rem_pio2.o) (scalbn)
f:/windowsstuff/12.0/nios2eds/bin/gnu/h-i686-mingw32/bin/../lib/gcc/nios2-elf/4.1.2/../../../../nios2-elf/lib\libm.a(lib_a-s_copysign.o)
                              f:/windowsstuff/12.0/nios2eds/bin/gnu/h-i686-mingw32/bin/../lib/gcc/nios2-elf/4.1.2/../../../../nios2-elf/lib\libm.a(lib_a-s_scalbn.o) (copysign)
f:/windowsstuff/12.0/nios2eds/bin/gnu/h-i686-mingw32/bin/../lib/gcc/nios2-elf/4.1.2\libgcc.a(_fixunsdfsi.o)
                              obj/default/audio.o (__fixunsdfsi)
f:/windowsstuff/12.0/nios2eds/bin/gnu/h-i686-mingw32/bin/../lib/gcc/nios2-elf/4.1.2\libgcc.a(_div_sf.o)
                              obj/default/Excercises/excercise2.o (__divsf3)
f:/windowsstuff/12.0/nios2eds/bin/gnu/h-i686-mingw32/bin/../lib/gcc/nios2-elf/4.1.2\libgcc.a(_si_to_sf.o)
                              obj/default/Excercises/excercise2.o (__floatsisf)
f:/windowsstuff/12.0/nios2eds/bin/gnu/h-i686-mingw32/bin/../lib/gcc/nios2-elf/4.1.2\libgcc.a(_sf_to_df.o)
                              obj/default/Excercises/excercise2.o (__extendsfdf2)
f:/windowsstuff/12.0/nios2eds/bin/gnu/h-i686-mingw32/bin/../lib/gcc/nios2-elf/4.1.2\libgcc.a(_thenan_sf.o)
                              f:/windowsstuff/12.0/nios2eds/bin/gnu/h-i686-mingw32/bin/../lib/gcc/nios2-elf/4.1.2\libgcc.a(_div_sf.o) (__thenan_sf)
f:/windowsstuff/12.0/nios2eds/bin/gnu/h-i686-mingw32/bin/../lib/gcc/nios2-elf/4.1.2\libgcc.a(_usi_to_sf.o)
                              obj/default/Excercises/excercise2.o (__floatunsisf)
f:/windowsstuff/12.0/nios2eds/bin/gnu/h-i686-mingw32/bin/../lib/gcc/nios2-elf/4.1.2\libgcc.a(_addsub_df.o)
                              f:/windowsstuff/12.0/nios2eds/bin/gnu/h-i686-mingw32/bin/../lib/gcc/nios2-elf/4.1.2/../../../../nios2-elf/lib\libm.a(lib_a-s_sin.o) (__subdf3)
f:/windowsstuff/12.0/nios2eds/bin/gnu/h-i686-mingw32/bin/../lib/gcc/nios2-elf/4.1.2\libgcc.a(_mul_df.o)
                              obj/default/audio.o (__muldf3)
f:/windowsstuff/12.0/nios2eds/bin/gnu/h-i686-mingw32/bin/../lib/gcc/nios2-elf/4.1.2\libgcc.a(_div_df.o)
                              obj/default/audio.o (__divdf3)
f:/windowsstuff/12.0/nios2eds/bin/gnu/h-i686-mingw32/bin/../lib/gcc/nios2-elf/4.1.2\libgcc.a(_eq_df.o)
                              f:/windowsstuff/12.0/nios2eds/bin/gnu/h-i686-mingw32/bin/../lib/gcc/nios2-elf/4.1.2/../../../../nios2-elf/lib\libm.a(lib_a-e_rem_pio2.o) (__eqdf2)
f:/windowsstuff/12.0/nios2eds/bin/gnu/h-i686-mingw32/bin/../lib/gcc/nios2-elf/4.1.2\libgcc.a(_gt_df.o)
[...]
Memory Configuration

Name             Origin             Length             Attributes
reset            0x00800000         0x00000020
sdram_0          0x00800020         0x007fffe0
*default*        0x00000000         0xffffffff

Linker script and memory map

LOAD C:\Users\jorde_000\Documents\GitHub\LaserSharknado\LaserSharknado_bsp/obj/HAL/src/crt0.o
LOAD obj/default/Excercises/excercise2.o
LOAD obj/default/audio.o
LOAD obj/default/audio_up_hack.o
LOAD obj/default/hello_world.o
LOAD obj/default/player.o
LOAD obj/default/sd_card.o
LOAD obj/default/timer.o
LOAD obj/default/vga.o
LOAD f:/windowsstuff/12.0/nios2eds/bin/gnu/h-i686-mingw32/bin/../lib/gcc/nios2-elf/4.1.2/../../../../nios2-elf/lib\libstdc++.a
LOAD f:/windowsstuff/12.0/nios2eds/bin/gnu/h-i686-mingw32/bin/../lib/gcc/nios2-elf/4.1.2/../../../../nios2-elf/lib\libm.a
LOAD f:/windowsstuff/12.0/nios2eds/bin/gnu/h-i686-mingw32/bin/../lib/gcc/nios2-elf/4.1.2\libgcc.a
START GROUP
LOAD f:/windowsstuff/12.0/nios2eds/bin/gnu/h-i686-mingw32/bin/../lib/gcc/nios2-elf/4.1.2/../../../../nios2-elf/lib\libc.a
LOAD f:/windowsstuff/12.0/nios2eds/bin/gnu/h-i686-mingw32/bin/../lib/gcc/nios2-elf/4.1.2\libgcc.a
LOAD C:\Users\jorde_000\Documents\GitHub\LaserSharknado\LaserSharknado_bsp\libhal_bsp.a
END GROUP
LOAD f:/windowsstuff/12.0/nios2eds/bin/gnu/h-i686-mingw32/bin/../lib/gcc/nios2-elf/4.1.2\libgcc.a
                0x00800000                __alt_mem_sdram_0 = 0x800000

.entry          0x00800000       0x20
 *(.entry)
 .entry         0x00800000       0x20 C:\Users\jorde_000\Documents\GitHub\LaserSharknado\LaserSharknado_bsp/obj/HAL/src/crt0.o
                0x00800000                __reset

.exceptions     0x00800020      0x198
                0x00800020                PROVIDE (__ram_exceptions_start, ABSOLUTE (.))
                0x00800020                . = ALIGN (0x20)
 *(.irq)
 *(.exceptions.entry.label)
 .exceptions.entry.label
                0x00800020        0x0 C:\Users\jorde_000\Documents\GitHub\LaserSharknado\LaserSharknado_bsp\libhal_bsp.a(alt_irq_entry.o)
                0x00800020                alt_irq_entry
 .exceptions.entry.label
                0x00800020        0x0 C:\Users\jorde_000\Documents\GitHub\LaserSharknado\LaserSharknado_bsp\libhal_bsp.a(alt_exception_entry.o)
                0x00800020                alt_exception
 *(.exceptions.entry.user)
 *(.exceptions.entry)
 .exceptions.entry
                0x00800020       0x54 C:\Users\jorde_000\Documents\GitHub\LaserSharknado\LaserSharknado_bsp\libhal_bsp.a(alt_exception_entry.o)
 *(.exceptions.irqtest.user)
 *(.exceptions.irqtest)
 .exceptions.irqtest
                0x00800074       0x10 C:\Users\jorde_000\Documents\GitHub\LaserSharknado\LaserSharknado_bsp\libhal_bsp.a(alt_irq_entry.o)
 *(.exceptions.irqhandler.user)
 *(.exceptions.irqhandler)
 .exceptions.irqhandler
                0x00800084        0x4 C:\Users\jorde_000\Documents\GitHub\LaserSharknado\LaserSharknado_bsp\libhal_bsp.a(alt_irq_entry.o)
 *(.exceptions.irqreturn.user)
 *(.exceptions.irqreturn)
 .exceptions.irqreturn
                0x00800088        0x4 C:\Users\jorde_000\Documents\GitHub\LaserSharknado\LaserSharknado_bsp\libhal_bsp.a(alt_irq_entry.o)
 *(.exceptions.notirq.label)
 .exceptions.notirq.label
                0x0080008c        0x0 C:\Users\jorde_000\Documents\GitHub\LaserSharknado\LaserSharknado_bsp\libhal_bsp.a(alt_irq_entry.o)
 *(.exceptions.notirq.user)
 *(.exceptions.notirq)
 .exceptions.notirq
                0x0080008c        0x8 C:\Users\jorde_000\Documents\GitHub\LaserSharknado\LaserSharknado_bsp\libhal_bsp.a(alt_exception_entry.o)
 *(.exceptions.soft.user)
 *(.exceptions.soft)
 *(.exceptions.unknown.user)
 *(.exceptions.unknown)
 .exceptions.unknown
                0x00800094        0x4 C:\Users\jorde_000\Documents\GitHub\LaserSharknado\LaserSharknado_bsp\libhal_bsp.a(alt_exception_entry.o)
 *(.exceptions.exit.label)
 .exceptions.exit.label
                0x00800098        0x0 C:\Users\jorde_000\Documents\GitHub\LaserSharknado\LaserSharknado_bsp\libhal_bsp.a(alt_irq_entry.o)
 .exceptions.exit.label
                0x00800098        0x0 C:\Users\jorde_000\Documents\GitHub\LaserSharknado\LaserSharknado_bsp\libhal_bsp.a(alt_exception_entry.o)
 *(.exceptions.exit.user)
 *(.exceptions.exit)
 .exceptions.exit
                0x00800098       0x54 C:\Users\jorde_000\Documents\GitHub\LaserSharknado\LaserSharknado_bsp\libhal_bsp.a(alt_exception_entry.o)
 *(.exceptions)
 .exceptions    0x008000ec       0xcc C:\Users\jorde_000\Documents\GitHub\LaserSharknado\LaserSharknado_bsp\libhal_bsp.a(alt_irq_handler.o)
                0x008000ec                alt_irq_handler
                0x008001b8                PROVIDE (__ram_exceptions_end, ABSOLUTE (.))
                0x00800020                PROVIDE (__flash_exceptions_start, LOADADDR (.exceptions))

.text           0x008001b8    0x178b0
                0x008001b8                PROVIDE (stext, ABSOLUTE (.))
 *(.interp)
 *(.hash)
 *(.dynsym)
 *(.dynstr)
 *(.gnu.version)
 *(.gnu.version_d)
 *(.gnu.version_r)
 *(.rel.init)
 *(.rela.init)
 *(.rel.text .rel.text.* .rel.gnu.linkonce.t.*)
 *(.rela.text .rela.text.* .rela.gnu.linkonce.t.*)
 *(.rel.fini)
 *(.rela.fini)
 *(.rel.rodata .rel.rodata.* .rel.gnu.linkonce.r.*)
 *(.rela.rodata .rela.rodata.* .rela.gnu.linkonce.r.*)
 *(.rel.data .rel.data.* .rel.gnu.linkonce.d.*)
 *(.rela.data .rela.data.* .rela.gnu.linkonce.d.*)
 *(.rel.tdata .rel.tdata.* .rel.gnu.linkonce.td.*)
 *(.rela.tdata .rela.tdata.* .rela.gnu.linkonce.td.*)
 *(.rel.tbss .rel.tbss.* .rel.gnu.linkonce.tb.*)
 *(.rela.tbss .rela.tbss.* .rela.gnu.linkonce.tb.*)
 *(.rel.ctors)
 *(.rela.ctors)
 *(.rel.dtors)
 *(.rela.dtors)
 *(.rel.got)
 *(.rela.got)
 *(.rel.sdata .rel.sdata.* .rel.gnu.linkonce.s.*)
 *(.rela.sdata .rela.sdata.* .rela.gnu.linkonce.s.*)
 *(.rel.sbss .rel.sbss.* .rel.gnu.linkonce.sb.*)
 *(.rela.sbss .rela.sbss.* .rela.gnu.linkonce.sb.*)
 *(.rel.sdata2 .rel.sdata2.* .rel.gnu.linkonce.s2.*)
 *(.rela.sdata2 .rela.sdata2.* .rela.gnu.linkonce.s2.*)
 *(.rel.sbss2 .rel.sbss2.* .rel.gnu.linkonce.sb2.*)
 *(.rela.sbss2 .rela.sbss2.* .rela.gnu.linkonce.sb2.*)
 *(.rel.bss .rel.bss.* .rel.gnu.linkonce.b.*)
 *(.rela.bss .rela.bss.* .rela.gnu.linkonce.b.*)
 *(.rel.plt)
 *(.rela.plt)
 *(.rel.dyn)
 *(.init)
 *(.plt)
 *(.text .stub .text.* .gnu.linkonce.t.*)
 .text          0x008001b8       0x4c C:\Users\jorde_000\Documents\GitHub\LaserSharknado\LaserSharknado_bsp/obj/HAL/src/crt0.o
                0x008001b8                _start
 .text          0x00800204      0x528 obj/default/Excercises/excercise2.o
                0x00800204                setupMatrixA
                0x00800298                setupMatrixB
                0x00800330                matrixMultiply
                0x008005b0                timeMatrixMultiply
 .text          0x0080072c      0x4cc obj/default/audio.o
                0x0080072c                setupAudio
                0x008008f4                playAudio
                0x00800984                audioTest
                0x00800b24                testTone
 .text          0x00800bf8        0x0 obj/default/audio_up_hack.o
 .text          0x00800bf8      0x1b0 obj/default/hello_world.o
                0x00800bf8                main
 .text          0x00800da8        0x0 obj/default/player.o
 .text          0x00800da8      0x268 obj/default/sd_card.o
                0x00800da8                openSdCard
                0x00800e08                openFile
                0x00800e48                closeFile
                0x00800e78                readByte
                0x00800eac                readWord
                0x00800f3c                readDWord
 .text          0x00801010      0x360 obj/default/timer.o
                0x00801010                timer_test
                0x008012a0                setHardwareTimerPeriod
                0x008012e8                isHardwareTimerRunning
                0x0080131c                hasHardwareTimerExpired
                0x00801344                startHardwareTimer
 .text          0x00801370      0x224 obj/default/vga.o
                0x00801370                setUp
                0x008013cc                clearScreen
                0x0080141c                drawLine
                0x008014e4                printLine
                0x00801538                drawBox
 .text          0x00801594      0x16c f:/windowsstuff/12.0/nios2eds/bin/gnu/h-i686-mingw32/bin/../lib/gcc/nios2-elf/4.1.2/../../../../nios2-elf/lib\libm.a(lib_a-s_sin.o)
                0x00801594                sin
 .text          0x00801700      0x828 f:/windowsstuff/12.0/nios2eds/bin/gnu/h-i686-mingw32/bin/../lib/gcc/nios2-elf/4.1.2/../../../../nios2-elf/lib\libm.a(lib_a-e_rem_pio2.o)
                0x00801700                __ieee754_rem_pio2
 .text          0x00801f28      0x52c f:/windowsstuff/12.0/nios2eds/bin/gnu/h-i686-mingw32/bin/../lib/gcc/nios2-elf/4.1.2/../../../../nios2-elf/lib\libm.a(lib_a-k_cos.o)
                0x00801f28                __kernel_cos
 .text          0x00802454      0xe7c f:/windowsstuff/12.0/nios2eds/bin/gnu/h-i686-mingw32/bin/../lib/gcc/nios2-elf/4.1.2/../../../../nios2-elf/lib\libm.a(lib_a-k_rem_pio2.o)
                0x00802454                __kernel_rem_pio2
 .text          0x008032d0      0x318 f:/windowsstuff/12.0/nios2eds/bin/gnu/h-i686-mingw32/bin/../lib/gcc/nios2-elf/4.1.2/../../../../nios2-elf/lib\libm.a(lib_a-k_sin.o)
                0x008032d0                __kernel_sin
 .text          0x008035e8       0x18 f:/windowsstuff/12.0/nios2eds/bin/gnu/h-i686-mingw32/bin/../lib/gcc/nios2-elf/4.1.2/../../../../nios2-elf/lib\libm.a(lib_a-s_fabs.o)
                0x008035e8                fabs
 .text          0x00803600      0x224 f:/windowsstuff/12.0/nios2eds/bin/gnu/h-i686-mingw32/bin/../lib/gcc/nios2-elf/4.1.2/../../../../nios2-elf/lib\libm.a(lib_a-s_floor.o)
                0x00803600                floor
 .text          0x00803824      0x1e0 f:/windowsstuff/12.0/nios2eds/bin/gnu/h-i686-mingw32/bin/../lib/gcc/nios2-elf/4.1.2/../../../../nios2-elf/lib\libm.a(lib_a-s_scalbn.o)
                0x00803824                scalbn
 .text          0x00803a04       0x24 f:/windowsstuff/12.0/nios2eds/bin/gnu/h-i686-mingw32/bin/../lib/gcc/nios2-elf/4.1.2/../../../../nios2-elf/lib\libm.a(lib_a-s_copysign.o)
                0x00803a04                copysign
 .text          0x00803a28       0xa4 f:/windowsstuff/12.0/nios2eds/bin/gnu/h-i686-mingw32/bin/../lib/gcc/nios2-elf/4.1.2\libgcc.a(_fixunsdfsi.o)
                0x00803a28                __fixunsdfsi
 .text          0x00803acc      0x174 f:/windowsstuff/12.0/nios2eds/bin/gnu/h-i686-mingw32/bin/../lib/gcc/nios2-elf/4.1.2\libgcc.a(_div_sf.o)
                0x00803acc                __divsf3
 .text          0x00803c40       0x98 f:/windowsstuff/12.0/nios2eds/bin/gnu/h-i686-mingw32/bin/../lib/gcc/nios2-elf/4.1.2\libgcc.a(_si_to_sf.o)
                0x00803c40                __floatsisf
 .text          0x00803cd8       0x54 f:/windowsstuff/12.0/nios2eds/bin/gnu/h-i686-mingw32/bin/../lib/gcc/nios2-elf/4.1.2\libgcc.a(_sf_to_df.o)
                0x00803cd8                __extendsfdf2
 .text          0x00803d2c        0x0 f:/windowsstuff/12.0/nios2eds/bin/gnu/h-i686-mingw32/bin/../lib/gcc/nios2-elf/4.1.2\libgcc.a(_thenan_sf.o)
 .text          0x00803d2c       0xc0 f:/windowsstuff/12.0/nios2eds/bin/gnu/h-i686-mingw32/bin/../lib/gcc/nios2-elf/4.1.2\libgcc.a(_usi_to_sf.o)
                0x00803d2c                __floatunsisf
 .text          0x00803dec      0x504 f:/windowsstuff/12.0/nios2eds/bin/gnu/h-i686-mingw32/bin/../lib/gcc/nios2-elf/4.1.2\libgcc.a(_addsub_df.o)
                0x008041fc                __subdf3
                0x0080427c                __adddf3
 .text          0x008042f0      0x3c4 f:/windowsstuff/12.0/nios2eds/bin/gnu/h-i686-mingw32/bin/../lib/gcc/nios2-elf/4.1.2\libgcc.a(_mul_df.o)
                0x008042f0                __muldf3
 .text          0x008046b4      0x258 f:/windowsstuff/12.0/nios2eds/bin/gnu/h-i686-mingw32/bin/../lib/gcc/nios2-elf/4.1.2\libgcc.a(_div_df.o)
                0x008046b4                __divdf3
 .text          0x0080490c       0x88 f:/windowsstuff/12.0/nios2eds/bin/gnu/h-i686-mingw32/bin/../lib/gcc/nios2-elf/4.1.2\libgcc.a(_eq_df.o)
                0x0080490c                __eqdf2
 .text          0x00804994       0x88 f:/windowsstuff/12.0/nios2eds/bin/gnu/h-i686-mingw32/bin/../lib/gcc/nios2-elf/4.1.2\libgcc.a(_gt_df.o)
                0x00804994                __gtdf2
 .text          0x00804a1c       0x88 f:/windowsstuff/12.0/nios2eds/bin/gnu/h-i686-mingw32/bin/../lib/gcc/nios2-elf/4.1.2\libgcc.a(_ge_df.o)
                0x00804a1c                __gedf2
 .text          0x00804aa4       0xf8 f:/windowsstuff/12.0/nios2eds/bin/gnu/h-i686-mingw32/bin/../lib/gcc/nios2-elf/4.1.2\libgcc.a(_si_to_df.o)
                0x00804aa4                __floatsidf
 .text          0x00804b9c       0xd8 f:/windowsstuff/12.0/nios2eds/bin/gnu/h-i686-mingw32/bin/../lib/gcc/nios2-elf/4.1.2\libgcc.a(_df_to_si.o)
                0x00804b9c                __fixdfsi
 .text          0x00804c74       0x38 f:/windowsstuff/12.0/nios2eds/bin/gnu/h-i686-mingw32/bin/../lib/gcc/nios2-elf/4.1.2\libgcc.a(_make_df.o)
                0x00804c74                __make_dp
 .text          0x00804cac        0x0 f:/windowsstuff/12.0/nios2eds/bin/gnu/h-i686-mingw32/bin/../lib/gcc/nios2-elf/4.1.2\libgcc.a(_thenan_df.o)
 .text          0x00804cac      0x14c f:/windowsstuff/12.0/nios2eds/bin/gnu/h-i686-mingw32/bin/../lib/gcc/nios2-elf/4.1.2\libgcc.a(lib2-divmod.o)
                0x00804d28                __divsi3
                0x00804d88                __modsi3
                0x00804de8                __udivsi3
                0x00804df0                __umodsi3
 .text          0x00804df8       0x98 f:/windowsstuff/12.0/nios2eds/bin/gnu/h-i686-mingw32/bin/../lib/gcc/nios2-elf/4.1.2\libgcc.a(_muldi3.o)
                0x00804df8                __muldi3
 .text          0x00804e90       0x80 f:/windowsstuff/12.0/nios2eds/bin/gnu/h-i686-mingw32/bin/../lib/gcc/nios2-elf/4.1.2\libgcc.a(_clzsi2.o)
                0x00804e90                __clzsi2
 .text          0x00804f10      0x160 f:/windowsstuff/12.0/nios2eds/bin/gnu/h-i686-mingw32/bin/../lib/gcc/nios2-elf/4.1.2\libgcc.a(_pack_sf.o)
                0x00804f10                __pack_f
 .text          0x00805070       0xc8 f:/windowsstuff/12.0/nios2eds/bin/gnu/h-i686-mingw32/bin/../lib/gcc/nios2-elf/4.1.2\libgcc.a(_unpack_sf.o)
                0x00805070                __unpack_f
 .text          0x00805138      0x314 f:/windowsstuff/12.0/nios2eds/bin/gnu/h-i686-mingw32/bin/../lib/gcc/nios2-elf/4.1.2\libgcc.a(_pack_df.o)
                0x00805138                __pack_d
 .text          0x0080544c      0x138 f:/windowsstuff/12.0/nios2eds/bin/gnu/h-i686-mingw32/bin/../lib/gcc/nios2-elf/4.1.2\libgcc.a(_unpack_df.o)
                0x0080544c                __unpack_d
 .text          0x00805584       0xc8 f:/windowsstuff/12.0/nios2eds/bin/gnu/h-i686-mingw32/bin/../lib/gcc/nios2-elf/4.1.2\libgcc.a(_fpcmp_parts_df.o)
                0x00805584                __fpcmp_parts_d
 .text          0x0080564c        0x0 f:/windowsstuff/12.0/nios2eds/bin/gnu/h-i686-mingw32/bin/../lib/gcc/nios2-elf/4.1.2\libgcc.a(_clz.o)
 .text          0x0080564c       0x78 f:/windowsstuff/12.0/nios2eds/bin/gnu/h-i686-mingw32/bin/../lib/gcc/nios2-elf/4.1.2/../../../../nios2-elf/lib\libc.a(lib_a-printf.o)
                0x0080564c                printf
                0x00805690                _printf_r
 .text          0x008056c4       0xb4 f:/windowsstuff/12.0/nios2eds/bin/gnu/h-i686-mingw32/bin/../lib/gcc/nios2-elf/4.1.2/../../../../nios2-elf/lib\libc.a(lib_a-puts.o)
                0x008056c4                _puts_r
                0x00805764                puts
 .text          0x00805778       0x74 f:/windowsstuff/12.0/nios2eds/bin/gnu/h-i686-mingw32/bin/../lib/gcc/nios2-elf/4.1.2/../../../../nios2-elf/lib\libc.a(lib_a-strlen.o)
                0x00805778                strlen
 .text          0x008057ec     0x1f28 f:/windowsstuff/12.0/nios2eds/bin/gnu/h-i686-mingw32/bin/../lib/gcc/nios2-elf/4.1.2/../../../../nios2-elf/lib\libc.a(lib_a-vfprintf.o)
                0x00805844                ___vfprintf_internal_r
                0x008076f0                __vfprintf_internal
 .text          0x00807714      0x13c f:/windowsstuff/12.0/nios2eds/bin/gnu/h-i686-mingw32/bin/../lib/gcc/nios2-elf/4.1.2/../../../../nios2-elf/lib\libc.a(lib_a-wsetup.o)
                0x00807714                __swsetup_r
 .text          0x00807850     0x17cc f:/windowsstuff/12.0/nios2eds/bin/gnu/h-i686-mingw32/bin/../lib/gcc/nios2-elf/4.1.2/../../../../nios2-elf/lib\libc.a(lib_a-dtoa.o)
                0x00807a68                _dtoa_r
 .text          0x0080901c      0x230 f:/windowsstuff/12.0/nios2eds/bin/gnu/h-i686-mingw32/bin/../lib/gcc/nios2-elf/4.1.2/../../../../nios2-elf/lib\libc.a(lib_a-fflush.o)
                0x0080901c                _fflush_r
                0x00809218                fflush
 .text          0x0080924c      0x2c0 f:/windowsstuff/12.0/nios2eds/bin/gnu/h-i686-mingw32/bin/../lib/gcc/nios2-elf/4.1.2/../../../../nios2-elf/lib\libc.a(lib_a-findfp.o)
                0x008092a4                __sfp_lock_acquire
                0x008092a8                __sfp_lock_release
                0x008092ac                __sinit_lock_acquire
                0x008092b0                __sinit_lock_release
                0x008092b4                __sinit
                0x00809368                __fp_unlock_all
                0x00809380                __fp_lock_all
                0x00809398                _cleanup_r
                0x008093a4                _cleanup
                0x008093b4                __sfmoreglue
                0x0080941c                __sfp
 .text          0x0080950c      0x440 f:/windowsstuff/12.0/nios2eds/bin/gnu/h-i686-mingw32/bin/../lib/gcc/nios2-elf/4.1.2/../../../../nios2-elf/lib\libc.a(lib_a-freer.o)
                0x0080950c                _malloc_trim_r
                0x00809638                _free_r
 .text          0x0080994c      0x49c f:/windowsstuff/12.0/nios2eds/bin/gnu/h-i686-mingw32/bin/../lib/gcc/nios2-elf/4.1.2/../../../../nios2-elf/lib\libc.a(lib_a-fvwrite.o)
                0x0080994c                __sfvwrite_r
 .text          0x00809de8      0x180 f:/windowsstuff/12.0/nios2eds/bin/gnu/h-i686-mingw32/bin/../lib/gcc/nios2-elf/4.1.2/../../../../nios2-elf/lib\libc.a(lib_a-fwalk.o)
                0x00809de8                _fwalk_reent
                0x00809eb0                _fwalk
 .text          0x00809f68        0x0 f:/windowsstuff/12.0/nios2eds/bin/gnu/h-i686-mingw32/bin/../lib/gcc/nios2-elf/4.1.2/../../../../nios2-elf/lib\libc.a(lib_a-impure.o)
 .text          0x00809f68       0xc4 f:/windowsstuff/12.0/nios2eds/bin/gnu/h-i686-mingw32/bin/../lib/gcc/nios2-elf/4.1.2/../../../../nios2-elf/lib\libc.a(lib_a-locale.o)
                0x00809f68                __locale_charset
                0x00809f70                _localeconv_r
                0x00809f7c                localeconv
                0x00809f8c                _setlocale_r
                0x0080a010                setlocale
 .text          0x0080a02c      0x194 f:/windowsstuff/12.0/nios2eds/bin/gnu/h-i686-mingw32/bin/../lib/gcc/nios2-elf/4.1.2/../../../../nios2-elf/lib\libc.a(lib_a-makebuf.o)
                0x0080a02c                __smakebuf_r
 .text          0x0080a1c0      0x740 f:/windowsstuff/12.0/nios2eds/bin/gnu/h-i686-mingw32/bin/../lib/gcc/nios2-elf/4.1.2/../../../../nios2-elf/lib\libc.a(lib_a-mallocr.o)
                0x0080a1c0                _malloc_r
 .text          0x0080a900       0xe4 f:/windowsstuff/12.0/nios2eds/bin/gnu/h-i686-mingw32/bin/../lib/gcc/nios2-elf/4.1.2/../../../../nios2-elf/lib\libc.a(lib_a-memchr.o)
                0x0080a900                memchr
 .text          0x0080a9e4       0xa0 f:/windowsstuff/12.0/nios2eds/bin/gnu/h-i686-mingw32/bin/../lib/gcc/nios2-elf/4.1.2/../../../../nios2-elf/lib\libc.a(lib_a-memcpy.o)
                0x0080a9e4                memcpy
 .text          0x0080aa84       0xe0 f:/windowsstuff/12.0/nios2eds/bin/gnu/h-i686-mingw32/bin/../lib/gcc/nios2-elf/4.1.2/../../../../nios2-elf/lib\libc.a(lib_a-memmove.o)
                0x0080aa84                memmove
 .text          0x0080ab64       0x98 f:/windowsstuff/12.0/nios2eds/bin/gnu/h-i686-mingw32/bin/../lib/gcc/nios2-elf/4.1.2/../../../../nios2-elf/lib\libc.a(lib_a-memset.o)
                0x0080ab64                memset
 .text          0x0080abfc      0xff4 f:/windowsstuff/12.0/nios2eds/bin/gnu/h-i686-mingw32/bin/../lib/gcc/nios2-elf/4.1.2/../../../../nios2-elf/lib\libc.a(lib_a-mprec.o)
                0x0080abfc                _Bfree
                0x0080ac24                __hi0bits
                0x0080ac94                __lo0bits
                0x0080ad58                __mcmp
                0x0080adb8                __ulp
                0x0080ae38                __b2d
                0x0080af58                __ratio
                0x0080b008                _mprec_log10
                0x0080b09c                __copybits
                0x0080b0f4                __any_on
                0x0080b17c                _Balloc
                0x0080b238                __d2b
                0x0080b3b4                __mdiff
                0x0080b540                __lshift
                0x0080b68c                __multiply
                0x0080b874                __i2b
                0x0080b8b0                __multadd
                0x0080b9b0                __pow5mult
                0x0080bad0                __s2b
 .text          0x0080bbf0      0x5f4 f:/windowsstuff/12.0/nios2eds/bin/gnu/h-i686-mingw32/bin/../lib/gcc/nios2-elf/4.1.2/../../../../nios2-elf/lib\libc.a(lib_a-reallocr.o)
                0x0080bbf0                _realloc_r
 .text          0x0080c1e4       0x40 f:/windowsstuff/12.0/nios2eds/bin/gnu/h-i686-mingw32/bin/../lib/gcc/nios2-elf/4.1.2/../../../../nios2-elf/lib\libc.a(lib_a-s_isinfd.o)
                0x0080c1e4                __isinfd
 .text          0x0080c224       0x30 f:/windowsstuff/12.0/nios2eds/bin/gnu/h-i686-mingw32/bin/../lib/gcc/nios2-elf/4.1.2/../../../../nios2-elf/lib\libc.a(lib_a-s_isnand.o)
                0x0080c224                __isnand
 .text          0x0080c254       0x70 f:/windowsstuff/12.0/nios2eds/bin/gnu/h-i686-mingw32/bin/../lib/gcc/nios2-elf/4.1.2/../../../../nios2-elf/lib\libc.a(lib_a-sbrkr.o)
                0x0080c254                _sbrk_r
 .text          0x0080c2c4      0x14c f:/windowsstuff/12.0/nios2eds/bin/gnu/h-i686-mingw32/bin/../lib/gcc/nios2-elf/4.1.2/../../../../nios2-elf/lib\libc.a(lib_a-stdio.o)
                0x0080c2c4                __sclose
                0x0080c2cc                __sseek
                0x0080c334                __swrite
                0x0080c3b0                __sread
 .text          0x0080c410       0xbc f:/windowsstuff/12.0/nios2eds/bin/gnu/h-i686-mingw32/bin/../lib/gcc/nios2-elf/4.1.2/../../../../nios2-elf/lib\libc.a(lib_a-strcmp.o)
                0x0080c410                strcmp
 .text          0x0080c4cc       0x78 f:/windowsstuff/12.0/nios2eds/bin/gnu/h-i686-mingw32/bin/../lib/gcc/nios2-elf/4.1.2/../../../../nios2-elf/lib\libc.a(lib_a-writer.o)
                0x0080c4cc                _write_r
 .text          0x0080c544       0xb4 f:/windowsstuff/12.0/nios2eds/bin/gnu/h-i686-mingw32/bin/../lib/gcc/nios2-elf/4.1.2/../../../../nios2-elf/lib\libc.a(lib_a-callocr.o)
                0x0080c544                _calloc_r
 .text          0x0080c5f8       0x70 f:/windowsstuff/12.0/nios2eds/bin/gnu/h-i686-mingw32/bin/../lib/gcc/nios2-elf/4.1.2/../../../../nios2-elf/lib\libc.a(lib_a-closer.o)
                0x0080c5f8                _close_r
 .text          0x0080c668      0x124 f:/windowsstuff/12.0/nios2eds/bin/gnu/h-i686-mingw32/bin/../lib/gcc/nios2-elf/4.1.2/../../../../nios2-elf/lib\libc.a(lib_a-fclose.o)
                0x0080c668                _fclose_r
                0x0080c778                fclose
 .text          0x0080c78c       0x74 f:/windowsstuff/12.0/nios2eds/bin/gnu/h-i686-mingw32/bin/../lib/gcc/nios2-elf/4.1.2/../../../../nios2-elf/lib\libc.a(lib_a-fstatr.o)
                0x0080c78c                _fstat_r
 .text          0x0080c800        0x0 f:/windowsstuff/12.0/nios2eds/bin/gnu/h-i686-mingw32/bin/../lib/gcc/nios2-elf/4.1.2/../../../../nios2-elf/lib\libc.a(lib_a-int_errno.o)
 .text          0x0080c800       0x70 f:/windowsstuff/12.0/nios2eds/bin/gnu/h-i686-mingw32/bin/../lib/gcc/nios2-elf/4.1.2/../../../../nios2-elf/lib\libc.a(lib_a-isattyr.o)
                0x0080c800                _isatty_r
 .text          0x0080c870       0x78 f:/windowsstuff/12.0/nios2eds/bin/gnu/h-i686-mingw32/bin/../lib/gcc/nios2-elf/4.1.2/../../../../nios2-elf/lib\libc.a(lib_a-lseekr.o)
                0x0080c870                _lseek_r
 .text          0x0080c8e8       0x78 f:/windowsstuff/12.0/nios2eds/bin/gnu/h-i686-mingw32/bin/../lib/gcc/nios2-elf/4.1.2/../../../../nios2-elf/lib\libc.a(lib_a-readr.o)
                0x0080c8e8                _read_r
 .text          0x0080c960      0x5dc f:/windowsstuff/12.0/nios2eds/bin/gnu/h-i686-mingw32/bin/../lib/gcc/nios2-elf/4.1.2\libgcc.a(_udivdi3.o)
                0x0080c960                __udivdi3
 .text          0x0080cf3c      0x5b0 f:/windowsstuff/12.0/nios2eds/bin/gnu/h-i686-mingw32/bin/../lib/gcc/nios2-elf/4.1.2\libgcc.a(_umoddi3.o)
                0x0080cf3c                __umoddi3
 .text          0x0080d4ec       0x88 f:/windowsstuff/12.0/nios2eds/bin/gnu/h-i686-mingw32/bin/../lib/gcc/nios2-elf/4.1.2\libgcc.a(_ne_df.o)
                0x0080d4ec                __nedf2
 .text          0x0080d574       0x88 f:/windowsstuff/12.0/nios2eds/bin/gnu/h-i686-mingw32/bin/../lib/gcc/nios2-elf/4.1.2\libgcc.a(_lt_df.o)
                0x0080d574                __ltdf2
 .text          0x0080d5fc      0x194 f:/windowsstuff/12.0/nios2eds/bin/gnu/h-i686-mingw32/bin/../lib/gcc/nios2-elf/4.1.2\libgcc.a(_usi_to_df.o)
                0x0080d5fc                __floatunsidf
 .text          0x0080d790      0x15c C:\Users\jorde_000\Documents\GitHub\LaserSharknado\LaserSharknado_bsp\libhal_bsp.a(alt_close.o)
                0x0080d790                close
 .text          0x0080d8ec       0x2c C:\Users\jorde_000\Documents\GitHub\LaserSharknado\LaserSharknado_bsp\libhal_bsp.a(alt_dev.o)
 .text          0x0080d918        0x0 C:\Users\jorde_000\Documents\GitHub\LaserSharknado\LaserSharknado_bsp\libhal_bsp.a(alt_errno.o)
 .text          0x0080d918      0x134 C:\Users\jorde_000\Documents\GitHub\LaserSharknado\LaserSharknado_bsp\libhal_bsp.a(alt_fstat.o)
                0x0080d918                fstat
 .text          0x0080da4c      0x120 C:\Users\jorde_000\Documents\GitHub\LaserSharknado\LaserSharknado_bsp\libhal_bsp.a(alt_isatty.o)
                0x0080da4c                isatty
 .text          0x0080db6c       0xec C:\Users\jorde_000\Documents\GitHub\LaserSharknado\LaserSharknado_bsp\libhal_bsp.a(alt_load.o)
                0x0080db6c                alt_load
 .text          0x0080dc58      0x150 C:\Users\jorde_000\Documents\GitHub\LaserSharknado\LaserSharknado_bsp\libhal_bsp.a(alt_lseek.o)
                0x0080dc58                lseek
 .text          0x0080dda8       0x6c C:\Users\jorde_000\Documents\GitHub\LaserSharknado\LaserSharknado_bsp\libhal_bsp.a(alt_main.o)
                0x0080dda8                alt_main
 .text          0x0080de14       0x40 C:\Users\jorde_000\Documents\GitHub\LaserSharknado\LaserSharknado_bsp\libhal_bsp.a(alt_malloc_lock.o)
                0x0080de14                __malloc_lock
                0x0080de34                __malloc_unlock
 .text          0x0080de54      0x180 C:\Users\jorde_000\Documents\GitHub\LaserSharknado\LaserSharknado_bsp\libhal_bsp.a(alt_read.o)
                0x0080de54                read
 .text          0x0080dfd4       0x60 C:\Users\jorde_000\Documents\GitHub\LaserSharknado\LaserSharknado_bsp\libhal_bsp.a(alt_release_fd.o)
                0x0080dfd4                alt_release_fd
 .text          0x0080e034       0xbc C:\Users\jorde_000\Documents\GitHub\LaserSharknado\LaserSharknado_bsp\libhal_bsp.a(alt_sbrk.o)
                0x0080e034                sbrk
 .text          0x0080e0f0      0x1a4 C:\Users\jorde_000\Documents\GitHub\LaserSharknado\LaserSharknado_bsp\libhal_bsp.a(alt_tick.o)
                0x0080e0f0                alt_alarm_stop
                0x0080e188                alt_tick
 .text          0x0080e294       0x30 C:\Users\jorde_000\Documents\GitHub\LaserSharknado\LaserSharknado_bsp\libhal_bsp.a(alt_usleep.o)
                0x0080e294                usleep
 .text          0x0080e2c4      0x180 C:\Users\jorde_000\Documents\GitHub\LaserSharknado\LaserSharknado_bsp\libhal_bsp.a(alt_write.o)
                0x0080e2c4                write
 .text          0x0080e444      0x3e0 C:\Users\jorde_000\Documents\GitHub\LaserSharknado\LaserSharknado_bsp\libhal_bsp.a(alt_sys_init.o)
                0x0080e444                alt_irq_init
                0x0080e478                alt_sys_init
 .text          0x0080e824      0x148 C:\Users\jorde_000\Documents\GitHub\LaserSharknado\LaserSharknado_bsp\libhal_bsp.a(altera_avalon_jtag_uart_fd.o)
                0x0080e824                altera_avalon_jtag_uart_read_fd
                0x0080e87c                altera_avalon_jtag_uart_write_fd
                0x0080e8d4                altera_avalon_jtag_uart_close_fd
                0x0080e91c                altera_avalon_jtag_uart_ioctl_fd
 .text          0x0080e96c      0x408 C:\Users\jorde_000\Documents\GitHub\LaserSharknado\LaserSharknado_bsp\libhal_bsp.a(altera_avalon_jtag_uart_init.o)
                0x0080e96c                altera_avalon_jtag_uart_init
                0x0080ed00                altera_avalon_jtag_uart_close
 .text          0x0080ed74       0xf4 C:\Users\jorde_000\Documents\GitHub\LaserSharknado\LaserSharknado_bsp\libhal_bsp.a(altera_avalon_jtag_uart_ioctl.o)
                0x0080ed74                altera_avalon_jtag_uart_ioctl
 .text          0x0080ee68      0x224 C:\Users\jorde_000\Documents\GitHub\LaserSharknado\LaserSharknado_bsp\libhal_bsp.a(altera_avalon_jtag_uart_read.o)
                0x0080ee68                altera_avalon_jtag_uart_read
 .text          0x0080f08c      0x240 C:\Users\jorde_000\Documents\GitHub\LaserSharknado\LaserSharknado_bsp\libhal_bsp.a(altera_avalon_jtag_uart_write.o)
                0x0080f08c                altera_avalon_jtag_uart_write
 .text          0x0080f2cc       0xfc C:\Users\jorde_000\Documents\GitHub\LaserSharknado\LaserSharknado_bsp\libhal_bsp.a(altera_avalon_timer_sc.o)
                0x0080f340                alt_avalon_timer_sc_init
 .text          0x0080f3c8      0x168 C:\Users\jorde_000\Documents\GitHub\LaserSharknado\LaserSharknado_bsp\libhal_bsp.a(altera_avalon_timer_ts.o)
                0x0080f3c8                alt_timestamp_start
                0x0080f46c                alt_timestamp
                0x0080f508                alt_timestamp_freq
 .text          0x0080f530        0x0 C:\Users\jorde_000\Documents\GitHub\LaserSharknado\LaserSharknado_bsp\libhal_bsp.a(altera_avalon_timer_vars.o)
 .text          0x0080f530      0x80c C:\Users\jorde_000\Documents\GitHub\LaserSharknado\LaserSharknado_bsp\libhal_bsp.a(altera_up_avalon_audio.o)
                0x0080f530                alt_up_audio_open_dev
                0x0080f570                alt_up_audio_enable_read_interrupt
                0x0080f5bc                alt_up_audio_disable_read_interrupt
                0x0080f60c                alt_up_audio_enable_write_interrupt
                0x0080f658                alt_up_audio_disable_write_interrupt
                0x0080f6a8                alt_up_audio_read_interrupt_pending
                0x0080f6e4                alt_up_audio_write_interrupt_pending
                0x0080f720                alt_up_audio_reset_audio_core
                0x0080f7a8                alt_up_audio_read_fifo_avail
                0x0080f818                alt_up_audio_record_r
                0x0080f888                alt_up_audio_record_l
                0x0080f8f8                alt_up_audio_write_fifo_space
                0x0080f96c                alt_up_audio_play_r
                0x0080f9dc                alt_up_audio_play_l
                0x0080fa4c                alt_up_audio_read_fifo
                0x0080fb50                alt_up_audio_write_fifo
                0x0080fc7c                alt_up_audio_read_fifo_head
                0x0080fcdc                alt_up_audio_write_fifo_head
 .text          0x0080fd3c      0x788 C:\Users\jorde_000\Documents\GitHub\LaserSharknado\LaserSharknado_bsp\libhal_bsp.a(altera_up_avalon_audio_and_video_config.o)
                0x0080fd3c                alt_up_av_config_open_dev
                0x0080fda0                alt_up_av_config_write_data
                0x0080fe04                alt_up_av_config_read_data
                0x0080fe90                alt_up_av_config_reset
                0x0080fec8                alt_up_av_config_enable_interrupt
                0x0080ff00                alt_up_av_config_disable_interrupt
                0x0080ff30                alt_up_av_config_read_acknowledge
                0x0080ff98                alt_up_av_config_read_ready
                0x0080ffd0                alt_up_av_config_write_audio_cfg_register
                0x0081007c                alt_up_av_config_read_video_cfg_register
                0x00810174                alt_up_av_config_write_video_cfg_register
                0x0081026c                alt_up_av_config_read_DC2_cfg_register
                0x008102d0                alt_up_av_config_write_DC2_cfg_register
                0x00810334                alt_up_av_config_read_D5M_cfg_register
                0x00810398                alt_up_av_config_write_D5M_cfg_register
                0x008103fc                alt_up_av_config_read_LTM_cfg_register
                0x00810460                alt_up_av_config_write_LTM_cfg_register
 .text          0x008104c4      0x530 C:\Users\jorde_000\Documents\GitHub\LaserSharknado\LaserSharknado_bsp\libhal_bsp.a(altera_up_avalon_character_lcd.o)
                0x008104c4                get_DDRAM_addr
                0x00810540                alt_up_character_lcd_send_cmd
                0x00810574                alt_up_character_lcd_init
                0x008105a8                alt_up_character_lcd_open_dev
                0x008105e8                alt_up_character_lcd_write
                0x00810660                alt_up_character_lcd_string
                0x008106d8                alt_up_character_lcd_write_fd
                0x00810724                alt_up_character_lcd_set_cursor_pos
                0x0081079c                alt_up_character_lcd_shift_cursor
                0x0081084c                alt_up_character_lcd_shift_display
                0x008108fc                alt_up_character_lcd_erase_pos
                0x0081098c                alt_up_character_lcd_cursor_off
                0x008109c0                alt_up_character_lcd_cursor_blink_on
 .text          0x008109f4      0x304 C:\Users\jorde_000\Documents\GitHub\LaserSharknado\LaserSharknado_bsp\libhal_bsp.a(altera_up_avalon_video_character_buffer_with_dma.o)
                0x008109f4                alt_up_char_buffer_init
                0x00810a78                alt_up_char_buffer_open_dev
                0x00810ab8                alt_up_char_buffer_draw
                0x00810b88                alt_up_char_buffer_string
                0x00810c9c                alt_up_char_buffer_clear
 .text          0x00810cf8     0x156c C:\Users\jorde_000\Documents\GitHub\LaserSharknado\LaserSharknado_bsp\libhal_bsp.a(altera_up_avalon_video_pixel_buffer_dma.o)
                0x00810cf8                alt_up_pixel_buffer_dma_open_dev
                0x00810d38                alt_up_pixel_buffer_dma_draw
                0x00810ed8                alt_up_pixel_buffer_dma_change_back_buffer_address
                0x00810f30                alt_up_pixel_buffer_dma_swap_buffers
                0x00810f88                alt_up_pixel_buffer_dma_check_swap_buffers_status
                0x00810fbc                alt_up_pixel_buffer_dma_clear_screen
                0x00811120                alt_up_pixel_buffer_dma_draw_box
                0x00811614                alt_up_pixel_buffer_dma_draw_hline
                0x00811964                alt_up_pixel_buffer_dma_draw_vline
                0x00811d34                alt_up_pixel_buffer_dma_draw_rectangle
                0x00811df8                helper_plot_pixel
                0x00811ec8                alt_up_pixel_buffer_dma_draw_line
 .text          0x00812264     0x45c0 C:\Users\jorde_000\Documents\GitHub\LaserSharknado\LaserSharknado_bsp\libhal_bsp.a(altera_up_sd_card_avalon_interface.o)
                0x00812264                Write_Sector_Data
                0x0081232c                Save_Modified_Sector
                0x0081237c                Read_Sector_Data
                0x00812478                get_cluster_flag
                0x00812530                mark_cluster
                0x00812614                Check_for_Master_Boot_Record
                0x008127c4                Read_File_Record_At_Offset
                0x00812a48                Write_File_Record_At_Offset
                0x00812d00                Check_for_DOS_FAT
                0x00813348                Look_for_FAT16
                0x0081344c                filename_to_upper_case
                0x0081351c                check_file_name_for_FAT16_compliance
                0x008137ac                get_dir_divider_location
                0x0081386c                match_file_record_to_name_ext
                0x00813b58                get_home_directory_cluster_for_file
                0x0081406c                find_file_in_directory
                0x008144d0                find_first_empty_cluster
                0x00814674                find_first_empty_record_in_a_subdirectory
                0x008148c0                find_first_empty_record_in_root_directory
                0x008149ec                convert_filename_to_name_extension
                0x00814ba4                create_file
                0x00814e78                copy_file_record_name_to_string
                0x00814fcc                alt_up_sd_card_open_dev
                0x00815090                alt_up_sd_card_is_Present
                0x00815158                alt_up_sd_card_is_FAT16
                0x008151cc                alt_up_sd_card_find_first
                0x008152a0                alt_up_sd_card_find_next
                0x00815650                alt_up_sd_card_fopen
                0x008159f8                alt_up_sd_card_set_attributes
                0x00815a88                alt_up_sd_card_get_attributes
                0x00815b14                alt_up_sd_card_read
                0x00815ea8                alt_up_sd_card_write
                0x008164cc                alt_up_sd_card_fclose
                0x00816698                Read_Sector_Data_CRC
                0x00816794                Read_Sector_Data_Attempt_CRC
 .text          0x00816824      0x154 C:\Users\jorde_000\Documents\GitHub\LaserSharknado\LaserSharknado_bsp\libhal_bsp.a(alt_alarm_start.o)
                0x00816824                alt_alarm_start
 .text          0x00816978      0x14c C:\Users\jorde_000\Documents\GitHub\LaserSharknado\LaserSharknado_bsp\libhal_bsp.a(alt_busy_sleep.o)
                0x00816978                alt_busy_sleep
 .text          0x00816ac4       0x44 C:\Users\jorde_000\Documents\GitHub\LaserSharknado\LaserSharknado_bsp\libhal_bsp.a(alt_dcache_flush_all.o)
                0x00816ac4                alt_dcache_flush_all
 .text          0x00816b08      0x114 C:\Users\jorde_000\Documents\GitHub\LaserSharknado\LaserSharknado_bsp\libhal_bsp.a(alt_dev_llist_insert.o)
                0x00816b08                alt_dev_llist_insert
 .text          0x00816c1c       0x64 C:\Users\jorde_000\Documents\GitHub\LaserSharknado\LaserSharknado_bsp\libhal_bsp.a(alt_do_ctors.o)
                0x00816c1c                _do_ctors
 .text          0x00816c80       0x64 C:\Users\jorde_000\Documents\GitHub\LaserSharknado\LaserSharknado_bsp\libhal_bsp.a(alt_do_dtors.o)
                0x00816c80                _do_dtors
 .text          0x00816ce4       0x94 C:\Users\jorde_000\Documents\GitHub\LaserSharknado\LaserSharknado_bsp\libhal_bsp.a(alt_find_dev.o)
                0x00816ce4                alt_find_dev
 .text          0x00816d78       0x30 C:\Users\jorde_000\Documents\GitHub\LaserSharknado\LaserSharknado_bsp\libhal_bsp.a(alt_icache_flush_all.o)
                0x00816d78                alt_icache_flush_all
 .text          0x00816da8      0x13c C:\Users\jorde_000\Documents\GitHub\LaserSharknado\LaserSharknado_bsp\libhal_bsp.a(alt_io_redirect.o)
                0x00816e6c                alt_io_redirect
 .text          0x00816ee4      0x1c0 C:\Users\jorde_000\Documents\GitHub\LaserSharknado\LaserSharknado_bsp\libhal_bsp.a(alt_irq_register.o)
                0x00816ee4                alt_irq_register
 .text          0x008170a4        0x0 C:\Users\jorde_000\Documents\GitHub\LaserSharknado\LaserSharknado_bsp\libhal_bsp.a(alt_irq_vars.o)
 .text          0x008170a4      0x2c4 C:\Users\jorde_000\Documents\GitHub\LaserSharknado\LaserSharknado_bsp\libhal_bsp.a(alt_open.o)
                0x00817180                open
 .text          0x00817368       0x20 C:\Users\jorde_000\Documents\GitHub\LaserSharknado\LaserSharknado_bsp\libhal_bsp.a(altera_nios2_qsys_irq.o)
                0x00817368                altera_nios2_qsys_irq_init
 .text          0x00817388      0x120 C:\Users\jorde_000\Documents\GitHub\LaserSharknado\LaserSharknado_bsp\libhal_bsp.a(alt_find_file.o)
                0x00817388                alt_find_file
 .text          0x008174a8       0xb8 C:\Users\jorde_000\Documents\GitHub\LaserSharknado\LaserSharknado_bsp\libhal_bsp.a(alt_get_fd.o)
                0x008174a8                alt_get_fd
 .text          0x00817560       0x90 C:\Users\jorde_000\Documents\GitHub\LaserSharknado\LaserSharknado_bsp\libhal_bsp.a(alt_icache_flush.o)
                0x00817560                alt_icache_flush
 .text          0x008175f0        0x0 C:\Users\jorde_000\Documents\GitHub\LaserSharknado\LaserSharknado_bsp\libhal_bsp.a(alt_irq_entry.o)
 .text          0x008175f0        0x0 C:\Users\jorde_000\Documents\GitHub\LaserSharknado\LaserSharknado_bsp\libhal_bsp.a(alt_irq_handler.o)
 .text          0x008175f0        0x0 C:\Users\jorde_000\Documents\GitHub\LaserSharknado\LaserSharknado_bsp\libhal_bsp.a(alt_exception_entry.o)
 .text          0x008175f0       0x14 f:/windowsstuff/12.0/nios2eds/bin/gnu/h-i686-mingw32/bin/../lib/gcc/nios2-elf/4.1.2/../../../../nios2-elf/lib\libc.a(lib_a-atexit.o)
                0x008175f0                atexit
 .text          0x00817604       0x38 f:/windowsstuff/12.0/nios2eds/bin/gnu/h-i686-mingw32/bin/../lib/gcc/nios2-elf/4.1.2/../../../../nios2-elf/lib\libc.a(lib_a-exit.o)
                0x00817604                exit
 .text          0x0081763c       0x74 f:/windowsstuff/12.0/nios2eds/bin/gnu/h-i686-mingw32/bin/../lib/gcc/nios2-elf/4.1.2/../../../../nios2-elf/lib\libc.a(lib_a-memcmp.o)
                0x0081763c                memcmp
 .text          0x008176b0      0x134 f:/windowsstuff/12.0/nios2eds/bin/gnu/h-i686-mingw32/bin/../lib/gcc/nios2-elf/4.1.2/../../../../nios2-elf/lib\libc.a(lib_a-__atexit.o)
                0x008176b0                __register_exitproc
 .text          0x008177e4      0x1b4 f:/windowsstuff/12.0/nios2eds/bin/gnu/h-i686-mingw32/bin/../lib/gcc/nios2-elf/4.1.2/../../../../nios2-elf/lib\libc.a(lib_a-__call_atexit.o)
                0x008177e8                __call_exitprocs
 .text          0x00817998       0x60 C:\Users\jorde_000\Documents\GitHub\LaserSharknado\LaserSharknado_bsp\libhal_bsp.a(alt_exit.o)
                0x008179d8                _exit
 *(.gnu.warning.*)
 *(.fini)
                0x008179f8                PROVIDE (__etext, ABSOLUTE (.))
                0x008179f8                PROVIDE (_etext, ABSOLUTE (.))
                0x008179f8                PROVIDE (etext, ABSOLUTE (.))
 *(.eh_frame_hdr)
                0x008179f8                . = ALIGN (0x4)
                0x008179f8                PROVIDE (__preinit_array_start, ABSOLUTE (.))
 *(.preinit_array)
                0x008179f8                PROVIDE (__preinit_array_end, ABSOLUTE (.))
                0x008179f8                PROVIDE (__init_array_start, ABSOLUTE (.))
 *(.init_array)
                0x008179f8                PROVIDE (__init_array_end, ABSOLUTE (.))
                0x008179f8                PROVIDE (__fini_array_start, ABSOLUTE (.))
 *(.fini_array)
                0x008179f8                PROVIDE (__fini_array_end, ABSOLUTE (.))
 *(.eh_frame)
 .eh_frame      0x008179f8       0x40 f:/windowsstuff/12.0/nios2eds/bin/gnu/h-i686-mingw32/bin/../lib/gcc/nios2-elf/4.1.2\libgcc.a(_udivdi3.o)
 .eh_frame      0x00817a38       0x2c f:/windowsstuff/12.0/nios2eds/bin/gnu/h-i686-mingw32/bin/../lib/gcc/nios2-elf/4.1.2\libgcc.a(_umoddi3.o)
                                 0x40 (size before relaxing)
 *(.gcc_except_table)
 *(.dynamic)
                0x00817a64                PROVIDE (__CTOR_LIST__, ABSOLUTE (.))
 *(.ctors)
 *(SORT(.ctors.*))
 .ctors.65535   0x00817a64        0x4 f:/windowsstuff/12.0/nios2eds/bin/gnu/h-i686-mingw32/bin/../lib/gcc/nios2-elf/4.1.2/../../../../nios2-elf/lib\libc.a(lib_a-__call_atexit.o)
                0x00817a68                PROVIDE (__CTOR_END__, ABSOLUTE (.))
                0x00817a68                PROVIDE (__DTOR_LIST__, ABSOLUTE (.))
 *(.dtors)
 *(SORT(.dtors.*))
                0x00817a68                PROVIDE (__DTOR_END__, ABSOLUTE (.))
 *(.jcr)
                0x00817a68                . = ALIGN (0x4)

.rodata         0x00817a68      0xa50
                0x00817a68                PROVIDE (__ram_rodata_start, ABSOLUTE (.))
                0x00817a68                . = ALIGN (0x4)
 *(.rodata .rodata.* .gnu.linkonce.r.*)
 .rodata        0x00817a68       0x34 obj/default/Excercises/excercise2.o
 .rodata        0x00817a9c      0x118 obj/default/audio.o
 .rodata        0x00817bb4       0x8c obj/default/hello_world.o
 .rodata        0x00817c40       0x2c obj/default/sd_card.o
 .rodata        0x00817c6c      0x1ec obj/default/timer.o
 .rodata        0x00817e58       0x60 obj/default/vga.o
 .rodata        0x00817eb8      0x188 f:/windowsstuff/12.0/nios2eds/bin/gnu/h-i686-mingw32/bin/../lib/gcc/nios2-elf/4.1.2/../../../../nios2-elf/lib\libm.a(lib_a-e_rem_pio2.o)
 .rodata        0x00818040       0x50 f:/windowsstuff/12.0/nios2eds/bin/gnu/h-i686-mingw32/bin/../lib/gcc/nios2-elf/4.1.2/../../../../nios2-elf/lib\libm.a(lib_a-k_rem_pio2.o)
 .rodata        0x00818090       0x10 f:/windowsstuff/12.0/nios2eds/bin/gnu/h-i686-mingw32/bin/../lib/gcc/nios2-elf/4.1.2\libgcc.a(_thenan_sf.o)
                0x00818090                __thenan_sf
 .rodata        0x008180a0       0x14 f:/windowsstuff/12.0/nios2eds/bin/gnu/h-i686-mingw32/bin/../lib/gcc/nios2-elf/4.1.2\libgcc.a(_thenan_df.o)
                0x008180a0                __thenan_df
 .rodata        0x008180b4      0x100 f:/windowsstuff/12.0/nios2eds/bin/gnu/h-i686-mingw32/bin/../lib/gcc/nios2-elf/4.1.2\libgcc.a(_clz.o)
                0x008180b4                __clz_tab
 .rodata.str1.4
                0x008181b4        0x2 f:/windowsstuff/12.0/nios2eds/bin/gnu/h-i686-mingw32/bin/../lib/gcc/nios2-elf/4.1.2/../../../../nios2-elf/lib\libc.a(lib_a-puts.o)
                                  0x4 (size before relaxing)
 *fill*         0x008181b6        0x2 00
 .rodata.str1.4
                0x008181b8       0x5e f:/windowsstuff/12.0/nios2eds/bin/gnu/h-i686-mingw32/bin/../lib/gcc/nios2-elf/4.1.2/../../../../nios2-elf/lib\libc.a(lib_a-vfprintf.o)
                                 0x60 (size before relaxing)
 .rodata        0x00818216       0x20 f:/windowsstuff/12.0/nios2eds/bin/gnu/h-i686-mingw32/bin/../lib/gcc/nios2-elf/4.1.2/../../../../nios2-elf/lib\libc.a(lib_a-vfprintf.o)
 *fill*         0x00818236        0x2 00
 .rodata.str1.4
                0x00818238       0x10 f:/windowsstuff/12.0/nios2eds/bin/gnu/h-i686-mingw32/bin/../lib/gcc/nios2-elf/4.1.2/../../../../nios2-elf/lib\libc.a(lib_a-dtoa.o)
                                 0x14 (size before relaxing)
 .rodata.str1.4
                0x00818248        0x2 f:/windowsstuff/12.0/nios2eds/bin/gnu/h-i686-mingw32/bin/../lib/gcc/nios2-elf/4.1.2/../../../../nios2-elf/lib\libc.a(lib_a-impure.o)
                                  0x4 (size before relaxing)
 *fill*         0x0081824a        0x2 00
 .rodata.str1.4
                0x0081824c       0x10 f:/windowsstuff/12.0/nios2eds/bin/gnu/h-i686-mingw32/bin/../lib/gcc/nios2-elf/4.1.2/../../../../nios2-elf/lib\libc.a(lib_a-locale.o)
                                 0x18 (size before relaxing)
 .rodata        0x0081825c       0x30 f:/windowsstuff/12.0/nios2eds/bin/gnu/h-i686-mingw32/bin/../lib/gcc/nios2-elf/4.1.2/../../../../nios2-elf/lib\libc.a(lib_a-locale.o)
 .rodata        0x0081828c      0x124 f:/windowsstuff/12.0/nios2eds/bin/gnu/h-i686-mingw32/bin/../lib/gcc/nios2-elf/4.1.2/../../../../nios2-elf/lib\libc.a(lib_a-mprec.o)
                0x0081828c                __mprec_tens
                0x00818354                __mprec_bigtens
                0x0081837c                __mprec_tinytens
 .rodata        0x008183b0        0xc C:\Users\jorde_000\Documents\GitHub\LaserSharknado\LaserSharknado_bsp\libhal_bsp.a(alt_dev.o)
 .rodata        0x008183bc       0x14 C:\Users\jorde_000\Documents\GitHub\LaserSharknado\LaserSharknado_bsp\libhal_bsp.a(alt_main.o)
 .rodata        0x008183d0       0xcc C:\Users\jorde_000\Documents\GitHub\LaserSharknado\LaserSharknado_bsp\libhal_bsp.a(alt_sys_init.o)
 .rodata        0x0081849c       0x1c C:\Users\jorde_000\Documents\GitHub\LaserSharknado\LaserSharknado_bsp\libhal_bsp.a(altera_up_avalon_video_character_buffer_with_dma.o)
 *(.rodata1)
                0x008184b8                . = ALIGN (0x4)
                0x008184b8                PROVIDE (__ram_rodata_end, ABSOLUTE (.))
                0x00817a68                PROVIDE (__flash_rodata_start, LOADADDR (.rodata))

.rwdata         0x008184b8     0x1bc0 load address 0x0081a078
                0x008184b8                PROVIDE (__ram_rwdata_start, ABSOLUTE (.))
                0x008184b8                . = ALIGN (0x4)
 *(.got.plt)
 *(.got)
 *(.data1)
 *(.data .data.* .gnu.linkonce.d.*)
 .data          0x008184b8        0x0 C:\Users\jorde_000\Documents\GitHub\LaserSharknado\LaserSharknado_bsp/obj/HAL/src/crt0.o
 .data          0x008184b8        0x0 obj/default/Excercises/excercise2.o
 .data          0x008184b8        0x0 obj/default/audio.o
 .data          0x008184b8        0x0 obj/default/audio_up_hack.o
 .data          0x008184b8        0x0 obj/default/hello_world.o
 .data          0x008184b8        0x0 obj/default/player.o
 .data          0x008184b8        0x0 obj/default/sd_card.o
 .data          0x008184b8        0x0 obj/default/timer.o
 .data          0x008184b8        0x0 obj/default/vga.o
 .data          0x008184b8        0x0 f:/windowsstuff/12.0/nios2eds/bin/gnu/h-i686-mingw32/bin/../lib/gcc/nios2-elf/4.1.2/../../../../nios2-elf/lib\libm.a(lib_a-s_sin.o)
 .data          0x008184b8        0x0 f:/windowsstuff/12.0/nios2eds/bin/gnu/h-i686-mingw32/bin/../lib/gcc/nios2-elf/4.1.2/../../../../nios2-elf/lib\libm.a(lib_a-e_rem_pio2.o)
 .data          0x008184b8        0x0 f:/windowsstuff/12.0/nios2eds/bin/gnu/h-i686-mingw32/bin/../lib/gcc/nios2-elf/4.1.2/../../../../nios2-elf/lib\libm.a(lib_a-k_cos.o)
 .data          0x008184b8        0x0 f:/windowsstuff/12.0/nios2eds/bin/gnu/h-i686-mingw32/bin/../lib/gcc/nios2-elf/4.1.2/../../../../nios2-elf/lib\libm.a(lib_a-k_rem_pio2.o)
 .data          0x008184b8        0x0 f:/windowsstuff/12.0/nios2eds/bin/gnu/h-i686-mingw32/bin/../lib/gcc/nios2-elf/4.1.2/../../../../nios2-elf/lib\libm.a(lib_a-k_sin.o)
 .data          0x008184b8        0x0 f:/windowsstuff/12.0/nios2eds/bin/gnu/h-i686-mingw32/bin/../lib/gcc/nios2-elf/4.1.2/../../../../nios2-elf/lib\libm.a(lib_a-s_fabs.o)
 .data          0x008184b8        0x0 f:/windowsstuff/12.0/nios2eds/bin/gnu/h-i686-mingw32/bin/../lib/gcc/nios2-elf/4.1.2/../../../../nios2-elf/lib\libm.a(lib_a-s_floor.o)
 .data          0x008184b8        0x0 f:/windowsstuff/12.0/nios2eds/bin/gnu/h-i686-mingw32/bin/../lib/gcc/nios2-elf/4.1.2/../../../../nios2-elf/lib\libm.a(lib_a-s_scalbn.o)
 .data          0x008184b8        0x0 f:/windowsstuff/12.0/nios2eds/bin/gnu/h-i686-mingw32/bin/../lib/gcc/nios2-elf/4.1.2/../../../../nios2-elf/lib\libm.a(lib_a-s_copysign.o)
 .data          0x008184b8        0x0 f:/windowsstuff/12.0/nios2eds/bin/gnu/h-i686-mingw32/bin/../lib/gcc/nios2-elf/4.1.2\libgcc.a(_fixunsdfsi.o)
 .data          0x008184b8        0x0 f:/windowsstuff/12.0/nios2eds/bin/gnu/h-i686-mingw32/bin/../lib/gcc/nios2-elf/4.1.2\libgcc.a(_div_sf.o)
 .data          0x008184b8        0x0 f:/windowsstuff/12.0/nios2eds/bin/gnu/h-i686-mingw32/bin/../lib/gcc/nios2-elf/4.1.2\libgcc.a(_si_to_sf.o)
 .data          0x008184b8        0x0 f:/windowsstuff/12.0/nios2eds/bin/gnu/h-i686-mingw32/bin/../lib/gcc/nios2-elf/4.1.2\libgcc.a(_sf_to_df.o)
 .data          0x008184b8        0x0 f:/windowsstuff/12.0/nios2eds/bin/gnu/h-i686-mingw32/bin/../lib/gcc/nios2-elf/4.1.2\libgcc.a(_thenan_sf.o)
 .data          0x008184b8        0x0 f:/windowsstuff/12.0/nios2eds/bin/gnu/h-i686-mingw32/bin/../lib/gcc/nios2-elf/4.1.2\libgcc.a(_usi_to_sf.o)
 .data          0x008184b8        0x0 f:/windowsstuff/12.0/nios2eds/bin/gnu/h-i686-mingw32/bin/../lib/gcc/nios2-elf/4.1.2\libgcc.a(_addsub_df.o)
 .data          0x008184b8        0x0 f:/windowsstuff/12.0/nios2eds/bin/gnu/h-i686-mingw32/bin/../lib/gcc/nios2-elf/4.1.2\libgcc.a(_mul_df.o)
 .data          0x008184b8        0x0 f:/windowsstuff/12.0/nios2eds/bin/gnu/h-i686-mingw32/bin/../lib/gcc/nios2-elf/4.1.2\libgcc.a(_div_df.o)
 .data          0x008184b8        0x0 f:/windowsstuff/12.0/nios2eds/bin/gnu/h-i686-mingw32/bin/../lib/gcc/nios2-elf/4.1.2\libgcc.a(_eq_df.o)
 .data          0x008184b8        0x0 f:/windowsstuff/12.0/nios2eds/bin/gnu/h-i686-mingw32/bin/../lib/gcc/nios2-elf/4.1.2\libgcc.a(_gt_df.o)
 .data          0x008184b8        0x0 f:/windowsstuff/12.0/nios2eds/bin/gnu/h-i686-mingw32/bin/../lib/gcc/nios2-elf/4.1.2\libgcc.a(_ge_df.o)
 .data          0x008184b8        0x0 f:/windowsstuff/12.0/nios2eds/bin/gnu/h-i686-mingw32/bin/../lib/gcc/nios2-elf/4.1.2\libgcc.a(_si_to_df.o)
 .data          0x008184b8        0x0 f:/windowsstuff/12.0/nios2eds/bin/gnu/h-i686-mingw32/bin/../lib/gcc/nios2-elf/4.1.2\libgcc.a(_df_to_si.o)
 .data          0x008184b8        0x0 f:/windowsstuff/12.0/nios2eds/bin/gnu/h-i686-mingw32/bin/../lib/gcc/nios2-elf/4.1.2\libgcc.a(_make_df.o)
 .data          0x008184b8        0x0 f:/windowsstuff/12.0/nios2eds/bin/gnu/h-i686-mingw32/bin/../lib/gcc/nios2-elf/4.1.2\libgcc.a(_thenan_df.o)
 .data          0x008184b8        0x0 f:/windowsstuff/12.0/nios2eds/bin/gnu/h-i686-mingw32/bin/../lib/gcc/nios2-elf/4.1.2\libgcc.a(lib2-divmod.o)
 .data          0x008184b8        0x0 f:/windowsstuff/12.0/nios2eds/bin/gnu/h-i686-mingw32/bin/../lib/gcc/nios2-elf/4.1.2\libgcc.a(_muldi3.o)
 .data          0x008184b8        0x0 f:/windowsstuff/12.0/nios2eds/bin/gnu/h-i686-mingw32/bin/../lib/gcc/nios2-elf/4.1.2\libgcc.a(_clzsi2.o)
 .data          0x008184b8        0x0 f:/windowsstuff/12.0/nios2eds/bin/gnu/h-i686-mingw32/bin/../lib/gcc/nios2-elf/4.1.2\libgcc.a(_pack_sf.o)
 .data          0x008184b8        0x0 f:/windowsstuff/12.0/nios2eds/bin/gnu/h-i686-mingw32/bin/../lib/gcc/nios2-elf/4.1.2\libgcc.a(_unpack_sf.o)
 .data          0x008184b8        0x0 f:/windowsstuff/12.0/nios2eds/bin/gnu/h-i686-mingw32/bin/../lib/gcc/nios2-elf/4.1.2\libgcc.a(_pack_df.o)
 .data          0x008184b8        0x0 f:/windowsstuff/12.0/nios2eds/bin/gnu/h-i686-mingw32/bin/../lib/gcc/nios2-elf/4.1.2\libgcc.a(_unpack_df.o)
 .data          0x008184b8        0x0 f:/windowsstuff/12.0/nios2eds/bin/gnu/h-i686-mingw32/bin/../lib/gcc/nios2-elf/4.1.2\libgcc.a(_fpcmp_parts_df.o)
 .data          0x008184b8        0x0 f:/windowsstuff/12.0/nios2eds/bin/gnu/h-i686-mingw32/bin/../lib/gcc/nios2-elf/4.1.2\libgcc.a(_clz.o)
 .data          0x008184b8        0x0 f:/windowsstuff/12.0/nios2eds/bin/gnu/h-i686-mingw32/bin/../lib/gcc/nios2-elf/4.1.2/../../../../nios2-elf/lib\libc.a(lib_a-printf.o)
 .data          0x008184b8        0x0 f:/windowsstuff/12.0/nios2eds/bin/gnu/h-i686-mingw32/bin/../lib/gcc/nios2-elf/4.1.2/../../../../nios2-elf/lib\libc.a(lib_a-puts.o)
 .data          0x008184b8        0x0 f:/windowsstuff/12.0/nios2eds/bin/gnu/h-i686-mingw32/bin/../lib/gcc/nios2-elf/4.1.2/../../../../nios2-elf/lib\libc.a(lib_a-strlen.o)
 .data          0x008184b8        0x0 f:/windowsstuff/12.0/nios2eds/bin/gnu/h-i686-mingw32/bin/../lib/gcc/nios2-elf/4.1.2/../../../../nios2-elf/lib\libc.a(lib_a-vfprintf.o)
 .data          0x008184b8        0x0 f:/windowsstuff/12.0/nios2eds/bin/gnu/h-i686-mingw32/bin/../lib/gcc/nios2-elf/4.1.2/../../../../nios2-elf/lib\libc.a(lib_a-wsetup.o)
 .data          0x008184b8        0x0 f:/windowsstuff/12.0/nios2eds/bin/gnu/h-i686-mingw32/bin/../lib/gcc/nios2-elf/4.1.2/../../../../nios2-elf/lib\libc.a(lib_a-dtoa.o)
 .data          0x008184b8        0x0 f:/windowsstuff/12.0/nios2eds/bin/gnu/h-i686-mingw32/bin/../lib/gcc/nios2-elf/4.1.2/../../../../nios2-elf/lib\libc.a(lib_a-fflush.o)
 .data          0x008184b8        0x0 f:/windowsstuff/12.0/nios2eds/bin/gnu/h-i686-mingw32/bin/../lib/gcc/nios2-elf/4.1.2/../../../../nios2-elf/lib\libc.a(lib_a-findfp.o)
 .data          0x008184b8        0x0 f:/windowsstuff/12.0/nios2eds/bin/gnu/h-i686-mingw32/bin/../lib/gcc/nios2-elf/4.1.2/../../../../nios2-elf/lib\libc.a(lib_a-freer.o)
 .data          0x008184b8        0x0 f:/windowsstuff/12.0/nios2eds/bin/gnu/h-i686-mingw32/bin/../lib/gcc/nios2-elf/4.1.2/../../../../nios2-elf/lib\libc.a(lib_a-fvwrite.o)
 .data          0x008184b8        0x0 f:/windowsstuff/12.0/nios2eds/bin/gnu/h-i686-mingw32/bin/../lib/gcc/nios2-elf/4.1.2/../../../../nios2-elf/lib\libc.a(lib_a-fwalk.o)
 .data          0x008184b8      0x400 f:/windowsstuff/12.0/nios2eds/bin/gnu/h-i686-mingw32/bin/../lib/gcc/nios2-elf/4.1.2/../../../../nios2-elf/lib\libc.a(lib_a-impure.o)
 .data          0x008188b8        0xc f:/windowsstuff/12.0/nios2eds/bin/gnu/h-i686-mingw32/bin/../lib/gcc/nios2-elf/4.1.2/../../../../nios2-elf/lib\libc.a(lib_a-locale.o)
                0x008188b8                __lc_ctype
 .data          0x008188c4        0x0 f:/windowsstuff/12.0/nios2eds/bin/gnu/h-i686-mingw32/bin/../lib/gcc/nios2-elf/4.1.2/../../../../nios2-elf/lib\libc.a(lib_a-makebuf.o)
 .data          0x008188c4      0x408 f:/windowsstuff/12.0/nios2eds/bin/gnu/h-i686-mingw32/bin/../lib/gcc/nios2-elf/4.1.2/../../../../nios2-elf/lib\libc.a(lib_a-mallocr.o)
                0x008188c4                __malloc_av_
 .data          0x00818ccc        0x0 f:/windowsstuff/12.0/nios2eds/bin/gnu/h-i686-mingw32/bin/../lib/gcc/nios2-elf/4.1.2/../../../../nios2-elf/lib\libc.a(lib_a-memchr.o)
 .data          0x00818ccc        0x0 f:/windowsstuff/12.0/nios2eds/bin/gnu/h-i686-mingw32/bin/../lib/gcc/nios2-elf/4.1.2/../../../../nios2-elf/lib\libc.a(lib_a-memcpy.o)
 .data          0x00818ccc        0x0 f:/windowsstuff/12.0/nios2eds/bin/gnu/h-i686-mingw32/bin/../lib/gcc/nios2-elf/4.1.2/../../../../nios2-elf/lib\libc.a(lib_a-memmove.o)
 .data          0x00818ccc        0x0 f:/windowsstuff/12.0/nios2eds/bin/gnu/h-i686-mingw32/bin/../lib/gcc/nios2-elf/4.1.2/../../../../nios2-elf/lib\libc.a(lib_a-memset.o)
 .data          0x00818ccc        0x0 f:/windowsstuff/12.0/nios2eds/bin/gnu/h-i686-mingw32/bin/../lib/gcc/nios2-elf/4.1.2/../../../../nios2-elf/lib\libc.a(lib_a-mprec.o)
 .data          0x00818ccc        0x0 f:/windowsstuff/12.0/nios2eds/bin/gnu/h-i686-mingw32/bin/../lib/gcc/nios2-elf/4.1.2/../../../../nios2-elf/lib\libc.a(lib_a-reallocr.o)
 .data          0x00818ccc        0x0 f:/windowsstuff/12.0/nios2eds/bin/gnu/h-i686-mingw32/bin/../lib/gcc/nios2-elf/4.1.2/../../../../nios2-elf/lib\libc.a(lib_a-s_isinfd.o)
 .data          0x00818ccc        0x0 f:/windowsstuff/12.0/nios2eds/bin/gnu/h-i686-mingw32/bin/../lib/gcc/nios2-elf/4.1.2/../../../../nios2-elf/lib\libc.a(lib_a-s_isnand.o)
 .data          0x00818ccc        0x0 f:/windowsstuff/12.0/nios2eds/bin/gnu/h-i686-mingw32/bin/../lib/gcc/nios2-elf/4.1.2/../../../../nios2-elf/lib\libc.a(lib_a-sbrkr.o)
 .data          0x00818ccc        0x0 f:/windowsstuff/12.0/nios2eds/bin/gnu/h-i686-mingw32/bin/../lib/gcc/nios2-elf/4.1.2/../../../../nios2-elf/lib\libc.a(lib_a-stdio.o)
 .data          0x00818ccc        0x0 f:/windowsstuff/12.0/nios2eds/bin/gnu/h-i686-mingw32/bin/../lib/gcc/nios2-elf/4.1.2/../../../../nios2-elf/lib\libc.a(lib_a-strcmp.o)
 .data          0x00818ccc        0x0 f:/windowsstuff/12.0/nios2eds/bin/gnu/h-i686-mingw32/bin/../lib/gcc/nios2-elf/4.1.2/../../../../nios2-elf/lib\libc.a(lib_a-writer.o)
 .data          0x00818ccc        0x0 f:/windowsstuff/12.0/nios2eds/bin/gnu/h-i686-mingw32/bin/../lib/gcc/nios2-elf/4.1.2/../../../../nios2-elf/lib\libc.a(lib_a-callocr.o)
 .data          0x00818ccc        0x0 f:/windowsstuff/12.0/nios2eds/bin/gnu/h-i686-mingw32/bin/../lib/gcc/nios2-elf/4.1.2/../../../../nios2-elf/lib\libc.a(lib_a-closer.o)
 .data          0x00818ccc        0x0 f:/windowsstuff/12.0/nios2eds/bin/gnu/h-i686-mingw32/bin/../lib/gcc/nios2-elf/4.1.2/../../../../nios2-elf/lib\libc.a(lib_a-fclose.o)
 .data          0x00818ccc        0x0 f:/windowsstuff/12.0/nios2eds/bin/gnu/h-i686-mingw32/bin/../lib/gcc/nios2-elf/4.1.2/../../../../nios2-elf/lib\libc.a(lib_a-fstatr.o)
 .data          0x00818ccc        0x0 f:/windowsstuff/12.0/nios2eds/bin/gnu/h-i686-mingw32/bin/../lib/gcc/nios2-elf/4.1.2/../../../../nios2-elf/lib\libc.a(lib_a-int_errno.o)
 .data          0x00818ccc        0x0 f:/windowsstuff/12.0/nios2eds/bin/gnu/h-i686-mingw32/bin/../lib/gcc/nios2-elf/4.1.2/../../../../nios2-elf/lib\libc.a(lib_a-isattyr.o)
 .data          0x00818ccc        0x0 f:/windowsstuff/12.0/nios2eds/bin/gnu/h-i686-mingw32/bin/../lib/gcc/nios2-elf/4.1.2/../../../../nios2-elf/lib\libc.a(lib_a-lseekr.o)
 .data          0x00818ccc        0x0 f:/windowsstuff/12.0/nios2eds/bin/gnu/h-i686-mingw32/bin/../lib/gcc/nios2-elf/4.1.2/../../../../nios2-elf/lib\libc.a(lib_a-readr.o)
 .data          0x00818ccc        0x0 f:/windowsstuff/12.0/nios2eds/bin/gnu/h-i686-mingw32/bin/../lib/gcc/nios2-elf/4.1.2\libgcc.a(_udivdi3.o)
 .data          0x00818ccc        0x0 f:/windowsstuff/12.0/nios2eds/bin/gnu/h-i686-mingw32/bin/../lib/gcc/nios2-elf/4.1.2\libgcc.a(_umoddi3.o)
 .data          0x00818ccc        0x0 f:/windowsstuff/12.0/nios2eds/bin/gnu/h-i686-mingw32/bin/../lib/gcc/nios2-elf/4.1.2\libgcc.a(_ne_df.o)
 .data          0x00818ccc        0x0 f:/windowsstuff/12.0/nios2eds/bin/gnu/h-i686-mingw32/bin/../lib/gcc/nios2-elf/4.1.2\libgcc.a(_lt_df.o)
 .data          0x00818ccc        0x0 f:/windowsstuff/12.0/nios2eds/bin/gnu/h-i686-mingw32/bin/../lib/gcc/nios2-elf/4.1.2\libgcc.a(_usi_to_df.o)
 .data          0x00818ccc        0x0 C:\Users\jorde_000\Documents\GitHub\LaserSharknado\LaserSharknado_bsp\libhal_bsp.a(alt_close.o)
 .data          0x00818ccc      0x1a8 C:\Users\jorde_000\Documents\GitHub\LaserSharknado\LaserSharknado_bsp\libhal_bsp.a(alt_dev.o)
                0x00818ccc                alt_dev_null
                0x00818cf4                alt_fd_list
 .data          0x00818e74        0x0 C:\Users\jorde_000\Documents\GitHub\LaserSharknado\LaserSharknado_bsp\libhal_bsp.a(alt_errno.o)
 .data          0x00818e74        0x0 C:\Users\jorde_000\Documents\GitHub\LaserSharknado\LaserSharknado_bsp\libhal_bsp.a(alt_fstat.o)
 .data          0x00818e74        0x0 C:\Users\jorde_000\Documents\GitHub\LaserSharknado\LaserSharknado_bsp\libhal_bsp.a(alt_isatty.o)
 .data          0x00818e74        0x0 C:\Users\jorde_000\Documents\GitHub\LaserSharknado\LaserSharknado_bsp\libhal_bsp.a(alt_load.o)
 .data          0x00818e74        0x0 C:\Users\jorde_000\Documents\GitHub\LaserSharknado\LaserSharknado_bsp\libhal_bsp.a(alt_lseek.o)
 .data          0x00818e74        0x0 C:\Users\jorde_000\Documents\GitHub\LaserSharknado\LaserSharknado_bsp\libhal_bsp.a(alt_main.o)
 .data          0x00818e74        0x0 C:\Users\jorde_000\Documents\GitHub\LaserSharknado\LaserSharknado_bsp\libhal_bsp.a(alt_malloc_lock.o)
 .data          0x00818e74        0x0 C:\Users\jorde_000\Documents\GitHub\LaserSharknado\LaserSharknado_bsp\libhal_bsp.a(alt_read.o)
 .data          0x00818e74        0x0 C:\Users\jorde_000\Documents\GitHub\LaserSharknado\LaserSharknado_bsp\libhal_bsp.a(alt_release_fd.o)
 .data          0x00818e74        0x0 C:\Users\jorde_000\Documents\GitHub\LaserSharknado\LaserSharknado_bsp\libhal_bsp.a(alt_sbrk.o)
 .data          0x00818e74        0x0 C:\Users\jorde_000\Documents\GitHub\LaserSharknado\LaserSharknado_bsp\libhal_bsp.a(alt_tick.o)
 .data          0x00818e74        0x0 C:\Users\jorde_000\Documents\GitHub\LaserSharknado\LaserSharknado_bsp\libhal_bsp.a(alt_usleep.o)
 .data          0x00818e74        0x0 C:\Users\jorde_000\Documents\GitHub\LaserSharknado\LaserSharknado_bsp\libhal_bsp.a(alt_write.o)
 .data          0x00818e74     0x11b4 C:\Users\jorde_000\Documents\GitHub\LaserSharknado\LaserSharknado_bsp\libhal_bsp.a(alt_sys_init.o)
 .data          0x0081a028        0x0 C:\Users\jorde_000\Documents\GitHub\LaserSharknado\LaserSharknado_bsp\libhal_bsp.a(altera_avalon_jtag_uart_fd.o)
 .data          0x0081a028        0x0 C:\Users\jorde_000\Documents\GitHub\LaserSharknado\LaserSharknado_bsp\libhal_bsp.a(altera_avalon_jtag_uart_init.o)
 .data          0x0081a028        0x0 C:\Users\jorde_000\Documents\GitHub\LaserSharknado\LaserSharknado_bsp\libhal_bsp.a(altera_avalon_jtag_uart_ioctl.o)
 .data          0x0081a028        0x0 C:\Users\jorde_000\Documents\GitHub\LaserSharknado\LaserSharknado_bsp\libhal_bsp.a(altera_avalon_jtag_uart_read.o)
 .data          0x0081a028        0x0 C:\Users\jorde_000\Documents\GitHub\LaserSharknado\LaserSharknado_bsp\libhal_bsp.a(altera_avalon_jtag_uart_write.o)
 .data          0x0081a028        0x0 C:\Users\jorde_000\Documents\GitHub\LaserSharknado\LaserSharknado_bsp\libhal_bsp.a(altera_avalon_timer_sc.o)
 .data          0x0081a028        0x0 C:\Users\jorde_000\Documents\GitHub\LaserSharknado\LaserSharknado_bsp\libhal_bsp.a(altera_avalon_timer_ts.o)
 .data          0x0081a028        0x0 C:\Users\jorde_000\Documents\GitHub\LaserSharknado\LaserSharknado_bsp\libhal_bsp.a(altera_avalon_timer_vars.o)
 .data          0x0081a028        0x0 C:\Users\jorde_000\Documents\GitHub\LaserSharknado\LaserSharknado_bsp\libhal_bsp.a(altera_up_avalon_audio.o)
 .data          0x0081a028        0x0 C:\Users\jorde_000\Documents\GitHub\LaserSharknado\LaserSharknado_bsp\libhal_bsp.a(altera_up_avalon_audio_and_video_config.o)
 .data          0x0081a028        0x0 C:\Users\jorde_000\Documents\GitHub\LaserSharknado\LaserSharknado_bsp\libhal_bsp.a(altera_up_avalon_character_lcd.o)
 .data          0x0081a028        0x0 C:\Users\jorde_000\Documents\GitHub\LaserSharknado\LaserSharknado_bsp\libhal_bsp.a(altera_up_avalon_video_character_buffer_with_dma.o)
 .data          0x0081a028        0x0 C:\Users\jorde_000\Documents\GitHub\LaserSharknado\LaserSharknado_bsp\libhal_bsp.a(altera_up_avalon_video_pixel_buffer_dma.o)
 .data          0x0081a028        0x0 C:\Users\jorde_000\Documents\GitHub\LaserSharknado\LaserSharknado_bsp\libhal_bsp.a(altera_up_sd_card_avalon_interface.o)
 .data          0x0081a028        0x0 C:\Users\jorde_000\Documents\GitHub\LaserSharknado\LaserSharknado_bsp\libhal_bsp.a(alt_alarm_start.o)
 .data          0x0081a028        0x0 C:\Users\jorde_000\Documents\GitHub\LaserSharknado\LaserSharknado_bsp\libhal_bsp.a(alt_busy_sleep.o)
 .data          0x0081a028        0x0 C:\Users\jorde_000\Documents\GitHub\LaserSharknado\LaserSharknado_bsp\libhal_bsp.a(alt_dcache_flush_all.o)
 .data          0x0081a028        0x0 C:\Users\jorde_000\Documents\GitHub\LaserSharknado\LaserSharknado_bsp\libhal_bsp.a(alt_dev_llist_insert.o)
 .data          0x0081a028        0x0 C:\Users\jorde_000\Documents\GitHub\LaserSharknado\LaserSharknado_bsp\libhal_bsp.a(alt_do_ctors.o)
 .data          0x0081a028        0x0 C:\Users\jorde_000\Documents\GitHub\LaserSharknado\LaserSharknado_bsp\libhal_bsp.a(alt_do_dtors.o)
 .data          0x0081a028        0x0 C:\Users\jorde_000\Documents\GitHub\LaserSharknado\LaserSharknado_bsp\libhal_bsp.a(alt_find_dev.o)
 .data          0x0081a028        0x0 C:\Users\jorde_000\Documents\GitHub\LaserSharknado\LaserSharknado_bsp\libhal_bsp.a(alt_icache_flush_all.o)
 .data          0x0081a028        0x0 C:\Users\jorde_000\Documents\GitHub\LaserSharknado\LaserSharknado_bsp\libhal_bsp.a(alt_io_redirect.o)
 .data          0x0081a028        0x0 C:\Users\jorde_000\Documents\GitHub\LaserSharknado\LaserSharknado_bsp\libhal_bsp.a(alt_irq_register.o)
 .data          0x0081a028        0x0 C:\Users\jorde_000\Documents\GitHub\LaserSharknado\LaserSharknado_bsp\libhal_bsp.a(alt_irq_vars.o)
 .data          0x0081a028        0x0 C:\Users\jorde_000\Documents\GitHub\LaserSharknado\LaserSharknado_bsp\libhal_bsp.a(alt_open.o)
 .data          0x0081a028        0x0 C:\Users\jorde_000\Documents\GitHub\LaserSharknado\LaserSharknado_bsp\libhal_bsp.a(altera_nios2_qsys_irq.o)
 .data          0x0081a028        0x0 C:\Users\jorde_000\Documents\GitHub\LaserSharknado\LaserSharknado_bsp\libhal_bsp.a(alt_find_file.o)
 .data          0x0081a028        0x0 C:\Users\jorde_000\Documents\GitHub\LaserSharknado\LaserSharknado_bsp\libhal_bsp.a(alt_get_fd.o)
 .data          0x0081a028        0x0 C:\Users\jorde_000\Documents\GitHub\LaserSharknado\LaserSharknado_bsp\libhal_bsp.a(alt_icache_flush.o)
 .data          0x0081a028        0x0 C:\Users\jorde_000\Documents\GitHub\LaserSharknado\LaserSharknado_bsp\libhal_bsp.a(alt_irq_entry.o)
 .data          0x0081a028        0x0 C:\Users\jorde_000\Documents\GitHub\LaserSharknado\LaserSharknado_bsp\libhal_bsp.a(alt_irq_handler.o)
 .data          0x0081a028        0x0 C:\Users\jorde_000\Documents\GitHub\LaserSharknado\LaserSharknado_bsp\libhal_bsp.a(alt_exception_entry.o)
 .data          0x0081a028        0x0 f:/windowsstuff/12.0/nios2eds/bin/gnu/h-i686-mingw32/bin/../lib/gcc/nios2-elf/4.1.2/../../../../nios2-elf/lib\libc.a(lib_a-atexit.o)
 .data          0x0081a028        0x0 f:/windowsstuff/12.0/nios2eds/bin/gnu/h-i686-mingw32/bin/../lib/gcc/nios2-elf/4.1.2/../../../../nios2-elf/lib\libc.a(lib_a-exit.o)
 .data          0x0081a028        0x0 f:/windowsstuff/12.0/nios2eds/bin/gnu/h-i686-mingw32/bin/../lib/gcc/nios2-elf/4.1.2/../../../../nios2-elf/lib\libc.a(lib_a-memcmp.o)
 .data          0x0081a028        0x0 f:/windowsstuff/12.0/nios2eds/bin/gnu/h-i686-mingw32/bin/../lib/gcc/nios2-elf/4.1.2/../../../../nios2-elf/lib\libc.a(lib_a-__atexit.o)
 .data          0x0081a028        0x0 f:/windowsstuff/12.0/nios2eds/bin/gnu/h-i686-mingw32/bin/../lib/gcc/nios2-elf/4.1.2/../../../../nios2-elf/lib\libc.a(lib_a-__call_atexit.o)
 .data          0x0081a028        0x0 C:\Users\jorde_000\Documents\GitHub\LaserSharknado\LaserSharknado_bsp\libhal_bsp.a(alt_exit.o)
                0x00822028                _gp = ABSOLUTE ((. + 0x8000))
                0x00822028                PROVIDE (gp, _gp)
 *(.rwdata .rwdata.*)
 *(.sdata .sdata.* .gnu.linkonce.s.*)
 .sdata         0x0081a028       0x10 obj/default/audio.o
                0x0081a028                CONFIG_NAME
                0x0081a02c                AUDIO_NAME
                0x0081a030                DEBUG
                0x0081a034                toneLength
 .sdata         0x0081a038        0x8 f:/windowsstuff/12.0/nios2eds/bin/gnu/h-i686-mingw32/bin/../lib/gcc/nios2-elf/4.1.2/../../../../nios2-elf/lib\libc.a(lib_a-impure.o)
                0x0081a038                _impure_ptr
                0x0081a03c                _global_impure_ptr
 .sdata         0x0081a040        0x8 f:/windowsstuff/12.0/nios2eds/bin/gnu/h-i686-mingw32/bin/../lib/gcc/nios2-elf/4.1.2/../../../../nios2-elf/lib\libc.a(lib_a-locale.o)
                0x0081a040                __mb_cur_max
 .sdata         0x0081a048        0x8 f:/windowsstuff/12.0/nios2eds/bin/gnu/h-i686-mingw32/bin/../lib/gcc/nios2-elf/4.1.2/../../../../nios2-elf/lib\libc.a(lib_a-mallocr.o)
                0x0081a048                __malloc_trim_threshold
                0x0081a04c                __malloc_sbrk_base
 .sdata         0x0081a050       0x14 C:\Users\jorde_000\Documents\GitHub\LaserSharknado\LaserSharknado_bsp\libhal_bsp.a(alt_dev.o)
                0x0081a050                alt_fs_list
                0x0081a058                alt_dev_list
                0x0081a060                alt_max_fd
 .sdata         0x0081a064        0x4 C:\Users\jorde_000\Documents\GitHub\LaserSharknado\LaserSharknado_bsp\libhal_bsp.a(alt_errno.o)
                0x0081a064                alt_errno
 .sdata         0x0081a068        0x4 C:\Users\jorde_000\Documents\GitHub\LaserSharknado\LaserSharknado_bsp\libhal_bsp.a(alt_sbrk.o)
 .sdata         0x0081a06c        0x8 C:\Users\jorde_000\Documents\GitHub\LaserSharknado\LaserSharknado_bsp\libhal_bsp.a(alt_tick.o)
                0x0081a06c                alt_alarm_list
 .sdata         0x0081a074        0x4 C:\Users\jorde_000\Documents\GitHub\LaserSharknado\LaserSharknado_bsp\libhal_bsp.a(alt_irq_vars.o)
                0x0081a074                alt_priority_mask
 *(.sdata2 .sdata2.* .gnu.linkonce.s2.*)
                0x0081a078                . = ALIGN (0x4)
                0x0081a078                _edata = ABSOLUTE (.)
                0x0081a078                PROVIDE (edata, ABSOLUTE (.))
                0x0081a078                PROVIDE (__ram_rwdata_end, ABSOLUTE (.))
                0x0081a078                PROVIDE (__flash_rwdata_start, LOADADDR (.rwdata))

.bss            0x0081bc38      0xa84
                0x0081bc38                __bss_start = ABSOLUTE (.)
                0x0081bc38                PROVIDE (__sbss_start, ABSOLUTE (.))
                0x0081bc38                PROVIDE (___sbss_start, ABSOLUTE (.))
 *(.dynsbss)
 *(.sbss .sbss.* .gnu.linkonce.sb.*)
 .sbss          0x0081bc38        0x8 obj/default/audio.o
                0x0081bc38                audio
                0x0081bc3c                config
 .sbss          0x0081bc40        0x4 obj/default/sd_card.o
                0x0081bc40                sdDev
 .sbss          0x0081bc44        0xc f:/windowsstuff/12.0/nios2eds/bin/gnu/h-i686-mingw32/bin/../lib/gcc/nios2-elf/4.1.2/../../../../nios2-elf/lib\libc.a(lib_a-locale.o)
                0x0081bc44                __nlocale_changed
                0x0081bc48                __mlocale_changed
                0x0081bc4c                _PathLocale
 .sbss          0x0081bc50        0xc f:/windowsstuff/12.0/nios2eds/bin/gnu/h-i686-mingw32/bin/../lib/gcc/nios2-elf/4.1.2/../../../../nios2-elf/lib\libc.a(lib_a-mallocr.o)
                0x0081bc50                __malloc_top_pad
                0x0081bc54                __malloc_max_sbrked_mem
                0x0081bc58                __malloc_max_total_mem
 .sbss          0x0081bc5c        0x4 f:/windowsstuff/12.0/nios2eds/bin/gnu/h-i686-mingw32/bin/../lib/gcc/nios2-elf/4.1.2/../../../../nios2-elf/lib\libc.a(lib_a-int_errno.o)
                0x0081bc5c                errno
 .sbss          0x0081bc60        0xc C:\Users\jorde_000\Documents\GitHub\LaserSharknado\LaserSharknado_bsp\libhal_bsp.a(alt_main.o)
                0x0081bc60                alt_argc
                0x0081bc64                alt_argv
                0x0081bc68                alt_envp
 .sbss          0x0081bc6c        0x8 C:\Users\jorde_000\Documents\GitHub\LaserSharknado\LaserSharknado_bsp\libhal_bsp.a(alt_tick.o)
                0x0081bc6c                _alt_tick_rate
                0x0081bc70                _alt_nticks
 .sbss          0x0081bc74        0x8 C:\Users\jorde_000\Documents\GitHub\LaserSharknado\LaserSharknado_bsp\libhal_bsp.a(altera_avalon_timer_vars.o)
                0x0081bc74                altera_avalon_timer_ts_base
                0x0081bc78                altera_avalon_timer_ts_freq
 .sbss          0x0081bc7c       0x34 C:\Users\jorde_000\Documents\GitHub\LaserSharknado\LaserSharknado_bsp\libhal_bsp.a(altera_up_sd_card_avalon_interface.o)
                0x0081bc7c                initialized
                0x0081bc80                is_sd_card_formated_as_FAT16
                0x0081bc84                aux_status_register
                0x0081bc88                status_register
                0x0081bc8c                CSD_register_w0
                0x0081bc90                command_register
                0x0081bc94                command_argument_register
                0x0081bc98                buffer_memory
                0x0081bc9c                fat_partition_offset_in_512_byte_sectors
                0x0081bca0                fat_partition_size_in_512_byte_sectors
                0x0081bca4                device_pointer
                0x0081bca8                current_sector_modified
                0x0081bcac                current_sector_index
 .sbss          0x0081bcb0        0x4 C:\Users\jorde_000\Documents\GitHub\LaserSharknado\LaserSharknado_bsp\libhal_bsp.a(alt_irq_vars.o)
                0x0081bcb0                alt_irq_active
 *(.sbss2 .sbss2.* .gnu.linkonce.sb2.*)
 *(.scommon)
                0x0081bcb4                PROVIDE (__sbss_end, ABSOLUTE (.))
                0x0081bcb4                PROVIDE (___sbss_end, ABSOLUTE (.))
 *(.dynbss)
 *(.bss .bss.* .gnu.linkonce.b.*)
 .bss           0x0081bcb4        0x0 C:\Users\jorde_000\Documents\GitHub\LaserSharknado\LaserSharknado_bsp/obj/HAL/src/crt0.o
 .bss           0x0081bcb4        0x0 obj/default/Excercises/excercise2.o
 .bss           0x0081bcb4        0x0 obj/default/audio.o
 .bss           0x0081bcb4        0x0 obj/default/audio_up_hack.o
 .bss           0x0081bcb4        0x0 obj/default/hello_world.o
 .bss           0x0081bcb4        0x0 obj/default/player.o
 .bss           0x0081bcb4        0x0 obj/default/sd_card.o
 .bss           0x0081bcb4        0x0 obj/default/timer.o
 .bss           0x0081bcb4        0x0 obj/default/vga.o
 .bss           0x0081bcb4        0x0 f:/windowsstuff/12.0/nios2eds/bin/gnu/h-i686-mingw32/bin/../lib/gcc/nios2-elf/4.1.2/../../../../nios2-elf/lib\libm.a(lib_a-s_sin.o)
 .bss           0x0081bcb4        0x0 f:/windowsstuff/12.0/nios2eds/bin/gnu/h-i686-mingw32/bin/../lib/gcc/nios2-elf/4.1.2/../../../../nios2-elf/lib\libm.a(lib_a-e_rem_pio2.o)
 .bss           0x0081bcb4        0x0 f:/windowsstuff/12.0/nios2eds/bin/gnu/h-i686-mingw32/bin/../lib/gcc/nios2-elf/4.1.2/../../../../nios2-elf/lib\libm.a(lib_a-k_cos.o)
 .bss           0x0081bcb4        0x0 f:/windowsstuff/12.0/nios2eds/bin/gnu/h-i686-mingw32/bin/../lib/gcc/nios2-elf/4.1.2/../../../../nios2-elf/lib\libm.a(lib_a-k_rem_pio2.o)
 .bss           0x0081bcb4        0x0 f:/windowsstuff/12.0/nios2eds/bin/gnu/h-i686-mingw32/bin/../lib/gcc/nios2-elf/4.1.2/../../../../nios2-elf/lib\libm.a(lib_a-k_sin.o)
 .bss           0x0081bcb4        0x0 f:/windowsstuff/12.0/nios2eds/bin/gnu/h-i686-mingw32/bin/../lib/gcc/nios2-elf/4.1.2/../../../../nios2-elf/lib\libm.a(lib_a-s_fabs.o)
 .bss           0x0081bcb4        0x0 f:/windowsstuff/12.0/nios2eds/bin/gnu/h-i686-mingw32/bin/../lib/gcc/nios2-elf/4.1.2/../../../../nios2-elf/lib\libm.a(lib_a-s_floor.o)
 .bss           0x0081bcb4        0x0 f:/windowsstuff/12.0/nios2eds/bin/gnu/h-i686-mingw32/bin/../lib/gcc/nios2-elf/4.1.2/../../../../nios2-elf/lib\libm.a(lib_a-s_scalbn.o)
 .bss           0x0081bcb4        0x0 f:/windowsstuff/12.0/nios2eds/bin/gnu/h-i686-mingw32/bin/../lib/gcc/nios2-elf/4.1.2/../../../../nios2-elf/lib\libm.a(lib_a-s_copysign.o)
 .bss           0x0081bcb4        0x0 f:/windowsstuff/12.0/nios2eds/bin/gnu/h-i686-mingw32/bin/../lib/gcc/nios2-elf/4.1.2\libgcc.a(_fixunsdfsi.o)
 .bss           0x0081bcb4        0x0 f:/windowsstuff/12.0/nios2eds/bin/gnu/h-i686-mingw32/bin/../lib/gcc/nios2-elf/4.1.2\libgcc.a(_div_sf.o)
 .bss           0x0081bcb4        0x0 f:/windowsstuff/12.0/nios2eds/bin/gnu/h-i686-mingw32/bin/../lib/gcc/nios2-elf/4.1.2\libgcc.a(_si_to_sf.o)
 .bss           0x0081bcb4        0x0 f:/windowsstuff/12.0/nios2eds/bin/gnu/h-i686-mingw32/bin/../lib/gcc/nios2-elf/4.1.2\libgcc.a(_sf_to_df.o)
 .bss           0x0081bcb4        0x0 f:/windowsstuff/12.0/nios2eds/bin/gnu/h-i686-mingw32/bin/../lib/gcc/nios2-elf/4.1.2\libgcc.a(_thenan_sf.o)
 .bss           0x0081bcb4        0x0 f:/windowsstuff/12.0/nios2eds/bin/gnu/h-i686-mingw32/bin/../lib/gcc/nios2-elf/4.1.2\libgcc.a(_usi_to_sf.o)
 .bss           0x0081bcb4        0x0 f:/windowsstuff/12.0/nios2eds/bin/gnu/h-i686-mingw32/bin/../lib/gcc/nios2-elf/4.1.2\libgcc.a(_addsub_df.o)
 .bss           0x0081bcb4        0x0 f:/windowsstuff/12.0/nios2eds/bin/gnu/h-i686-mingw32/bin/../lib/gcc/nios2-elf/4.1.2\libgcc.a(_mul_df.o)
 .bss           0x0081bcb4        0x0 f:/windowsstuff/12.0/nios2eds/bin/gnu/h-i686-mingw32/bin/../lib/gcc/nios2-elf/4.1.2\libgcc.a(_div_df.o)
 .bss           0x0081bcb4        0x0 f:/windowsstuff/12.0/nios2eds/bin/gnu/h-i686-mingw32/bin/../lib/gcc/nios2-elf/4.1.2\libgcc.a(_eq_df.o)
 .bss           0x0081bcb4        0x0 f:/windowsstuff/12.0/nios2eds/bin/gnu/h-i686-mingw32/bin/../lib/gcc/nios2-elf/4.1.2\libgcc.a(_gt_df.o)
 .bss           0x0081bcb4        0x0 f:/windowsstuff/12.0/nios2eds/bin/gnu/h-i686-mingw32/bin/../lib/gcc/nios2-elf/4.1.2\libgcc.a(_ge_df.o)
 .bss           0x0081bcb4        0x0 f:/windowsstuff/12.0/nios2eds/bin/gnu/h-i686-mingw32/bin/../lib/gcc/nios2-elf/4.1.2\libgcc.a(_si_to_df.o)
 .bss           0x0081bcb4        0x0 f:/windowsstuff/12.0/nios2eds/bin/gnu/h-i686-mingw32/bin/../lib/gcc/nios2-elf/4.1.2\libgcc.a(_df_to_si.o)
 .bss           0x0081bcb4        0x0 f:/windowsstuff/12.0/nios2eds/bin/gnu/h-i686-mingw32/bin/../lib/gcc/nios2-elf/4.1.2\libgcc.a(_make_df.o)
 .bss           0x0081bcb4        0x0 f:/windowsstuff/12.0/nios2eds/bin/gnu/h-i686-mingw32/bin/../lib/gcc/nios2-elf/4.1.2\libgcc.a(_thenan_df.o)
 .bss           0x0081bcb4        0x0 f:/windowsstuff/12.0/nios2eds/bin/gnu/h-i686-mingw32/bin/../lib/gcc/nios2-elf/4.1.2\libgcc.a(lib2-divmod.o)
 .bss           0x0081bcb4        0x0 f:/windowsstuff/12.0/nios2eds/bin/gnu/h-i686-mingw32/bin/../lib/gcc/nios2-elf/4.1.2\libgcc.a(_muldi3.o)
 .bss           0x0081bcb4        0x0 f:/windowsstuff/12.0/nios2eds/bin/gnu/h-i686-mingw32/bin/../lib/gcc/nios2-elf/4.1.2\libgcc.a(_clzsi2.o)
 .bss           0x0081bcb4        0x0 f:/windowsstuff/12.0/nios2eds/bin/gnu/h-i686-mingw32/bin/../lib/gcc/nios2-elf/4.1.2\libgcc.a(_pack_sf.o)
 .bss           0x0081bcb4        0x0 f:/windowsstuff/12.0/nios2eds/bin/gnu/h-i686-mingw32/bin/../lib/gcc/nios2-elf/4.1.2\libgcc.a(_unpack_sf.o)
 .bss           0x0081bcb4        0x0 f:/windowsstuff/12.0/nios2eds/bin/gnu/h-i686-mingw32/bin/../lib/gcc/nios2-elf/4.1.2\libgcc.a(_pack_df.o)
 .bss           0x0081bcb4        0x0 f:/windowsstuff/12.0/nios2eds/bin/gnu/h-i686-mingw32/bin/../lib/gcc/nios2-elf/4.1.2\libgcc.a(_unpack_df.o)
 .bss           0x0081bcb4        0x0 f:/windowsstuff/12.0/nios2eds/bin/gnu/h-i686-mingw32/bin/../lib/gcc/nios2-elf/4.1.2\libgcc.a(_fpcmp_parts_df.o)
 .bss           0x0081bcb4        0x0 f:/windowsstuff/12.0/nios2eds/bin/gnu/h-i686-mingw32/bin/../lib/gcc/nios2-elf/4.1.2\libgcc.a(_clz.o)
 .bss           0x0081bcb4        0x0 f:/windowsstuff/12.0/nios2eds/bin/gnu/h-i686-mingw32/bin/../lib/gcc/nios2-elf/4.1.2/../../../../nios2-elf/lib\libc.a(lib_a-printf.o)
 .bss           0x0081bcb4        0x0 f:/windowsstuff/12.0/nios2eds/bin/gnu/h-i686-mingw32/bin/../lib/gcc/nios2-elf/4.1.2/../../../../nios2-elf/lib\libc.a(lib_a-puts.o)
 .bss           0x0081bcb4        0x0 f:/windowsstuff/12.0/nios2eds/bin/gnu/h-i686-mingw32/bin/../lib/gcc/nios2-elf/4.1.2/../../../../nios2-elf/lib\libc.a(lib_a-strlen.o)
 .bss           0x0081bcb4        0x0 f:/windowsstuff/12.0/nios2eds/bin/gnu/h-i686-mingw32/bin/../lib/gcc/nios2-elf/4.1.2/../../../../nios2-elf/lib\libc.a(lib_a-vfprintf.o)
 .bss           0x0081bcb4        0x0 f:/windowsstuff/12.0/nios2eds/bin/gnu/h-i686-mingw32/bin/../lib/gcc/nios2-elf/4.1.2/../../../../nios2-elf/lib\libc.a(lib_a-wsetup.o)
 .bss           0x0081bcb4        0x0 f:/windowsstuff/12.0/nios2eds/bin/gnu/h-i686-mingw32/bin/../lib/gcc/nios2-elf/4.1.2/../../../../nios2-elf/lib\libc.a(lib_a-dtoa.o)
 .bss           0x0081bcb4        0x0 f:/windowsstuff/12.0/nios2eds/bin/gnu/h-i686-mingw32/bin/../lib/gcc/nios2-elf/4.1.2/../../../../nios2-elf/lib\libc.a(lib_a-fflush.o)
 .bss           0x0081bcb4        0x0 f:/windowsstuff/12.0/nios2eds/bin/gnu/h-i686-mingw32/bin/../lib/gcc/nios2-elf/4.1.2/../../../../nios2-elf/lib\libc.a(lib_a-findfp.o)
 .bss           0x0081bcb4        0x0 f:/windowsstuff/12.0/nios2eds/bin/gnu/h-i686-mingw32/bin/../lib/gcc/nios2-elf/4.1.2/../../../../nios2-elf/lib\libc.a(lib_a-freer.o)
 .bss           0x0081bcb4        0x0 f:/windowsstuff/12.0/nios2eds/bin/gnu/h-i686-mingw32/bin/../lib/gcc/nios2-elf/4.1.2/../../../../nios2-elf/lib\libc.a(lib_a-fvwrite.o)
 .bss           0x0081bcb4        0x0 f:/windowsstuff/12.0/nios2eds/bin/gnu/h-i686-mingw32/bin/../lib/gcc/nios2-elf/4.1.2/../../../../nios2-elf/lib\libc.a(lib_a-fwalk.o)
 .bss           0x0081bcb4        0x0 f:/windowsstuff/12.0/nios2eds/bin/gnu/h-i686-mingw32/bin/../lib/gcc/nios2-elf/4.1.2/../../../../nios2-elf/lib\libc.a(lib_a-impure.o)
 .bss           0x0081bcb4        0x0 f:/windowsstuff/12.0/nios2eds/bin/gnu/h-i686-mingw32/bin/../lib/gcc/nios2-elf/4.1.2/../../../../nios2-elf/lib\libc.a(lib_a-locale.o)
 .bss           0x0081bcb4        0x0 f:/windowsstuff/12.0/nios2eds/bin/gnu/h-i686-mingw32/bin/../lib/gcc/nios2-elf/4.1.2/../../../../nios2-elf/lib\libc.a(lib_a-makebuf.o)
 .bss           0x0081bcb4       0x28 f:/windowsstuff/12.0/nios2eds/bin/gnu/h-i686-mingw32/bin/../lib/gcc/nios2-elf/4.1.2/../../../../nios2-elf/lib\libc.a(lib_a-mallocr.o)
                0x0081bcb4                __malloc_current_mallinfo
 .bss           0x0081bcdc        0x0 f:/windowsstuff/12.0/nios2eds/bin/gnu/h-i686-mingw32/bin/../lib/gcc/nios2-elf/4.1.2/../../../../nios2-elf/lib\libc.a(lib_a-memchr.o)
 .bss           0x0081bcdc        0x0 f:/windowsstuff/12.0/nios2eds/bin/gnu/h-i686-mingw32/bin/../lib/gcc/nios2-elf/4.1.2/../../../../nios2-elf/lib\libc.a(lib_a-memcpy.o)
 .bss           0x0081bcdc        0x0 f:/windowsstuff/12.0/nios2eds/bin/gnu/h-i686-mingw32/bin/../lib/gcc/nios2-elf/4.1.2/../../../../nios2-elf/lib\libc.a(lib_a-memmove.o)
 .bss           0x0081bcdc        0x0 f:/windowsstuff/12.0/nios2eds/bin/gnu/h-i686-mingw32/bin/../lib/gcc/nios2-elf/4.1.2/../../../../nios2-elf/lib\libc.a(lib_a-memset.o)
 .bss           0x0081bcdc        0x0 f:/windowsstuff/12.0/nios2eds/bin/gnu/h-i686-mingw32/bin/../lib/gcc/nios2-elf/4.1.2/../../../../nios2-elf/lib\libc.a(lib_a-mprec.o)
 .bss           0x0081bcdc        0x0 f:/windowsstuff/12.0/nios2eds/bin/gnu/h-i686-mingw32/bin/../lib/gcc/nios2-elf/4.1.2/../../../../nios2-elf/lib\libc.a(lib_a-reallocr.o)
 .bss           0x0081bcdc        0x0 f:/windowsstuff/12.0/nios2eds/bin/gnu/h-i686-mingw32/bin/../lib/gcc/nios2-elf/4.1.2/../../../../nios2-elf/lib\libc.a(lib_a-s_isinfd.o)
 .bss           0x0081bcdc        0x0 f:/windowsstuff/12.0/nios2eds/bin/gnu/h-i686-mingw32/bin/../lib/gcc/nios2-elf/4.1.2/../../../../nios2-elf/lib\libc.a(lib_a-s_isnand.o)
 .bss           0x0081bcdc        0x0 f:/windowsstuff/12.0/nios2eds/bin/gnu/h-i686-mingw32/bin/../lib/gcc/nios2-elf/4.1.2/../../../../nios2-elf/lib\libc.a(lib_a-sbrkr.o)
 .bss           0x0081bcdc        0x0 f:/windowsstuff/12.0/nios2eds/bin/gnu/h-i686-mingw32/bin/../lib/gcc/nios2-elf/4.1.2/../../../../nios2-elf/lib\libc.a(lib_a-stdio.o)
 .bss           0x0081bcdc        0x0 f:/windowsstuff/12.0/nios2eds/bin/gnu/h-i686-mingw32/bin/../lib/gcc/nios2-elf/4.1.2/../../../../nios2-elf/lib\libc.a(lib_a-strcmp.o)
 .bss           0x0081bcdc        0x0 f:/windowsstuff/12.0/nios2eds/bin/gnu/h-i686-mingw32/bin/../lib/gcc/nios2-elf/4.1.2/../../../../nios2-elf/lib\libc.a(lib_a-writer.o)
 .bss           0x0081bcdc        0x0 f:/windowsstuff/12.0/nios2eds/bin/gnu/h-i686-mingw32/bin/../lib/gcc/nios2-elf/4.1.2/../../../../nios2-elf/lib\libc.a(lib_a-callocr.o)
 .bss           0x0081bcdc        0x0 f:/windowsstuff/12.0/nios2eds/bin/gnu/h-i686-mingw32/bin/../lib/gcc/nios2-elf/4.1.2/../../../../nios2-elf/lib\libc.a(lib_a-closer.o)
 .bss           0x0081bcdc        0x0 f:/windowsstuff/12.0/nios2eds/bin/gnu/h-i686-mingw32/bin/../lib/gcc/nios2-elf/4.1.2/../../../../nios2-elf/lib\libc.a(lib_a-fclose.o)
 .bss           0x0081bcdc        0x0 f:/windowsstuff/12.0/nios2eds/bin/gnu/h-i686-mingw32/bin/../lib/gcc/nios2-elf/4.1.2/../../../../nios2-elf/lib\libc.a(lib_a-fstatr.o)
 .bss           0x0081bcdc        0x0 f:/windowsstuff/12.0/nios2eds/bin/gnu/h-i686-mingw32/bin/../lib/gcc/nios2-elf/4.1.2/../../../../nios2-elf/lib\libc.a(lib_a-int_errno.o)
 .bss           0x0081bcdc        0x0 f:/windowsstuff/12.0/nios2eds/bin/gnu/h-i686-mingw32/bin/../lib/gcc/nios2-elf/4.1.2/../../../../nios2-elf/lib\libc.a(lib_a-isattyr.o)
 .bss           0x0081bcdc        0x0 f:/windowsstuff/12.0/nios2eds/bin/gnu/h-i686-mingw32/bin/../lib/gcc/nios2-elf/4.1.2/../../../../nios2-elf/lib\libc.a(lib_a-lseekr.o)
 .bss           0x0081bcdc        0x0 f:/windowsstuff/12.0/nios2eds/bin/gnu/h-i686-mingw32/bin/../lib/gcc/nios2-elf/4.1.2/../../../../nios2-elf/lib\libc.a(lib_a-readr.o)
 .bss           0x0081bcdc        0x0 f:/windowsstuff/12.0/nios2eds/bin/gnu/h-i686-mingw32/bin/../lib/gcc/nios2-elf/4.1.2\libgcc.a(_udivdi3.o)
 .bss           0x0081bcdc        0x0 f:/windowsstuff/12.0/nios2eds/bin/gnu/h-i686-mingw32/bin/../lib/gcc/nios2-elf/4.1.2\libgcc.a(_umoddi3.o)
 .bss           0x0081bcdc        0x0 f:/windowsstuff/12.0/nios2eds/bin/gnu/h-i686-mingw32/bin/../lib/gcc/nios2-elf/4.1.2\libgcc.a(_ne_df.o)
 .bss           0x0081bcdc        0x0 f:/windowsstuff/12.0/nios2eds/bin/gnu/h-i686-mingw32/bin/../lib/gcc/nios2-elf/4.1.2\libgcc.a(_lt_df.o)
 .bss           0x0081bcdc        0x0 f:/windowsstuff/12.0/nios2eds/bin/gnu/h-i686-mingw32/bin/../lib/gcc/nios2-elf/4.1.2\libgcc.a(_usi_to_df.o)
 .bss           0x0081bcdc        0x0 C:\Users\jorde_000\Documents\GitHub\LaserSharknado\LaserSharknado_bsp\libhal_bsp.a(alt_close.o)
 .bss           0x0081bcdc        0x0 C:\Users\jorde_000\Documents\GitHub\LaserSharknado\LaserSharknado_bsp\libhal_bsp.a(alt_dev.o)
 .bss           0x0081bcdc        0x0 C:\Users\jorde_000\Documents\GitHub\LaserSharknado\LaserSharknado_bsp\libhal_bsp.a(alt_errno.o)
 .bss           0x0081bcdc        0x0 C:\Users\jorde_000\Documents\GitHub\LaserSharknado\LaserSharknado_bsp\libhal_bsp.a(alt_fstat.o)
 .bss           0x0081bcdc        0x0 C:\Users\jorde_000\Documents\GitHub\LaserSharknado\LaserSharknado_bsp\libhal_bsp.a(alt_isatty.o)
 .bss           0x0081bcdc        0x0 C:\Users\jorde_000\Documents\GitHub\LaserSharknado\LaserSharknado_bsp\libhal_bsp.a(alt_load.o)
 .bss           0x0081bcdc        0x0 C:\Users\jorde_000\Documents\GitHub\LaserSharknado\LaserSharknado_bsp\libhal_bsp.a(alt_lseek.o)
 .bss           0x0081bcdc        0x0 C:\Users\jorde_000\Documents\GitHub\LaserSharknado\LaserSharknado_bsp\libhal_bsp.a(alt_main.o)
 .bss           0x0081bcdc        0x0 C:\Users\jorde_000\Documents\GitHub\LaserSharknado\LaserSharknado_bsp\libhal_bsp.a(alt_malloc_lock.o)
 .bss           0x0081bcdc        0x0 C:\Users\jorde_000\Documents\GitHub\LaserSharknado\LaserSharknado_bsp\libhal_bsp.a(alt_read.o)
 .bss           0x0081bcdc        0x0 C:\Users\jorde_000\Documents\GitHub\LaserSharknado\LaserSharknado_bsp\libhal_bsp.a(alt_release_fd.o)
 .bss           0x0081bcdc        0x0 C:\Users\jorde_000\Documents\GitHub\LaserSharknado\LaserSharknado_bsp\libhal_bsp.a(alt_sbrk.o)
 .bss           0x0081bcdc        0x0 C:\Users\jorde_000\Documents\GitHub\LaserSharknado\LaserSharknado_bsp\libhal_bsp.a(alt_tick.o)
 .bss           0x0081bcdc        0x0 C:\Users\jorde_000\Documents\GitHub\LaserSharknado\LaserSharknado_bsp\libhal_bsp.a(alt_usleep.o)
 .bss           0x0081bcdc        0x0 C:\Users\jorde_000\Documents\GitHub\LaserSharknado\LaserSharknado_bsp\libhal_bsp.a(alt_write.o)
 .bss           0x0081bcdc        0x0 C:\Users\jorde_000\Documents\GitHub\LaserSharknado\LaserSharknado_bsp\libhal_bsp.a(alt_sys_init.o)
 .bss           0x0081bcdc        0x0 C:\Users\jorde_000\Documents\GitHub\LaserSharknado\LaserSharknado_bsp\libhal_bsp.a(altera_avalon_jtag_uart_fd.o)
 .bss           0x0081bcdc        0x0 C:\Users\jorde_000\Documents\GitHub\LaserSharknado\LaserSharknado_bsp\libhal_bsp.a(altera_avalon_jtag_uart_init.o)
 .bss           0x0081bcdc        0x0 C:\Users\jorde_000\Documents\GitHub\LaserSharknado\LaserSharknado_bsp\libhal_bsp.a(altera_avalon_jtag_uart_ioctl.o)
 .bss           0x0081bcdc        0x0 C:\Users\jorde_000\Documents\GitHub\LaserSharknado\LaserSharknado_bsp\libhal_bsp.a(altera_avalon_jtag_uart_read.o)
 .bss           0x0081bcdc        0x0 C:\Users\jorde_000\Documents\GitHub\LaserSharknado\LaserSharknado_bsp\libhal_bsp.a(altera_avalon_jtag_uart_write.o)
 .bss           0x0081bcdc        0x0 C:\Users\jorde_000\Documents\GitHub\LaserSharknado\LaserSharknado_bsp\libhal_bsp.a(altera_avalon_timer_sc.o)
 .bss           0x0081bcdc        0x0 C:\Users\jorde_000\Documents\GitHub\LaserSharknado\LaserSharknado_bsp\libhal_bsp.a(altera_avalon_timer_ts.o)
 .bss           0x0081bcdc        0x0 C:\Users\jorde_000\Documents\GitHub\LaserSharknado\LaserSharknado_bsp\libhal_bsp.a(altera_avalon_timer_vars.o)
 .bss           0x0081bcdc        0x0 C:\Users\jorde_000\Documents\GitHub\LaserSharknado\LaserSharknado_bsp\libhal_bsp.a(altera_up_avalon_audio.o)
 .bss           0x0081bcdc        0x0 C:\Users\jorde_000\Documents\GitHub\LaserSharknado\LaserSharknado_bsp\libhal_bsp.a(altera_up_avalon_audio_and_video_config.o)
 .bss           0x0081bcdc        0x0 C:\Users\jorde_000\Documents\GitHub\LaserSharknado\LaserSharknado_bsp\libhal_bsp.a(altera_up_avalon_character_lcd.o)
 .bss           0x0081bcdc        0x0 C:\Users\jorde_000\Documents\GitHub\LaserSharknado\LaserSharknado_bsp\libhal_bsp.a(altera_up_avalon_video_character_buffer_with_dma.o)
 .bss           0x0081bcdc        0x0 C:\Users\jorde_000\Documents\GitHub\LaserSharknado\LaserSharknado_bsp\libhal_bsp.a(altera_up_avalon_video_pixel_buffer_dma.o)
 .bss           0x0081bcdc        0x0 C:\Users\jorde_000\Documents\GitHub\LaserSharknado\LaserSharknado_bsp\libhal_bsp.a(altera_up_sd_card_avalon_interface.o)
 .bss           0x0081bcdc        0x0 C:\Users\jorde_000\Documents\GitHub\LaserSharknado\LaserSharknado_bsp\libhal_bsp.a(alt_alarm_start.o)