Archive member included because of file (symbol)

c:/altera/12.0sp2/nios2eds/bin/gnu/h-i686-mingw32/bin/../lib/gcc/nios2-elf/4.1.2/../../../../nios2-elf/lib\libm.a(lib_a-s_sin.o)
                              obj/default/audio.o (sin)
c:/altera/12.0sp2/nios2eds/bin/gnu/h-i686-mingw32/bin/../lib/gcc/nios2-elf/4.1.2/../../../../nios2-elf/lib\libm.a(lib_a-e_rem_pio2.o)
                              c:/altera/12.0sp2/nios2eds/bin/gnu/h-i686-mingw32/bin/../lib/gcc/nios2-elf/4.1.2/../../../../nios2-elf/lib\libm.a(lib_a-s_sin.o) (__ieee754_rem_pio2)
c:/altera/12.0sp2/nios2eds/bin/gnu/h-i686-mingw32/bin/../lib/gcc/nios2-elf/4.1.2/../../../../nios2-elf/lib\libm.a(lib_a-k_cos.o)
                              c:/altera/12.0sp2/nios2eds/bin/gnu/h-i686-mingw32/bin/../lib/gcc/nios2-elf/4.1.2/../../../../nios2-elf/lib\libm.a(lib_a-s_sin.o) (__kernel_cos)
c:/altera/12.0sp2/nios2eds/bin/gnu/h-i686-mingw32/bin/../lib/gcc/nios2-elf/4.1.2/../../../../nios2-elf/lib\libm.a(lib_a-k_rem_pio2.o)
                              c:/altera/12.0sp2/nios2eds/bin/gnu/h-i686-mingw32/bin/../lib/gcc/nios2-elf/4.1.2/../../../../nios2-elf/lib\libm.a(lib_a-e_rem_pio2.o) (__kernel_rem_pio2)
c:/altera/12.0sp2/nios2eds/bin/gnu/h-i686-mingw32/bin/../lib/gcc/nios2-elf/4.1.2/../../../../nios2-elf/lib\libm.a(lib_a-k_sin.o)
                              c:/altera/12.0sp2/nios2eds/bin/gnu/h-i686-mingw32/bin/../lib/gcc/nios2-elf/4.1.2/../../../../nios2-elf/lib\libm.a(lib_a-s_sin.o) (__kernel_sin)
c:/altera/12.0sp2/nios2eds/bin/gnu/h-i686-mingw32/bin/../lib/gcc/nios2-elf/4.1.2/../../../../nios2-elf/lib\libm.a(lib_a-s_fabs.o)
                              c:/altera/12.0sp2/nios2eds/bin/gnu/h-i686-mingw32/bin/../lib/gcc/nios2-elf/4.1.2/../../../../nios2-elf/lib\libm.a(lib_a-e_rem_pio2.o) (fabs)
c:/altera/12.0sp2/nios2eds/bin/gnu/h-i686-mingw32/bin/../lib/gcc/nios2-elf/4.1.2/../../../../nios2-elf/lib\libm.a(lib_a-s_floor.o)
                              c:/altera/12.0sp2/nios2eds/bin/gnu/h-i686-mingw32/bin/../lib/gcc/nios2-elf/4.1.2/../../../../nios2-elf/lib\libm.a(lib_a-k_rem_pio2.o) (floor)
c:/altera/12.0sp2/nios2eds/bin/gnu/h-i686-mingw32/bin/../lib/gcc/nios2-elf/4.1.2/../../../../nios2-elf/lib\libm.a(lib_a-s_scalbn.o)
                              c:/altera/12.0sp2/nios2eds/bin/gnu/h-i686-mingw32/bin/../lib/gcc/nios2-elf/4.1.2/../../../../nios2-elf/lib\libm.a(lib_a-k_rem_pio2.o) (scalbn)
c:/altera/12.0sp2/nios2eds/bin/gnu/h-i686-mingw32/bin/../lib/gcc/nios2-elf/4.1.2/../../../../nios2-elf/lib\libm.a(lib_a-s_copysign.o)
                              c:/altera/12.0sp2/nios2eds/bin/gnu/h-i686-mingw32/bin/../lib/gcc/nios2-elf/4.1.2/../../../../nios2-elf/lib\libm.a(lib_a-s_scalbn.o) (copysign)
c:/altera/12.0sp2/nios2eds/bin/gnu/h-i686-mingw32/bin/../lib/gcc/nios2-elf/4.1.2\libgcc.a(_fixunsdfsi.o)
                              obj/default/audio.o (__fixunsdfsi)
c:/altera/12.0sp2/nios2eds/bin/gnu/h-i686-mingw32/bin/../lib/gcc/nios2-elf/4.1.2\libgcc.a(_div_sf.o)
                              obj/default/timer.o (__divsf3)
c:/altera/12.0sp2/nios2eds/bin/gnu/h-i686-mingw32/bin/../lib/gcc/nios2-elf/4.1.2\libgcc.a(_si_to_sf.o)
                              obj/default/audio.o (__floatsisf)
c:/altera/12.0sp2/nios2eds/bin/gnu/h-i686-mingw32/bin/../lib/gcc/nios2-elf/4.1.2\libgcc.a(_sf_to_df.o)
                              obj/default/audio.o (__extendsfdf2)
c:/altera/12.0sp2/nios2eds/bin/gnu/h-i686-mingw32/bin/../lib/gcc/nios2-elf/4.1.2\libgcc.a(_thenan_sf.o)
                              c:/altera/12.0sp2/nios2eds/bin/gnu/h-i686-mingw32/bin/../lib/gcc/nios2-elf/4.1.2\libgcc.a(_div_sf.o) (__thenan_sf)
c:/altera/12.0sp2/nios2eds/bin/gnu/h-i686-mingw32/bin/../lib/gcc/nios2-elf/4.1.2\libgcc.a(_addsub_df.o)
                              c:/altera/12.0sp2/nios2eds/bin/gnu/h-i686-mingw32/bin/../lib/gcc/nios2-elf/4.1.2/../../../../nios2-elf/lib\libm.a(lib_a-s_sin.o) (__subdf3)
c:/altera/12.0sp2/nios2eds/bin/gnu/h-i686-mingw32/bin/../lib/gcc/nios2-elf/4.1.2\libgcc.a(_mul_df.o)
                              obj/default/audio.o (__muldf3)
c:/altera/12.0sp2/nios2eds/bin/gnu/h-i686-mingw32/bin/../lib/gcc/nios2-elf/4.1.2\libgcc.a(_div_df.o)
                              obj/default/audio.o (__divdf3)
c:/altera/12.0sp2/nios2eds/bin/gnu/h-i686-mingw32/bin/../lib/gcc/nios2-elf/4.1.2\libgcc.a(_eq_df.o)
                              c:/altera/12.0sp2/nios2eds/bin/gnu/h-i686-mingw32/bin/../lib/gcc/nios2-elf/4.1.2/../../../../nios2-elf/lib\libm.a(lib_a-e_rem_pio2.o) (__eqdf2)
c:/altera/12.0sp2/nios2eds/bin/gnu/h-i686-mingw32/bin/../lib/gcc/nios2-elf/4.1.2\libgcc.a(_gt_df.o)
                              c:/altera/12.0sp2/nios2eds/bin/gnu/h-i686-mingw32/bin/../lib/gcc/nios2-elf/4.1.2/../../../../nios2-elf/lib\libm.a(lib_a-s_floor.o) (__gtdf2)
c:/altera/12.0sp2/nios2eds/bin/gnu/h-i686-mingw32/bin/../lib/gcc/nios2-elf/4.1.2\libgcc.a(_ge_df.o)
[...]
Memory Configuration

Name             Origin             Length             Attributes
reset            0x00800000         0x00000020
sdram_0          0x00800020         0x007fffe0
*default*        0x00000000         0xffffffff

Linker script and memory map

LOAD ../LaserSharknado_bsp/obj/HAL/src/crt0.o
LOAD obj/default/audio.o
LOAD obj/default/audio_up_hack.o
LOAD obj/default/hello_world.o
LOAD obj/default/player.o
LOAD obj/default/sd_card.o
LOAD obj/default/timer.o
LOAD obj/default/vga.o
LOAD c:/altera/12.0sp2/nios2eds/bin/gnu/h-i686-mingw32/bin/../lib/gcc/nios2-elf/4.1.2/../../../../nios2-elf/lib\libstdc++.a
LOAD c:/altera/12.0sp2/nios2eds/bin/gnu/h-i686-mingw32/bin/../lib/gcc/nios2-elf/4.1.2/../../../../nios2-elf/lib\libm.a
LOAD c:/altera/12.0sp2/nios2eds/bin/gnu/h-i686-mingw32/bin/../lib/gcc/nios2-elf/4.1.2\libgcc.a
START GROUP
LOAD c:/altera/12.0sp2/nios2eds/bin/gnu/h-i686-mingw32/bin/../lib/gcc/nios2-elf/4.1.2/../../../../nios2-elf/lib\libc.a
LOAD c:/altera/12.0sp2/nios2eds/bin/gnu/h-i686-mingw32/bin/../lib/gcc/nios2-elf/4.1.2\libgcc.a
LOAD ../LaserSharknado_bsp\libhal_bsp.a
END GROUP
LOAD c:/altera/12.0sp2/nios2eds/bin/gnu/h-i686-mingw32/bin/../lib/gcc/nios2-elf/4.1.2\libgcc.a
                0x00800000                __alt_mem_sdram_0 = 0x800000

.entry          0x00800000       0x20
 *(.entry)
 .entry         0x00800000       0x20 ../LaserSharknado_bsp/obj/HAL/src/crt0.o
                0x00800000                __reset

.exceptions     0x00800020      0x198
                0x00800020                PROVIDE (__ram_exceptions_start, ABSOLUTE (.))
                0x00800020                . = ALIGN (0x20)
 *(.irq)
 *(.exceptions.entry.label)
 .exceptions.entry.label
                0x00800020        0x0 ../LaserSharknado_bsp\libhal_bsp.a(alt_irq_entry.o)
                0x00800020                alt_irq_entry
 .exceptions.entry.label
                0x00800020        0x0 ../LaserSharknado_bsp\libhal_bsp.a(alt_exception_entry.o)
                0x00800020                alt_exception
 *(.exceptions.entry.user)
 *(.exceptions.entry)
 .exceptions.entry
                0x00800020       0x54 ../LaserSharknado_bsp\libhal_bsp.a(alt_exception_entry.o)
 *(.exceptions.irqtest.user)
 *(.exceptions.irqtest)
 .exceptions.irqtest
                0x00800074       0x10 ../LaserSharknado_bsp\libhal_bsp.a(alt_irq_entry.o)
 *(.exceptions.irqhandler.user)
 *(.exceptions.irqhandler)
 .exceptions.irqhandler
                0x00800084        0x4 ../LaserSharknado_bsp\libhal_bsp.a(alt_irq_entry.o)
 *(.exceptions.irqreturn.user)
 *(.exceptions.irqreturn)
 .exceptions.irqreturn
                0x00800088        0x4 ../LaserSharknado_bsp\libhal_bsp.a(alt_irq_entry.o)
 *(.exceptions.notirq.label)
 .exceptions.notirq.label
                0x0080008c        0x0 ../LaserSharknado_bsp\libhal_bsp.a(alt_irq_entry.o)
 *(.exceptions.notirq.user)
 *(.exceptions.notirq)
 .exceptions.notirq
                0x0080008c        0x8 ../LaserSharknado_bsp\libhal_bsp.a(alt_exception_entry.o)
 *(.exceptions.soft.user)
 *(.exceptions.soft)
 *(.exceptions.unknown.user)
 *(.exceptions.unknown)
 .exceptions.unknown
                0x00800094        0x4 ../LaserSharknado_bsp\libhal_bsp.a(alt_exception_entry.o)
 *(.exceptions.exit.label)
 .exceptions.exit.label
                0x00800098        0x0 ../LaserSharknado_bsp\libhal_bsp.a(alt_irq_entry.o)
 .exceptions.exit.label
                0x00800098        0x0 ../LaserSharknado_bsp\libhal_bsp.a(alt_exception_entry.o)
 *(.exceptions.exit.user)
 *(.exceptions.exit)
 .exceptions.exit
                0x00800098       0x54 ../LaserSharknado_bsp\libhal_bsp.a(alt_exception_entry.o)
 *(.exceptions)
 .exceptions    0x008000ec       0xcc ../LaserSharknado_bsp\libhal_bsp.a(alt_irq_handler.o)
                0x008000ec                alt_irq_handler
                0x008001b8                PROVIDE (__ram_exceptions_end, ABSOLUTE (.))
                0x00800020                PROVIDE (__flash_exceptions_start, LOADADDR (.exceptions))

.text           0x008001b8    0x17548
                0x008001b8                PROVIDE (stext, ABSOLUTE (.))
 *(.interp)
 *(.hash)
 *(.dynsym)
 *(.dynstr)
 *(.gnu.version)
 *(.gnu.version_d)
 *(.gnu.version_r)
 *(.rel.init)
 *(.rela.init)
 *(.rel.text .rel.text.* .rel.gnu.linkonce.t.*)
 *(.rela.text .rela.text.* .rela.gnu.linkonce.t.*)
 *(.rel.fini)
 *(.rela.fini)
 *(.rel.rodata .rel.rodata.* .rel.gnu.linkonce.r.*)
 *(.rela.rodata .rela.rodata.* .rela.gnu.linkonce.r.*)
 *(.rel.data .rel.data.* .rel.gnu.linkonce.d.*)
 *(.rela.data .rela.data.* .rela.gnu.linkonce.d.*)
 *(.rel.tdata .rel.tdata.* .rel.gnu.linkonce.td.*)
 *(.rela.tdata .rela.tdata.* .rela.gnu.linkonce.td.*)
 *(.rel.tbss .rel.tbss.* .rel.gnu.linkonce.tb.*)
 *(.rela.tbss .rela.tbss.* .rela.gnu.linkonce.tb.*)
 *(.rel.ctors)
 *(.rela.ctors)
 *(.rel.dtors)
 *(.rela.dtors)
 *(.rel.got)
 *(.rela.got)
 *(.rel.sdata .rel.sdata.* .rel.gnu.linkonce.s.*)
 *(.rela.sdata .rela.sdata.* .rela.gnu.linkonce.s.*)
 *(.rel.sbss .rel.sbss.* .rel.gnu.linkonce.sb.*)
 *(.rela.sbss .rela.sbss.* .rela.gnu.linkonce.sb.*)
 *(.rel.sdata2 .rel.sdata2.* .rel.gnu.linkonce.s2.*)
 *(.rela.sdata2 .rela.sdata2.* .rela.gnu.linkonce.s2.*)
 *(.rel.sbss2 .rel.sbss2.* .rel.gnu.linkonce.sb2.*)
 *(.rela.sbss2 .rela.sbss2.* .rela.gnu.linkonce.sb2.*)
 *(.rel.bss .rel.bss.* .rel.gnu.linkonce.b.*)
 *(.rela.bss .rela.bss.* .rela.gnu.linkonce.b.*)
 *(.rel.plt)
 *(.rela.plt)
 *(.rel.dyn)
 *(.init)
 *(.plt)
 *(.text .stub .text.* .gnu.linkonce.t.*)
 .text          0x008001b8       0x4c ../LaserSharknado_bsp/obj/HAL/src/crt0.o
                0x008001b8                _start
 .text          0x00800204      0x6ec obj/default/audio.o
                0x00800204                setupAudio
                0x008003cc                playAudio
                0x0080045c                audioTest
                0x008005fc                testTone
                0x008006d0                playLaser1
                0x008007e4                readWavFile
 .text          0x008008f0        0x0 obj/default/audio_up_hack.o
 .text          0x008008f0       0xe0 obj/default/hello_world.o
                0x008008f0                main
 .text          0x008009d0        0x0 obj/default/player.o
 .text          0x008009d0      0x370 obj/default/sd_card.o
                0x008009d0                openSdCard
                0x00800a30                openFile
                0x00800a70                closeFile
                0x00800aa0                readByte
                0x00800ad4                readWord
                0x00800b64                readDWord
                0x00800c38                getWavFileLength
                0x00800cf0                readPastWavHeader
 .text          0x00800d40      0x360 obj/default/timer.o
                0x00800d40                timer_test
                0x00800fd0                setHardwareTimerPeriod
                0x00801018                isHardwareTimerRunning
                0x0080104c                hasHardwareTimerExpired
                0x00801074                startHardwareTimer
 .text          0x008010a0      0x224 obj/default/vga.o
                0x008010a0                setUp
                0x008010fc                clearScreen
                0x0080114c                drawLine
                0x00801214                printLine
                0x00801268                drawBox
 .text          0x008012c4      0x16c c:/altera/12.0sp2/nios2eds/bin/gnu/h-i686-mingw32/bin/../lib/gcc/nios2-elf/4.1.2/../../../../nios2-elf/lib\libm.a(lib_a-s_sin.o)
                0x008012c4                sin
 .text          0x00801430      0x828 c:/altera/12.0sp2/nios2eds/bin/gnu/h-i686-mingw32/bin/../lib/gcc/nios2-elf/4.1.2/../../../../nios2-elf/lib\libm.a(lib_a-e_rem_pio2.o)
                0x00801430                __ieee754_rem_pio2
 .text          0x00801c58      0x52c c:/altera/12.0sp2/nios2eds/bin/gnu/h-i686-mingw32/bin/../lib/gcc/nios2-elf/4.1.2/../../../../nios2-elf/lib\libm.a(lib_a-k_cos.o)
                0x00801c58                __kernel_cos
 .text          0x00802184      0xe7c c:/altera/12.0sp2/nios2eds/bin/gnu/h-i686-mingw32/bin/../lib/gcc/nios2-elf/4.1.2/../../../../nios2-elf/lib\libm.a(lib_a-k_rem_pio2.o)
                0x00802184                __kernel_rem_pio2
 .text          0x00803000      0x318 c:/altera/12.0sp2/nios2eds/bin/gnu/h-i686-mingw32/bin/../lib/gcc/nios2-elf/4.1.2/../../../../nios2-elf/lib\libm.a(lib_a-k_sin.o)
                0x00803000                __kernel_sin
 .text          0x00803318       0x18 c:/altera/12.0sp2/nios2eds/bin/gnu/h-i686-mingw32/bin/../lib/gcc/nios2-elf/4.1.2/../../../../nios2-elf/lib\libm.a(lib_a-s_fabs.o)
                0x00803318                fabs
 .text          0x00803330      0x224 c:/altera/12.0sp2/nios2eds/bin/gnu/h-i686-mingw32/bin/../lib/gcc/nios2-elf/4.1.2/../../../../nios2-elf/lib\libm.a(lib_a-s_floor.o)
                0x00803330                floor
 .text          0x00803554      0x1e0 c:/altera/12.0sp2/nios2eds/bin/gnu/h-i686-mingw32/bin/../lib/gcc/nios2-elf/4.1.2/../../../../nios2-elf/lib\libm.a(lib_a-s_scalbn.o)
                0x00803554                scalbn
 .text          0x00803734       0x24 c:/altera/12.0sp2/nios2eds/bin/gnu/h-i686-mingw32/bin/../lib/gcc/nios2-elf/4.1.2/../../../../nios2-elf/lib\libm.a(lib_a-s_copysign.o)
                0x00803734                copysign
 .text          0x00803758       0xa4 c:/altera/12.0sp2/nios2eds/bin/gnu/h-i686-mingw32/bin/../lib/gcc/nios2-elf/4.1.2\libgcc.a(_fixunsdfsi.o)
                0x00803758                __fixunsdfsi
 .text          0x008037fc      0x174 c:/altera/12.0sp2/nios2eds/bin/gnu/h-i686-mingw32/bin/../lib/gcc/nios2-elf/4.1.2\libgcc.a(_div_sf.o)
                0x008037fc                __divsf3
 .text          0x00803970       0x98 c:/altera/12.0sp2/nios2eds/bin/gnu/h-i686-mingw32/bin/../lib/gcc/nios2-elf/4.1.2\libgcc.a(_si_to_sf.o)
                0x00803970                __floatsisf
 .text          0x00803a08       0x54 c:/altera/12.0sp2/nios2eds/bin/gnu/h-i686-mingw32/bin/../lib/gcc/nios2-elf/4.1.2\libgcc.a(_sf_to_df.o)
                0x00803a08                __extendsfdf2
 .text          0x00803a5c        0x0 c:/altera/12.0sp2/nios2eds/bin/gnu/h-i686-mingw32/bin/../lib/gcc/nios2-elf/4.1.2\libgcc.a(_thenan_sf.o)
 .text          0x00803a5c      0x504 c:/altera/12.0sp2/nios2eds/bin/gnu/h-i686-mingw32/bin/../lib/gcc/nios2-elf/4.1.2\libgcc.a(_addsub_df.o)
                0x00803e6c                __subdf3
                0x00803eec                __adddf3
 .text          0x00803f60      0x3c4 c:/altera/12.0sp2/nios2eds/bin/gnu/h-i686-mingw32/bin/../lib/gcc/nios2-elf/4.1.2\libgcc.a(_mul_df.o)
                0x00803f60                __muldf3
 .text          0x00804324      0x258 c:/altera/12.0sp2/nios2eds/bin/gnu/h-i686-mingw32/bin/../lib/gcc/nios2-elf/4.1.2\libgcc.a(_div_df.o)
                0x00804324                __divdf3
 .text          0x0080457c       0x88 c:/altera/12.0sp2/nios2eds/bin/gnu/h-i686-mingw32/bin/../lib/gcc/nios2-elf/4.1.2\libgcc.a(_eq_df.o)
                0x0080457c                __eqdf2
 .text          0x00804604       0x88 c:/altera/12.0sp2/nios2eds/bin/gnu/h-i686-mingw32/bin/../lib/gcc/nios2-elf/4.1.2\libgcc.a(_gt_df.o)
                0x00804604                __gtdf2
 .text          0x0080468c       0x88 c:/altera/12.0sp2/nios2eds/bin/gnu/h-i686-mingw32/bin/../lib/gcc/nios2-elf/4.1.2\libgcc.a(_ge_df.o)
                0x0080468c                __gedf2
 .text          0x00804714       0xf8 c:/altera/12.0sp2/nios2eds/bin/gnu/h-i686-mingw32/bin/../lib/gcc/nios2-elf/4.1.2\libgcc.a(_si_to_df.o)
                0x00804714                __floatsidf
 .text          0x0080480c       0xd8 c:/altera/12.0sp2/nios2eds/bin/gnu/h-i686-mingw32/bin/../lib/gcc/nios2-elf/4.1.2\libgcc.a(_df_to_si.o)
                0x0080480c                __fixdfsi
 .text          0x008048e4       0x38 c:/altera/12.0sp2/nios2eds/bin/gnu/h-i686-mingw32/bin/../lib/gcc/nios2-elf/4.1.2\libgcc.a(_make_df.o)
                0x008048e4                __make_dp
 .text          0x0080491c        0x0 c:/altera/12.0sp2/nios2eds/bin/gnu/h-i686-mingw32/bin/../lib/gcc/nios2-elf/4.1.2\libgcc.a(_thenan_df.o)
 .text          0x0080491c      0x14c c:/altera/12.0sp2/nios2eds/bin/gnu/h-i686-mingw32/bin/../lib/gcc/nios2-elf/4.1.2\libgcc.a(lib2-divmod.o)
                0x00804998                __divsi3
                0x008049f8                __modsi3
                0x00804a58                __udivsi3
                0x00804a60                __umodsi3
 .text          0x00804a68       0x98 c:/altera/12.0sp2/nios2eds/bin/gnu/h-i686-mingw32/bin/../lib/gcc/nios2-elf/4.1.2\libgcc.a(_muldi3.o)
                0x00804a68                __muldi3
 .text          0x00804b00       0x80 c:/altera/12.0sp2/nios2eds/bin/gnu/h-i686-mingw32/bin/../lib/gcc/nios2-elf/4.1.2\libgcc.a(_clzsi2.o)
                0x00804b00                __clzsi2
 .text          0x00804b80      0x160 c:/altera/12.0sp2/nios2eds/bin/gnu/h-i686-mingw32/bin/../lib/gcc/nios2-elf/4.1.2\libgcc.a(_pack_sf.o)
                0x00804b80                __pack_f
 .text          0x00804ce0       0xc8 c:/altera/12.0sp2/nios2eds/bin/gnu/h-i686-mingw32/bin/../lib/gcc/nios2-elf/4.1.2\libgcc.a(_unpack_sf.o)
                0x00804ce0                __unpack_f
 .text          0x00804da8      0x314 c:/altera/12.0sp2/nios2eds/bin/gnu/h-i686-mingw32/bin/../lib/gcc/nios2-elf/4.1.2\libgcc.a(_pack_df.o)
                0x00804da8                __pack_d
 .text          0x008050bc      0x138 c:/altera/12.0sp2/nios2eds/bin/gnu/h-i686-mingw32/bin/../lib/gcc/nios2-elf/4.1.2\libgcc.a(_unpack_df.o)
                0x008050bc                __unpack_d
 .text          0x008051f4       0xc8 c:/altera/12.0sp2/nios2eds/bin/gnu/h-i686-mingw32/bin/../lib/gcc/nios2-elf/4.1.2\libgcc.a(_fpcmp_parts_df.o)
                0x008051f4                __fpcmp_parts_d
 .text          0x008052bc        0x0 c:/altera/12.0sp2/nios2eds/bin/gnu/h-i686-mingw32/bin/../lib/gcc/nios2-elf/4.1.2\libgcc.a(_clz.o)
 .text          0x008052bc       0x28 c:/altera/12.0sp2/nios2eds/bin/gnu/h-i686-mingw32/bin/../lib/gcc/nios2-elf/4.1.2/../../../../nios2-elf/lib\libc.a(lib_a-malloc.o)
                0x008052bc                free
                0x008052d0                malloc
 .text          0x008052e4      0x740 c:/altera/12.0sp2/nios2eds/bin/gnu/h-i686-mingw32/bin/../lib/gcc/nios2-elf/4.1.2/../../../../nios2-elf/lib\libc.a(lib_a-mallocr.o)
                0x008052e4                _malloc_r
 .text          0x00805a24       0x78 c:/altera/12.0sp2/nios2eds/bin/gnu/h-i686-mingw32/bin/../lib/gcc/nios2-elf/4.1.2/../../../../nios2-elf/lib\libc.a(lib_a-printf.o)
                0x00805a24                printf
                0x00805a68                _printf_r
 .text          0x00805a9c       0xb4 c:/altera/12.0sp2/nios2eds/bin/gnu/h-i686-mingw32/bin/../lib/gcc/nios2-elf/4.1.2/../../../../nios2-elf/lib\libc.a(lib_a-puts.o)
                0x00805a9c                _puts_r
                0x00805b3c                puts
 .text          0x00805b50       0x70 c:/altera/12.0sp2/nios2eds/bin/gnu/h-i686-mingw32/bin/../lib/gcc/nios2-elf/4.1.2/../../../../nios2-elf/lib\libc.a(lib_a-sbrkr.o)
                0x00805b50                _sbrk_r
 .text          0x00805bc0       0x74 c:/altera/12.0sp2/nios2eds/bin/gnu/h-i686-mingw32/bin/../lib/gcc/nios2-elf/4.1.2/../../../../nios2-elf/lib\libc.a(lib_a-strlen.o)
                0x00805bc0                strlen
 .text          0x00805c34     0x1f28 c:/altera/12.0sp2/nios2eds/bin/gnu/h-i686-mingw32/bin/../lib/gcc/nios2-elf/4.1.2/../../../../nios2-elf/lib\libc.a(lib_a-vfprintf.o)
                0x00805c8c                ___vfprintf_internal_r
                0x00807b38                __vfprintf_internal
 .text          0x00807b5c      0x13c c:/altera/12.0sp2/nios2eds/bin/gnu/h-i686-mingw32/bin/../lib/gcc/nios2-elf/4.1.2/../../../../nios2-elf/lib\libc.a(lib_a-wsetup.o)
                0x00807b5c                __swsetup_r
 .text          0x00807c98     0x17cc c:/altera/12.0sp2/nios2eds/bin/gnu/h-i686-mingw32/bin/../lib/gcc/nios2-elf/4.1.2/../../../../nios2-elf/lib\libc.a(lib_a-dtoa.o)
                0x00807eb0                _dtoa_r
 .text          0x00809464      0x230 c:/altera/12.0sp2/nios2eds/bin/gnu/h-i686-mingw32/bin/../lib/gcc/nios2-elf/4.1.2/../../../../nios2-elf/lib\libc.a(lib_a-fflush.o)
                0x00809464                _fflush_r
                0x00809660                fflush
 .text          0x00809694      0x2c0 c:/altera/12.0sp2/nios2eds/bin/gnu/h-i686-mingw32/bin/../lib/gcc/nios2-elf/4.1.2/../../../../nios2-elf/lib\libc.a(lib_a-findfp.o)
                0x008096ec                __sfp_lock_acquire
                0x008096f0                __sfp_lock_release
                0x008096f4                __sinit_lock_acquire
                0x008096f8                __sinit_lock_release
                0x008096fc                __sinit
                0x008097b0                __fp_unlock_all
                0x008097c8                __fp_lock_all
                0x008097e0                _cleanup_r
                0x008097ec                _cleanup
                0x008097fc                __sfmoreglue
                0x00809864                __sfp
 .text          0x00809954      0x440 c:/altera/12.0sp2/nios2eds/bin/gnu/h-i686-mingw32/bin/../lib/gcc/nios2-elf/4.1.2/../../../../nios2-elf/lib\libc.a(lib_a-freer.o)
                0x00809954                _malloc_trim_r
                0x00809a80                _free_r
 .text          0x00809d94      0x49c c:/altera/12.0sp2/nios2eds/bin/gnu/h-i686-mingw32/bin/../lib/gcc/nios2-elf/4.1.2/../../../../nios2-elf/lib\libc.a(lib_a-fvwrite.o)
                0x00809d94                __sfvwrite_r
 .text          0x0080a230      0x180 c:/altera/12.0sp2/nios2eds/bin/gnu/h-i686-mingw32/bin/../lib/gcc/nios2-elf/4.1.2/../../../../nios2-elf/lib\libc.a(lib_a-fwalk.o)
                0x0080a230                _fwalk_reent
                0x0080a2f8                _fwalk
 .text          0x0080a3b0        0x0 c:/altera/12.0sp2/nios2eds/bin/gnu/h-i686-mingw32/bin/../lib/gcc/nios2-elf/4.1.2/../../../../nios2-elf/lib\libc.a(lib_a-impure.o)
 .text          0x0080a3b0        0x0 c:/altera/12.0sp2/nios2eds/bin/gnu/h-i686-mingw32/bin/../lib/gcc/nios2-elf/4.1.2/../../../../nios2-elf/lib\libc.a(lib_a-int_errno.o)
 .text          0x0080a3b0       0xc4 c:/altera/12.0sp2/nios2eds/bin/gnu/h-i686-mingw32/bin/../lib/gcc/nios2-elf/4.1.2/../../../../nios2-elf/lib\libc.a(lib_a-locale.o)
                0x0080a3b0                __locale_charset
                0x0080a3b8                _localeconv_r
                0x0080a3c4                localeconv
                0x0080a3d4                _setlocale_r
                0x0080a458                setlocale
 .text          0x0080a474      0x194 c:/altera/12.0sp2/nios2eds/bin/gnu/h-i686-mingw32/bin/../lib/gcc/nios2-elf/4.1.2/../../../../nios2-elf/lib\libc.a(lib_a-makebuf.o)
                0x0080a474                __smakebuf_r
 .text          0x0080a608       0xe4 c:/altera/12.0sp2/nios2eds/bin/gnu/h-i686-mingw32/bin/../lib/gcc/nios2-elf/4.1.2/../../../../nios2-elf/lib\libc.a(lib_a-memchr.o)
                0x0080a608                memchr
 .text          0x0080a6ec       0xa0 c:/altera/12.0sp2/nios2eds/bin/gnu/h-i686-mingw32/bin/../lib/gcc/nios2-elf/4.1.2/../../../../nios2-elf/lib\libc.a(lib_a-memcpy.o)
                0x0080a6ec                memcpy
 .text          0x0080a78c       0xe0 c:/altera/12.0sp2/nios2eds/bin/gnu/h-i686-mingw32/bin/../lib/gcc/nios2-elf/4.1.2/../../../../nios2-elf/lib\libc.a(lib_a-memmove.o)
                0x0080a78c                memmove
 .text          0x0080a86c       0x98 c:/altera/12.0sp2/nios2eds/bin/gnu/h-i686-mingw32/bin/../lib/gcc/nios2-elf/4.1.2/../../../../nios2-elf/lib\libc.a(lib_a-memset.o)
                0x0080a86c                memset
 .text          0x0080a904      0xff4 c:/altera/12.0sp2/nios2eds/bin/gnu/h-i686-mingw32/bin/../lib/gcc/nios2-elf/4.1.2/../../../../nios2-elf/lib\libc.a(lib_a-mprec.o)
                0x0080a904                _Bfree
                0x0080a92c                __hi0bits
                0x0080a99c                __lo0bits
                0x0080aa60                __mcmp
                0x0080aac0                __ulp
                0x0080ab40                __b2d
                0x0080ac60                __ratio
                0x0080ad10                _mprec_log10
                0x0080ada4                __copybits
                0x0080adfc                __any_on
                0x0080ae84                _Balloc
                0x0080af40                __d2b
                0x0080b0bc                __mdiff
                0x0080b248                __lshift
                0x0080b394                __multiply
                0x0080b57c                __i2b
                0x0080b5b8                __multadd
                0x0080b6b8                __pow5mult
                0x0080b7d8                __s2b
 .text          0x0080b8f8      0x5f4 c:/altera/12.0sp2/nios2eds/bin/gnu/h-i686-mingw32/bin/../lib/gcc/nios2-elf/4.1.2/../../../../nios2-elf/lib\libc.a(lib_a-reallocr.o)
                0x0080b8f8                _realloc_r
 .text          0x0080beec       0x40 c:/altera/12.0sp2/nios2eds/bin/gnu/h-i686-mingw32/bin/../lib/gcc/nios2-elf/4.1.2/../../../../nios2-elf/lib\libc.a(lib_a-s_isinfd.o)
                0x0080beec                __isinfd
 .text          0x0080bf2c       0x30 c:/altera/12.0sp2/nios2eds/bin/gnu/h-i686-mingw32/bin/../lib/gcc/nios2-elf/4.1.2/../../../../nios2-elf/lib\libc.a(lib_a-s_isnand.o)
                0x0080bf2c                __isnand
 .text          0x0080bf5c      0x14c c:/altera/12.0sp2/nios2eds/bin/gnu/h-i686-mingw32/bin/../lib/gcc/nios2-elf/4.1.2/../../../../nios2-elf/lib\libc.a(lib_a-stdio.o)
                0x0080bf5c                __sclose
                0x0080bf64                __sseek
                0x0080bfcc                __swrite
                0x0080c048                __sread
 .text          0x0080c0a8       0xbc c:/altera/12.0sp2/nios2eds/bin/gnu/h-i686-mingw32/bin/../lib/gcc/nios2-elf/4.1.2/../../../../nios2-elf/lib\libc.a(lib_a-strcmp.o)
                0x0080c0a8                strcmp
 .text          0x0080c164       0x78 c:/altera/12.0sp2/nios2eds/bin/gnu/h-i686-mingw32/bin/../lib/gcc/nios2-elf/4.1.2/../../../../nios2-elf/lib\libc.a(lib_a-writer.o)
                0x0080c164                _write_r
 .text          0x0080c1dc       0xb4 c:/altera/12.0sp2/nios2eds/bin/gnu/h-i686-mingw32/bin/../lib/gcc/nios2-elf/4.1.2/../../../../nios2-elf/lib\libc.a(lib_a-callocr.o)
                0x0080c1dc                _calloc_r
 .text          0x0080c290       0x70 c:/altera/12.0sp2/nios2eds/bin/gnu/h-i686-mingw32/bin/../lib/gcc/nios2-elf/4.1.2/../../../../nios2-elf/lib\libc.a(lib_a-closer.o)
                0x0080c290                _close_r
 .text          0x0080c300      0x124 c:/altera/12.0sp2/nios2eds/bin/gnu/h-i686-mingw32/bin/../lib/gcc/nios2-elf/4.1.2/../../../../nios2-elf/lib\libc.a(lib_a-fclose.o)
                0x0080c300                _fclose_r
                0x0080c410                fclose
 .text          0x0080c424       0x74 c:/altera/12.0sp2/nios2eds/bin/gnu/h-i686-mingw32/bin/../lib/gcc/nios2-elf/4.1.2/../../../../nios2-elf/lib\libc.a(lib_a-fstatr.o)
                0x0080c424                _fstat_r
 .text          0x0080c498       0x70 c:/altera/12.0sp2/nios2eds/bin/gnu/h-i686-mingw32/bin/../lib/gcc/nios2-elf/4.1.2/../../../../nios2-elf/lib\libc.a(lib_a-isattyr.o)
                0x0080c498                _isatty_r
 .text          0x0080c508       0x78 c:/altera/12.0sp2/nios2eds/bin/gnu/h-i686-mingw32/bin/../lib/gcc/nios2-elf/4.1.2/../../../../nios2-elf/lib\libc.a(lib_a-lseekr.o)
                0x0080c508                _lseek_r
 .text          0x0080c580       0x78 c:/altera/12.0sp2/nios2eds/bin/gnu/h-i686-mingw32/bin/../lib/gcc/nios2-elf/4.1.2/../../../../nios2-elf/lib\libc.a(lib_a-readr.o)
                0x0080c580                _read_r
 .text          0x0080c5f8      0x5dc c:/altera/12.0sp2/nios2eds/bin/gnu/h-i686-mingw32/bin/../lib/gcc/nios2-elf/4.1.2\libgcc.a(_udivdi3.o)
                0x0080c5f8                __udivdi3
 .text          0x0080cbd4      0x5b0 c:/altera/12.0sp2/nios2eds/bin/gnu/h-i686-mingw32/bin/../lib/gcc/nios2-elf/4.1.2\libgcc.a(_umoddi3.o)
                0x0080cbd4                __umoddi3
 .text          0x0080d184       0x88 c:/altera/12.0sp2/nios2eds/bin/gnu/h-i686-mingw32/bin/../lib/gcc/nios2-elf/4.1.2\libgcc.a(_ne_df.o)
                0x0080d184                __nedf2
 .text          0x0080d20c       0x88 c:/altera/12.0sp2/nios2eds/bin/gnu/h-i686-mingw32/bin/../lib/gcc/nios2-elf/4.1.2\libgcc.a(_lt_df.o)
                0x0080d20c                __ltdf2
 .text          0x0080d294      0x194 c:/altera/12.0sp2/nios2eds/bin/gnu/h-i686-mingw32/bin/../lib/gcc/nios2-elf/4.1.2\libgcc.a(_usi_to_df.o)
                0x0080d294                __floatunsidf
 .text          0x0080d428      0x15c ../LaserSharknado_bsp\libhal_bsp.a(alt_close.o)
                0x0080d428                close
 .text          0x0080d584       0x2c ../LaserSharknado_bsp\libhal_bsp.a(alt_dev.o)
 .text          0x0080d5b0        0x0 ../LaserSharknado_bsp\libhal_bsp.a(alt_errno.o)
 .text          0x0080d5b0      0x134 ../LaserSharknado_bsp\libhal_bsp.a(alt_fstat.o)
                0x0080d5b0                fstat
 .text          0x0080d6e4      0x120 ../LaserSharknado_bsp\libhal_bsp.a(alt_isatty.o)
                0x0080d6e4                isatty
 .text          0x0080d804       0xec ../LaserSharknado_bsp\libhal_bsp.a(alt_load.o)
                0x0080d804                alt_load
 .text          0x0080d8f0      0x150 ../LaserSharknado_bsp\libhal_bsp.a(alt_lseek.o)
                0x0080d8f0                lseek
 .text          0x0080da40       0x6c ../LaserSharknado_bsp\libhal_bsp.a(alt_main.o)
                0x0080da40                alt_main
 .text          0x0080daac       0x40 ../LaserSharknado_bsp\libhal_bsp.a(alt_malloc_lock.o)
                0x0080daac                __malloc_lock
                0x0080dacc                __malloc_unlock
 .text          0x0080daec      0x180 ../LaserSharknado_bsp\libhal_bsp.a(alt_read.o)
                0x0080daec                read
 .text          0x0080dc6c       0x60 ../LaserSharknado_bsp\libhal_bsp.a(alt_release_fd.o)
                0x0080dc6c                alt_release_fd
 .text          0x0080dccc       0xbc ../LaserSharknado_bsp\libhal_bsp.a(alt_sbrk.o)
                0x0080dccc                sbrk
 .text          0x0080dd88      0x1a4 ../LaserSharknado_bsp\libhal_bsp.a(alt_tick.o)
                0x0080dd88                alt_alarm_stop
                0x0080de20                alt_tick
 .text          0x0080df2c       0x30 ../LaserSharknado_bsp\libhal_bsp.a(alt_usleep.o)
                0x0080df2c                usleep
 .text          0x0080df5c      0x180 ../LaserSharknado_bsp\libhal_bsp.a(alt_write.o)
                0x0080df5c                write
 .text          0x0080e0dc      0x3e0 ../LaserSharknado_bsp\libhal_bsp.a(alt_sys_init.o)
                0x0080e0dc                alt_irq_init
                0x0080e110                alt_sys_init
 .text          0x0080e4bc      0x148 ../LaserSharknado_bsp\libhal_bsp.a(altera_avalon_jtag_uart_fd.o)
                0x0080e4bc                altera_avalon_jtag_uart_read_fd
                0x0080e514                altera_avalon_jtag_uart_write_fd
                0x0080e56c                altera_avalon_jtag_uart_close_fd
                0x0080e5b4                altera_avalon_jtag_uart_ioctl_fd
 .text          0x0080e604      0x408 ../LaserSharknado_bsp\libhal_bsp.a(altera_avalon_jtag_uart_init.o)
                0x0080e604                altera_avalon_jtag_uart_init
                0x0080e998                altera_avalon_jtag_uart_close
 .text          0x0080ea0c       0xf4 ../LaserSharknado_bsp\libhal_bsp.a(altera_avalon_jtag_uart_ioctl.o)
                0x0080ea0c                altera_avalon_jtag_uart_ioctl
 .text          0x0080eb00      0x224 ../LaserSharknado_bsp\libhal_bsp.a(altera_avalon_jtag_uart_read.o)
                0x0080eb00                altera_avalon_jtag_uart_read
 .text          0x0080ed24      0x240 ../LaserSharknado_bsp\libhal_bsp.a(altera_avalon_jtag_uart_write.o)
                0x0080ed24                altera_avalon_jtag_uart_write
 .text          0x0080ef64       0xfc ../LaserSharknado_bsp\libhal_bsp.a(altera_avalon_timer_sc.o)
                0x0080efd8                alt_avalon_timer_sc_init
 .text          0x0080f060      0x168 ../LaserSharknado_bsp\libhal_bsp.a(altera_avalon_timer_ts.o)
                0x0080f060                alt_timestamp_start
                0x0080f104                alt_timestamp
                0x0080f1a0                alt_timestamp_freq
 .text          0x0080f1c8        0x0 ../LaserSharknado_bsp\libhal_bsp.a(altera_avalon_timer_vars.o)
 .text          0x0080f1c8      0x80c ../LaserSharknado_bsp\libhal_bsp.a(altera_up_avalon_audio.o)
                0x0080f1c8                alt_up_audio_open_dev
                0x0080f208                alt_up_audio_enable_read_interrupt
                0x0080f254                alt_up_audio_disable_read_interrupt
                0x0080f2a4                alt_up_audio_enable_write_interrupt
                0x0080f2f0                alt_up_audio_disable_write_interrupt
                0x0080f340                alt_up_audio_read_interrupt_pending
                0x0080f37c                alt_up_audio_write_interrupt_pending
                0x0080f3b8                alt_up_audio_reset_audio_core
                0x0080f440                alt_up_audio_read_fifo_avail
                0x0080f4b0                alt_up_audio_record_r
                0x0080f520                alt_up_audio_record_l
                0x0080f590                alt_up_audio_write_fifo_space
                0x0080f604                alt_up_audio_play_r
                0x0080f674                alt_up_audio_play_l
                0x0080f6e4                alt_up_audio_read_fifo
                0x0080f7e8                alt_up_audio_write_fifo
                0x0080f914                alt_up_audio_read_fifo_head
                0x0080f974                alt_up_audio_write_fifo_head
 .text          0x0080f9d4      0x788 ../LaserSharknado_bsp\libhal_bsp.a(altera_up_avalon_audio_and_video_config.o)
                0x0080f9d4                alt_up_av_config_open_dev
                0x0080fa38                alt_up_av_config_write_data
                0x0080fa9c                alt_up_av_config_read_data
                0x0080fb28                alt_up_av_config_reset
                0x0080fb60                alt_up_av_config_enable_interrupt
                0x0080fb98                alt_up_av_config_disable_interrupt
                0x0080fbc8                alt_up_av_config_read_acknowledge
                0x0080fc30                alt_up_av_config_read_ready
                0x0080fc68                alt_up_av_config_write_audio_cfg_register
                0x0080fd14                alt_up_av_config_read_video_cfg_register
                0x0080fe0c                alt_up_av_config_write_video_cfg_register
                0x0080ff04                alt_up_av_config_read_DC2_cfg_register
                0x0080ff68                alt_up_av_config_write_DC2_cfg_register
                0x0080ffcc                alt_up_av_config_read_D5M_cfg_register
                0x00810030                alt_up_av_config_write_D5M_cfg_register
                0x00810094                alt_up_av_config_read_LTM_cfg_register
                0x008100f8                alt_up_av_config_write_LTM_cfg_register
 .text          0x0081015c      0x530 ../LaserSharknado_bsp\libhal_bsp.a(altera_up_avalon_character_lcd.o)
                0x0081015c                get_DDRAM_addr
                0x008101d8                alt_up_character_lcd_send_cmd
                0x0081020c                alt_up_character_lcd_init
                0x00810240                alt_up_character_lcd_open_dev
                0x00810280                alt_up_character_lcd_write
                0x008102f8                alt_up_character_lcd_string
                0x00810370                alt_up_character_lcd_write_fd
                0x008103bc                alt_up_character_lcd_set_cursor_pos
                0x00810434                alt_up_character_lcd_shift_cursor
                0x008104e4                alt_up_character_lcd_shift_display
                0x00810594                alt_up_character_lcd_erase_pos
                0x00810624                alt_up_character_lcd_cursor_off
                0x00810658                alt_up_character_lcd_cursor_blink_on
 .text          0x0081068c      0x304 ../LaserSharknado_bsp\libhal_bsp.a(altera_up_avalon_video_character_buffer_with_dma.o)
                0x0081068c                alt_up_char_buffer_init
                0x00810710                alt_up_char_buffer_open_dev
                0x00810750                alt_up_char_buffer_draw
                0x00810820                alt_up_char_buffer_string
                0x00810934                alt_up_char_buffer_clear
 .text          0x00810990     0x156c ../LaserSharknado_bsp\libhal_bsp.a(altera_up_avalon_video_pixel_buffer_dma.o)
                0x00810990                alt_up_pixel_buffer_dma_open_dev
                0x008109d0                alt_up_pixel_buffer_dma_draw
                0x00810b70                alt_up_pixel_buffer_dma_change_back_buffer_address
                0x00810bc8                alt_up_pixel_buffer_dma_swap_buffers
                0x00810c20                alt_up_pixel_buffer_dma_check_swap_buffers_status
                0x00810c54                alt_up_pixel_buffer_dma_clear_screen
                0x00810db8                alt_up_pixel_buffer_dma_draw_box
                0x008112ac                alt_up_pixel_buffer_dma_draw_hline
                0x008115fc                alt_up_pixel_buffer_dma_draw_vline
                0x008119cc                alt_up_pixel_buffer_dma_draw_rectangle
                0x00811a90                helper_plot_pixel
                0x00811b60                alt_up_pixel_buffer_dma_draw_line
 .text          0x00811efc     0x45c0 ../LaserSharknado_bsp\libhal_bsp.a(altera_up_sd_card_avalon_interface.o)
                0x00811efc                Write_Sector_Data
                0x00811fc4                Save_Modified_Sector
                0x00812014                Read_Sector_Data
                0x00812110                get_cluster_flag
                0x008121c8                mark_cluster
                0x008122ac                Check_for_Master_Boot_Record
                0x0081245c                Read_File_Record_At_Offset
                0x008126e0                Write_File_Record_At_Offset
                0x00812998                Check_for_DOS_FAT
                0x00812fe0                Look_for_FAT16
                0x008130e4                filename_to_upper_case
                0x008131b4                check_file_name_for_FAT16_compliance
                0x00813444                get_dir_divider_location
                0x00813504                match_file_record_to_name_ext
                0x008137f0                get_home_directory_cluster_for_file
                0x00813d04                find_file_in_directory
                0x00814168                find_first_empty_cluster
                0x0081430c                find_first_empty_record_in_a_subdirectory
                0x00814558                find_first_empty_record_in_root_directory
                0x00814684                convert_filename_to_name_extension
                0x0081483c                create_file
                0x00814b10                copy_file_record_name_to_string
                0x00814c64                alt_up_sd_card_open_dev
                0x00814d28                alt_up_sd_card_is_Present
                0x00814df0                alt_up_sd_card_is_FAT16
                0x00814e64                alt_up_sd_card_find_first
                0x00814f38                alt_up_sd_card_find_next
                0x008152e8                alt_up_sd_card_fopen
                0x00815690                alt_up_sd_card_set_attributes
                0x00815720                alt_up_sd_card_get_attributes
                0x008157ac                alt_up_sd_card_read
                0x00815b40                alt_up_sd_card_write
                0x00816164                alt_up_sd_card_fclose
                0x00816330                Read_Sector_Data_CRC
                0x0081642c                Read_Sector_Data_Attempt_CRC
 .text          0x008164bc      0x154 ../LaserSharknado_bsp\libhal_bsp.a(alt_alarm_start.o)
                0x008164bc                alt_alarm_start
 .text          0x00816610      0x14c ../LaserSharknado_bsp\libhal_bsp.a(alt_busy_sleep.o)
                0x00816610                alt_busy_sleep
 .text          0x0081675c       0x44 ../LaserSharknado_bsp\libhal_bsp.a(alt_dcache_flush_all.o)
                0x0081675c                alt_dcache_flush_all
 .text          0x008167a0      0x114 ../LaserSharknado_bsp\libhal_bsp.a(alt_dev_llist_insert.o)
                0x008167a0                alt_dev_llist_insert
 .text          0x008168b4       0x64 ../LaserSharknado_bsp\libhal_bsp.a(alt_do_ctors.o)
                0x008168b4                _do_ctors
 .text          0x00816918       0x64 ../LaserSharknado_bsp\libhal_bsp.a(alt_do_dtors.o)
                0x00816918                _do_dtors
 .text          0x0081697c       0x94 ../LaserSharknado_bsp\libhal_bsp.a(alt_find_dev.o)
                0x0081697c                alt_find_dev
 .text          0x00816a10       0x30 ../LaserSharknado_bsp\libhal_bsp.a(alt_icache_flush_all.o)
                0x00816a10                alt_icache_flush_all
 .text          0x00816a40      0x13c ../LaserSharknado_bsp\libhal_bsp.a(alt_io_redirect.o)
                0x00816b04                alt_io_redirect
 .text          0x00816b7c      0x1c0 ../LaserSharknado_bsp\libhal_bsp.a(alt_irq_register.o)
                0x00816b7c                alt_irq_register
 .text          0x00816d3c        0x0 ../LaserSharknado_bsp\libhal_bsp.a(alt_irq_vars.o)
 .text          0x00816d3c      0x2c4 ../LaserSharknado_bsp\libhal_bsp.a(alt_open.o)
                0x00816e18                open
 .text          0x00817000       0x20 ../LaserSharknado_bsp\libhal_bsp.a(altera_nios2_qsys_irq.o)
                0x00817000                altera_nios2_qsys_irq_init
 .text          0x00817020      0x120 ../LaserSharknado_bsp\libhal_bsp.a(alt_find_file.o)
                0x00817020                alt_find_file
 .text          0x00817140       0xb8 ../LaserSharknado_bsp\libhal_bsp.a(alt_get_fd.o)
                0x00817140                alt_get_fd
 .text          0x008171f8       0x90 ../LaserSharknado_bsp\libhal_bsp.a(alt_icache_flush.o)
                0x008171f8                alt_icache_flush
 .text          0x00817288        0x0 ../LaserSharknado_bsp\libhal_bsp.a(alt_irq_entry.o)
 .text          0x00817288        0x0 ../LaserSharknado_bsp\libhal_bsp.a(alt_irq_handler.o)
 .text          0x00817288        0x0 ../LaserSharknado_bsp\libhal_bsp.a(alt_exception_entry.o)
 .text          0x00817288       0x14 c:/altera/12.0sp2/nios2eds/bin/gnu/h-i686-mingw32/bin/../lib/gcc/nios2-elf/4.1.2/../../../../nios2-elf/lib\libc.a(lib_a-atexit.o)
                0x00817288                atexit
 .text          0x0081729c       0x38 c:/altera/12.0sp2/nios2eds/bin/gnu/h-i686-mingw32/bin/../lib/gcc/nios2-elf/4.1.2/../../../../nios2-elf/lib\libc.a(lib_a-exit.o)
                0x0081729c                exit
 .text          0x008172d4       0x74 c:/altera/12.0sp2/nios2eds/bin/gnu/h-i686-mingw32/bin/../lib/gcc/nios2-elf/4.1.2/../../../../nios2-elf/lib\libc.a(lib_a-memcmp.o)
                0x008172d4                memcmp
 .text          0x00817348      0x134 c:/altera/12.0sp2/nios2eds/bin/gnu/h-i686-mingw32/bin/../lib/gcc/nios2-elf/4.1.2/../../../../nios2-elf/lib\libc.a(lib_a-__atexit.o)
                0x00817348                __register_exitproc
 .text          0x0081747c      0x1b4 c:/altera/12.0sp2/nios2eds/bin/gnu/h-i686-mingw32/bin/../lib/gcc/nios2-elf/4.1.2/../../../../nios2-elf/lib\libc.a(lib_a-__call_atexit.o)
                0x00817480                __call_exitprocs
 .text          0x00817630       0x60 ../LaserSharknado_bsp\libhal_bsp.a(alt_exit.o)
                0x00817670                _exit
 *(.gnu.warning.*)
 *(.fini)
                0x00817690                PROVIDE (__etext, ABSOLUTE (.))
                0x00817690                PROVIDE (_etext, ABSOLUTE (.))
                0x00817690                PROVIDE (etext, ABSOLUTE (.))
 *(.eh_frame_hdr)
                0x00817690                . = ALIGN (0x4)
                0x00817690                PROVIDE (__preinit_array_start, ABSOLUTE (.))
 *(.preinit_array)
                0x00817690                PROVIDE (__preinit_array_end, ABSOLUTE (.))
                0x00817690                PROVIDE (__init_array_start, ABSOLUTE (.))
 *(.init_array)
                0x00817690                PROVIDE (__init_array_end, ABSOLUTE (.))
                0x00817690                PROVIDE (__fini_array_start, ABSOLUTE (.))
 *(.fini_array)
                0x00817690                PROVIDE (__fini_array_end, ABSOLUTE (.))
 *(.eh_frame)
 .eh_frame      0x00817690       0x40 c:/altera/12.0sp2/nios2eds/bin/gnu/h-i686-mingw32/bin/../lib/gcc/nios2-elf/4.1.2\libgcc.a(_udivdi3.o)
 .eh_frame      0x008176d0       0x2c c:/altera/12.0sp2/nios2eds/bin/gnu/h-i686-mingw32/bin/../lib/gcc/nios2-elf/4.1.2\libgcc.a(_umoddi3.o)
                                 0x40 (size before relaxing)
 *(.gcc_except_table)
 *(.dynamic)
                0x008176fc                PROVIDE (__CTOR_LIST__, ABSOLUTE (.))
 *(.ctors)
 *(SORT(.ctors.*))
 .ctors.65535   0x008176fc        0x4 c:/altera/12.0sp2/nios2eds/bin/gnu/h-i686-mingw32/bin/../lib/gcc/nios2-elf/4.1.2/../../../../nios2-elf/lib\libc.a(lib_a-__call_atexit.o)
                0x00817700                PROVIDE (__CTOR_END__, ABSOLUTE (.))
                0x00817700                PROVIDE (__DTOR_LIST__, ABSOLUTE (.))
 *(.dtors)
 *(SORT(.dtors.*))
                0x00817700                PROVIDE (__DTOR_END__, ABSOLUTE (.))
 *(.jcr)
                0x00817700                . = ALIGN (0x4)

.rodata         0x00817700      0xad8
                0x00817700                PROVIDE (__ram_rodata_start, ABSOLUTE (.))
                0x00817700                . = ALIGN (0x4)
 *(.rodata .rodata.* .gnu.linkonce.r.*)
 .rodata        0x00817700      0x16c obj/default/audio.o
 .rodata        0x0081786c       0x8c obj/default/hello_world.o
 .rodata        0x008178f8       0x94 obj/default/sd_card.o
 .rodata        0x0081798c      0x1ec obj/default/timer.o
 .rodata        0x00817b78       0x60 obj/default/vga.o
 .rodata        0x00817bd8      0x188 c:/altera/12.0sp2/nios2eds/bin/gnu/h-i686-mingw32/bin/../lib/gcc/nios2-elf/4.1.2/../../../../nios2-elf/lib\libm.a(lib_a-e_rem_pio2.o)
 .rodata        0x00817d60       0x50 c:/altera/12.0sp2/nios2eds/bin/gnu/h-i686-mingw32/bin/../lib/gcc/nios2-elf/4.1.2/../../../../nios2-elf/lib\libm.a(lib_a-k_rem_pio2.o)
 .rodata        0x00817db0       0x10 c:/altera/12.0sp2/nios2eds/bin/gnu/h-i686-mingw32/bin/../lib/gcc/nios2-elf/4.1.2\libgcc.a(_thenan_sf.o)
                0x00817db0                __thenan_sf
 .rodata        0x00817dc0       0x14 c:/altera/12.0sp2/nios2eds/bin/gnu/h-i686-mingw32/bin/../lib/gcc/nios2-elf/4.1.2\libgcc.a(_thenan_df.o)
                0x00817dc0                __thenan_df
 .rodata        0x00817dd4      0x100 c:/altera/12.0sp2/nios2eds/bin/gnu/h-i686-mingw32/bin/../lib/gcc/nios2-elf/4.1.2\libgcc.a(_clz.o)
                0x00817dd4                __clz_tab
 .rodata.str1.4
                0x00817ed4        0x2 c:/altera/12.0sp2/nios2eds/bin/gnu/h-i686-mingw32/bin/../lib/gcc/nios2-elf/4.1.2/../../../../nios2-elf/lib\libc.a(lib_a-puts.o)
                                  0x4 (size before relaxing)
 *fill*         0x00817ed6        0x2 00
 .rodata.str1.4
                0x00817ed8       0x5e c:/altera/12.0sp2/nios2eds/bin/gnu/h-i686-mingw32/bin/../lib/gcc/nios2-elf/4.1.2/../../../../nios2-elf/lib\libc.a(lib_a-vfprintf.o)
                                 0x60 (size before relaxing)
 .rodata        0x00817f36       0x20 c:/altera/12.0sp2/nios2eds/bin/gnu/h-i686-mingw32/bin/../lib/gcc/nios2-elf/4.1.2/../../../../nios2-elf/lib\libc.a(lib_a-vfprintf.o)
 *fill*         0x00817f56        0x2 00
 .rodata.str1.4
                0x00817f58       0x10 c:/altera/12.0sp2/nios2eds/bin/gnu/h-i686-mingw32/bin/../lib/gcc/nios2-elf/4.1.2/../../../../nios2-elf/lib\libc.a(lib_a-dtoa.o)
                                 0x14 (size before relaxing)
 .rodata.str1.4
                0x00817f68        0x2 c:/altera/12.0sp2/nios2eds/bin/gnu/h-i686-mingw32/bin/../lib/gcc/nios2-elf/4.1.2/../../../../nios2-elf/lib\libc.a(lib_a-impure.o)
                                  0x4 (size before relaxing)
 *fill*         0x00817f6a        0x2 00
 .rodata.str1.4
                0x00817f6c       0x10 c:/altera/12.0sp2/nios2eds/bin/gnu/h-i686-mingw32/bin/../lib/gcc/nios2-elf/4.1.2/../../../../nios2-elf/lib\libc.a(lib_a-locale.o)
                                 0x18 (size before relaxing)
 .rodata        0x00817f7c       0x30 c:/altera/12.0sp2/nios2eds/bin/gnu/h-i686-mingw32/bin/../lib/gcc/nios2-elf/4.1.2/../../../../nios2-elf/lib\libc.a(lib_a-locale.o)
 .rodata        0x00817fac      0x124 c:/altera/12.0sp2/nios2eds/bin/gnu/h-i686-mingw32/bin/../lib/gcc/nios2-elf/4.1.2/../../../../nios2-elf/lib\libc.a(lib_a-mprec.o)
                0x00817fac                __mprec_tens
                0x00818074                __mprec_bigtens
                0x0081809c                __mprec_tinytens
 .rodata        0x008180d0        0xc ../LaserSharknado_bsp\libhal_bsp.a(alt_dev.o)
 .rodata        0x008180dc       0x14 ../LaserSharknado_bsp\libhal_bsp.a(alt_main.o)
 .rodata        0x008180f0       0xcc ../LaserSharknado_bsp\libhal_bsp.a(alt_sys_init.o)
 .rodata        0x008181bc       0x1c ../LaserSharknado_bsp\libhal_bsp.a(altera_up_avalon_video_character_buffer_with_dma.o)
 *(.rodata1)
                0x008181d8                . = ALIGN (0x4)
                0x008181d8                PROVIDE (__ram_rodata_end, ABSOLUTE (.))
                0x00817700                PROVIDE (__flash_rodata_start, LOADADDR (.rodata))

.rwdata         0x008181d8     0x1bc0 load address 0x00819d98
                0x008181d8                PROVIDE (__ram_rwdata_start, ABSOLUTE (.))
                0x008181d8                . = ALIGN (0x4)
 *(.got.plt)
 *(.got)
 *(.data1)
 *(.data .data.* .gnu.linkonce.d.*)
 .data          0x008181d8        0x0 ../LaserSharknado_bsp/obj/HAL/src/crt0.o
 .data          0x008181d8        0x0 obj/default/audio.o
 .data          0x008181d8        0x0 obj/default/audio_up_hack.o
 .data          0x008181d8        0x0 obj/default/hello_world.o
 .data          0x008181d8        0x0 obj/default/player.o
 .data          0x008181d8        0x0 obj/default/sd_card.o
 .data          0x008181d8        0x0 obj/default/timer.o
 .data          0x008181d8        0x0 obj/default/vga.o
 .data          0x008181d8        0x0 c:/altera/12.0sp2/nios2eds/bin/gnu/h-i686-mingw32/bin/../lib/gcc/nios2-elf/4.1.2/../../../../nios2-elf/lib\libm.a(lib_a-s_sin.o)
 .data          0x008181d8        0x0 c:/altera/12.0sp2/nios2eds/bin/gnu/h-i686-mingw32/bin/../lib/gcc/nios2-elf/4.1.2/../../../../nios2-elf/lib\libm.a(lib_a-e_rem_pio2.o)
 .data          0x008181d8        0x0 c:/altera/12.0sp2/nios2eds/bin/gnu/h-i686-mingw32/bin/../lib/gcc/nios2-elf/4.1.2/../../../../nios2-elf/lib\libm.a(lib_a-k_cos.o)
 .data          0x008181d8        0x0 c:/altera/12.0sp2/nios2eds/bin/gnu/h-i686-mingw32/bin/../lib/gcc/nios2-elf/4.1.2/../../../../nios2-elf/lib\libm.a(lib_a-k_rem_pio2.o)
 .data          0x008181d8        0x0 c:/altera/12.0sp2/nios2eds/bin/gnu/h-i686-mingw32/bin/../lib/gcc/nios2-elf/4.1.2/../../../../nios2-elf/lib\libm.a(lib_a-k_sin.o)
 .data          0x008181d8        0x0 c:/altera/12.0sp2/nios2eds/bin/gnu/h-i686-mingw32/bin/../lib/gcc/nios2-elf/4.1.2/../../../../nios2-elf/lib\libm.a(lib_a-s_fabs.o)
 .data          0x008181d8        0x0 c:/altera/12.0sp2/nios2eds/bin/gnu/h-i686-mingw32/bin/../lib/gcc/nios2-elf/4.1.2/../../../../nios2-elf/lib\libm.a(lib_a-s_floor.o)
 .data          0x008181d8        0x0 c:/altera/12.0sp2/nios2eds/bin/gnu/h-i686-mingw32/bin/../lib/gcc/nios2-elf/4.1.2/../../../../nios2-elf/lib\libm.a(lib_a-s_scalbn.o)
 .data          0x008181d8        0x0 c:/altera/12.0sp2/nios2eds/bin/gnu/h-i686-mingw32/bin/../lib/gcc/nios2-elf/4.1.2/../../../../nios2-elf/lib\libm.a(lib_a-s_copysign.o)
 .data          0x008181d8        0x0 c:/altera/12.0sp2/nios2eds/bin/gnu/h-i686-mingw32/bin/../lib/gcc/nios2-elf/4.1.2\libgcc.a(_fixunsdfsi.o)
 .data          0x008181d8        0x0 c:/altera/12.0sp2/nios2eds/bin/gnu/h-i686-mingw32/bin/../lib/gcc/nios2-elf/4.1.2\libgcc.a(_div_sf.o)
 .data          0x008181d8        0x0 c:/altera/12.0sp2/nios2eds/bin/gnu/h-i686-mingw32/bin/../lib/gcc/nios2-elf/4.1.2\libgcc.a(_si_to_sf.o)
 .data          0x008181d8        0x0 c:/altera/12.0sp2/nios2eds/bin/gnu/h-i686-mingw32/bin/../lib/gcc/nios2-elf/4.1.2\libgcc.a(_sf_to_df.o)
 .data          0x008181d8        0x0 c:/altera/12.0sp2/nios2eds/bin/gnu/h-i686-mingw32/bin/../lib/gcc/nios2-elf/4.1.2\libgcc.a(_thenan_sf.o)
 .data          0x008181d8        0x0 c:/altera/12.0sp2/nios2eds/bin/gnu/h-i686-mingw32/bin/../lib/gcc/nios2-elf/4.1.2\libgcc.a(_addsub_df.o)
 .data          0x008181d8        0x0 c:/altera/12.0sp2/nios2eds/bin/gnu/h-i686-mingw32/bin/../lib/gcc/nios2-elf/4.1.2\libgcc.a(_mul_df.o)
 .data          0x008181d8        0x0 c:/altera/12.0sp2/nios2eds/bin/gnu/h-i686-mingw32/bin/../lib/gcc/nios2-elf/4.1.2\libgcc.a(_div_df.o)
 .data          0x008181d8        0x0 c:/altera/12.0sp2/nios2eds/bin/gnu/h-i686-mingw32/bin/../lib/gcc/nios2-elf/4.1.2\libgcc.a(_eq_df.o)
 .data          0x008181d8        0x0 c:/altera/12.0sp2/nios2eds/bin/gnu/h-i686-mingw32/bin/../lib/gcc/nios2-elf/4.1.2\libgcc.a(_gt_df.o)
 .data          0x008181d8        0x0 c:/altera/12.0sp2/nios2eds/bin/gnu/h-i686-mingw32/bin/../lib/gcc/nios2-elf/4.1.2\libgcc.a(_ge_df.o)
 .data          0x008181d8        0x0 c:/altera/12.0sp2/nios2eds/bin/gnu/h-i686-mingw32/bin/../lib/gcc/nios2-elf/4.1.2\libgcc.a(_si_to_df.o)
 .data          0x008181d8        0x0 c:/altera/12.0sp2/nios2eds/bin/gnu/h-i686-mingw32/bin/../lib/gcc/nios2-elf/4.1.2\libgcc.a(_df_to_si.o)
 .data          0x008181d8        0x0 c:/altera/12.0sp2/nios2eds/bin/gnu/h-i686-mingw32/bin/../lib/gcc/nios2-elf/4.1.2\libgcc.a(_make_df.o)
 .data          0x008181d8        0x0 c:/altera/12.0sp2/nios2eds/bin/gnu/h-i686-mingw32/bin/../lib/gcc/nios2-elf/4.1.2\libgcc.a(_thenan_df.o)
 .data          0x008181d8        0x0 c:/altera/12.0sp2/nios2eds/bin/gnu/h-i686-mingw32/bin/../lib/gcc/nios2-elf/4.1.2\libgcc.a(lib2-divmod.o)
 .data          0x008181d8        0x0 c:/altera/12.0sp2/nios2eds/bin/gnu/h-i686-mingw32/bin/../lib/gcc/nios2-elf/4.1.2\libgcc.a(_muldi3.o)
 .data          0x008181d8        0x0 c:/altera/12.0sp2/nios2eds/bin/gnu/h-i686-mingw32/bin/../lib/gcc/nios2-elf/4.1.2\libgcc.a(_clzsi2.o)
 .data          0x008181d8        0x0 c:/altera/12.0sp2/nios2eds/bin/gnu/h-i686-mingw32/bin/../lib/gcc/nios2-elf/4.1.2\libgcc.a(_pack_sf.o)
 .data          0x008181d8        0x0 c:/altera/12.0sp2/nios2eds/bin/gnu/h-i686-mingw32/bin/../lib/gcc/nios2-elf/4.1.2\libgcc.a(_unpack_sf.o)
 .data          0x008181d8        0x0 c:/altera/12.0sp2/nios2eds/bin/gnu/h-i686-mingw32/bin/../lib/gcc/nios2-elf/4.1.2\libgcc.a(_pack_df.o)
 .data          0x008181d8        0x0 c:/altera/12.0sp2/nios2eds/bin/gnu/h-i686-mingw32/bin/../lib/gcc/nios2-elf/4.1.2\libgcc.a(_unpack_df.o)
 .data          0x008181d8        0x0 c:/altera/12.0sp2/nios2eds/bin/gnu/h-i686-mingw32/bin/../lib/gcc/nios2-elf/4.1.2\libgcc.a(_fpcmp_parts_df.o)
 .data          0x008181d8        0x0 c:/altera/12.0sp2/nios2eds/bin/gnu/h-i686-mingw32/bin/../lib/gcc/nios2-elf/4.1.2\libgcc.a(_clz.o)
 .data          0x008181d8        0x0 c:/altera/12.0sp2/nios2eds/bin/gnu/h-i686-mingw32/bin/../lib/gcc/nios2-elf/4.1.2/../../../../nios2-elf/lib\libc.a(lib_a-malloc.o)
 .data          0x008181d8      0x408 c:/altera/12.0sp2/nios2eds/bin/gnu/h-i686-mingw32/bin/../lib/gcc/nios2-elf/4.1.2/../../../../nios2-elf/lib\libc.a(lib_a-mallocr.o)
                0x008181d8                __malloc_av_
 .data          0x008185e0        0x0 c:/altera/12.0sp2/nios2eds/bin/gnu/h-i686-mingw32/bin/../lib/gcc/nios2-elf/4.1.2/../../../../nios2-elf/lib\libc.a(lib_a-printf.o)
 .data          0x008185e0        0x0 c:/altera/12.0sp2/nios2eds/bin/gnu/h-i686-mingw32/bin/../lib/gcc/nios2-elf/4.1.2/../../../../nios2-elf/lib\libc.a(lib_a-puts.o)
 .data          0x008185e0        0x0 c:/altera/12.0sp2/nios2eds/bin/gnu/h-i686-mingw32/bin/../lib/gcc/nios2-elf/4.1.2/../../../../nios2-elf/lib\libc.a(lib_a-sbrkr.o)
 .data          0x008185e0        0x0 c:/altera/12.0sp2/nios2eds/bin/gnu/h-i686-mingw32/bin/../lib/gcc/nios2-elf/4.1.2/../../../../nios2-elf/lib\libc.a(lib_a-strlen.o)
 .data          0x008185e0        0x0 c:/altera/12.0sp2/nios2eds/bin/gnu/h-i686-mingw32/bin/../lib/gcc/nios2-elf/4.1.2/../../../../nios2-elf/lib\libc.a(lib_a-vfprintf.o)
 .data          0x008185e0        0x0 c:/altera/12.0sp2/nios2eds/bin/gnu/h-i686-mingw32/bin/../lib/gcc/nios2-elf/4.1.2/../../../../nios2-elf/lib\libc.a(lib_a-wsetup.o)
 .data          0x008185e0        0x0 c:/altera/12.0sp2/nios2eds/bin/gnu/h-i686-mingw32/bin/../lib/gcc/nios2-elf/4.1.2/../../../../nios2-elf/lib\libc.a(lib_a-dtoa.o)
 .data          0x008185e0        0x0 c:/altera/12.0sp2/nios2eds/bin/gnu/h-i686-mingw32/bin/../lib/gcc/nios2-elf/4.1.2/../../../../nios2-elf/lib\libc.a(lib_a-fflush.o)
 .data          0x008185e0        0x0 c:/altera/12.0sp2/nios2eds/bin/gnu/h-i686-mingw32/bin/../lib/gcc/nios2-elf/4.1.2/../../../../nios2-elf/lib\libc.a(lib_a-findfp.o)
 .data          0x008185e0        0x0 c:/altera/12.0sp2/nios2eds/bin/gnu/h-i686-mingw32/bin/../lib/gcc/nios2-elf/4.1.2/../../../../nios2-elf/lib\libc.a(lib_a-freer.o)
 .data          0x008185e0        0x0 c:/altera/12.0sp2/nios2eds/bin/gnu/h-i686-mingw32/bin/../lib/gcc/nios2-elf/4.1.2/../../../../nios2-elf/lib\libc.a(lib_a-fvwrite.o)
 .data          0x008185e0        0x0 c:/altera/12.0sp2/nios2eds/bin/gnu/h-i686-mingw32/bin/../lib/gcc/nios2-elf/4.1.2/../../../../nios2-elf/lib\libc.a(lib_a-fwalk.o)
 .data          0x008185e0      0x400 c:/altera/12.0sp2/nios2eds/bin/gnu/h-i686-mingw32/bin/../lib/gcc/nios2-elf/4.1.2/../../../../nios2-elf/lib\libc.a(lib_a-impure.o)
 .data          0x008189e0        0x0 c:/altera/12.0sp2/nios2eds/bin/gnu/h-i686-mingw32/bin/../lib/gcc/nios2-elf/4.1.2/../../../../nios2-elf/lib\libc.a(lib_a-int_errno.o)
 .data          0x008189e0        0xc c:/altera/12.0sp2/nios2eds/bin/gnu/h-i686-mingw32/bin/../lib/gcc/nios2-elf/4.1.2/../../../../nios2-elf/lib\libc.a(lib_a-locale.o)
                0x008189e0                __lc_ctype
 .data          0x008189ec        0x0 c:/altera/12.0sp2/nios2eds/bin/gnu/h-i686-mingw32/bin/../lib/gcc/nios2-elf/4.1.2/../../../../nios2-elf/lib\libc.a(lib_a-makebuf.o)
 .data          0x008189ec        0x0 c:/altera/12.0sp2/nios2eds/bin/gnu/h-i686-mingw32/bin/../lib/gcc/nios2-elf/4.1.2/../../../../nios2-elf/lib\libc.a(lib_a-memchr.o)
 .data          0x008189ec        0x0 c:/altera/12.0sp2/nios2eds/bin/gnu/h-i686-mingw32/bin/../lib/gcc/nios2-elf/4.1.2/../../../../nios2-elf/lib\libc.a(lib_a-memcpy.o)
 .data          0x008189ec        0x0 c:/altera/12.0sp2/nios2eds/bin/gnu/h-i686-mingw32/bin/../lib/gcc/nios2-elf/4.1.2/../../../../nios2-elf/lib\libc.a(lib_a-memmove.o)
 .data          0x008189ec        0x0 c:/altera/12.0sp2/nios2eds/bin/gnu/h-i686-mingw32/bin/../lib/gcc/nios2-elf/4.1.2/../../../../nios2-elf/lib\libc.a(lib_a-memset.o)
 .data          0x008189ec        0x0 c:/altera/12.0sp2/nios2eds/bin/gnu/h-i686-mingw32/bin/../lib/gcc/nios2-elf/4.1.2/../../../../nios2-elf/lib\libc.a(lib_a-mprec.o)
 .data          0x008189ec        0x0 c:/altera/12.0sp2/nios2eds/bin/gnu/h-i686-mingw32/bin/../lib/gcc/nios2-elf/4.1.2/../../../../nios2-elf/lib\libc.a(lib_a-reallocr.o)
 .data          0x008189ec        0x0 c:/altera/12.0sp2/nios2eds/bin/gnu/h-i686-mingw32/bin/../lib/gcc/nios2-elf/4.1.2/../../../../nios2-elf/lib\libc.a(lib_a-s_isinfd.o)
 .data          0x008189ec        0x0 c:/altera/12.0sp2/nios2eds/bin/gnu/h-i686-mingw32/bin/../lib/gcc/nios2-elf/4.1.2/../../../../nios2-elf/lib\libc.a(lib_a-s_isnand.o)
 .data          0x008189ec        0x0 c:/altera/12.0sp2/nios2eds/bin/gnu/h-i686-mingw32/bin/../lib/gcc/nios2-elf/4.1.2/../../../../nios2-elf/lib\libc.a(lib_a-stdio.o)
 .data          0x008189ec        0x0 c:/altera/12.0sp2/nios2eds/bin/gnu/h-i686-mingw32/bin/../lib/gcc/nios2-elf/4.1.2/../../../../nios2-elf/lib\libc.a(lib_a-strcmp.o)
 .data          0x008189ec        0x0 c:/altera/12.0sp2/nios2eds/bin/gnu/h-i686-mingw32/bin/../lib/gcc/nios2-elf/4.1.2/../../../../nios2-elf/lib\libc.a(lib_a-writer.o)
 .data          0x008189ec        0x0 c:/altera/12.0sp2/nios2eds/bin/gnu/h-i686-mingw32/bin/../lib/gcc/nios2-elf/4.1.2/../../../../nios2-elf/lib\libc.a(lib_a-callocr.o)
 .data          0x008189ec        0x0 c:/altera/12.0sp2/nios2eds/bin/gnu/h-i686-mingw32/bin/../lib/gcc/nios2-elf/4.1.2/../../../../nios2-elf/lib\libc.a(lib_a-closer.o)
 .data          0x008189ec        0x0 c:/altera/12.0sp2/nios2eds/bin/gnu/h-i686-mingw32/bin/../lib/gcc/nios2-elf/4.1.2/../../../../nios2-elf/lib\libc.a(lib_a-fclose.o)
 .data          0x008189ec        0x0 c:/altera/12.0sp2/nios2eds/bin/gnu/h-i686-mingw32/bin/../lib/gcc/nios2-elf/4.1.2/../../../../nios2-elf/lib\libc.a(lib_a-fstatr.o)
 .data          0x008189ec        0x0 c:/altera/12.0sp2/nios2eds/bin/gnu/h-i686-mingw32/bin/../lib/gcc/nios2-elf/4.1.2/../../../../nios2-elf/lib\libc.a(lib_a-isattyr.o)
 .data          0x008189ec        0x0 c:/altera/12.0sp2/nios2eds/bin/gnu/h-i686-mingw32/bin/../lib/gcc/nios2-elf/4.1.2/../../../../nios2-elf/lib\libc.a(lib_a-lseekr.o)
 .data          0x008189ec        0x0 c:/altera/12.0sp2/nios2eds/bin/gnu/h-i686-mingw32/bin/../lib/gcc/nios2-elf/4.1.2/../../../../nios2-elf/lib\libc.a(lib_a-readr.o)
 .data          0x008189ec        0x0 c:/altera/12.0sp2/nios2eds/bin/gnu/h-i686-mingw32/bin/../lib/gcc/nios2-elf/4.1.2\libgcc.a(_udivdi3.o)
 .data          0x008189ec        0x0 c:/altera/12.0sp2/nios2eds/bin/gnu/h-i686-mingw32/bin/../lib/gcc/nios2-elf/4.1.2\libgcc.a(_umoddi3.o)
 .data          0x008189ec        0x0 c:/altera/12.0sp2/nios2eds/bin/gnu/h-i686-mingw32/bin/../lib/gcc/nios2-elf/4.1.2\libgcc.a(_ne_df.o)
 .data          0x008189ec        0x0 c:/altera/12.0sp2/nios2eds/bin/gnu/h-i686-mingw32/bin/../lib/gcc/nios2-elf/4.1.2\libgcc.a(_lt_df.o)
 .data          0x008189ec        0x0 c:/altera/12.0sp2/nios2eds/bin/gnu/h-i686-mingw32/bin/../lib/gcc/nios2-elf/4.1.2\libgcc.a(_usi_to_df.o)
 .data          0x008189ec        0x0 ../LaserSharknado_bsp\libhal_bsp.a(alt_close.o)
 .data          0x008189ec      0x1a8 ../LaserSharknado_bsp\libhal_bsp.a(alt_dev.o)
                0x008189ec                alt_dev_null
                0x00818a14                alt_fd_list
 .data          0x00818b94        0x0 ../LaserSharknado_bsp\libhal_bsp.a(alt_errno.o)
 .data          0x00818b94        0x0 ../LaserSharknado_bsp\libhal_bsp.a(alt_fstat.o)
 .data          0x00818b94        0x0 ../LaserSharknado_bsp\libhal_bsp.a(alt_isatty.o)
 .data          0x00818b94        0x0 ../LaserSharknado_bsp\libhal_bsp.a(alt_load.o)
 .data          0x00818b94        0x0 ../LaserSharknado_bsp\libhal_bsp.a(alt_lseek.o)
 .data          0x00818b94        0x0 ../LaserSharknado_bsp\libhal_bsp.a(alt_main.o)
 .data          0x00818b94        0x0 ../LaserSharknado_bsp\libhal_bsp.a(alt_malloc_lock.o)
 .data          0x00818b94        0x0 ../LaserSharknado_bsp\libhal_bsp.a(alt_read.o)
 .data          0x00818b94        0x0 ../LaserSharknado_bsp\libhal_bsp.a(alt_release_fd.o)
 .data          0x00818b94        0x0 ../LaserSharknado_bsp\libhal_bsp.a(alt_sbrk.o)
 .data          0x00818b94        0x0 ../LaserSharknado_bsp\libhal_bsp.a(alt_tick.o)
 .data          0x00818b94        0x0 ../LaserSharknado_bsp\libhal_bsp.a(alt_usleep.o)
 .data          0x00818b94        0x0 ../LaserSharknado_bsp\libhal_bsp.a(alt_write.o)
 .data          0x00818b94     0x11b4 ../LaserSharknado_bsp\libhal_bsp.a(alt_sys_init.o)
 .data          0x00819d48        0x0 ../LaserSharknado_bsp\libhal_bsp.a(altera_avalon_jtag_uart_fd.o)
 .data          0x00819d48        0x0 ../LaserSharknado_bsp\libhal_bsp.a(altera_avalon_jtag_uart_init.o)
 .data          0x00819d48        0x0 ../LaserSharknado_bsp\libhal_bsp.a(altera_avalon_jtag_uart_ioctl.o)
 .data          0x00819d48        0x0 ../LaserSharknado_bsp\libhal_bsp.a(altera_avalon_jtag_uart_read.o)
 .data          0x00819d48        0x0 ../LaserSharknado_bsp\libhal_bsp.a(altera_avalon_jtag_uart_write.o)
 .data          0x00819d48        0x0 ../LaserSharknado_bsp\libhal_bsp.a(altera_avalon_timer_sc.o)
 .data          0x00819d48        0x0 ../LaserSharknado_bsp\libhal_bsp.a(altera_avalon_timer_ts.o)
 .data          0x00819d48        0x0 ../LaserSharknado_bsp\libhal_bsp.a(altera_avalon_timer_vars.o)
 .data          0x00819d48        0x0 ../LaserSharknado_bsp\libhal_bsp.a(altera_up_avalon_audio.o)
 .data          0x00819d48        0x0 ../LaserSharknado_bsp\libhal_bsp.a(altera_up_avalon_audio_and_video_config.o)
 .data          0x00819d48        0x0 ../LaserSharknado_bsp\libhal_bsp.a(altera_up_avalon_character_lcd.o)
 .data          0x00819d48        0x0 ../LaserSharknado_bsp\libhal_bsp.a(altera_up_avalon_video_character_buffer_with_dma.o)
 .data          0x00819d48        0x0 ../LaserSharknado_bsp\libhal_bsp.a(altera_up_avalon_video_pixel_buffer_dma.o)
 .data          0x00819d48        0x0 ../LaserSharknado_bsp\libhal_bsp.a(altera_up_sd_card_avalon_interface.o)
 .data          0x00819d48        0x0 ../LaserSharknado_bsp\libhal_bsp.a(alt_alarm_start.o)
 .data          0x00819d48        0x0 ../LaserSharknado_bsp\libhal_bsp.a(alt_busy_sleep.o)
 .data          0x00819d48        0x0 ../LaserSharknado_bsp\libhal_bsp.a(alt_dcache_flush_all.o)
 .data          0x00819d48        0x0 ../LaserSharknado_bsp\libhal_bsp.a(alt_dev_llist_insert.o)
 .data          0x00819d48        0x0 ../LaserSharknado_bsp\libhal_bsp.a(alt_do_ctors.o)
 .data          0x00819d48        0x0 ../LaserSharknado_bsp\libhal_bsp.a(alt_do_dtors.o)
 .data          0x00819d48        0x0 ../LaserSharknado_bsp\libhal_bsp.a(alt_find_dev.o)
 .data          0x00819d48        0x0 ../LaserSharknado_bsp\libhal_bsp.a(alt_icache_flush_all.o)
 .data          0x00819d48        0x0 ../LaserSharknado_bsp\libhal_bsp.a(alt_io_redirect.o)
 .data          0x00819d48        0x0 ../LaserSharknado_bsp\libhal_bsp.a(alt_irq_register.o)
 .data          0x00819d48        0x0 ../LaserSharknado_bsp\libhal_bsp.a(alt_irq_vars.o)
 .data          0x00819d48        0x0 ../LaserSharknado_bsp\libhal_bsp.a(alt_open.o)
 .data          0x00819d48        0x0 ../LaserSharknado_bsp\libhal_bsp.a(altera_nios2_qsys_irq.o)
 .data          0x00819d48        0x0 ../LaserSharknado_bsp\libhal_bsp.a(alt_find_file.o)
 .data          0x00819d48        0x0 ../LaserSharknado_bsp\libhal_bsp.a(alt_get_fd.o)
 .data          0x00819d48        0x0 ../LaserSharknado_bsp\libhal_bsp.a(alt_icache_flush.o)
 .data          0x00819d48        0x0 ../LaserSharknado_bsp\libhal_bsp.a(alt_irq_entry.o)
 .data          0x00819d48        0x0 ../LaserSharknado_bsp\libhal_bsp.a(alt_irq_handler.o)
 .data          0x00819d48        0x0 ../LaserSharknado_bsp\libhal_bsp.a(alt_exception_entry.o)
 .data          0x00819d48        0x0 c:/altera/12.0sp2/nios2eds/bin/gnu/h-i686-mingw32/bin/../lib/gcc/nios2-elf/4.1.2/../../../../nios2-elf/lib\libc.a(lib_a-atexit.o)
 .data          0x00819d48        0x0 c:/altera/12.0sp2/nios2eds/bin/gnu/h-i686-mingw32/bin/../lib/gcc/nios2-elf/4.1.2/../../../../nios2-elf/lib\libc.a(lib_a-exit.o)
 .data          0x00819d48        0x0 c:/altera/12.0sp2/nios2eds/bin/gnu/h-i686-mingw32/bin/../lib/gcc/nios2-elf/4.1.2/../../../../nios2-elf/lib\libc.a(lib_a-memcmp.o)
 .data          0x00819d48        0x0 c:/altera/12.0sp2/nios2eds/bin/gnu/h-i686-mingw32/bin/../lib/gcc/nios2-elf/4.1.2/../../../../nios2-elf/lib\libc.a(lib_a-__atexit.o)
 .data          0x00819d48        0x0 c:/altera/12.0sp2/nios2eds/bin/gnu/h-i686-mingw32/bin/../lib/gcc/nios2-elf/4.1.2/../../../../nios2-elf/lib\libc.a(lib_a-__call_atexit.o)
 .data          0x00819d48        0x0 ../LaserSharknado_bsp\libhal_bsp.a(alt_exit.o)
                0x00821d48                _gp = ABSOLUTE ((. + 0x8000))
                0x00821d48                PROVIDE (gp, _gp)
 *(.rwdata .rwdata.*)
 *(.sdata .sdata.* .gnu.linkonce.s.*)
 .sdata         0x00819d48       0x10 obj/default/audio.o
                0x00819d48                CONFIG_NAME
                0x00819d4c                AUDIO_NAME
                0x00819d50                DEBUG
                0x00819d54                toneLength
 .sdata         0x00819d58        0x8 c:/altera/12.0sp2/nios2eds/bin/gnu/h-i686-mingw32/bin/../lib/gcc/nios2-elf/4.1.2/../../../../nios2-elf/lib\libc.a(lib_a-mallocr.o)
                0x00819d58                __malloc_trim_threshold
                0x00819d5c                __malloc_sbrk_base
 .sdata         0x00819d60        0x8 c:/altera/12.0sp2/nios2eds/bin/gnu/h-i686-mingw32/bin/../lib/gcc/nios2-elf/4.1.2/../../../../nios2-elf/lib\libc.a(lib_a-impure.o)
                0x00819d60                _impure_ptr
                0x00819d64                _global_impure_ptr
 .sdata         0x00819d68        0x8 c:/altera/12.0sp2/nios2eds/bin/gnu/h-i686-mingw32/bin/../lib/gcc/nios2-elf/4.1.2/../../../../nios2-elf/lib\libc.a(lib_a-locale.o)
                0x00819d68                __mb_cur_max
 .sdata         0x00819d70       0x14 ../LaserSharknado_bsp\libhal_bsp.a(alt_dev.o)
                0x00819d70                alt_fs_list
                0x00819d78                alt_dev_list
                0x00819d80                alt_max_fd
 .sdata         0x00819d84        0x4 ../LaserSharknado_bsp\libhal_bsp.a(alt_errno.o)
                0x00819d84                alt_errno
 .sdata         0x00819d88        0x4 ../LaserSharknado_bsp\libhal_bsp.a(alt_sbrk.o)
 .sdata         0x00819d8c        0x8 ../LaserSharknado_bsp\libhal_bsp.a(alt_tick.o)
                0x00819d8c                alt_alarm_list
 .sdata         0x00819d94        0x4 ../LaserSharknado_bsp\libhal_bsp.a(alt_irq_vars.o)
                0x00819d94                alt_priority_mask
 *(.sdata2 .sdata2.* .gnu.linkonce.s2.*)
                0x00819d98                . = ALIGN (0x4)
                0x00819d98                _edata = ABSOLUTE (.)
                0x00819d98                PROVIDE (edata, ABSOLUTE (.))
                0x00819d98                PROVIDE (__ram_rwdata_end, ABSOLUTE (.))
                0x00819d98                PROVIDE (__flash_rwdata_start, LOADADDR (.rwdata))

.bss            0x0081b958      0xa8c
                0x0081b958                __bss_start = ABSOLUTE (.)
                0x0081b958                PROVIDE (__sbss_start, ABSOLUTE (.))
                0x0081b958                PROVIDE (___sbss_start, ABSOLUTE (.))
 *(.dynsbss)
 *(.sbss .sbss.* .gnu.linkonce.sb.*)
 .sbss          0x0081b958        0x8 obj/default/audio.o
                0x0081b958                audio
                0x0081b95c                config
 .sbss          0x0081b960        0xc obj/default/audio.o
                0x0081b960                laserBufferLength
                0x0081b964                sdDev
                0x0081b968                laserBuffer
 .sbss          0x0081b96c        0xc c:/altera/12.0sp2/nios2eds/bin/gnu/h-i686-mingw32/bin/../lib/gcc/nios2-elf/4.1.2/../../../../nios2-elf/lib\libc.a(lib_a-mallocr.o)
                0x0081b96c                __malloc_top_pad
                0x0081b970                __malloc_max_sbrked_mem
                0x0081b974                __malloc_max_total_mem
 .sbss          0x0081b978        0x4 c:/altera/12.0sp2/nios2eds/bin/gnu/h-i686-mingw32/bin/../lib/gcc/nios2-elf/4.1.2/../../../../nios2-elf/lib\libc.a(lib_a-int_errno.o)
                0x0081b978                errno
 .sbss          0x0081b97c        0xc c:/altera/12.0sp2/nios2eds/bin/gnu/h-i686-mingw32/bin/../lib/gcc/nios2-elf/4.1.2/../../../../nios2-elf/lib\libc.a(lib_a-locale.o)
                0x0081b97c                __nlocale_changed
                0x0081b980                __mlocale_changed
                0x0081b984                _PathLocale
 .sbss          0x0081b988        0xc ../LaserSharknado_bsp\libhal_bsp.a(alt_main.o)
                0x0081b988                alt_argc
                0x0081b98c                alt_argv
                0x0081b990                alt_envp
 .sbss          0x0081b994        0x8 ../LaserSharknado_bsp\libhal_bsp.a(alt_tick.o)
                0x0081b994                _alt_tick_rate
                0x0081b998                _alt_nticks
 .sbss          0x0081b99c        0x8 ../LaserSharknado_bsp\libhal_bsp.a(altera_avalon_timer_vars.o)
                0x0081b99c                altera_avalon_timer_ts_base
                0x0081b9a0                altera_avalon_timer_ts_freq
 .sbss          0x0081b9a4       0x34 ../LaserSharknado_bsp\libhal_bsp.a(altera_up_sd_card_avalon_interface.o)
                0x0081b9a4                initialized
                0x0081b9a8                is_sd_card_formated_as_FAT16
                0x0081b9ac                aux_status_register
                0x0081b9b0                status_register
                0x0081b9b4                CSD_register_w0
                0x0081b9b8                command_register
                0x0081b9bc                command_argument_register
                0x0081b9c0                buffer_memory
                0x0081b9c4                fat_partition_offset_in_512_byte_sectors
                0x0081b9c8                fat_partition_size_in_512_byte_sectors
                0x0081b9cc                device_pointer
                0x0081b9d0                current_sector_modified
                0x0081b9d4                current_sector_index
 .sbss          0x0081b9d8        0x4 ../LaserSharknado_bsp\libhal_bsp.a(alt_irq_vars.o)
                0x0081b9d8                alt_irq_active
 *(.sbss2 .sbss2.* .gnu.linkonce.sb2.*)
 *(.scommon)
                0x0081b9dc                PROVIDE (__sbss_end, ABSOLUTE (.))
                0x0081b9dc                PROVIDE (___sbss_end, ABSOLUTE (.))
 *(.dynbss)
 *(.bss .bss.* .gnu.linkonce.b.*)
 .bss           0x0081b9dc        0x0 ../LaserSharknado_bsp/obj/HAL/src/crt0.o
 .bss           0x0081b9dc        0x0 obj/default/audio.o
 .bss           0x0081b9dc        0x0 obj/default/audio_up_hack.o
 .bss           0x0081b9dc        0x0 obj/default/hello_world.o
 .bss           0x0081b9dc        0x0 obj/default/player.o
 .bss           0x0081b9dc        0x0 obj/default/sd_card.o
 .bss           0x0081b9dc        0x0 obj/default/timer.o
 .bss           0x0081b9dc        0x0 obj/default/vga.o
 .bss           0x0081b9dc        0x0 c:/altera/12.0sp2/nios2eds/bin/gnu/h-i686-mingw32/bin/../lib/gcc/nios2-elf/4.1.2/../../../../nios2-elf/lib\libm.a(lib_a-s_sin.o)
 .bss           0x0081b9dc        0x0 c:/altera/12.0sp2/nios2eds/bin/gnu/h-i686-mingw32/bin/../lib/gcc/nios2-elf/4.1.2/../../../../nios2-elf/lib\libm.a(lib_a-e_rem_pio2.o)
 .bss           0x0081b9dc        0x0 c:/altera/12.0sp2/nios2eds/bin/gnu/h-i686-mingw32/bin/../lib/gcc/nios2-elf/4.1.2/../../../../nios2-elf/lib\libm.a(lib_a-k_cos.o)
 .bss           0x0081b9dc        0x0 c:/altera/12.0sp2/nios2eds/bin/gnu/h-i686-mingw32/bin/../lib/gcc/nios2-elf/4.1.2/../../../../nios2-elf/lib\libm.a(lib_a-k_rem_pio2.o)
 .bss           0x0081b9dc        0x0 c:/altera/12.0sp2/nios2eds/bin/gnu/h-i686-mingw32/bin/../lib/gcc/nios2-elf/4.1.2/../../../../nios2-elf/lib\libm.a(lib_a-k_sin.o)
 .bss           0x0081b9dc        0x0 c:/altera/12.0sp2/nios2eds/bin/gnu/h-i686-mingw32/bin/../lib/gcc/nios2-elf/4.1.2/../../../../nios2-elf/lib\libm.a(lib_a-s_fabs.o)
 .bss           0x0081b9dc        0x0 c:/altera/12.0sp2/nios2eds/bin/gnu/h-i686-mingw32/bin/../lib/gcc/nios2-elf/4.1.2/../../../../nios2-elf/lib\libm.a(lib_a-s_floor.o)
 .bss           0x0081b9dc        0x0 c:/altera/12.0sp2/nios2eds/bin/gnu/h-i686-mingw32/bin/../lib/gcc/nios2-elf/4.1.2/../../../../nios2-elf/lib\libm.a(lib_a-s_scalbn.o)
 .bss           0x0081b9dc        0x0 c:/altera/12.0sp2/nios2eds/bin/gnu/h-i686-mingw32/bin/../lib/gcc/nios2-elf/4.1.2/../../../../nios2-elf/lib\libm.a(lib_a-s_copysign.o)
 .bss           0x0081b9dc        0x0 c:/altera/12.0sp2/nios2eds/bin/gnu/h-i686-mingw32/bin/../lib/gcc/nios2-elf/4.1.2\libgcc.a(_fixunsdfsi.o)
 .bss           0x0081b9dc        0x0 c:/altera/12.0sp2/nios2eds/bin/gnu/h-i686-mingw32/bin/../lib/gcc/nios2-elf/4.1.2\libgcc.a(_div_sf.o)
 .bss           0x0081b9dc        0x0 c:/altera/12.0sp2/nios2eds/bin/gnu/h-i686-mingw32/bin/../lib/gcc/nios2-elf/4.1.2\libgcc.a(_si_to_sf.o)
 .bss           0x0081b9dc        0x0 c:/altera/12.0sp2/nios2eds/bin/gnu/h-i686-mingw32/bin/../lib/gcc/nios2-elf/4.1.2\libgcc.a(_sf_to_df.o)
 .bss           0x0081b9dc        0x0 c:/altera/12.0sp2/nios2eds/bin/gnu/h-i686-mingw32/bin/../lib/gcc/nios2-elf/4.1.2\libgcc.a(_thenan_sf.o)
 .bss           0x0081b9dc        0x0 c:/altera/12.0sp2/nios2eds/bin/gnu/h-i686-mingw32/bin/../lib/gcc/nios2-elf/4.1.2\libgcc.a(_addsub_df.o)
 .bss           0x0081b9dc        0x0 c:/altera/12.0sp2/nios2eds/bin/gnu/h-i686-mingw32/bin/../lib/gcc/nios2-elf/4.1.2\libgcc.a(_mul_df.o)
 .bss           0x0081b9dc        0x0 c:/altera/12.0sp2/nios2eds/bin/gnu/h-i686-mingw32/bin/../lib/gcc/nios2-elf/4.1.2\libgcc.a(_div_df.o)
 .bss           0x0081b9dc        0x0 c:/altera/12.0sp2/nios2eds/bin/gnu/h-i686-mingw32/bin/../lib/gcc/nios2-elf/4.1.2\libgcc.a(_eq_df.o)
 .bss           0x0081b9dc        0x0 c:/altera/12.0sp2/nios2eds/bin/gnu/h-i686-mingw32/bin/../lib/gcc/nios2-elf/4.1.2\libgcc.a(_gt_df.o)
 .bss           0x0081b9dc        0x0 c:/altera/12.0sp2/nios2eds/bin/gnu/h-i686-mingw32/bin/../lib/gcc/nios2-elf/4.1.2\libgcc.a(_ge_df.o)
 .bss           0x0081b9dc        0x0 c:/altera/12.0sp2/nios2eds/bin/gnu/h-i686-mingw32/bin/../lib/gcc/nios2-elf/4.1.2\libgcc.a(_si_to_df.o)
 .bss           0x0081b9dc        0x0 c:/altera/12.0sp2/nios2eds/bin/gnu/h-i686-mingw32/bin/../lib/gcc/nios2-elf/4.1.2\libgcc.a(_df_to_si.o)
 .bss           0x0081b9dc        0x0 c:/altera/12.0sp2/nios2eds/bin/gnu/h-i686-mingw32/bin/../lib/gcc/nios2-elf/4.1.2\libgcc.a(_make_df.o)
 .bss           0x0081b9dc        0x0 c:/altera/12.0sp2/nios2eds/bin/gnu/h-i686-mingw32/bin/../lib/gcc/nios2-elf/4.1.2\libgcc.a(_thenan_df.o)
 .bss           0x0081b9dc        0x0 c:/altera/12.0sp2/nios2eds/bin/gnu/h-i686-mingw32/bin/../lib/gcc/nios2-elf/4.1.2\libgcc.a(lib2-divmod.o)
 .bss           0x0081b9dc        0x0 c:/altera/12.0sp2/nios2eds/bin/gnu/h-i686-mingw32/bin/../lib/gcc/nios2-elf/4.1.2\libgcc.a(_muldi3.o)
 .bss           0x0081b9dc        0x0 c:/altera/12.0sp2/nios2eds/bin/gnu/h-i686-mingw32/bin/../lib/gcc/nios2-elf/4.1.2\libgcc.a(_clzsi2.o)
 .bss           0x0081b9dc        0x0 c:/altera/12.0sp2/nios2eds/bin/gnu/h-i686-mingw32/bin/../lib/gcc/nios2-elf/4.1.2\libgcc.a(_pack_sf.o)
 .bss           0x0081b9dc        0x0 c:/altera/12.0sp2/nios2eds/bin/gnu/h-i686-mingw32/bin/../lib/gcc/nios2-elf/4.1.2\libgcc.a(_unpack_sf.o)
 .bss           0x0081b9dc        0x0 c:/altera/12.0sp2/nios2eds/bin/gnu/h-i686-mingw32/bin/../lib/gcc/nios2-elf/4.1.2\libgcc.a(_pack_df.o)
 .bss           0x0081b9dc        0x0 c:/altera/12.0sp2/nios2eds/bin/gnu/h-i686-mingw32/bin/../lib/gcc/nios2-elf/4.1.2\libgcc.a(_unpack_df.o)
 .bss           0x0081b9dc        0x0 c:/altera/12.0sp2/nios2eds/bin/gnu/h-i686-mingw32/bin/../lib/gcc/nios2-elf/4.1.2\libgcc.a(_fpcmp_parts_df.o)
 .bss           0x0081b9dc        0x0 c:/altera/12.0sp2/nios2eds/bin/gnu/h-i686-mingw32/bin/../lib/gcc/nios2-elf/4.1.2\libgcc.a(_clz.o)
 .bss           0x0081b9dc        0x0 c:/altera/12.0sp2/nios2eds/bin/gnu/h-i686-mingw32/bin/../lib/gcc/nios2-elf/4.1.2/../../../../nios2-elf/lib\libc.a(lib_a-malloc.o)
 .bss           0x0081b9dc       0x28 c:/altera/12.0sp2/nios2eds/bin/gnu/h-i686-mingw32/bin/../lib/gcc/nios2-elf/4.1.2/../../../../nios2-elf/lib\libc.a(lib_a-mallocr.o)
                0x0081b9dc                __malloc_current_mallinfo
 .bss           0x0081ba04        0x0 c:/altera/12.0sp2/nios2eds/bin/gnu/h-i686-mingw32/bin/../lib/gcc/nios2-elf/4.1.2/../../../../nios2-elf/lib\libc.a(lib_a-printf.o)
 .bss           0x0081ba04        0x0 c:/altera/12.0sp2/nios2eds/bin/gnu/h-i686-mingw32/bin/../lib/gcc/nios2-elf/4.1.2/../../../../nios2-elf/lib\libc.a(lib_a-puts.o)
 .bss           0x0081ba04        0x0 c:/altera/12.0sp2/nios2eds/bin/gnu/h-i686-mingw32/bin/../lib/gcc/nios2-elf/4.1.2/../../../../nios2-elf/lib\libc.a(lib_a-sbrkr.o)
 .bss           0x0081ba04        0x0 c:/altera/12.0sp2/nios2eds/bin/gnu/h-i686-mingw32/bin/../lib/gcc/nios2-elf/4.1.2/../../../../nios2-elf/lib\libc.a(lib_a-strlen.o)
 .bss           0x0081ba04        0x0 c:/altera/12.0sp2/nios2eds/bin/gnu/h-i686-mingw32/bin/../lib/gcc/nios2-elf/4.1.2/../../../../nios2-elf/lib\libc.a(lib_a-vfprintf.o)
 .bss           0x0081ba04        0x0 c:/altera/12.0sp2/nios2eds/bin/gnu/h-i686-mingw32/bin/../lib/gcc/nios2-elf/4.1.2/../../../../nios2-elf/lib\libc.a(lib_a-wsetup.o)
 .bss           0x0081ba04        0x0 c:/altera/12.0sp2/nios2eds/bin/gnu/h-i686-mingw32/bin/../lib/gcc/nios2-elf/4.1.2/../../../../nios2-elf/lib\libc.a(lib_a-dtoa.o)
 .bss           0x0081ba04        0x0 c:/altera/12.0sp2/nios2eds/bin/gnu/h-i686-mingw32/bin/../lib/gcc/nios2-elf/4.1.2/../../../../nios2-elf/lib\libc.a(lib_a-fflush.o)
 .bss           0x0081ba04        0x0 c:/altera/12.0sp2/nios2eds/bin/gnu/h-i686-mingw32/bin/../lib/gcc/nios2-elf/4.1.2/../../../../nios2-elf/lib\libc.a(lib_a-findfp.o)
 .bss           0x0081ba04        0x0 c:/altera/12.0sp2/nios2eds/bin/gnu/h-i686-mingw32/bin/../lib/gcc/nios2-elf/4.1.2/../../../../nios2-elf/lib\libc.a(lib_a-freer.o)
 .bss           0x0081ba04        0x0 c:/altera/12.0sp2/nios2eds/bin/gnu/h-i686-mingw32/bin/../lib/gcc/nios2-elf/4.1.2/../../../../nios2-elf/lib\libc.a(lib_a-fvwrite.o)
 .bss           0x0081ba04        0x0 c:/altera/12.0sp2/nios2eds/bin/gnu/h-i686-mingw32/bin/../lib/gcc/nios2-elf/4.1.2/../../../../nios2-elf/lib\libc.a(lib_a-fwalk.o)
 .bss           0x0081ba04        0x0 c:/altera/12.0sp2/nios2eds/bin/gnu/h-i686-mingw32/bin/../lib/gcc/nios2-elf/4.1.2/../../../../nios2-elf/lib\libc.a(lib_a-impure.o)
 .bss           0x0081ba04        0x0 c:/altera/12.0sp2/nios2eds/bin/gnu/h-i686-mingw32/bin/../lib/gcc/nios2-elf/4.1.2/../../../../nios2-elf/lib\libc.a(lib_a-int_errno.o)
 .bss           0x0081ba04        0x0 c:/altera/12.0sp2/nios2eds/bin/gnu/h-i686-mingw32/bin/../lib/gcc/nios2-elf/4.1.2/../../../../nios2-elf/lib\libc.a(lib_a-locale.o)
 .bss           0x0081ba04        0x0 c:/altera/12.0sp2/nios2eds/bin/gnu/h-i686-mingw32/bin/../lib/gcc/nios2-elf/4.1.2/../../../../nios2-elf/lib\libc.a(lib_a-makebuf.o)
 .bss           0x0081ba04        0x0 c:/altera/12.0sp2/nios2eds/bin/gnu/h-i686-mingw32/bin/../lib/gcc/nios2-elf/4.1.2/../../../../nios2-elf/lib\libc.a(lib_a-memchr.o)
 .bss           0x0081ba04        0x0 c:/altera/12.0sp2/nios2eds/bin/gnu/h-i686-mingw32/bin/../lib/gcc/nios2-elf/4.1.2/../../../../nios2-elf/lib\libc.a(lib_a-memcpy.o)
 .bss           0x0081ba04        0x0 c:/altera/12.0sp2/nios2eds/bin/gnu/h-i686-mingw32/bin/../lib/gcc/nios2-elf/4.1.2/../../../../nios2-elf/lib\libc.a(lib_a-memmove.o)
 .bss           0x0081ba04        0x0 c:/altera/12.0sp2/nios2eds/bin/gnu/h-i686-mingw32/bin/../lib/gcc/nios2-elf/4.1.2/../../../../nios2-elf/lib\libc.a(lib_a-memset.o)
 .bss           0x0081ba04        0x0 c:/altera/12.0sp2/nios2eds/bin/gnu/h-i686-mingw32/bin/../lib/gcc/nios2-elf/4.1.2/../../../../nios2-elf/lib\libc.a(lib_a-mprec.o)
 .bss           0x0081ba04        0x0 c:/altera/12.0sp2/nios2eds/bin/gnu/h-i686-mingw32/bin/../lib/gcc/nios2-elf/4.1.2/../../../../nios2-elf/lib\libc.a(lib_a-reallocr.o)
 .bss           0x0081ba04        0x0 c:/altera/12.0sp2/nios2eds/bin/gnu/h-i686-mingw32/bin/../lib/gcc/nios2-elf/4.1.2/../../../../nios2-elf/lib\libc.a(lib_a-s_isinfd.o)
 .bss           0x0081ba04        0x0 c:/altera/12.0sp2/nios2eds/bin/gnu/h-i686-mingw32/bin/../lib/gcc/nios2-elf/4.1.2/../../../../nios2-elf/lib\libc.a(lib_a-s_isnand.o)
 .bss           0x0081ba04        0x0 c:/altera/12.0sp2/nios2eds/bin/gnu/h-i686-mingw32/bin/../lib/gcc/nios2-elf/4.1.2/../../../../nios2-elf/lib\libc.a(lib_a-stdio.o)
 .bss           0x0081ba04        0x0 c:/altera/12.0sp2/nios2eds/bin/gnu/h-i686-mingw32/bin/../lib/gcc/nios2-elf/4.1.2/../../../../nios2-elf/lib\libc.a(lib_a-strcmp.o)
 .bss           0x0081ba04        0x0 c:/altera/12.0sp2/nios2eds/bin/gnu/h-i686-mingw32/bin/../lib/gcc/nios2-elf/4.1.2/../../../../nios2-elf/lib\libc.a(lib_a-writer.o)
 .bss           0x0081ba04        0x0 c:/altera/12.0sp2/nios2eds/bin/gnu/h-i686-mingw32/bin/../lib/gcc/nios2-elf/4.1.2/../../../../nios2-elf/lib\libc.a(lib_a-callocr.o)
 .bss           0x0081ba04        0x0 c:/altera/12.0sp2/nios2eds/bin/gnu/h-i686-mingw32/bin/../lib/gcc/nios2-elf/4.1.2/../../../../nios2-elf/lib\libc.a(lib_a-closer.o)
 .bss           0x0081ba04        0x0 c:/altera/12.0sp2/nios2eds/bin/gnu/h-i686-mingw32/bin/../lib/gcc/nios2-elf/4.1.2/../../../../nios2-elf/lib\libc.a(lib_a-fclose.o)
 .bss           0x0081ba04        0x0 c:/altera/12.0sp2/nios2eds/bin/gnu/h-i686-mingw32/bin/../lib/gcc/nios2-elf/4.1.2/../../../../nios2-elf/lib\libc.a(lib_a-fstatr.o)
 .bss           0x0081ba04        0x0 c:/altera/12.0sp2/nios2eds/bin/gnu/h-i686-mingw32/bin/../lib/gcc/nios2-elf/4.1.2/../../../../nios2-elf/lib\libc.a(lib_a-isattyr.o)
 .bss           0x0081ba04        0x0 c:/altera/12.0sp2/nios2eds/bin/gnu/h-i686-mingw32/bin/../lib/gcc/nios2-elf/4.1.2/../../../../nios2-elf/lib\libc.a(lib_a-lseekr.o)
 .bss           0x0081ba04        0x0 c:/altera/12.0sp2/nios2eds/bin/gnu/h-i686-mingw32/bin/../lib/gcc/nios2-elf/4.1.2/../../../../nios2-elf/lib\libc.a(lib_a-readr.o)
 .bss           0x0081ba04        0x0 c:/altera/12.0sp2/nios2eds/bin/gnu/h-i686-mingw32/bin/../lib/gcc/nios2-elf/4.1.2\libgcc.a(_udivdi3.o)
 .bss           0x0081ba04        0x0 c:/altera/12.0sp2/nios2eds/bin/gnu/h-i686-mingw32/bin/../lib/gcc/nios2-elf/4.1.2\libgcc.a(_umoddi3.o)
 .bss           0x0081ba04        0x0 c:/altera/12.0sp2/nios2eds/bin/gnu/h-i686-mingw32/bin/../lib/gcc/nios2-elf/4.1.2\libgcc.a(_ne_df.o)
 .bss           0x0081ba04        0x0 c:/altera/12.0sp2/nios2eds/bin/gnu/h-i686-mingw32/bin/../lib/gcc/nios2-elf/4.1.2\libgcc.a(_lt_df.o)
 .bss           0x0081ba04        0x0 c:/altera/12.0sp2/nios2eds/bin/gnu/h-i686-mingw32/bin/../lib/gcc/nios2-elf/4.1.2\libgcc.a(_usi_to_df.o)
 .bss           0x0081ba04        0x0 ../LaserSharknado_bsp\libhal_bsp.a(alt_close.o)
 .bss           0x0081ba04        0x0 ../LaserSharknado_bsp\libhal_bsp.a(alt_dev.o)
 .bss           0x0081ba04        0x0 ../LaserSharknado_bsp\libhal_bsp.a(alt_errno.o)
 .bss           0x0081ba04        0x0 ../LaserSharknado_bsp\libhal_bsp.a(alt_fstat.o)
 .bss           0x0081ba04        0x0 ../LaserSharknado_bsp\libhal_bsp.a(alt_isatty.o)
 .bss           0x0081ba04        0x0 ../LaserSharknado_bsp\libhal_bsp.a(alt_load.o)
 .bss           0x0081ba04        0x0 ../LaserSharknado_bsp\libhal_bsp.a(alt_lseek.o)
 .bss           0x0081ba04        0x0 ../LaserSharknado_bsp\libhal_bsp.a(alt_main.o)
 .bss           0x0081ba04        0x0 ../LaserSharknado_bsp\libhal_bsp.a(alt_malloc_lock.o)
 .bss           0x0081ba04        0x0 ../LaserSharknado_bsp\libhal_bsp.a(alt_read.o)
 .bss           0x0081ba04        0x0 ../LaserSharknado_bsp\libhal_bsp.a(alt_release_fd.o)
 .bss           0x0081ba04        0x0 ../LaserSharknado_bsp\libhal_bsp.a(alt_sbrk.o)
 .bss           0x0081ba04        0x0 ../LaserSharknado_bsp\libhal_bsp.a(alt_tick.o)
 .bss           0x0081ba04        0x0 ../LaserSharknado_bsp\libhal_bsp.a(alt_usleep.o)
 .bss           0x0081ba04        0x0 ../LaserSharknado_bsp\libhal_bsp.a(alt_write.o)
 .bss           0x0081ba04        0x0 ../LaserSharknado_bsp\libhal_bsp.a(alt_sys_init.o)
 .bss           0x0081ba04        0x0 ../LaserSharknado_bsp\libhal_bsp.a(altera_avalon_jtag_uart_fd.o)
 .bss           0x0081ba04        0x0 ../LaserSharknado_bsp\libhal_bsp.a(altera_avalon_jtag_uart_init.o)
 .bss           0x0081ba04        0x0 ../LaserSharknado_bsp\libhal_bsp.a(altera_avalon_jtag_uart_ioctl.o)
 .bss           0x0081ba04        0x0 ../LaserSharknado_bsp\libhal_bsp.a(altera_avalon_jtag_uart_read.o)
 .bss           0x0081ba04        0x0 ../LaserSharknado_bsp\libhal_bsp.a(altera_avalon_jtag_uart_write.o)
 .bss           0x0081ba04        0x0 ../LaserSharknado_bsp\libhal_bsp.a(altera_avalon_timer_sc.o)
 .bss           0x0081ba04        0x0 ../LaserSharknado_bsp\libhal_bsp.a(altera_avalon_timer_ts.o)
 .bss           0x0081ba04        0x0 ../LaserSharknado_bsp\libhal_bsp.a(altera_avalon_timer_vars.o)
 .bss           0x0081ba04        0x0 ../LaserSharknado_bsp\libhal_bsp.a(altera_up_avalon_audio.o)
 .bss           0x0081ba04        0x0 ../LaserSharknado_bsp\libhal_bsp.a(altera_up_avalon_audio_and_video_config.o)
 .bss           0x0081ba04        0x0 ../LaserSharknado_bsp\libhal_bsp.a(altera_up_avalon_character_lcd.o)
 .bss           0x0081ba04        0x0 ../LaserSharknado_bsp\libhal_bsp.a(altera_up_avalon_video_character_buffer_with_dma.o)
 .bss           0x0081ba04        0x0 ../LaserSharknado_bsp\libhal_bsp.a(altera_up_avalon_video_pixel_buffer_dma.o)
 .bss           0x0081ba04        0x0 ../LaserSharknado_bsp\libhal_bsp.a(altera_up_sd_card_avalon_interface.o)
 .bss           0x0081ba04        0x0 ../LaserSharknado_bsp\libhal_bsp.a(alt_alarm_start.o)
 .bss           0x0081ba04        0x0 ../LaserSharknado_bsp\libhal_bsp.a(alt_busy_sleep.o)
 .bss           0x0081ba04        0x0 ../LaserSharknado_bsp\libhal_bsp.a(alt_dcache_flush_all.o)
 .bss           0x0081ba04        0x0 ../LaserSharknado_bsp\libhal_bsp.a(alt_dev_llist_insert.o)
 .bss           0x0081ba04        0x0 ../LaserSharknado_bsp\libhal_bsp.a(alt_do_ctors.o)
 .bss           0x0081ba04        0x0 ../LaserSharknado_bsp\libhal_bsp.a(alt_do_dtors.o)
 .bss           0x0081ba04        0x0 ../LaserSharknado_bsp\libhal_bsp.a(alt_find_dev.o)
 .bss           0x0081ba04        0x0 ../LaserSharknado_bsp\libhal_bsp.a(alt_icache_flush_all.o)
 .bss           0x0081ba04        0x0 ../LaserSharknado_bsp\libhal_bsp.a(alt_io_redirect.o)
 .bss           0x0081ba04        0x0 ../LaserSharknado_bsp\libhal_bsp.a(alt_irq_register.o)
 .bss           0x0081ba04        0x0 ../LaserSharknado_bsp\libhal_bsp.a(alt_irq_vars.o)
 .bss           0x0081ba04        0x0 ../LaserSharknado_bsp\libhal_bsp.a(alt_open.o)
 .bss           0x0081ba04        0x0 ../LaserSharknado_bsp\libhal_bsp.a(altera_nios2_qsys_irq.o)
 .bss           0x0081ba04        0x0 ../LaserSharknado_bsp\libhal_bsp.a(alt_find_file.o)
 .bss           0x0081ba04        0x0 ../LaserSharknado_bsp\libhal_bsp.a(alt_get_fd.o)
 .bss           0x0081ba04        0x0 ../LaserSharknado_bsp\libhal_bsp.a(alt_icache_flush.o)
 .bss           0x0081ba04        0x0 ../LaserSharknado_bsp\libhal_bsp.a(alt_irq_entry.o)
 .bss           0x0081ba04        0x0 ../LaserSharknado_bsp\libhal_bsp.a(alt_irq_handler.o)
 .bss           0x0081ba04        0x0 ../LaserSharknado_bsp\libhal_bsp.a(alt_exception_entry.o)
 .bss           0x0081ba04        0x0 c:/altera/12.0sp2/nios2eds/bin/gnu/h-i686-mingw32/bin/../lib/gcc/nios2-elf/4.1.2/../../../../nios2-elf/lib\libc.a(lib_a-atexit.o)
 .bss           0x0081ba04        0x0 c:/altera/12.0sp2/nios2eds/bin/gnu/h-i686-mingw32/bin/../lib/gcc/nios2-elf/4.1.2/../../../../nios2-elf/lib\libc.a(lib_a-exit.o)
 .bss           0x0081ba04        0x0 c:/altera/12.0sp2/nios2eds/bin/gnu/h-i686-mingw32/bin/../lib/gcc/nios2-elf/4.1.2/../../../../nios2-elf/lib\libc.a(lib_a-memcmp.o)
 .bss           0x0081ba04        0x0 c:/altera/12.0sp2/nios2eds/bin/gnu/h-i686-mingw32/bin/../lib/gcc/nios2-elf/4.1.2/../../../../nios2-elf/lib\libc.a(lib_a-__atexit.o)
 .bss           0x0081ba04        0x0 c:/altera/12.0sp2/nios2eds/bin/gnu/h-i686-mingw32/bin/../lib/gcc/nios2-elf/4.1.2/../../../../nios2-elf/lib\libc.a(lib_a-__call_atexit.o)
 .bss           0x0081ba04        0x0 ../LaserSharknado_bsp\libhal_bsp.a(alt_exit.o)
 *(COMMON)
 COMMON         0x0081ba04      0x1e8 obj/default/audio.o
                0x0081ba04                tone
 COMMON         0x0081bbec      0x568 ../LaserSharknado_bsp\libhal_bsp.a(altera_up_sd_card_avalon_interface.o)
                0x0081bbec                search_data
                0x0081bc00                boot_sector_data
                0x0081bc54                active_files
 COMMON         0x0081c154      0x100 ../LaserSharknado_bsp\libhal_bsp.a(alt_irq_handler.o)
                0x0081c154                alt_irq
 COMMON         0x0081c254      0x190 c:/altera/12.0sp2/nios2eds/bin/gnu/h-i686-mingw32/bin/../lib/gcc/nios2-elf/4.1.2/../../../../nios2-elf/lib\libc.a(lib_a-atexit.o)
                0x0081c254                _atexit0
                0x0081c3e4                . = ALIGN (0x4)
                0x0081c3e4                __bss_end = ABSOLUTE (.)

.sdram_0        0x0081c3e4        0x0
                0x0081c3e4                PROVIDE (_alt_partition_sdram_0_start, ABSOLUTE (.))
 *(.sdram_0. sdram_0.*)
                0x0081c3e4                . = ALIGN (0x4)
                0x0081c3e4                PROVIDE (_alt_partition_sdram_0_end, ABSOLUTE (.))
                0x0081c3e4                _end = ABSOLUTE (.)
                0x0081c3e4                end = ABSOLUTE (.)
                0x0081c3e4                __alt_stack_base = ABSOLUTE (.)
                0x0081c3e4                PROVIDE (_alt_partition_sdram_0_load_addr, LOADADDR (.sdram_0))

.stab
 *(.stab)

.stabstr
 *(.stabstr)

.stab.excl
 *(.stab.excl)

.stab.exclstr
 *(.stab.exclstr)

.stab.index
 *(.stab.index)

.stab.indexstr
 *(.stab.indexstr)

.comment        0x00000000       0x26
 *(.comment)
 .comment       0x00000000       0x26 obj/default/audio.o
                                 0x27 (size before relaxing)
 .comment       0x00000000       0x27 obj/default/audio_up_hack.o
 .comment       0x00000000       0x27 obj/default/hello_world.o
 .comment       0x00000000       0x27 obj/default/player.o
 .comment       0x00000000       0x27 obj/default/sd_card.o
 .comment       0x00000000       0x27 obj/default/timer.o
 .comment       0x00000000       0x27 obj/default/vga.o
 .comment       0x00000000       0x27 c:/altera/12.0sp2/nios2eds/bin/gnu/h-i686-mingw32/bin/../lib/gcc/nios2-elf/4.1.2/../../../../nios2-elf/lib\libm.a(lib_a-s_sin.o)
 .comment       0x00000000       0x27 c:/altera/12.0sp2/nios2eds/bin/gnu/h-i686-mingw32/bin/../lib/gcc/nios2-elf/4.1.2/../../../../nios2-elf/lib\libm.a(lib_a-e_rem_pio2.o)
 .comment       0x00000000       0x27 c:/altera/12.0sp2/nios2eds/bin/gnu/h-i686-mingw32/bin/../lib/gcc/nios2-elf/4.1.2/../../../../nios2-elf/lib\libm.a(lib_a-k_cos.o)
 .comment       0x00000000       0x27 c:/altera/12.0sp2/nios2eds/bin/gnu/h-i686-mingw32/bin/../lib/gcc/nios2-elf/4.1.2/../../../../nios2-elf/lib\libm.a(lib_a-k_rem_pio2.o)
 .comment       0x00000000       0x27 c:/altera/12.0sp2/nios2eds/bin/gnu/h-i686-mingw32/bin/../lib/gcc/nios2-elf/4.1.2/../../../../nios2-elf/lib\libm.a(lib_a-k_sin.o)
 .comment       0x00000000       0x27 c:/altera/12.0sp2/nios2eds/bin/gnu/h-i686-mingw32/bin/../lib/gcc/nios2-elf/4.1.2/../../../../nios2-elf/lib\libm.a(lib_a-s_fabs.o)
 .comment       0x00000000       0x27 c:/altera/12.0sp2/nios2eds/bin/gnu/h-i686-mingw32/bin/../lib/gcc/nios2-elf/4.1.2/../../../../nios2-elf/lib\libm.a(lib_a-s_floor.o)
 .comment       0x00000000       0x27 c:/altera/12.0sp2/nios2eds/bin/gnu/h-i686-mingw32/bin/../lib/gcc/nios2-elf/4.1.2/../../../../nios2-elf/lib\libm.a(lib_a-s_scalbn.o)
 .comment       0x00000000       0x27 c:/altera/12.0sp2/nios2eds/bin/gnu/h-i686-mingw32/bin/../lib/gcc/nios2-elf/4.1.2/../../../../nios2-elf/lib\libm.a(lib_a-s_copysign.o)
 .comment       0x00000000       0x27 c:/altera/12.0sp2/nios2eds/bin/gnu/h-i686-mingw32/bin/../lib/gcc/nios2-elf/4.1.2\libgcc.a(_fixunsdfsi.o)
 .comment       0x00000000       0x27 c:/altera/12.0sp2/nios2eds/bin/gnu/h-i686-mingw32/bin/../lib/gcc/nios2-elf/4.1.2\libgcc.a(_div_sf.o)
 .comment       0x00000000       0x27 c:/altera/12.0sp2/nios2eds/bin/gnu/h-i686-mingw32/bin/../lib/gcc/nios2-elf/4.1.2\libgcc.a(_si_to_sf.o)
 .comment       0x00000000       0x27 c:/altera/12.0sp2/nios2eds/bin/gnu/h-i686-mingw32/bin/../lib/gcc/nios2-elf/4.1.2\libgcc.a(_sf_to_df.o)
 .comment       0x00000000       0x27 c:/altera/12.0sp2/nios2eds/bin/gnu/h-i686-mingw32/bin/../lib/gcc/nios2-elf/4.1.2\libgcc.a(_thenan_sf.o)
 .comment       0x00000000       0x27 c:/altera/12.0sp2/nios2eds/bin/gnu/h-i686-mingw32/bin/../lib/gcc/nios2-elf/4.1.2\libgcc.a(_addsub_df.o)
 .comment       0x00000000       0x27 c:/altera/12.0sp2/nios2eds/bin/gnu/h-i686-mingw32/bin/../lib/gcc/nios2-elf/4.1.2\libgcc.a(_mul_df.o)
 .comment       0x00000000       0x27 c:/altera/12.0sp2/nios2eds/bin/gnu/h-i686-mingw32/bin/../lib/gcc/nios2-elf/4.1.2\libgcc.a(_div_df.o)
 .comment       0x00000000       0x27 c:/altera/12.0sp2/nios2eds/bin/gnu/h-i686-mingw32/bin/../lib/gcc/nios2-elf/4.1.2\libgcc.a(_eq_df.o)
 .comment       0x00000000       0x27 c:/altera/12.0sp2/nios2eds/bin/gnu/h-i686-mingw32/bin/../lib/gcc/nios2-elf/4.1.2\libgcc.a(_gt_df.o)
 .comment       0x00000000       0x27 c:/altera/12.0sp2/nios2eds/bin/gnu/h-i686-mingw32/bin/../lib/gcc/nios2-elf/4.1.2\libgcc.a(_ge_df.o)
 .comment       0x00000000       0x27 c:/altera/12.0sp2/nios2eds/bin/gnu/h-i686-mingw32/bin/../lib/gcc/nios2-elf/4.1.2\libgcc.a(_si_to_df.o)
 .comment       0x00000000       0x27 c:/altera/12.0sp2/nios2eds/bin/gnu/h-i686-mingw32/bin/../lib/gcc/nios2-elf/4.1.2\libgcc.a(_df_to_si.o)
 .comment       0x00000000       0x27 c:/altera/12.0sp2/nios2eds/bin/gnu/h-i686-mingw32/bin/../lib/gcc/nios2-elf/4.1.2\libgcc.a(_make_df.o)
 .comment       0x00000000       0x27 c:/altera/12.0sp2/nios2eds/bin/gnu/h-i686-mingw32/bin/../lib/gcc/nios2-elf/4.1.2\libgcc.a(_thenan_df.o)
 .comment       0x00000000       0x27 c:/altera/12.0sp2/nios2eds/bin/gnu/h-i686-mingw32/bin/../lib/gcc/nios2-elf/4.1.2\libgcc.a(lib2-divmod.o)
 .comment       0x00000000       0x27 c:/altera/12.0sp2/nios2eds/bin/gnu/h-i686-mingw32/bin/../lib/gcc/nios2-elf/4.1.2\libgcc.a(_muldi3.o)