Archive member included because of file (symbol)

c:/altera/12.0sp2/nios2eds/bin/gnu/h-i686-mingw32/bin/../lib/gcc/nios2-elf/4.1.2\libgcc.a(_div_sf.o)
                              obj/default/Exercises/excercise2.o (__divsf3)
c:/altera/12.0sp2/nios2eds/bin/gnu/h-i686-mingw32/bin/../lib/gcc/nios2-elf/4.1.2\libgcc.a(_si_to_sf.o)
                              obj/default/Exercises/excercise2.o (__floatsisf)
c:/altera/12.0sp2/nios2eds/bin/gnu/h-i686-mingw32/bin/../lib/gcc/nios2-elf/4.1.2\libgcc.a(_sf_to_df.o)
                              obj/default/Exercises/excercise2.o (__extendsfdf2)
c:/altera/12.0sp2/nios2eds/bin/gnu/h-i686-mingw32/bin/../lib/gcc/nios2-elf/4.1.2\libgcc.a(_thenan_sf.o)
                              c:/altera/12.0sp2/nios2eds/bin/gnu/h-i686-mingw32/bin/../lib/gcc/nios2-elf/4.1.2\libgcc.a(_div_sf.o) (__thenan_sf)
c:/altera/12.0sp2/nios2eds/bin/gnu/h-i686-mingw32/bin/../lib/gcc/nios2-elf/4.1.2\libgcc.a(_usi_to_sf.o)
                              obj/default/Exercises/excercise2.o (__floatunsisf)
c:/altera/12.0sp2/nios2eds/bin/gnu/h-i686-mingw32/bin/../lib/gcc/nios2-elf/4.1.2\libgcc.a(_make_df.o)
                              c:/altera/12.0sp2/nios2eds/bin/gnu/h-i686-mingw32/bin/../lib/gcc/nios2-elf/4.1.2\libgcc.a(_sf_to_df.o) (__make_dp)
c:/altera/12.0sp2/nios2eds/bin/gnu/h-i686-mingw32/bin/../lib/gcc/nios2-elf/4.1.2\libgcc.a(_clzsi2.o)
                              c:/altera/12.0sp2/nios2eds/bin/gnu/h-i686-mingw32/bin/../lib/gcc/nios2-elf/4.1.2\libgcc.a(_si_to_sf.o) (__clzsi2)
c:/altera/12.0sp2/nios2eds/bin/gnu/h-i686-mingw32/bin/../lib/gcc/nios2-elf/4.1.2\libgcc.a(_pack_sf.o)
                              c:/altera/12.0sp2/nios2eds/bin/gnu/h-i686-mingw32/bin/../lib/gcc/nios2-elf/4.1.2\libgcc.a(_div_sf.o) (__pack_f)
c:/altera/12.0sp2/nios2eds/bin/gnu/h-i686-mingw32/bin/../lib/gcc/nios2-elf/4.1.2\libgcc.a(_unpack_sf.o)
                              c:/altera/12.0sp2/nios2eds/bin/gnu/h-i686-mingw32/bin/../lib/gcc/nios2-elf/4.1.2\libgcc.a(_div_sf.o) (__unpack_f)
c:/altera/12.0sp2/nios2eds/bin/gnu/h-i686-mingw32/bin/../lib/gcc/nios2-elf/4.1.2\libgcc.a(_pack_df.o)
                              c:/altera/12.0sp2/nios2eds/bin/gnu/h-i686-mingw32/bin/../lib/gcc/nios2-elf/4.1.2\libgcc.a(_make_df.o) (__pack_d)
c:/altera/12.0sp2/nios2eds/bin/gnu/h-i686-mingw32/bin/../lib/gcc/nios2-elf/4.1.2\libgcc.a(_clz.o)
                              c:/altera/12.0sp2/nios2eds/bin/gnu/h-i686-mingw32/bin/../lib/gcc/nios2-elf/4.1.2\libgcc.a(_clzsi2.o) (__clz_tab)
c:/altera/12.0sp2/nios2eds/bin/gnu/h-i686-mingw32/bin/../lib/gcc/nios2-elf/4.1.2/../../../../nios2-elf/lib\libc.a(lib_a-printf.o)
                              obj/default/Exercises/excercise2.o (printf)
c:/altera/12.0sp2/nios2eds/bin/gnu/h-i686-mingw32/bin/../lib/gcc/nios2-elf/4.1.2/../../../../nios2-elf/lib\libc.a(lib_a-puts.o)
                              obj/default/hello_world.o (puts)
c:/altera/12.0sp2/nios2eds/bin/gnu/h-i686-mingw32/bin/../lib/gcc/nios2-elf/4.1.2/../../../../nios2-elf/lib\libc.a(lib_a-strlen.o)
                              c:/altera/12.0sp2/nios2eds/bin/gnu/h-i686-mingw32/bin/../lib/gcc/nios2-elf/4.1.2/../../../../nios2-elf/lib\libc.a(lib_a-puts.o) (strlen)
c:/altera/12.0sp2/nios2eds/bin/gnu/h-i686-mingw32/bin/../lib/gcc/nios2-elf/4.1.2/../../../../nios2-elf/lib\libc.a(lib_a-vfprintf.o)
                              c:/altera/12.0sp2/nios2eds/bin/gnu/h-i686-mingw32/bin/../lib/gcc/nios2-elf/4.1.2/../../../../nios2-elf/lib\libc.a(lib_a-printf.o) (___vfprintf_internal_r)
c:/altera/12.0sp2/nios2eds/bin/gnu/h-i686-mingw32/bin/../lib/gcc/nios2-elf/4.1.2/../../../../nios2-elf/lib\libc.a(lib_a-wsetup.o)
                              c:/altera/12.0sp2/nios2eds/bin/gnu/h-i686-mingw32/bin/../lib/gcc/nios2-elf/4.1.2/../../../../nios2-elf/lib\libc.a(lib_a-vfprintf.o) (__swsetup_r)
c:/altera/12.0sp2/nios2eds/bin/gnu/h-i686-mingw32/bin/../lib/gcc/nios2-elf/4.1.2/../../../../nios2-elf/lib\libc.a(lib_a-dtoa.o)
                              c:/altera/12.0sp2/nios2eds/bin/gnu/h-i686-mingw32/bin/../lib/gcc/nios2-elf/4.1.2/../../../../nios2-elf/lib\libc.a(lib_a-vfprintf.o) (_dtoa_r)
c:/altera/12.0sp2/nios2eds/bin/gnu/h-i686-mingw32/bin/../lib/gcc/nios2-elf/4.1.2/../../../../nios2-elf/lib\libc.a(lib_a-fflush.o)
                              c:/altera/12.0sp2/nios2eds/bin/gnu/h-i686-mingw32/bin/../lib/gcc/nios2-elf/4.1.2/../../../../nios2-elf/lib\libc.a(lib_a-vfprintf.o) (_fflush_r)
c:/altera/12.0sp2/nios2eds/bin/gnu/h-i686-mingw32/bin/../lib/gcc/nios2-elf/4.1.2/../../../../nios2-elf/lib\libc.a(lib_a-findfp.o)
                              c:/altera/12.0sp2/nios2eds/bin/gnu/h-i686-mingw32/bin/../lib/gcc/nios2-elf/4.1.2/../../../../nios2-elf/lib\libc.a(lib_a-vfprintf.o) (__sinit)
c:/altera/12.0sp2/nios2eds/bin/gnu/h-i686-mingw32/bin/../lib/gcc/nios2-elf/4.1.2/../../../../nios2-elf/lib\libc.a(lib_a-freer.o)
[...]
Memory Configuration

Name             Origin             Length             Attributes
onchip_memory2_0 0x00000000         0x00001000
reset            0x01000000         0x00000020
sdram_0          0x01000020         0x007fffe0
*default*        0x00000000         0xffffffff

Linker script and memory map

LOAD C:\Users\Gord\Documents\repos\LaserSharknado\LaserSharknado_bsp/obj/HAL/src/crt0.o
LOAD obj/default/Exercises/excercise2.o
LOAD obj/default/hello_world.o
LOAD obj/default/timer.o
LOAD c:/altera/12.0sp2/nios2eds/bin/gnu/h-i686-mingw32/bin/../lib/gcc/nios2-elf/4.1.2/../../../../nios2-elf/lib\libstdc++.a
LOAD c:/altera/12.0sp2/nios2eds/bin/gnu/h-i686-mingw32/bin/../lib/gcc/nios2-elf/4.1.2/../../../../nios2-elf/lib\libm.a
LOAD c:/altera/12.0sp2/nios2eds/bin/gnu/h-i686-mingw32/bin/../lib/gcc/nios2-elf/4.1.2\libgcc.a
START GROUP
LOAD c:/altera/12.0sp2/nios2eds/bin/gnu/h-i686-mingw32/bin/../lib/gcc/nios2-elf/4.1.2/../../../../nios2-elf/lib\libc.a
LOAD c:/altera/12.0sp2/nios2eds/bin/gnu/h-i686-mingw32/bin/../lib/gcc/nios2-elf/4.1.2\libgcc.a
LOAD C:\Users\Gord\Documents\repos\LaserSharknado\LaserSharknado_bsp\libhal_bsp.a
END GROUP
LOAD c:/altera/12.0sp2/nios2eds/bin/gnu/h-i686-mingw32/bin/../lib/gcc/nios2-elf/4.1.2\libgcc.a
                0x00000000                __alt_mem_onchip_memory2_0 = 0x0
                0x01000000                __alt_mem_sdram_0 = 0x1000000

.entry          0x01000000       0x20
 *(.entry)
 .entry         0x01000000       0x20 C:\Users\Gord\Documents\repos\LaserSharknado\LaserSharknado_bsp/obj/HAL/src/crt0.o
                0x01000000                __reset

.exceptions     0x01000020      0x194
                0x01000020                PROVIDE (__ram_exceptions_start, ABSOLUTE (.))
                0x01000020                . = ALIGN (0x20)
 *(.irq)
 *(.exceptions.entry.label)
 .exceptions.entry.label
                0x01000020        0x0 C:\Users\Gord\Documents\repos\LaserSharknado\LaserSharknado_bsp\libhal_bsp.a(alt_irq_entry.o)
                0x01000020                alt_irq_entry
 .exceptions.entry.label
                0x01000020        0x0 C:\Users\Gord\Documents\repos\LaserSharknado\LaserSharknado_bsp\libhal_bsp.a(alt_exception_entry.o)
                0x01000020                alt_exception
 *(.exceptions.entry.user)
 *(.exceptions.entry)
 .exceptions.entry
                0x01000020       0x54 C:\Users\Gord\Documents\repos\LaserSharknado\LaserSharknado_bsp\libhal_bsp.a(alt_exception_entry.o)
 *(.exceptions.irqtest.user)
 *(.exceptions.irqtest)
 .exceptions.irqtest
                0x01000074       0x10 C:\Users\Gord\Documents\repos\LaserSharknado\LaserSharknado_bsp\libhal_bsp.a(alt_irq_entry.o)
 *(.exceptions.irqhandler.user)
 *(.exceptions.irqhandler)
 .exceptions.irqhandler
                0x01000084        0x4 C:\Users\Gord\Documents\repos\LaserSharknado\LaserSharknado_bsp\libhal_bsp.a(alt_irq_entry.o)
 *(.exceptions.irqreturn.user)
 *(.exceptions.irqreturn)
 .exceptions.irqreturn
                0x01000088        0x4 C:\Users\Gord\Documents\repos\LaserSharknado\LaserSharknado_bsp\libhal_bsp.a(alt_irq_entry.o)
 *(.exceptions.notirq.label)
 .exceptions.notirq.label
                0x0100008c        0x0 C:\Users\Gord\Documents\repos\LaserSharknado\LaserSharknado_bsp\libhal_bsp.a(alt_irq_entry.o)
 *(.exceptions.notirq.user)
 *(.exceptions.notirq)
 .exceptions.notirq
                0x0100008c        0x8 C:\Users\Gord\Documents\repos\LaserSharknado\LaserSharknado_bsp\libhal_bsp.a(alt_exception_entry.o)
 *(.exceptions.soft.user)
 *(.exceptions.soft)
 *(.exceptions.unknown.user)
 *(.exceptions.unknown)
 .exceptions.unknown
                0x01000094        0x4 C:\Users\Gord\Documents\repos\LaserSharknado\LaserSharknado_bsp\libhal_bsp.a(alt_exception_entry.o)
 *(.exceptions.exit.label)
 .exceptions.exit.label
                0x01000098        0x0 C:\Users\Gord\Documents\repos\LaserSharknado\LaserSharknado_bsp\libhal_bsp.a(alt_irq_entry.o)
 .exceptions.exit.label
                0x01000098        0x0 C:\Users\Gord\Documents\repos\LaserSharknado\LaserSharknado_bsp\libhal_bsp.a(alt_exception_entry.o)
 *(.exceptions.exit.user)
 *(.exceptions.exit)
 .exceptions.exit
                0x01000098       0x54 C:\Users\Gord\Documents\repos\LaserSharknado\LaserSharknado_bsp\libhal_bsp.a(alt_exception_entry.o)
 *(.exceptions)
 .exceptions    0x010000ec       0xc8 C:\Users\Gord\Documents\repos\LaserSharknado\LaserSharknado_bsp\libhal_bsp.a(alt_irq_handler.o)
                0x010000ec                alt_irq_handler
                0x010001b4                PROVIDE (__ram_exceptions_end, ABSOLUTE (.))
                0x01000020                PROVIDE (__flash_exceptions_start, LOADADDR (.exceptions))

.text           0x010001b4     0xd8a4
                0x010001b4                PROVIDE (stext, ABSOLUTE (.))
 *(.interp)
 *(.hash)
 *(.dynsym)
 *(.dynstr)
 *(.gnu.version)
 *(.gnu.version_d)
 *(.gnu.version_r)
 *(.rel.init)
 *(.rela.init)
 *(.rel.text .rel.text.* .rel.gnu.linkonce.t.*)
 *(.rela.text .rela.text.* .rela.gnu.linkonce.t.*)
 *(.rel.fini)
 *(.rela.fini)
 *(.rel.rodata .rel.rodata.* .rel.gnu.linkonce.r.*)
 *(.rela.rodata .rela.rodata.* .rela.gnu.linkonce.r.*)
 *(.rel.data .rel.data.* .rel.gnu.linkonce.d.*)
 *(.rela.data .rela.data.* .rela.gnu.linkonce.d.*)
 *(.rel.tdata .rel.tdata.* .rel.gnu.linkonce.td.*)
 *(.rela.tdata .rela.tdata.* .rela.gnu.linkonce.td.*)
 *(.rel.tbss .rel.tbss.* .rel.gnu.linkonce.tb.*)
 *(.rela.tbss .rela.tbss.* .rela.gnu.linkonce.tb.*)
 *(.rel.ctors)
 *(.rela.ctors)
 *(.rel.dtors)
 *(.rela.dtors)
 *(.rel.got)
 *(.rela.got)
 *(.rel.sdata .rel.sdata.* .rel.gnu.linkonce.s.*)
 *(.rela.sdata .rela.sdata.* .rela.gnu.linkonce.s.*)
 *(.rel.sbss .rel.sbss.* .rel.gnu.linkonce.sb.*)
 *(.rela.sbss .rela.sbss.* .rela.gnu.linkonce.sb.*)
 *(.rel.sdata2 .rel.sdata2.* .rel.gnu.linkonce.s2.*)
 *(.rela.sdata2 .rela.sdata2.* .rela.gnu.linkonce.s2.*)
 *(.rel.sbss2 .rel.sbss2.* .rel.gnu.linkonce.sb2.*)
 *(.rela.sbss2 .rela.sbss2.* .rela.gnu.linkonce.sb2.*)
 *(.rel.bss .rel.bss.* .rel.gnu.linkonce.b.*)
 *(.rela.bss .rela.bss.* .rela.gnu.linkonce.b.*)
 *(.rel.plt)
 *(.rela.plt)
 *(.rel.dyn)
 *(.init)
 *(.plt)
 *(.text .stub .text.* .gnu.linkonce.t.*)
 .text          0x010001b4       0x3c C:\Users\Gord\Documents\repos\LaserSharknado\LaserSharknado_bsp/obj/HAL/src/crt0.o
                0x010001b4                _start
 .text          0x010001f0      0x528 obj/default/Exercises/excercise2.o
                0x010001f0                setupMatrixA
                0x01000284                setupMatrixB
                0x0100031c                matrixMultiply
                0x0100059c                timeMatrixMultiply
 .text          0x01000718       0xe4 obj/default/hello_world.o
                0x01000718                main
 .text          0x010007fc      0x278 obj/default/timer.o
                0x010007fc                timer_test
 .text          0x01000a74      0x174 c:/altera/12.0sp2/nios2eds/bin/gnu/h-i686-mingw32/bin/../lib/gcc/nios2-elf/4.1.2\libgcc.a(_div_sf.o)
                0x01000a74                __divsf3
 .text          0x01000be8       0x98 c:/altera/12.0sp2/nios2eds/bin/gnu/h-i686-mingw32/bin/../lib/gcc/nios2-elf/4.1.2\libgcc.a(_si_to_sf.o)
                0x01000be8                __floatsisf
 .text          0x01000c80       0x54 c:/altera/12.0sp2/nios2eds/bin/gnu/h-i686-mingw32/bin/../lib/gcc/nios2-elf/4.1.2\libgcc.a(_sf_to_df.o)
                0x01000c80                __extendsfdf2
 .text          0x01000cd4        0x0 c:/altera/12.0sp2/nios2eds/bin/gnu/h-i686-mingw32/bin/../lib/gcc/nios2-elf/4.1.2\libgcc.a(_thenan_sf.o)
 .text          0x01000cd4       0xc0 c:/altera/12.0sp2/nios2eds/bin/gnu/h-i686-mingw32/bin/../lib/gcc/nios2-elf/4.1.2\libgcc.a(_usi_to_sf.o)
                0x01000cd4                __floatunsisf
 .text          0x01000d94       0x38 c:/altera/12.0sp2/nios2eds/bin/gnu/h-i686-mingw32/bin/../lib/gcc/nios2-elf/4.1.2\libgcc.a(_make_df.o)
                0x01000d94                __make_dp
 .text          0x01000dcc       0x80 c:/altera/12.0sp2/nios2eds/bin/gnu/h-i686-mingw32/bin/../lib/gcc/nios2-elf/4.1.2\libgcc.a(_clzsi2.o)
                0x01000dcc                __clzsi2
 .text          0x01000e4c      0x160 c:/altera/12.0sp2/nios2eds/bin/gnu/h-i686-mingw32/bin/../lib/gcc/nios2-elf/4.1.2\libgcc.a(_pack_sf.o)
                0x01000e4c                __pack_f
 .text          0x01000fac       0xc8 c:/altera/12.0sp2/nios2eds/bin/gnu/h-i686-mingw32/bin/../lib/gcc/nios2-elf/4.1.2\libgcc.a(_unpack_sf.o)
                0x01000fac                __unpack_f
 .text          0x01001074      0x314 c:/altera/12.0sp2/nios2eds/bin/gnu/h-i686-mingw32/bin/../lib/gcc/nios2-elf/4.1.2\libgcc.a(_pack_df.o)
                0x01001074                __pack_d
 .text          0x01001388        0x0 c:/altera/12.0sp2/nios2eds/bin/gnu/h-i686-mingw32/bin/../lib/gcc/nios2-elf/4.1.2\libgcc.a(_clz.o)
 .text          0x01001388       0x78 c:/altera/12.0sp2/nios2eds/bin/gnu/h-i686-mingw32/bin/../lib/gcc/nios2-elf/4.1.2/../../../../nios2-elf/lib\libc.a(lib_a-printf.o)
                0x01001388                printf
                0x010013cc                _printf_r
 .text          0x01001400       0xb4 c:/altera/12.0sp2/nios2eds/bin/gnu/h-i686-mingw32/bin/../lib/gcc/nios2-elf/4.1.2/../../../../nios2-elf/lib\libc.a(lib_a-puts.o)
                0x01001400                _puts_r
                0x010014a0                puts
 .text          0x010014b4       0x74 c:/altera/12.0sp2/nios2eds/bin/gnu/h-i686-mingw32/bin/../lib/gcc/nios2-elf/4.1.2/../../../../nios2-elf/lib\libc.a(lib_a-strlen.o)
                0x010014b4                strlen
 .text          0x01001528     0x1f28 c:/altera/12.0sp2/nios2eds/bin/gnu/h-i686-mingw32/bin/../lib/gcc/nios2-elf/4.1.2/../../../../nios2-elf/lib\libc.a(lib_a-vfprintf.o)
                0x01001580                ___vfprintf_internal_r
                0x0100342c                __vfprintf_internal
 .text          0x01003450      0x13c c:/altera/12.0sp2/nios2eds/bin/gnu/h-i686-mingw32/bin/../lib/gcc/nios2-elf/4.1.2/../../../../nios2-elf/lib\libc.a(lib_a-wsetup.o)
                0x01003450                __swsetup_r
 .text          0x0100358c     0x17cc c:/altera/12.0sp2/nios2eds/bin/gnu/h-i686-mingw32/bin/../lib/gcc/nios2-elf/4.1.2/../../../../nios2-elf/lib\libc.a(lib_a-dtoa.o)
                0x010037a4                _dtoa_r
 .text          0x01004d58      0x230 c:/altera/12.0sp2/nios2eds/bin/gnu/h-i686-mingw32/bin/../lib/gcc/nios2-elf/4.1.2/../../../../nios2-elf/lib\libc.a(lib_a-fflush.o)
                0x01004d58                _fflush_r
                0x01004f54                fflush
 .text          0x01004f88      0x2c0 c:/altera/12.0sp2/nios2eds/bin/gnu/h-i686-mingw32/bin/../lib/gcc/nios2-elf/4.1.2/../../../../nios2-elf/lib\libc.a(lib_a-findfp.o)
                0x01004fe0                __sfp_lock_acquire
                0x01004fe4                __sfp_lock_release
                0x01004fe8                __sinit_lock_acquire
                0x01004fec                __sinit_lock_release
                0x01004ff0                __sinit
                0x010050a4                __fp_unlock_all
                0x010050bc                __fp_lock_all
                0x010050d4                _cleanup_r
                0x010050e0                _cleanup
                0x010050f0                __sfmoreglue
                0x01005158                __sfp
 .text          0x01005248      0x440 c:/altera/12.0sp2/nios2eds/bin/gnu/h-i686-mingw32/bin/../lib/gcc/nios2-elf/4.1.2/../../../../nios2-elf/lib\libc.a(lib_a-freer.o)
                0x01005248                _malloc_trim_r
                0x01005374                _free_r
 .text          0x01005688      0x49c c:/altera/12.0sp2/nios2eds/bin/gnu/h-i686-mingw32/bin/../lib/gcc/nios2-elf/4.1.2/../../../../nios2-elf/lib\libc.a(lib_a-fvwrite.o)
                0x01005688                __sfvwrite_r
 .text          0x01005b24      0x180 c:/altera/12.0sp2/nios2eds/bin/gnu/h-i686-mingw32/bin/../lib/gcc/nios2-elf/4.1.2/../../../../nios2-elf/lib\libc.a(lib_a-fwalk.o)
                0x01005b24                _fwalk_reent
                0x01005bec                _fwalk
 .text          0x01005ca4        0x0 c:/altera/12.0sp2/nios2eds/bin/gnu/h-i686-mingw32/bin/../lib/gcc/nios2-elf/4.1.2/../../../../nios2-elf/lib\libc.a(lib_a-impure.o)
 .text          0x01005ca4       0xc4 c:/altera/12.0sp2/nios2eds/bin/gnu/h-i686-mingw32/bin/../lib/gcc/nios2-elf/4.1.2/../../../../nios2-elf/lib\libc.a(lib_a-locale.o)
                0x01005ca4                __locale_charset
                0x01005cac                _localeconv_r
                0x01005cb8                localeconv
                0x01005cc8                _setlocale_r
                0x01005d4c                setlocale
 .text          0x01005d68      0x194 c:/altera/12.0sp2/nios2eds/bin/gnu/h-i686-mingw32/bin/../lib/gcc/nios2-elf/4.1.2/../../../../nios2-elf/lib\libc.a(lib_a-makebuf.o)
                0x01005d68                __smakebuf_r
 .text          0x01005efc      0x740 c:/altera/12.0sp2/nios2eds/bin/gnu/h-i686-mingw32/bin/../lib/gcc/nios2-elf/4.1.2/../../../../nios2-elf/lib\libc.a(lib_a-mallocr.o)
                0x01005efc                _malloc_r
 .text          0x0100663c       0xe4 c:/altera/12.0sp2/nios2eds/bin/gnu/h-i686-mingw32/bin/../lib/gcc/nios2-elf/4.1.2/../../../../nios2-elf/lib\libc.a(lib_a-memchr.o)
                0x0100663c                memchr
 .text          0x01006720       0xa0 c:/altera/12.0sp2/nios2eds/bin/gnu/h-i686-mingw32/bin/../lib/gcc/nios2-elf/4.1.2/../../../../nios2-elf/lib\libc.a(lib_a-memcpy.o)
                0x01006720                memcpy
 .text          0x010067c0       0xe0 c:/altera/12.0sp2/nios2eds/bin/gnu/h-i686-mingw32/bin/../lib/gcc/nios2-elf/4.1.2/../../../../nios2-elf/lib\libc.a(lib_a-memmove.o)
                0x010067c0                memmove
 .text          0x010068a0       0x98 c:/altera/12.0sp2/nios2eds/bin/gnu/h-i686-mingw32/bin/../lib/gcc/nios2-elf/4.1.2/../../../../nios2-elf/lib\libc.a(lib_a-memset.o)
                0x010068a0                memset
 .text          0x01006938      0xff4 c:/altera/12.0sp2/nios2eds/bin/gnu/h-i686-mingw32/bin/../lib/gcc/nios2-elf/4.1.2/../../../../nios2-elf/lib\libc.a(lib_a-mprec.o)
                0x01006938                _Bfree
                0x01006960                __hi0bits
                0x010069d0                __lo0bits
                0x01006a94                __mcmp
                0x01006af4                __ulp
                0x01006b74                __b2d
                0x01006c94                __ratio
                0x01006d44                _mprec_log10
                0x01006dd8                __copybits
                0x01006e30                __any_on
                0x01006eb8                _Balloc
                0x01006f74                __d2b
                0x010070f0                __mdiff
                0x0100727c                __lshift
                0x010073c8                __multiply
                0x010075b0                __i2b
                0x010075ec                __multadd
                0x010076ec                __pow5mult
                0x0100780c                __s2b
 .text          0x0100792c      0x5f4 c:/altera/12.0sp2/nios2eds/bin/gnu/h-i686-mingw32/bin/../lib/gcc/nios2-elf/4.1.2/../../../../nios2-elf/lib\libc.a(lib_a-reallocr.o)
                0x0100792c                _realloc_r
 .text          0x01007f20       0x40 c:/altera/12.0sp2/nios2eds/bin/gnu/h-i686-mingw32/bin/../lib/gcc/nios2-elf/4.1.2/../../../../nios2-elf/lib\libc.a(lib_a-s_isinfd.o)
                0x01007f20                __isinfd
 .text          0x01007f60       0x30 c:/altera/12.0sp2/nios2eds/bin/gnu/h-i686-mingw32/bin/../lib/gcc/nios2-elf/4.1.2/../../../../nios2-elf/lib\libc.a(lib_a-s_isnand.o)
                0x01007f60                __isnand
 .text          0x01007f90       0x70 c:/altera/12.0sp2/nios2eds/bin/gnu/h-i686-mingw32/bin/../lib/gcc/nios2-elf/4.1.2/../../../../nios2-elf/lib\libc.a(lib_a-sbrkr.o)
                0x01007f90                _sbrk_r
 .text          0x01008000      0x14c c:/altera/12.0sp2/nios2eds/bin/gnu/h-i686-mingw32/bin/../lib/gcc/nios2-elf/4.1.2/../../../../nios2-elf/lib\libc.a(lib_a-stdio.o)
                0x01008000                __sclose
                0x01008008                __sseek
                0x01008070                __swrite
                0x010080ec                __sread
 .text          0x0100814c       0xbc c:/altera/12.0sp2/nios2eds/bin/gnu/h-i686-mingw32/bin/../lib/gcc/nios2-elf/4.1.2/../../../../nios2-elf/lib\libc.a(lib_a-strcmp.o)
                0x0100814c                strcmp
 .text          0x01008208       0x78 c:/altera/12.0sp2/nios2eds/bin/gnu/h-i686-mingw32/bin/../lib/gcc/nios2-elf/4.1.2/../../../../nios2-elf/lib\libc.a(lib_a-writer.o)
                0x01008208                _write_r
 .text          0x01008280       0xb4 c:/altera/12.0sp2/nios2eds/bin/gnu/h-i686-mingw32/bin/../lib/gcc/nios2-elf/4.1.2/../../../../nios2-elf/lib\libc.a(lib_a-callocr.o)
                0x01008280                _calloc_r
 .text          0x01008334       0x70 c:/altera/12.0sp2/nios2eds/bin/gnu/h-i686-mingw32/bin/../lib/gcc/nios2-elf/4.1.2/../../../../nios2-elf/lib\libc.a(lib_a-closer.o)
                0x01008334                _close_r
 .text          0x010083a4      0x124 c:/altera/12.0sp2/nios2eds/bin/gnu/h-i686-mingw32/bin/../lib/gcc/nios2-elf/4.1.2/../../../../nios2-elf/lib\libc.a(lib_a-fclose.o)
                0x010083a4                _fclose_r
                0x010084b4                fclose
 .text          0x010084c8       0x74 c:/altera/12.0sp2/nios2eds/bin/gnu/h-i686-mingw32/bin/../lib/gcc/nios2-elf/4.1.2/../../../../nios2-elf/lib\libc.a(lib_a-fstatr.o)
                0x010084c8                _fstat_r
 .text          0x0100853c        0x0 c:/altera/12.0sp2/nios2eds/bin/gnu/h-i686-mingw32/bin/../lib/gcc/nios2-elf/4.1.2/../../../../nios2-elf/lib\libc.a(lib_a-int_errno.o)
 .text          0x0100853c       0x70 c:/altera/12.0sp2/nios2eds/bin/gnu/h-i686-mingw32/bin/../lib/gcc/nios2-elf/4.1.2/../../../../nios2-elf/lib\libc.a(lib_a-isattyr.o)
                0x0100853c                _isatty_r
 .text          0x010085ac       0x78 c:/altera/12.0sp2/nios2eds/bin/gnu/h-i686-mingw32/bin/../lib/gcc/nios2-elf/4.1.2/../../../../nios2-elf/lib\libc.a(lib_a-lseekr.o)
                0x010085ac                _lseek_r
 .text          0x01008624       0x78 c:/altera/12.0sp2/nios2eds/bin/gnu/h-i686-mingw32/bin/../lib/gcc/nios2-elf/4.1.2/../../../../nios2-elf/lib\libc.a(lib_a-readr.o)
                0x01008624                _read_r
 .text          0x0100869c      0x5dc c:/altera/12.0sp2/nios2eds/bin/gnu/h-i686-mingw32/bin/../lib/gcc/nios2-elf/4.1.2\libgcc.a(_udivdi3.o)
                0x0100869c                __udivdi3
 .text          0x01008c78      0x5b0 c:/altera/12.0sp2/nios2eds/bin/gnu/h-i686-mingw32/bin/../lib/gcc/nios2-elf/4.1.2\libgcc.a(_umoddi3.o)
                0x01008c78                __umoddi3
 .text          0x01009228      0x504 c:/altera/12.0sp2/nios2eds/bin/gnu/h-i686-mingw32/bin/../lib/gcc/nios2-elf/4.1.2\libgcc.a(_addsub_df.o)
                0x01009638                __subdf3
                0x010096b8                __adddf3
 .text          0x0100972c      0x3c4 c:/altera/12.0sp2/nios2eds/bin/gnu/h-i686-mingw32/bin/../lib/gcc/nios2-elf/4.1.2\libgcc.a(_mul_df.o)
                0x0100972c                __muldf3
 .text          0x01009af0      0x258 c:/altera/12.0sp2/nios2eds/bin/gnu/h-i686-mingw32/bin/../lib/gcc/nios2-elf/4.1.2\libgcc.a(_div_df.o)
                0x01009af0                __divdf3
 .text          0x01009d48       0x88 c:/altera/12.0sp2/nios2eds/bin/gnu/h-i686-mingw32/bin/../lib/gcc/nios2-elf/4.1.2\libgcc.a(_eq_df.o)
                0x01009d48                __eqdf2
 .text          0x01009dd0       0x88 c:/altera/12.0sp2/nios2eds/bin/gnu/h-i686-mingw32/bin/../lib/gcc/nios2-elf/4.1.2\libgcc.a(_ne_df.o)
                0x01009dd0                __nedf2
 .text          0x01009e58       0x88 c:/altera/12.0sp2/nios2eds/bin/gnu/h-i686-mingw32/bin/../lib/gcc/nios2-elf/4.1.2\libgcc.a(_gt_df.o)
                0x01009e58                __gtdf2
 .text          0x01009ee0       0x88 c:/altera/12.0sp2/nios2eds/bin/gnu/h-i686-mingw32/bin/../lib/gcc/nios2-elf/4.1.2\libgcc.a(_ge_df.o)
                0x01009ee0                __gedf2
 .text          0x01009f68       0x88 c:/altera/12.0sp2/nios2eds/bin/gnu/h-i686-mingw32/bin/../lib/gcc/nios2-elf/4.1.2\libgcc.a(_lt_df.o)
                0x01009f68                __ltdf2
 .text          0x01009ff0       0xf8 c:/altera/12.0sp2/nios2eds/bin/gnu/h-i686-mingw32/bin/../lib/gcc/nios2-elf/4.1.2\libgcc.a(_si_to_df.o)
                0x01009ff0                __floatsidf
 .text          0x0100a0e8       0xd8 c:/altera/12.0sp2/nios2eds/bin/gnu/h-i686-mingw32/bin/../lib/gcc/nios2-elf/4.1.2\libgcc.a(_df_to_si.o)
                0x0100a0e8                __fixdfsi
 .text          0x0100a1c0        0x0 c:/altera/12.0sp2/nios2eds/bin/gnu/h-i686-mingw32/bin/../lib/gcc/nios2-elf/4.1.2\libgcc.a(_thenan_df.o)
 .text          0x0100a1c0      0x194 c:/altera/12.0sp2/nios2eds/bin/gnu/h-i686-mingw32/bin/../lib/gcc/nios2-elf/4.1.2\libgcc.a(_usi_to_df.o)
                0x0100a1c0                __floatunsidf
 .text          0x0100a354      0x14c c:/altera/12.0sp2/nios2eds/bin/gnu/h-i686-mingw32/bin/../lib/gcc/nios2-elf/4.1.2\libgcc.a(lib2-divmod.o)
                0x0100a3d0                __divsi3
                0x0100a430                __modsi3
                0x0100a490                __udivsi3
                0x0100a498                __umodsi3
 .text          0x0100a4a0       0x98 c:/altera/12.0sp2/nios2eds/bin/gnu/h-i686-mingw32/bin/../lib/gcc/nios2-elf/4.1.2\libgcc.a(_muldi3.o)
                0x0100a4a0                __muldi3
 .text          0x0100a538      0x138 c:/altera/12.0sp2/nios2eds/bin/gnu/h-i686-mingw32/bin/../lib/gcc/nios2-elf/4.1.2\libgcc.a(_unpack_df.o)
                0x0100a538                __unpack_d
 .text          0x0100a670       0xc8 c:/altera/12.0sp2/nios2eds/bin/gnu/h-i686-mingw32/bin/../lib/gcc/nios2-elf/4.1.2\libgcc.a(_fpcmp_parts_df.o)
                0x0100a670                __fpcmp_parts_d
 .text          0x0100a738      0x15c C:\Users\Gord\Documents\repos\LaserSharknado\LaserSharknado_bsp\libhal_bsp.a(alt_close.o)
                0x0100a738                close
 .text          0x0100a894       0x2c C:\Users\Gord\Documents\repos\LaserSharknado\LaserSharknado_bsp\libhal_bsp.a(alt_dev.o)
 .text          0x0100a8c0        0x0 C:\Users\Gord\Documents\repos\LaserSharknado\LaserSharknado_bsp\libhal_bsp.a(alt_errno.o)
 .text          0x0100a8c0      0x134 C:\Users\Gord\Documents\repos\LaserSharknado\LaserSharknado_bsp\libhal_bsp.a(alt_fstat.o)
                0x0100a8c0                fstat
 .text          0x0100a9f4      0x120 C:\Users\Gord\Documents\repos\LaserSharknado\LaserSharknado_bsp\libhal_bsp.a(alt_isatty.o)
                0x0100a9f4                isatty
 .text          0x0100ab14       0xec C:\Users\Gord\Documents\repos\LaserSharknado\LaserSharknado_bsp\libhal_bsp.a(alt_load.o)
                0x0100ab14                alt_load
 .text          0x0100ac00      0x150 C:\Users\Gord\Documents\repos\LaserSharknado\LaserSharknado_bsp\libhal_bsp.a(alt_lseek.o)
                0x0100ac00                lseek
 .text          0x0100ad50       0x6c C:\Users\Gord\Documents\repos\LaserSharknado\LaserSharknado_bsp\libhal_bsp.a(alt_main.o)
                0x0100ad50                alt_main
 .text          0x0100adbc       0x40 C:\Users\Gord\Documents\repos\LaserSharknado\LaserSharknado_bsp\libhal_bsp.a(alt_malloc_lock.o)
                0x0100adbc                __malloc_lock
                0x0100addc                __malloc_unlock
 .text          0x0100adfc      0x180 C:\Users\Gord\Documents\repos\LaserSharknado\LaserSharknado_bsp\libhal_bsp.a(alt_read.o)
                0x0100adfc                read
 .text          0x0100af7c       0x60 C:\Users\Gord\Documents\repos\LaserSharknado\LaserSharknado_bsp\libhal_bsp.a(alt_release_fd.o)
                0x0100af7c                alt_release_fd
 .text          0x0100afdc       0xbc C:\Users\Gord\Documents\repos\LaserSharknado\LaserSharknado_bsp\libhal_bsp.a(alt_sbrk.o)
                0x0100afdc                sbrk
 .text          0x0100b098      0x1a4 C:\Users\Gord\Documents\repos\LaserSharknado\LaserSharknado_bsp\libhal_bsp.a(alt_tick.o)
                0x0100b098                alt_alarm_stop
                0x0100b130                alt_tick
 .text          0x0100b23c       0x30 C:\Users\Gord\Documents\repos\LaserSharknado\LaserSharknado_bsp\libhal_bsp.a(alt_usleep.o)
                0x0100b23c                usleep
 .text          0x0100b26c      0x180 C:\Users\Gord\Documents\repos\LaserSharknado\LaserSharknado_bsp\libhal_bsp.a(alt_write.o)
                0x0100b26c                write
 .text          0x0100b3ec      0x100 C:\Users\Gord\Documents\repos\LaserSharknado\LaserSharknado_bsp\libhal_bsp.a(alt_sys_init.o)
                0x0100b3ec                alt_irq_init
                0x0100b420                alt_sys_init
 .text          0x0100b4ec      0x148 C:\Users\Gord\Documents\repos\LaserSharknado\LaserSharknado_bsp\libhal_bsp.a(altera_avalon_jtag_uart_fd.o)
                0x0100b4ec                altera_avalon_jtag_uart_read_fd
                0x0100b544                altera_avalon_jtag_uart_write_fd
                0x0100b59c                altera_avalon_jtag_uart_close_fd
                0x0100b5e4                altera_avalon_jtag_uart_ioctl_fd
 .text          0x0100b634      0x40c C:\Users\Gord\Documents\repos\LaserSharknado\LaserSharknado_bsp\libhal_bsp.a(altera_avalon_jtag_uart_init.o)
                0x0100b634                altera_avalon_jtag_uart_init
                0x0100b9cc                altera_avalon_jtag_uart_close
 .text          0x0100ba40       0xf4 C:\Users\Gord\Documents\repos\LaserSharknado\LaserSharknado_bsp\libhal_bsp.a(altera_avalon_jtag_uart_ioctl.o)
                0x0100ba40                altera_avalon_jtag_uart_ioctl
 .text          0x0100bb34      0x224 C:\Users\Gord\Documents\repos\LaserSharknado\LaserSharknado_bsp\libhal_bsp.a(altera_avalon_jtag_uart_read.o)
                0x0100bb34                altera_avalon_jtag_uart_read
 .text          0x0100bd58      0x240 C:\Users\Gord\Documents\repos\LaserSharknado\LaserSharknado_bsp\libhal_bsp.a(altera_avalon_jtag_uart_write.o)
                0x0100bd58                altera_avalon_jtag_uart_write
 .text          0x0100bf98      0x100 C:\Users\Gord\Documents\repos\LaserSharknado\LaserSharknado_bsp\libhal_bsp.a(altera_avalon_timer_sc.o)
                0x0100c008                alt_avalon_timer_sc_init
 .text          0x0100c098      0x168 C:\Users\Gord\Documents\repos\LaserSharknado\LaserSharknado_bsp\libhal_bsp.a(altera_avalon_timer_ts.o)
                0x0100c098                alt_timestamp_start
                0x0100c13c                alt_timestamp
                0x0100c1d8                alt_timestamp_freq
 .text          0x0100c200        0x0 C:\Users\Gord\Documents\repos\LaserSharknado\LaserSharknado_bsp\libhal_bsp.a(altera_avalon_timer_vars.o)
 .text          0x0100c200      0x530 C:\Users\Gord\Documents\repos\LaserSharknado\LaserSharknado_bsp\libhal_bsp.a(altera_up_avalon_character_lcd.o)
                0x0100c200                get_DDRAM_addr
                0x0100c27c                alt_up_character_lcd_send_cmd
                0x0100c2b0                alt_up_character_lcd_init
                0x0100c2e4                alt_up_character_lcd_open_dev
                0x0100c324                alt_up_character_lcd_write
                0x0100c39c                alt_up_character_lcd_string
                0x0100c414                alt_up_character_lcd_write_fd
                0x0100c460                alt_up_character_lcd_set_cursor_pos
                0x0100c4d8                alt_up_character_lcd_shift_cursor
                0x0100c588                alt_up_character_lcd_shift_display
                0x0100c638                alt_up_character_lcd_erase_pos
                0x0100c6c8                alt_up_character_lcd_cursor_off
                0x0100c6fc                alt_up_character_lcd_cursor_blink_on
 .text          0x0100c730      0x154 C:\Users\Gord\Documents\repos\LaserSharknado\LaserSharknado_bsp\libhal_bsp.a(alt_alarm_start.o)
                0x0100c730                alt_alarm_start
 .text          0x0100c884      0x14c C:\Users\Gord\Documents\repos\LaserSharknado\LaserSharknado_bsp\libhal_bsp.a(alt_busy_sleep.o)
                0x0100c884                alt_busy_sleep
 .text          0x0100c9d0       0x1c C:\Users\Gord\Documents\repos\LaserSharknado\LaserSharknado_bsp\libhal_bsp.a(alt_dcache_flush_all.o)
                0x0100c9d0                alt_dcache_flush_all
 .text          0x0100c9ec      0x114 C:\Users\Gord\Documents\repos\LaserSharknado\LaserSharknado_bsp\libhal_bsp.a(alt_dev_llist_insert.o)
                0x0100c9ec                alt_dev_llist_insert
 .text          0x0100cb00       0x64 C:\Users\Gord\Documents\repos\LaserSharknado\LaserSharknado_bsp\libhal_bsp.a(alt_do_ctors.o)
                0x0100cb00                _do_ctors
 .text          0x0100cb64       0x64 C:\Users\Gord\Documents\repos\LaserSharknado\LaserSharknado_bsp\libhal_bsp.a(alt_do_dtors.o)
                0x0100cb64                _do_dtors
 .text          0x0100cbc8       0x94 C:\Users\Gord\Documents\repos\LaserSharknado\LaserSharknado_bsp\libhal_bsp.a(alt_find_dev.o)
                0x0100cbc8                alt_find_dev
 .text          0x0100cc5c       0x30 C:\Users\Gord\Documents\repos\LaserSharknado\LaserSharknado_bsp\libhal_bsp.a(alt_icache_flush_all.o)
                0x0100cc5c                alt_icache_flush_all
 .text          0x0100cc8c      0x1d4 C:\Users\Gord\Documents\repos\LaserSharknado\LaserSharknado_bsp\libhal_bsp.a(alt_iic.o)
                0x0100cc8c                alt_ic_isr_register
                0x0100ccdc                alt_ic_irq_enable
                0x0100cd78                alt_ic_irq_disable
                0x0100ce18                alt_ic_irq_enabled
 .text          0x0100ce60       0xf8 C:\Users\Gord\Documents\repos\LaserSharknado\LaserSharknado_bsp\libhal_bsp.a(alt_iic_isr_register.o)
                0x0100ce60                alt_iic_isr_register
 .text          0x0100cf58      0x13c C:\Users\Gord\Documents\repos\LaserSharknado\LaserSharknado_bsp\libhal_bsp.a(alt_io_redirect.o)
                0x0100d01c                alt_io_redirect
 .text          0x0100d094        0x0 C:\Users\Gord\Documents\repos\LaserSharknado\LaserSharknado_bsp\libhal_bsp.a(alt_irq_entry.o)
 .text          0x0100d094        0x0 C:\Users\Gord\Documents\repos\LaserSharknado\LaserSharknado_bsp\libhal_bsp.a(alt_irq_handler.o)
 .text          0x0100d094        0x0 C:\Users\Gord\Documents\repos\LaserSharknado\LaserSharknado_bsp\libhal_bsp.a(alt_irq_vars.o)
 .text          0x0100d094      0x2c4 C:\Users\Gord\Documents\repos\LaserSharknado\LaserSharknado_bsp\libhal_bsp.a(alt_open.o)
                0x0100d170                open
 .text          0x0100d358       0x20 C:\Users\Gord\Documents\repos\LaserSharknado\LaserSharknado_bsp\libhal_bsp.a(altera_nios2_qsys_irq.o)
                0x0100d358                altera_nios2_qsys_irq_init
 .text          0x0100d378        0x0 C:\Users\Gord\Documents\repos\LaserSharknado\LaserSharknado_bsp\libhal_bsp.a(alt_exception_entry.o)
 .text          0x0100d378      0x120 C:\Users\Gord\Documents\repos\LaserSharknado\LaserSharknado_bsp\libhal_bsp.a(alt_find_file.o)
                0x0100d378                alt_find_file
 .text          0x0100d498       0xb8 C:\Users\Gord\Documents\repos\LaserSharknado\LaserSharknado_bsp\libhal_bsp.a(alt_get_fd.o)
                0x0100d498                alt_get_fd
 .text          0x0100d550       0x90 C:\Users\Gord\Documents\repos\LaserSharknado\LaserSharknado_bsp\libhal_bsp.a(alt_icache_flush.o)
                0x0100d550                alt_icache_flush
 .text          0x0100d5e0       0x14 c:/altera/12.0sp2/nios2eds/bin/gnu/h-i686-mingw32/bin/../lib/gcc/nios2-elf/4.1.2/../../../../nios2-elf/lib\libc.a(lib_a-atexit.o)
                0x0100d5e0                atexit
 .text          0x0100d5f4       0x38 c:/altera/12.0sp2/nios2eds/bin/gnu/h-i686-mingw32/bin/../lib/gcc/nios2-elf/4.1.2/../../../../nios2-elf/lib\libc.a(lib_a-exit.o)
                0x0100d5f4                exit
 .text          0x0100d62c       0x74 c:/altera/12.0sp2/nios2eds/bin/gnu/h-i686-mingw32/bin/../lib/gcc/nios2-elf/4.1.2/../../../../nios2-elf/lib\libc.a(lib_a-memcmp.o)
                0x0100d62c                memcmp
 .text          0x0100d6a0      0x134 c:/altera/12.0sp2/nios2eds/bin/gnu/h-i686-mingw32/bin/../lib/gcc/nios2-elf/4.1.2/../../../../nios2-elf/lib\libc.a(lib_a-__atexit.o)
                0x0100d6a0                __register_exitproc
 .text          0x0100d7d4      0x1b4 c:/altera/12.0sp2/nios2eds/bin/gnu/h-i686-mingw32/bin/../lib/gcc/nios2-elf/4.1.2/../../../../nios2-elf/lib\libc.a(lib_a-__call_atexit.o)
                0x0100d7d8                __call_exitprocs
 .text          0x0100d988       0x60 C:\Users\Gord\Documents\repos\LaserSharknado\LaserSharknado_bsp\libhal_bsp.a(alt_exit.o)
                0x0100d9c8                _exit
 *(.gnu.warning.*)
 *(.fini)
                0x0100d9e8                PROVIDE (__etext, ABSOLUTE (.))
                0x0100d9e8                PROVIDE (_etext, ABSOLUTE (.))
                0x0100d9e8                PROVIDE (etext, ABSOLUTE (.))
 *(.eh_frame_hdr)
                0x0100d9e8                . = ALIGN (0x4)
                0x0100d9e8                PROVIDE (__preinit_array_start, ABSOLUTE (.))
 *(.preinit_array)
                0x0100d9e8                PROVIDE (__preinit_array_end, ABSOLUTE (.))
                0x0100d9e8                PROVIDE (__init_array_start, ABSOLUTE (.))
 *(.init_array)
                0x0100d9e8                PROVIDE (__init_array_end, ABSOLUTE (.))
                0x0100d9e8                PROVIDE (__fini_array_start, ABSOLUTE (.))
 *(.fini_array)
                0x0100d9e8                PROVIDE (__fini_array_end, ABSOLUTE (.))
 *(.eh_frame)
 .eh_frame      0x0100d9e8       0x40 c:/altera/12.0sp2/nios2eds/bin/gnu/h-i686-mingw32/bin/../lib/gcc/nios2-elf/4.1.2\libgcc.a(_udivdi3.o)
 .eh_frame      0x0100da28       0x2c c:/altera/12.0sp2/nios2eds/bin/gnu/h-i686-mingw32/bin/../lib/gcc/nios2-elf/4.1.2\libgcc.a(_umoddi3.o)
                                 0x40 (size before relaxing)
 *(.gcc_except_table)
 *(.dynamic)
                0x0100da54                PROVIDE (__CTOR_LIST__, ABSOLUTE (.))
 *(.ctors)
 *(SORT(.ctors.*))
 .ctors.65535   0x0100da54        0x4 c:/altera/12.0sp2/nios2eds/bin/gnu/h-i686-mingw32/bin/../lib/gcc/nios2-elf/4.1.2/../../../../nios2-elf/lib\libc.a(lib_a-__call_atexit.o)
                0x0100da58                PROVIDE (__CTOR_END__, ABSOLUTE (.))
                0x0100da58                PROVIDE (__DTOR_LIST__, ABSOLUTE (.))
 *(.dtors)
 *(SORT(.dtors.*))
                0x0100da58                PROVIDE (__DTOR_END__, ABSOLUTE (.))
 *(.jcr)
                0x0100da58                . = ALIGN (0x4)

.rodata         0x0100da58      0x618
                0x0100da58                PROVIDE (__ram_rodata_start, ABSOLUTE (.))
                0x0100da58                . = ALIGN (0x4)
 *(.rodata .rodata.* .gnu.linkonce.r.*)
 .rodata        0x0100da58       0x34 obj/default/Exercises/excercise2.o
 .rodata        0x0100da8c       0x8c obj/default/hello_world.o
 .rodata        0x0100db18      0x1ec obj/default/timer.o
 .rodata        0x0100dd04       0x10 c:/altera/12.0sp2/nios2eds/bin/gnu/h-i686-mingw32/bin/../lib/gcc/nios2-elf/4.1.2\libgcc.a(_thenan_sf.o)
                0x0100dd04                __thenan_sf
 .rodata        0x0100dd14      0x100 c:/altera/12.0sp2/nios2eds/bin/gnu/h-i686-mingw32/bin/../lib/gcc/nios2-elf/4.1.2\libgcc.a(_clz.o)
                0x0100dd14                __clz_tab
 .rodata.str1.4
                0x0100de14        0x2 c:/altera/12.0sp2/nios2eds/bin/gnu/h-i686-mingw32/bin/../lib/gcc/nios2-elf/4.1.2/../../../../nios2-elf/lib\libc.a(lib_a-puts.o)
                                  0x4 (size before relaxing)
 *fill*         0x0100de16        0x2 00
 .rodata.str1.4
                0x0100de18       0x5e c:/altera/12.0sp2/nios2eds/bin/gnu/h-i686-mingw32/bin/../lib/gcc/nios2-elf/4.1.2/../../../../nios2-elf/lib\libc.a(lib_a-vfprintf.o)
                                 0x60 (size before relaxing)
 .rodata        0x0100de76       0x20 c:/altera/12.0sp2/nios2eds/bin/gnu/h-i686-mingw32/bin/../lib/gcc/nios2-elf/4.1.2/../../../../nios2-elf/lib\libc.a(lib_a-vfprintf.o)
 *fill*         0x0100de96        0x2 00
 .rodata.str1.4
                0x0100de98       0x10 c:/altera/12.0sp2/nios2eds/bin/gnu/h-i686-mingw32/bin/../lib/gcc/nios2-elf/4.1.2/../../../../nios2-elf/lib\libc.a(lib_a-dtoa.o)
                                 0x14 (size before relaxing)
 .rodata.str1.4
                0x0100dea8        0x2 c:/altera/12.0sp2/nios2eds/bin/gnu/h-i686-mingw32/bin/../lib/gcc/nios2-elf/4.1.2/../../../../nios2-elf/lib\libc.a(lib_a-impure.o)
                                  0x4 (size before relaxing)
 *fill*         0x0100deaa        0x2 00
 .rodata.str1.4
                0x0100deac       0x10 c:/altera/12.0sp2/nios2eds/bin/gnu/h-i686-mingw32/bin/../lib/gcc/nios2-elf/4.1.2/../../../../nios2-elf/lib\libc.a(lib_a-locale.o)
                                 0x18 (size before relaxing)
 .rodata        0x0100debc       0x30 c:/altera/12.0sp2/nios2eds/bin/gnu/h-i686-mingw32/bin/../lib/gcc/nios2-elf/4.1.2/../../../../nios2-elf/lib\libc.a(lib_a-locale.o)
 .rodata        0x0100deec      0x124 c:/altera/12.0sp2/nios2eds/bin/gnu/h-i686-mingw32/bin/../lib/gcc/nios2-elf/4.1.2/../../../../nios2-elf/lib\libc.a(lib_a-mprec.o)
                0x0100deec                __mprec_tens
                0x0100dfb4                __mprec_bigtens
                0x0100dfdc                __mprec_tinytens
 .rodata        0x0100e010       0x14 c:/altera/12.0sp2/nios2eds/bin/gnu/h-i686-mingw32/bin/../lib/gcc/nios2-elf/4.1.2\libgcc.a(_thenan_df.o)
                0x0100e010                __thenan_df
 .rodata        0x0100e024        0xc C:\Users\Gord\Documents\repos\LaserSharknado\LaserSharknado_bsp\libhal_bsp.a(alt_dev.o)
 .rodata        0x0100e030       0x14 C:\Users\Gord\Documents\repos\LaserSharknado\LaserSharknado_bsp\libhal_bsp.a(alt_main.o)
 .rodata        0x0100e044       0x2c C:\Users\Gord\Documents\repos\LaserSharknado\LaserSharknado_bsp\libhal_bsp.a(alt_sys_init.o)
 *(.rodata1)
                0x0100e070                . = ALIGN (0x4)
                0x0100e070                PROVIDE (__ram_rodata_end, ABSOLUTE (.))
                0x0100da58                PROVIDE (__flash_rodata_start, LOADADDR (.rodata))

.rwdata         0x0100e070     0x1a88 load address 0x0100faf8
                0x0100e070                PROVIDE (__ram_rwdata_start, ABSOLUTE (.))
                0x0100e070                . = ALIGN (0x4)
 *(.got.plt)
 *(.got)
 *(.data1)
 *(.data .data.* .gnu.linkonce.d.*)
 .data          0x0100e070        0x0 C:\Users\Gord\Documents\repos\LaserSharknado\LaserSharknado_bsp/obj/HAL/src/crt0.o
 .data          0x0100e070        0x0 obj/default/Exercises/excercise2.o
 .data          0x0100e070        0x0 obj/default/hello_world.o
 .data          0x0100e070        0x0 obj/default/timer.o
 .data          0x0100e070        0x0 c:/altera/12.0sp2/nios2eds/bin/gnu/h-i686-mingw32/bin/../lib/gcc/nios2-elf/4.1.2\libgcc.a(_div_sf.o)
 .data          0x0100e070        0x0 c:/altera/12.0sp2/nios2eds/bin/gnu/h-i686-mingw32/bin/../lib/gcc/nios2-elf/4.1.2\libgcc.a(_si_to_sf.o)
 .data          0x0100e070        0x0 c:/altera/12.0sp2/nios2eds/bin/gnu/h-i686-mingw32/bin/../lib/gcc/nios2-elf/4.1.2\libgcc.a(_sf_to_df.o)
 .data          0x0100e070        0x0 c:/altera/12.0sp2/nios2eds/bin/gnu/h-i686-mingw32/bin/../lib/gcc/nios2-elf/4.1.2\libgcc.a(_thenan_sf.o)
 .data          0x0100e070        0x0 c:/altera/12.0sp2/nios2eds/bin/gnu/h-i686-mingw32/bin/../lib/gcc/nios2-elf/4.1.2\libgcc.a(_usi_to_sf.o)
 .data          0x0100e070        0x0 c:/altera/12.0sp2/nios2eds/bin/gnu/h-i686-mingw32/bin/../lib/gcc/nios2-elf/4.1.2\libgcc.a(_make_df.o)
 .data          0x0100e070        0x0 c:/altera/12.0sp2/nios2eds/bin/gnu/h-i686-mingw32/bin/../lib/gcc/nios2-elf/4.1.2\libgcc.a(_clzsi2.o)
 .data          0x0100e070        0x0 c:/altera/12.0sp2/nios2eds/bin/gnu/h-i686-mingw32/bin/../lib/gcc/nios2-elf/4.1.2\libgcc.a(_pack_sf.o)
 .data          0x0100e070        0x0 c:/altera/12.0sp2/nios2eds/bin/gnu/h-i686-mingw32/bin/../lib/gcc/nios2-elf/4.1.2\libgcc.a(_unpack_sf.o)
 .data          0x0100e070        0x0 c:/altera/12.0sp2/nios2eds/bin/gnu/h-i686-mingw32/bin/../lib/gcc/nios2-elf/4.1.2\libgcc.a(_pack_df.o)
 .data          0x0100e070        0x0 c:/altera/12.0sp2/nios2eds/bin/gnu/h-i686-mingw32/bin/../lib/gcc/nios2-elf/4.1.2\libgcc.a(_clz.o)
 .data          0x0100e070        0x0 c:/altera/12.0sp2/nios2eds/bin/gnu/h-i686-mingw32/bin/../lib/gcc/nios2-elf/4.1.2/../../../../nios2-elf/lib\libc.a(lib_a-printf.o)
 .data          0x0100e070        0x0 c:/altera/12.0sp2/nios2eds/bin/gnu/h-i686-mingw32/bin/../lib/gcc/nios2-elf/4.1.2/../../../../nios2-elf/lib\libc.a(lib_a-puts.o)
 .data          0x0100e070        0x0 c:/altera/12.0sp2/nios2eds/bin/gnu/h-i686-mingw32/bin/../lib/gcc/nios2-elf/4.1.2/../../../../nios2-elf/lib\libc.a(lib_a-strlen.o)
 .data          0x0100e070        0x0 c:/altera/12.0sp2/nios2eds/bin/gnu/h-i686-mingw32/bin/../lib/gcc/nios2-elf/4.1.2/../../../../nios2-elf/lib\libc.a(lib_a-vfprintf.o)
 .data          0x0100e070        0x0 c:/altera/12.0sp2/nios2eds/bin/gnu/h-i686-mingw32/bin/../lib/gcc/nios2-elf/4.1.2/../../../../nios2-elf/lib\libc.a(lib_a-wsetup.o)
 .data          0x0100e070        0x0 c:/altera/12.0sp2/nios2eds/bin/gnu/h-i686-mingw32/bin/../lib/gcc/nios2-elf/4.1.2/../../../../nios2-elf/lib\libc.a(lib_a-dtoa.o)
 .data          0x0100e070        0x0 c:/altera/12.0sp2/nios2eds/bin/gnu/h-i686-mingw32/bin/../lib/gcc/nios2-elf/4.1.2/../../../../nios2-elf/lib\libc.a(lib_a-fflush.o)
 .data          0x0100e070        0x0 c:/altera/12.0sp2/nios2eds/bin/gnu/h-i686-mingw32/bin/../lib/gcc/nios2-elf/4.1.2/../../../../nios2-elf/lib\libc.a(lib_a-findfp.o)
 .data          0x0100e070        0x0 c:/altera/12.0sp2/nios2eds/bin/gnu/h-i686-mingw32/bin/../lib/gcc/nios2-elf/4.1.2/../../../../nios2-elf/lib\libc.a(lib_a-freer.o)
 .data          0x0100e070        0x0 c:/altera/12.0sp2/nios2eds/bin/gnu/h-i686-mingw32/bin/../lib/gcc/nios2-elf/4.1.2/../../../../nios2-elf/lib\libc.a(lib_a-fvwrite.o)
 .data          0x0100e070        0x0 c:/altera/12.0sp2/nios2eds/bin/gnu/h-i686-mingw32/bin/../lib/gcc/nios2-elf/4.1.2/../../../../nios2-elf/lib\libc.a(lib_a-fwalk.o)
 .data          0x0100e070      0x400 c:/altera/12.0sp2/nios2eds/bin/gnu/h-i686-mingw32/bin/../lib/gcc/nios2-elf/4.1.2/../../../../nios2-elf/lib\libc.a(lib_a-impure.o)
 .data          0x0100e470        0xc c:/altera/12.0sp2/nios2eds/bin/gnu/h-i686-mingw32/bin/../lib/gcc/nios2-elf/4.1.2/../../../../nios2-elf/lib\libc.a(lib_a-locale.o)
                0x0100e470                __lc_ctype
 .data          0x0100e47c        0x0 c:/altera/12.0sp2/nios2eds/bin/gnu/h-i686-mingw32/bin/../lib/gcc/nios2-elf/4.1.2/../../../../nios2-elf/lib\libc.a(lib_a-makebuf.o)
 .data          0x0100e47c      0x408 c:/altera/12.0sp2/nios2eds/bin/gnu/h-i686-mingw32/bin/../lib/gcc/nios2-elf/4.1.2/../../../../nios2-elf/lib\libc.a(lib_a-mallocr.o)
                0x0100e47c                __malloc_av_
 .data          0x0100e884        0x0 c:/altera/12.0sp2/nios2eds/bin/gnu/h-i686-mingw32/bin/../lib/gcc/nios2-elf/4.1.2/../../../../nios2-elf/lib\libc.a(lib_a-memchr.o)
 .data          0x0100e884        0x0 c:/altera/12.0sp2/nios2eds/bin/gnu/h-i686-mingw32/bin/../lib/gcc/nios2-elf/4.1.2/../../../../nios2-elf/lib\libc.a(lib_a-memcpy.o)
 .data          0x0100e884        0x0 c:/altera/12.0sp2/nios2eds/bin/gnu/h-i686-mingw32/bin/../lib/gcc/nios2-elf/4.1.2/../../../../nios2-elf/lib\libc.a(lib_a-memmove.o)
 .data          0x0100e884        0x0 c:/altera/12.0sp2/nios2eds/bin/gnu/h-i686-mingw32/bin/../lib/gcc/nios2-elf/4.1.2/../../../../nios2-elf/lib\libc.a(lib_a-memset.o)
 .data          0x0100e884        0x0 c:/altera/12.0sp2/nios2eds/bin/gnu/h-i686-mingw32/bin/../lib/gcc/nios2-elf/4.1.2/../../../../nios2-elf/lib\libc.a(lib_a-mprec.o)
 .data          0x0100e884        0x0 c:/altera/12.0sp2/nios2eds/bin/gnu/h-i686-mingw32/bin/../lib/gcc/nios2-elf/4.1.2/../../../../nios2-elf/lib\libc.a(lib_a-reallocr.o)
 .data          0x0100e884        0x0 c:/altera/12.0sp2/nios2eds/bin/gnu/h-i686-mingw32/bin/../lib/gcc/nios2-elf/4.1.2/../../../../nios2-elf/lib\libc.a(lib_a-s_isinfd.o)
 .data          0x0100e884        0x0 c:/altera/12.0sp2/nios2eds/bin/gnu/h-i686-mingw32/bin/../lib/gcc/nios2-elf/4.1.2/../../../../nios2-elf/lib\libc.a(lib_a-s_isnand.o)
 .data          0x0100e884        0x0 c:/altera/12.0sp2/nios2eds/bin/gnu/h-i686-mingw32/bin/../lib/gcc/nios2-elf/4.1.2/../../../../nios2-elf/lib\libc.a(lib_a-sbrkr.o)
 .data          0x0100e884        0x0 c:/altera/12.0sp2/nios2eds/bin/gnu/h-i686-mingw32/bin/../lib/gcc/nios2-elf/4.1.2/../../../../nios2-elf/lib\libc.a(lib_a-stdio.o)
 .data          0x0100e884        0x0 c:/altera/12.0sp2/nios2eds/bin/gnu/h-i686-mingw32/bin/../lib/gcc/nios2-elf/4.1.2/../../../../nios2-elf/lib\libc.a(lib_a-strcmp.o)
 .data          0x0100e884        0x0 c:/altera/12.0sp2/nios2eds/bin/gnu/h-i686-mingw32/bin/../lib/gcc/nios2-elf/4.1.2/../../../../nios2-elf/lib\libc.a(lib_a-writer.o)
 .data          0x0100e884        0x0 c:/altera/12.0sp2/nios2eds/bin/gnu/h-i686-mingw32/bin/../lib/gcc/nios2-elf/4.1.2/../../../../nios2-elf/lib\libc.a(lib_a-callocr.o)
 .data          0x0100e884        0x0 c:/altera/12.0sp2/nios2eds/bin/gnu/h-i686-mingw32/bin/../lib/gcc/nios2-elf/4.1.2/../../../../nios2-elf/lib\libc.a(lib_a-closer.o)
 .data          0x0100e884        0x0 c:/altera/12.0sp2/nios2eds/bin/gnu/h-i686-mingw32/bin/../lib/gcc/nios2-elf/4.1.2/../../../../nios2-elf/lib\libc.a(lib_a-fclose.o)
 .data          0x0100e884        0x0 c:/altera/12.0sp2/nios2eds/bin/gnu/h-i686-mingw32/bin/../lib/gcc/nios2-elf/4.1.2/../../../../nios2-elf/lib\libc.a(lib_a-fstatr.o)
 .data          0x0100e884        0x0 c:/altera/12.0sp2/nios2eds/bin/gnu/h-i686-mingw32/bin/../lib/gcc/nios2-elf/4.1.2/../../../../nios2-elf/lib\libc.a(lib_a-int_errno.o)
 .data          0x0100e884        0x0 c:/altera/12.0sp2/nios2eds/bin/gnu/h-i686-mingw32/bin/../lib/gcc/nios2-elf/4.1.2/../../../../nios2-elf/lib\libc.a(lib_a-isattyr.o)
 .data          0x0100e884        0x0 c:/altera/12.0sp2/nios2eds/bin/gnu/h-i686-mingw32/bin/../lib/gcc/nios2-elf/4.1.2/../../../../nios2-elf/lib\libc.a(lib_a-lseekr.o)
 .data          0x0100e884        0x0 c:/altera/12.0sp2/nios2eds/bin/gnu/h-i686-mingw32/bin/../lib/gcc/nios2-elf/4.1.2/../../../../nios2-elf/lib\libc.a(lib_a-readr.o)
 .data          0x0100e884        0x0 c:/altera/12.0sp2/nios2eds/bin/gnu/h-i686-mingw32/bin/../lib/gcc/nios2-elf/4.1.2\libgcc.a(_udivdi3.o)
 .data          0x0100e884        0x0 c:/altera/12.0sp2/nios2eds/bin/gnu/h-i686-mingw32/bin/../lib/gcc/nios2-elf/4.1.2\libgcc.a(_umoddi3.o)
 .data          0x0100e884        0x0 c:/altera/12.0sp2/nios2eds/bin/gnu/h-i686-mingw32/bin/../lib/gcc/nios2-elf/4.1.2\libgcc.a(_addsub_df.o)
 .data          0x0100e884        0x0 c:/altera/12.0sp2/nios2eds/bin/gnu/h-i686-mingw32/bin/../lib/gcc/nios2-elf/4.1.2\libgcc.a(_mul_df.o)
 .data          0x0100e884        0x0 c:/altera/12.0sp2/nios2eds/bin/gnu/h-i686-mingw32/bin/../lib/gcc/nios2-elf/4.1.2\libgcc.a(_div_df.o)
 .data          0x0100e884        0x0 c:/altera/12.0sp2/nios2eds/bin/gnu/h-i686-mingw32/bin/../lib/gcc/nios2-elf/4.1.2\libgcc.a(_eq_df.o)
 .data          0x0100e884        0x0 c:/altera/12.0sp2/nios2eds/bin/gnu/h-i686-mingw32/bin/../lib/gcc/nios2-elf/4.1.2\libgcc.a(_ne_df.o)
 .data          0x0100e884        0x0 c:/altera/12.0sp2/nios2eds/bin/gnu/h-i686-mingw32/bin/../lib/gcc/nios2-elf/4.1.2\libgcc.a(_gt_df.o)
 .data          0x0100e884        0x0 c:/altera/12.0sp2/nios2eds/bin/gnu/h-i686-mingw32/bin/../lib/gcc/nios2-elf/4.1.2\libgcc.a(_ge_df.o)
 .data          0x0100e884        0x0 c:/altera/12.0sp2/nios2eds/bin/gnu/h-i686-mingw32/bin/../lib/gcc/nios2-elf/4.1.2\libgcc.a(_lt_df.o)
 .data          0x0100e884        0x0 c:/altera/12.0sp2/nios2eds/bin/gnu/h-i686-mingw32/bin/../lib/gcc/nios2-elf/4.1.2\libgcc.a(_si_to_df.o)
 .data          0x0100e884        0x0 c:/altera/12.0sp2/nios2eds/bin/gnu/h-i686-mingw32/bin/../lib/gcc/nios2-elf/4.1.2\libgcc.a(_df_to_si.o)
 .data          0x0100e884        0x0 c:/altera/12.0sp2/nios2eds/bin/gnu/h-i686-mingw32/bin/../lib/gcc/nios2-elf/4.1.2\libgcc.a(_thenan_df.o)
 .data          0x0100e884        0x0 c:/altera/12.0sp2/nios2eds/bin/gnu/h-i686-mingw32/bin/../lib/gcc/nios2-elf/4.1.2\libgcc.a(_usi_to_df.o)
 .data          0x0100e884        0x0 c:/altera/12.0sp2/nios2eds/bin/gnu/h-i686-mingw32/bin/../lib/gcc/nios2-elf/4.1.2\libgcc.a(lib2-divmod.o)
 .data          0x0100e884        0x0 c:/altera/12.0sp2/nios2eds/bin/gnu/h-i686-mingw32/bin/../lib/gcc/nios2-elf/4.1.2\libgcc.a(_muldi3.o)
 .data          0x0100e884        0x0 c:/altera/12.0sp2/nios2eds/bin/gnu/h-i686-mingw32/bin/../lib/gcc/nios2-elf/4.1.2\libgcc.a(_unpack_df.o)
 .data          0x0100e884        0x0 c:/altera/12.0sp2/nios2eds/bin/gnu/h-i686-mingw32/bin/../lib/gcc/nios2-elf/4.1.2\libgcc.a(_fpcmp_parts_df.o)
 .data          0x0100e884        0x0 C:\Users\Gord\Documents\repos\LaserSharknado\LaserSharknado_bsp\libhal_bsp.a(alt_close.o)
 .data          0x0100e884      0x1a8 C:\Users\Gord\Documents\repos\LaserSharknado\LaserSharknado_bsp\libhal_bsp.a(alt_dev.o)
                0x0100e884                alt_dev_null
                0x0100e8ac                alt_fd_list
 .data          0x0100ea2c        0x0 C:\Users\Gord\Documents\repos\LaserSharknado\LaserSharknado_bsp\libhal_bsp.a(alt_errno.o)
 .data          0x0100ea2c        0x0 C:\Users\Gord\Documents\repos\LaserSharknado\LaserSharknado_bsp\libhal_bsp.a(alt_fstat.o)
 .data          0x0100ea2c        0x0 C:\Users\Gord\Documents\repos\LaserSharknado\LaserSharknado_bsp\libhal_bsp.a(alt_isatty.o)
 .data          0x0100ea2c        0x0 C:\Users\Gord\Documents\repos\LaserSharknado\LaserSharknado_bsp\libhal_bsp.a(alt_load.o)
 .data          0x0100ea2c        0x0 C:\Users\Gord\Documents\repos\LaserSharknado\LaserSharknado_bsp\libhal_bsp.a(alt_lseek.o)
 .data          0x0100ea2c        0x0 C:\Users\Gord\Documents\repos\LaserSharknado\LaserSharknado_bsp\libhal_bsp.a(alt_main.o)
 .data          0x0100ea2c        0x0 C:\Users\Gord\Documents\repos\LaserSharknado\LaserSharknado_bsp\libhal_bsp.a(alt_malloc_lock.o)
 .data          0x0100ea2c        0x0 C:\Users\Gord\Documents\repos\LaserSharknado\LaserSharknado_bsp\libhal_bsp.a(alt_read.o)
 .data          0x0100ea2c        0x0 C:\Users\Gord\Documents\repos\LaserSharknado\LaserSharknado_bsp\libhal_bsp.a(alt_release_fd.o)
 .data          0x0100ea2c        0x0 C:\Users\Gord\Documents\repos\LaserSharknado\LaserSharknado_bsp\libhal_bsp.a(alt_sbrk.o)
 .data          0x0100ea2c        0x0 C:\Users\Gord\Documents\repos\LaserSharknado\LaserSharknado_bsp\libhal_bsp.a(alt_tick.o)
 .data          0x0100ea2c        0x0 C:\Users\Gord\Documents\repos\LaserSharknado\LaserSharknado_bsp\libhal_bsp.a(alt_usleep.o)
 .data          0x0100ea2c        0x0 C:\Users\Gord\Documents\repos\LaserSharknado\LaserSharknado_bsp\libhal_bsp.a(alt_write.o)
 .data          0x0100ea2c     0x108c C:\Users\Gord\Documents\repos\LaserSharknado\LaserSharknado_bsp\libhal_bsp.a(alt_sys_init.o)
 .data          0x0100fab8        0x0 C:\Users\Gord\Documents\repos\LaserSharknado\LaserSharknado_bsp\libhal_bsp.a(altera_avalon_jtag_uart_fd.o)
 .data          0x0100fab8        0x0 C:\Users\Gord\Documents\repos\LaserSharknado\LaserSharknado_bsp\libhal_bsp.a(altera_avalon_jtag_uart_init.o)
 .data          0x0100fab8        0x0 C:\Users\Gord\Documents\repos\LaserSharknado\LaserSharknado_bsp\libhal_bsp.a(altera_avalon_jtag_uart_ioctl.o)
 .data          0x0100fab8        0x0 C:\Users\Gord\Documents\repos\LaserSharknado\LaserSharknado_bsp\libhal_bsp.a(altera_avalon_jtag_uart_read.o)
 .data          0x0100fab8        0x0 C:\Users\Gord\Documents\repos\LaserSharknado\LaserSharknado_bsp\libhal_bsp.a(altera_avalon_jtag_uart_write.o)
 .data          0x0100fab8        0x0 C:\Users\Gord\Documents\repos\LaserSharknado\LaserSharknado_bsp\libhal_bsp.a(altera_avalon_timer_sc.o)
 .data          0x0100fab8        0x0 C:\Users\Gord\Documents\repos\LaserSharknado\LaserSharknado_bsp\libhal_bsp.a(altera_avalon_timer_ts.o)
 .data          0x0100fab8        0x0 C:\Users\Gord\Documents\repos\LaserSharknado\LaserSharknado_bsp\libhal_bsp.a(altera_avalon_timer_vars.o)
 .data          0x0100fab8        0x0 C:\Users\Gord\Documents\repos\LaserSharknado\LaserSharknado_bsp\libhal_bsp.a(altera_up_avalon_character_lcd.o)
 .data          0x0100fab8        0x0 C:\Users\Gord\Documents\repos\LaserSharknado\LaserSharknado_bsp\libhal_bsp.a(alt_alarm_start.o)
 .data          0x0100fab8        0x0 C:\Users\Gord\Documents\repos\LaserSharknado\LaserSharknado_bsp\libhal_bsp.a(alt_busy_sleep.o)
 .data          0x0100fab8        0x0 C:\Users\Gord\Documents\repos\LaserSharknado\LaserSharknado_bsp\libhal_bsp.a(alt_dcache_flush_all.o)
 .data          0x0100fab8        0x0 C:\Users\Gord\Documents\repos\LaserSharknado\LaserSharknado_bsp\libhal_bsp.a(alt_dev_llist_insert.o)
 .data          0x0100fab8        0x0 C:\Users\Gord\Documents\repos\LaserSharknado\LaserSharknado_bsp\libhal_bsp.a(alt_do_ctors.o)
 .data          0x0100fab8        0x0 C:\Users\Gord\Documents\repos\LaserSharknado\LaserSharknado_bsp\libhal_bsp.a(alt_do_dtors.o)
 .data          0x0100fab8        0x0 C:\Users\Gord\Documents\repos\LaserSharknado\LaserSharknado_bsp\libhal_bsp.a(alt_find_dev.o)
 .data          0x0100fab8        0x0 C:\Users\Gord\Documents\repos\LaserSharknado\LaserSharknado_bsp\libhal_bsp.a(alt_icache_flush_all.o)
 .data          0x0100fab8        0x0 C:\Users\Gord\Documents\repos\LaserSharknado\LaserSharknado_bsp\libhal_bsp.a(alt_iic.o)
 .data          0x0100fab8        0x0 C:\Users\Gord\Documents\repos\LaserSharknado\LaserSharknado_bsp\libhal_bsp.a(alt_iic_isr_register.o)
 .data          0x0100fab8        0x0 C:\Users\Gord\Documents\repos\LaserSharknado\LaserSharknado_bsp\libhal_bsp.a(alt_io_redirect.o)
 .data          0x0100fab8        0x0 C:\Users\Gord\Documents\repos\LaserSharknado\LaserSharknado_bsp\libhal_bsp.a(alt_irq_entry.o)
 .data          0x0100fab8        0x0 C:\Users\Gord\Documents\repos\LaserSharknado\LaserSharknado_bsp\libhal_bsp.a(alt_irq_handler.o)
 .data          0x0100fab8        0x0 C:\Users\Gord\Documents\repos\LaserSharknado\LaserSharknado_bsp\libhal_bsp.a(alt_irq_vars.o)
 .data          0x0100fab8        0x0 C:\Users\Gord\Documents\repos\LaserSharknado\LaserSharknado_bsp\libhal_bsp.a(alt_open.o)
 .data          0x0100fab8        0x0 C:\Users\Gord\Documents\repos\LaserSharknado\LaserSharknado_bsp\libhal_bsp.a(altera_nios2_qsys_irq.o)
 .data          0x0100fab8        0x0 C:\Users\Gord\Documents\repos\LaserSharknado\LaserSharknado_bsp\libhal_bsp.a(alt_exception_entry.o)
 .data          0x0100fab8        0x0 C:\Users\Gord\Documents\repos\LaserSharknado\LaserSharknado_bsp\libhal_bsp.a(alt_find_file.o)
 .data          0x0100fab8        0x0 C:\Users\Gord\Documents\repos\LaserSharknado\LaserSharknado_bsp\libhal_bsp.a(alt_get_fd.o)
 .data          0x0100fab8        0x0 C:\Users\Gord\Documents\repos\LaserSharknado\LaserSharknado_bsp\libhal_bsp.a(alt_icache_flush.o)
 .data          0x0100fab8        0x0 c:/altera/12.0sp2/nios2eds/bin/gnu/h-i686-mingw32/bin/../lib/gcc/nios2-elf/4.1.2/../../../../nios2-elf/lib\libc.a(lib_a-atexit.o)
 .data          0x0100fab8        0x0 c:/altera/12.0sp2/nios2eds/bin/gnu/h-i686-mingw32/bin/../lib/gcc/nios2-elf/4.1.2/../../../../nios2-elf/lib\libc.a(lib_a-exit.o)
 .data          0x0100fab8        0x0 c:/altera/12.0sp2/nios2eds/bin/gnu/h-i686-mingw32/bin/../lib/gcc/nios2-elf/4.1.2/../../../../nios2-elf/lib\libc.a(lib_a-memcmp.o)
 .data          0x0100fab8        0x0 c:/altera/12.0sp2/nios2eds/bin/gnu/h-i686-mingw32/bin/../lib/gcc/nios2-elf/4.1.2/../../../../nios2-elf/lib\libc.a(lib_a-__atexit.o)
 .data          0x0100fab8        0x0 c:/altera/12.0sp2/nios2eds/bin/gnu/h-i686-mingw32/bin/../lib/gcc/nios2-elf/4.1.2/../../../../nios2-elf/lib\libc.a(lib_a-__call_atexit.o)
 .data          0x0100fab8        0x0 C:\Users\Gord\Documents\repos\LaserSharknado\LaserSharknado_bsp\libhal_bsp.a(alt_exit.o)
                0x01017ab8                _gp = ABSOLUTE ((. + 0x8000))
                0x01017ab8                PROVIDE (gp, _gp)
 *(.rwdata .rwdata.*)
 *(.sdata .sdata.* .gnu.linkonce.s.*)
 .sdata         0x0100fab8        0x8 c:/altera/12.0sp2/nios2eds/bin/gnu/h-i686-mingw32/bin/../lib/gcc/nios2-elf/4.1.2/../../../../nios2-elf/lib\libc.a(lib_a-impure.o)
                0x0100fab8                _impure_ptr
                0x0100fabc                _global_impure_ptr
 .sdata         0x0100fac0        0x8 c:/altera/12.0sp2/nios2eds/bin/gnu/h-i686-mingw32/bin/../lib/gcc/nios2-elf/4.1.2/../../../../nios2-elf/lib\libc.a(lib_a-locale.o)
                0x0100fac0                __mb_cur_max
 .sdata         0x0100fac8        0x8 c:/altera/12.0sp2/nios2eds/bin/gnu/h-i686-mingw32/bin/../lib/gcc/nios2-elf/4.1.2/../../../../nios2-elf/lib\libc.a(lib_a-mallocr.o)
                0x0100fac8                __malloc_trim_threshold
                0x0100facc                __malloc_sbrk_base
 .sdata         0x0100fad0       0x14 C:\Users\Gord\Documents\repos\LaserSharknado\LaserSharknado_bsp\libhal_bsp.a(alt_dev.o)
                0x0100fad0                alt_fs_list
                0x0100fad8                alt_dev_list
                0x0100fae0                alt_max_fd
 .sdata         0x0100fae4        0x4 C:\Users\Gord\Documents\repos\LaserSharknado\LaserSharknado_bsp\libhal_bsp.a(alt_errno.o)
                0x0100fae4                alt_errno
 .sdata         0x0100fae8        0x4 C:\Users\Gord\Documents\repos\LaserSharknado\LaserSharknado_bsp\libhal_bsp.a(alt_sbrk.o)
 .sdata         0x0100faec        0x8 C:\Users\Gord\Documents\repos\LaserSharknado\LaserSharknado_bsp\libhal_bsp.a(alt_tick.o)
                0x0100faec                alt_alarm_list
 .sdata         0x0100faf4        0x4 C:\Users\Gord\Documents\repos\LaserSharknado\LaserSharknado_bsp\libhal_bsp.a(alt_irq_vars.o)
                0x0100faf4                alt_priority_mask
 *(.sdata2 .sdata2.* .gnu.linkonce.s2.*)
                0x0100faf8                . = ALIGN (0x4)
                0x0100faf8                _edata = ABSOLUTE (.)
                0x0100faf8                PROVIDE (edata, ABSOLUTE (.))
                0x0100faf8                PROVIDE (__ram_rwdata_end, ABSOLUTE (.))
                0x0100faf8                PROVIDE (__flash_rwdata_start, LOADADDR (.rwdata))

.bss            0x01011580      0x2f4
                0x01011580                __bss_start = ABSOLUTE (.)
                0x01011580                PROVIDE (__sbss_start, ABSOLUTE (.))
                0x01011580                PROVIDE (___sbss_start, ABSOLUTE (.))
 *(.dynsbss)
 *(.sbss .sbss.* .gnu.linkonce.sb.*)
 .sbss          0x01011580        0xc c:/altera/12.0sp2/nios2eds/bin/gnu/h-i686-mingw32/bin/../lib/gcc/nios2-elf/4.1.2/../../../../nios2-elf/lib\libc.a(lib_a-locale.o)
                0x01011580                __nlocale_changed
                0x01011584                __mlocale_changed
                0x01011588                _PathLocale
 .sbss          0x0101158c        0xc c:/altera/12.0sp2/nios2eds/bin/gnu/h-i686-mingw32/bin/../lib/gcc/nios2-elf/4.1.2/../../../../nios2-elf/lib\libc.a(lib_a-mallocr.o)
                0x0101158c                __malloc_top_pad
                0x01011590                __malloc_max_sbrked_mem
                0x01011594                __malloc_max_total_mem
 .sbss          0x01011598        0x4 c:/altera/12.0sp2/nios2eds/bin/gnu/h-i686-mingw32/bin/../lib/gcc/nios2-elf/4.1.2/../../../../nios2-elf/lib\libc.a(lib_a-int_errno.o)
                0x01011598                errno
 .sbss          0x0101159c        0xc C:\Users\Gord\Documents\repos\LaserSharknado\LaserSharknado_bsp\libhal_bsp.a(alt_main.o)
                0x0101159c                alt_argc
                0x010115a0                alt_argv
                0x010115a4                alt_envp
 .sbss          0x010115a8        0x8 C:\Users\Gord\Documents\repos\LaserSharknado\LaserSharknado_bsp\libhal_bsp.a(alt_tick.o)
                0x010115a8                _alt_tick_rate
                0x010115ac                _alt_nticks
 .sbss          0x010115b0        0x8 C:\Users\Gord\Documents\repos\LaserSharknado\LaserSharknado_bsp\libhal_bsp.a(altera_avalon_timer_vars.o)
                0x010115b0                altera_avalon_timer_ts_base
                0x010115b4                altera_avalon_timer_ts_freq
 .sbss          0x010115b8        0x4 C:\Users\Gord\Documents\repos\LaserSharknado\LaserSharknado_bsp\libhal_bsp.a(alt_irq_vars.o)
                0x010115b8                alt_irq_active
 *(.sbss2 .sbss2.* .gnu.linkonce.sb2.*)
 *(.scommon)
                0x010115bc                PROVIDE (__sbss_end, ABSOLUTE (.))
                0x010115bc                PROVIDE (___sbss_end, ABSOLUTE (.))
 *(.dynbss)
 *(.bss .bss.* .gnu.linkonce.b.*)
 .bss           0x010115bc        0x0 C:\Users\Gord\Documents\repos\LaserSharknado\LaserSharknado_bsp/obj/HAL/src/crt0.o
 .bss           0x010115bc        0x0 obj/default/Exercises/excercise2.o
 .bss           0x010115bc        0x0 obj/default/hello_world.o
 .bss           0x010115bc        0x0 obj/default/timer.o
 .bss           0x010115bc        0x0 c:/altera/12.0sp2/nios2eds/bin/gnu/h-i686-mingw32/bin/../lib/gcc/nios2-elf/4.1.2\libgcc.a(_div_sf.o)
 .bss           0x010115bc        0x0 c:/altera/12.0sp2/nios2eds/bin/gnu/h-i686-mingw32/bin/../lib/gcc/nios2-elf/4.1.2\libgcc.a(_si_to_sf.o)
 .bss           0x010115bc        0x0 c:/altera/12.0sp2/nios2eds/bin/gnu/h-i686-mingw32/bin/../lib/gcc/nios2-elf/4.1.2\libgcc.a(_sf_to_df.o)
 .bss           0x010115bc        0x0 c:/altera/12.0sp2/nios2eds/bin/gnu/h-i686-mingw32/bin/../lib/gcc/nios2-elf/4.1.2\libgcc.a(_thenan_sf.o)
 .bss           0x010115bc        0x0 c:/altera/12.0sp2/nios2eds/bin/gnu/h-i686-mingw32/bin/../lib/gcc/nios2-elf/4.1.2\libgcc.a(_usi_to_sf.o)
 .bss           0x010115bc        0x0 c:/altera/12.0sp2/nios2eds/bin/gnu/h-i686-mingw32/bin/../lib/gcc/nios2-elf/4.1.2\libgcc.a(_make_df.o)
 .bss           0x010115bc        0x0 c:/altera/12.0sp2/nios2eds/bin/gnu/h-i686-mingw32/bin/../lib/gcc/nios2-elf/4.1.2\libgcc.a(_clzsi2.o)
 .bss           0x010115bc        0x0 c:/altera/12.0sp2/nios2eds/bin/gnu/h-i686-mingw32/bin/../lib/gcc/nios2-elf/4.1.2\libgcc.a(_pack_sf.o)
 .bss           0x010115bc        0x0 c:/altera/12.0sp2/nios2eds/bin/gnu/h-i686-mingw32/bin/../lib/gcc/nios2-elf/4.1.2\libgcc.a(_unpack_sf.o)
 .bss           0x010115bc        0x0 c:/altera/12.0sp2/nios2eds/bin/gnu/h-i686-mingw32/bin/../lib/gcc/nios2-elf/4.1.2\libgcc.a(_pack_df.o)
 .bss           0x010115bc        0x0 c:/altera/12.0sp2/nios2eds/bin/gnu/h-i686-mingw32/bin/../lib/gcc/nios2-elf/4.1.2\libgcc.a(_clz.o)
 .bss           0x010115bc        0x0 c:/altera/12.0sp2/nios2eds/bin/gnu/h-i686-mingw32/bin/../lib/gcc/nios2-elf/4.1.2/../../../../nios2-elf/lib\libc.a(lib_a-printf.o)
 .bss           0x010115bc        0x0 c:/altera/12.0sp2/nios2eds/bin/gnu/h-i686-mingw32/bin/../lib/gcc/nios2-elf/4.1.2/../../../../nios2-elf/lib\libc.a(lib_a-puts.o)
 .bss           0x010115bc        0x0 c:/altera/12.0sp2/nios2eds/bin/gnu/h-i686-mingw32/bin/../lib/gcc/nios2-elf/4.1.2/../../../../nios2-elf/lib\libc.a(lib_a-strlen.o)
 .bss           0x010115bc        0x0 c:/altera/12.0sp2/nios2eds/bin/gnu/h-i686-mingw32/bin/../lib/gcc/nios2-elf/4.1.2/../../../../nios2-elf/lib\libc.a(lib_a-vfprintf.o)
 .bss           0x010115bc        0x0 c:/altera/12.0sp2/nios2eds/bin/gnu/h-i686-mingw32/bin/../lib/gcc/nios2-elf/4.1.2/../../../../nios2-elf/lib\libc.a(lib_a-wsetup.o)
 .bss           0x010115bc        0x0 c:/altera/12.0sp2/nios2eds/bin/gnu/h-i686-mingw32/bin/../lib/gcc/nios2-elf/4.1.2/../../../../nios2-elf/lib\libc.a(lib_a-dtoa.o)
 .bss           0x010115bc        0x0 c:/altera/12.0sp2/nios2eds/bin/gnu/h-i686-mingw32/bin/../lib/gcc/nios2-elf/4.1.2/../../../../nios2-elf/lib\libc.a(lib_a-fflush.o)
 .bss           0x010115bc        0x0 c:/altera/12.0sp2/nios2eds/bin/gnu/h-i686-mingw32/bin/../lib/gcc/nios2-elf/4.1.2/../../../../nios2-elf/lib\libc.a(lib_a-findfp.o)
 .bss           0x010115bc        0x0 c:/altera/12.0sp2/nios2eds/bin/gnu/h-i686-mingw32/bin/../lib/gcc/nios2-elf/4.1.2/../../../../nios2-elf/lib\libc.a(lib_a-freer.o)
 .bss           0x010115bc        0x0 c:/altera/12.0sp2/nios2eds/bin/gnu/h-i686-mingw32/bin/../lib/gcc/nios2-elf/4.1.2/../../../../nios2-elf/lib\libc.a(lib_a-fvwrite.o)
 .bss           0x010115bc        0x0 c:/altera/12.0sp2/nios2eds/bin/gnu/h-i686-mingw32/bin/../lib/gcc/nios2-elf/4.1.2/../../../../nios2-elf/lib\libc.a(lib_a-fwalk.o)
 .bss           0x010115bc        0x0 c:/altera/12.0sp2/nios2eds/bin/gnu/h-i686-mingw32/bin/../lib/gcc/nios2-elf/4.1.2/../../../../nios2-elf/lib\libc.a(lib_a-impure.o)
 .bss           0x010115bc        0x0 c:/altera/12.0sp2/nios2eds/bin/gnu/h-i686-mingw32/bin/../lib/gcc/nios2-elf/4.1.2/../../../../nios2-elf/lib\libc.a(lib_a-locale.o)
 .bss           0x010115bc        0x0 c:/altera/12.0sp2/nios2eds/bin/gnu/h-i686-mingw32/bin/../lib/gcc/nios2-elf/4.1.2/../../../../nios2-elf/lib\libc.a(lib_a-makebuf.o)
 .bss           0x010115bc       0x28 c:/altera/12.0sp2/nios2eds/bin/gnu/h-i686-mingw32/bin/../lib/gcc/nios2-elf/4.1.2/../../../../nios2-elf/lib\libc.a(lib_a-mallocr.o)
                0x010115bc                __malloc_current_mallinfo
 .bss           0x010115e4        0x0 c:/altera/12.0sp2/nios2eds/bin/gnu/h-i686-mingw32/bin/../lib/gcc/nios2-elf/4.1.2/../../../../nios2-elf/lib\libc.a(lib_a-memchr.o)
 .bss           0x010115e4        0x0 c:/altera/12.0sp2/nios2eds/bin/gnu/h-i686-mingw32/bin/../lib/gcc/nios2-elf/4.1.2/../../../../nios2-elf/lib\libc.a(lib_a-memcpy.o)
 .bss           0x010115e4        0x0 c:/altera/12.0sp2/nios2eds/bin/gnu/h-i686-mingw32/bin/../lib/gcc/nios2-elf/4.1.2/../../../../nios2-elf/lib\libc.a(lib_a-memmove.o)
 .bss           0x010115e4        0x0 c:/altera/12.0sp2/nios2eds/bin/gnu/h-i686-mingw32/bin/../lib/gcc/nios2-elf/4.1.2/../../../../nios2-elf/lib\libc.a(lib_a-memset.o)
 .bss           0x010115e4        0x0 c:/altera/12.0sp2/nios2eds/bin/gnu/h-i686-mingw32/bin/../lib/gcc/nios2-elf/4.1.2/../../../../nios2-elf/lib\libc.a(lib_a-mprec.o)
 .bss           0x010115e4        0x0 c:/altera/12.0sp2/nios2eds/bin/gnu/h-i686-mingw32/bin/../lib/gcc/nios2-elf/4.1.2/../../../../nios2-elf/lib\libc.a(lib_a-reallocr.o)
 .bss           0x010115e4        0x0 c:/altera/12.0sp2/nios2eds/bin/gnu/h-i686-mingw32/bin/../lib/gcc/nios2-elf/4.1.2/../../../../nios2-elf/lib\libc.a(lib_a-s_isinfd.o)
 .bss           0x010115e4        0x0 c:/altera/12.0sp2/nios2eds/bin/gnu/h-i686-mingw32/bin/../lib/gcc/nios2-elf/4.1.2/../../../../nios2-elf/lib\libc.a(lib_a-s_isnand.o)
 .bss           0x010115e4        0x0 c:/altera/12.0sp2/nios2eds/bin/gnu/h-i686-mingw32/bin/../lib/gcc/nios2-elf/4.1.2/../../../../nios2-elf/lib\libc.a(lib_a-sbrkr.o)
 .bss           0x010115e4        0x0 c:/altera/12.0sp2/nios2eds/bin/gnu/h-i686-mingw32/bin/../lib/gcc/nios2-elf/4.1.2/../../../../nios2-elf/lib\libc.a(lib_a-stdio.o)
 .bss           0x010115e4        0x0 c:/altera/12.0sp2/nios2eds/bin/gnu/h-i686-mingw32/bin/../lib/gcc/nios2-elf/4.1.2/../../../../nios2-elf/lib\libc.a(lib_a-strcmp.o)
 .bss           0x010115e4        0x0 c:/altera/12.0sp2/nios2eds/bin/gnu/h-i686-mingw32/bin/../lib/gcc/nios2-elf/4.1.2/../../../../nios2-elf/lib\libc.a(lib_a-writer.o)
 .bss           0x010115e4        0x0 c:/altera/12.0sp2/nios2eds/bin/gnu/h-i686-mingw32/bin/../lib/gcc/nios2-elf/4.1.2/../../../../nios2-elf/lib\libc.a(lib_a-callocr.o)
 .bss           0x010115e4        0x0 c:/altera/12.0sp2/nios2eds/bin/gnu/h-i686-mingw32/bin/../lib/gcc/nios2-elf/4.1.2/../../../../nios2-elf/lib\libc.a(lib_a-closer.o)
 .bss           0x010115e4        0x0 c:/altera/12.0sp2/nios2eds/bin/gnu/h-i686-mingw32/bin/../lib/gcc/nios2-elf/4.1.2/../../../../nios2-elf/lib\libc.a(lib_a-fclose.o)
 .bss           0x010115e4        0x0 c:/altera/12.0sp2/nios2eds/bin/gnu/h-i686-mingw32/bin/../lib/gcc/nios2-elf/4.1.2/../../../../nios2-elf/lib\libc.a(lib_a-fstatr.o)
 .bss           0x010115e4        0x0 c:/altera/12.0sp2/nios2eds/bin/gnu/h-i686-mingw32/bin/../lib/gcc/nios2-elf/4.1.2/../../../../nios2-elf/lib\libc.a(lib_a-int_errno.o)
 .bss           0x010115e4        0x0 c:/altera/12.0sp2/nios2eds/bin/gnu/h-i686-mingw32/bin/../lib/gcc/nios2-elf/4.1.2/../../../../nios2-elf/lib\libc.a(lib_a-isattyr.o)
 .bss           0x010115e4        0x0 c:/altera/12.0sp2/nios2eds/bin/gnu/h-i686-mingw32/bin/../lib/gcc/nios2-elf/4.1.2/../../../../nios2-elf/lib\libc.a(lib_a-lseekr.o)
 .bss           0x010115e4        0x0 c:/altera/12.0sp2/nios2eds/bin/gnu/h-i686-mingw32/bin/../lib/gcc/nios2-elf/4.1.2/../../../../nios2-elf/lib\libc.a(lib_a-readr.o)
 .bss           0x010115e4        0x0 c:/altera/12.0sp2/nios2eds/bin/gnu/h-i686-mingw32/bin/../lib/gcc/nios2-elf/4.1.2\libgcc.a(_udivdi3.o)
 .bss           0x010115e4        0x0 c:/altera/12.0sp2/nios2eds/bin/gnu/h-i686-mingw32/bin/../lib/gcc/nios2-elf/4.1.2\libgcc.a(_umoddi3.o)
 .bss           0x010115e4        0x0 c:/altera/12.0sp2/nios2eds/bin/gnu/h-i686-mingw32/bin/../lib/gcc/nios2-elf/4.1.2\libgcc.a(_addsub_df.o)
 .bss           0x010115e4        0x0 c:/altera/12.0sp2/nios2eds/bin/gnu/h-i686-mingw32/bin/../lib/gcc/nios2-elf/4.1.2\libgcc.a(_mul_df.o)
 .bss           0x010115e4        0x0 c:/altera/12.0sp2/nios2eds/bin/gnu/h-i686-mingw32/bin/../lib/gcc/nios2-elf/4.1.2\libgcc.a(_div_df.o)
 .bss           0x010115e4        0x0 c:/altera/12.0sp2/nios2eds/bin/gnu/h-i686-mingw32/bin/../lib/gcc/nios2-elf/4.1.2\libgcc.a(_eq_df.o)
 .bss           0x010115e4        0x0 c:/altera/12.0sp2/nios2eds/bin/gnu/h-i686-mingw32/bin/../lib/gcc/nios2-elf/4.1.2\libgcc.a(_ne_df.o)
 .bss           0x010115e4        0x0 c:/altera/12.0sp2/nios2eds/bin/gnu/h-i686-mingw32/bin/../lib/gcc/nios2-elf/4.1.2\libgcc.a(_gt_df.o)
 .bss           0x010115e4        0x0 c:/altera/12.0sp2/nios2eds/bin/gnu/h-i686-mingw32/bin/../lib/gcc/nios2-elf/4.1.2\libgcc.a(_ge_df.o)
 .bss           0x010115e4        0x0 c:/altera/12.0sp2/nios2eds/bin/gnu/h-i686-mingw32/bin/../lib/gcc/nios2-elf/4.1.2\libgcc.a(_lt_df.o)
 .bss           0x010115e4        0x0 c:/altera/12.0sp2/nios2eds/bin/gnu/h-i686-mingw32/bin/../lib/gcc/nios2-elf/4.1.2\libgcc.a(_si_to_df.o)
 .bss           0x010115e4        0x0 c:/altera/12.0sp2/nios2eds/bin/gnu/h-i686-mingw32/bin/../lib/gcc/nios2-elf/4.1.2\libgcc.a(_df_to_si.o)
 .bss           0x010115e4        0x0 c:/altera/12.0sp2/nios2eds/bin/gnu/h-i686-mingw32/bin/../lib/gcc/nios2-elf/4.1.2\libgcc.a(_thenan_df.o)
 .bss           0x010115e4        0x0 c:/altera/12.0sp2/nios2eds/bin/gnu/h-i686-mingw32/bin/../lib/gcc/nios2-elf/4.1.2\libgcc.a(_usi_to_df.o)
 .bss           0x010115e4        0x0 c:/altera/12.0sp2/nios2eds/bin/gnu/h-i686-mingw32/bin/../lib/gcc/nios2-elf/4.1.2\libgcc.a(lib2-divmod.o)
 .bss           0x010115e4        0x0 c:/altera/12.0sp2/nios2eds/bin/gnu/h-i686-mingw32/bin/../lib/gcc/nios2-elf/4.1.2\libgcc.a(_muldi3.o)
 .bss           0x010115e4        0x0 c:/altera/12.0sp2/nios2eds/bin/gnu/h-i686-mingw32/bin/../lib/gcc/nios2-elf/4.1.2\libgcc.a(_unpack_df.o)
 .bss           0x010115e4        0x0 c:/altera/12.0sp2/nios2eds/bin/gnu/h-i686-mingw32/bin/../lib/gcc/nios2-elf/4.1.2\libgcc.a(_fpcmp_parts_df.o)
 .bss           0x010115e4        0x0 C:\Users\Gord\Documents\repos\LaserSharknado\LaserSharknado_bsp\libhal_bsp.a(alt_close.o)
 .bss           0x010115e4        0x0 C:\Users\Gord\Documents\repos\LaserSharknado\LaserSharknado_bsp\libhal_bsp.a(alt_dev.o)
 .bss           0x010115e4        0x0 C:\Users\Gord\Documents\repos\LaserSharknado\LaserSharknado_bsp\libhal_bsp.a(alt_errno.o)
 .bss           0x010115e4        0x0 C:\Users\Gord\Documents\repos\LaserSharknado\LaserSharknado_bsp\libhal_bsp.a(alt_fstat.o)
 .bss           0x010115e4        0x0 C:\Users\Gord\Documents\repos\LaserSharknado\LaserSharknado_bsp\libhal_bsp.a(alt_isatty.o)
 .bss           0x010115e4        0x0 C:\Users\Gord\Documents\repos\LaserSharknado\LaserSharknado_bsp\libhal_bsp.a(alt_load.o)
 .bss           0x010115e4        0x0 C:\Users\Gord\Documents\repos\LaserSharknado\LaserSharknado_bsp\libhal_bsp.a(alt_lseek.o)
 .bss           0x010115e4        0x0 C:\Users\Gord\Documents\repos\LaserSharknado\LaserSharknado_bsp\libhal_bsp.a(alt_main.o)
 .bss           0x010115e4        0x0 C:\Users\Gord\Documents\repos\LaserSharknado\LaserSharknado_bsp\libhal_bsp.a(alt_malloc_lock.o)
 .bss           0x010115e4        0x0 C:\Users\Gord\Documents\repos\LaserSharknado\LaserSharknado_bsp\libhal_bsp.a(alt_read.o)
 .bss           0x010115e4        0x0 C:\Users\Gord\Documents\repos\LaserSharknado\LaserSharknado_bsp\libhal_bsp.a(alt_release_fd.o)
 .bss           0x010115e4        0x0 C:\Users\Gord\Documents\repos\LaserSharknado\LaserSharknado_bsp\libhal_bsp.a(alt_sbrk.o)
 .bss           0x010115e4        0x0 C:\Users\Gord\Documents\repos\LaserSharknado\LaserSharknado_bsp\libhal_bsp.a(alt_tick.o)
 .bss           0x010115e4        0x0 C:\Users\Gord\Documents\repos\LaserSharknado\LaserSharknado_bsp\libhal_bsp.a(alt_usleep.o)
 .bss           0x010115e4        0x0 C:\Users\Gord\Documents\repos\LaserSharknado\LaserSharknado_bsp\libhal_bsp.a(alt_write.o)
 .bss           0x010115e4        0x0 C:\Users\Gord\Documents\repos\LaserSharknado\LaserSharknado_bsp\libhal_bsp.a(alt_sys_init.o)
 .bss           0x010115e4        0x0 C:\Users\Gord\Documents\repos\LaserSharknado\LaserSharknado_bsp\libhal_bsp.a(altera_avalon_jtag_uart_fd.o)
 .bss           0x010115e4        0x0 C:\Users\Gord\Documents\repos\LaserSharknado\LaserSharknado_bsp\libhal_bsp.a(altera_avalon_jtag_uart_init.o)
 .bss           0x010115e4        0x0 C:\Users\Gord\Documents\repos\LaserSharknado\LaserSharknado_bsp\libhal_bsp.a(altera_avalon_jtag_uart_ioctl.o)
 .bss           0x010115e4        0x0 C:\Users\Gord\Documents\repos\LaserSharknado\LaserSharknado_bsp\libhal_bsp.a(altera_avalon_jtag_uart_read.o)
 .bss           0x010115e4        0x0 C:\Users\Gord\Documents\repos\LaserSharknado\LaserSharknado_bsp\libhal_bsp.a(altera_avalon_jtag_uart_write.o)
 .bss           0x010115e4        0x0 C:\Users\Gord\Documents\repos\LaserSharknado\LaserSharknado_bsp\libhal_bsp.a(altera_avalon_timer_sc.o)
 .bss           0x010115e4        0x0 C:\Users\Gord\Documents\repos\LaserSharknado\LaserSharknado_bsp\libhal_bsp.a(altera_avalon_timer_ts.o)
 .bss           0x010115e4        0x0 C:\Users\Gord\Documents\repos\LaserSharknado\LaserSharknado_bsp\libhal_bsp.a(altera_avalon_timer_vars.o)
 .bss           0x010115e4        0x0 C:\Users\Gord\Documents\repos\LaserSharknado\LaserSharknado_bsp\libhal_bsp.a(altera_up_avalon_character_lcd.o)
 .bss           0x010115e4        0x0 C:\Users\Gord\Documents\repos\LaserSharknado\LaserSharknado_bsp\libhal_bsp.a(alt_alarm_start.o)
 .bss           0x010115e4        0x0 C:\Users\Gord\Documents\repos\LaserSharknado\LaserSharknado_bsp\libhal_bsp.a(alt_busy_sleep.o)
 .bss           0x010115e4        0x0 C:\Users\Gord\Documents\repos\LaserSharknado\LaserSharknado_bsp\libhal_bsp.a(alt_dcache_flush_all.o)
 .bss           0x010115e4        0x0 C:\Users\Gord\Documents\repos\LaserSharknado\LaserSharknado_bsp\libhal_bsp.a(alt_dev_llist_insert.o)
 .bss           0x010115e4        0x0 C:\Users\Gord\Documents\repos\LaserSharknado\LaserSharknado_bsp\libhal_bsp.a(alt_do_ctors.o)
 .bss           0x010115e4        0x0 C:\Users\Gord\Documents\repos\LaserSharknado\LaserSharknado_bsp\libhal_bsp.a(alt_do_dtors.o)
 .bss           0x010115e4        0x0 C:\Users\Gord\Documents\repos\LaserSharknado\LaserSharknado_bsp\libhal_bsp.a(alt_find_dev.o)
 .bss           0x010115e4        0x0 C:\Users\Gord\Documents\repos\LaserSharknado\LaserSharknado_bsp\libhal_bsp.a(alt_icache_flush_all.o)
 .bss           0x010115e4        0x0 C:\Users\Gord\Documents\repos\LaserSharknado\LaserSharknado_bsp\libhal_bsp.a(alt_iic.o)
 .bss           0x010115e4        0x0 C:\Users\Gord\Documents\repos\LaserSharknado\LaserSharknado_bsp\libhal_bsp.a(alt_iic_isr_register.o)
 .bss           0x010115e4        0x0 C:\Users\Gord\Documents\repos\LaserSharknado\LaserSharknado_bsp\libhal_bsp.a(alt_io_redirect.o)
 .bss           0x010115e4        0x0 C:\Users\Gord\Documents\repos\LaserSharknado\LaserSharknado_bsp\libhal_bsp.a(alt_irq_entry.o)
 .bss           0x010115e4        0x0 C:\Users\Gord\Documents\repos\LaserSharknado\LaserSharknado_bsp\libhal_bsp.a(alt_irq_handler.o)
 .bss           0x010115e4        0x0 C:\Users\Gord\Documents\repos\LaserSharknado\LaserSharknado_bsp\libhal_bsp.a(alt_irq_vars.o)
 .bss           0x010115e4        0x0 C:\Users\Gord\Documents\repos\LaserSharknado\LaserSharknado_bsp\libhal_bsp.a(alt_open.o)
 .bss           0x010115e4        0x0 C:\Users\Gord\Documents\repos\LaserSharknado\LaserSharknado_bsp\libhal_bsp.a(altera_nios2_qsys_irq.o)
 .bss           0x010115e4        0x0 C:\Users\Gord\Documents\repos\LaserSharknado\LaserSharknado_bsp\libhal_bsp.a(alt_exception_entry.o)
 .bss           0x010115e4        0x0 C:\Users\Gord\Documents\repos\LaserSharknado\LaserSharknado_bsp\libhal_bsp.a(alt_find_file.o)
 .bss           0x010115e4        0x0 C:\Users\Gord\Documents\repos\LaserSharknado\LaserSharknado_bsp\libhal_bsp.a(alt_get_fd.o)
 .bss           0x010115e4        0x0 C:\Users\Gord\Documents\repos\LaserSharknado\LaserSharknado_bsp\libhal_bsp.a(alt_icache_flush.o)
 .bss           0x010115e4        0x0 c:/altera/12.0sp2/nios2eds/bin/gnu/h-i686-mingw32/bin/../lib/gcc/nios2-elf/4.1.2/../../../../nios2-elf/lib\libc.a(lib_a-atexit.o)
 .bss           0x010115e4        0x0 c:/altera/12.0sp2/nios2eds/bin/gnu/h-i686-mingw32/bin/../lib/gcc/nios2-elf/4.1.2/../../../../nios2-elf/lib\libc.a(lib_a-exit.o)
 .bss           0x010115e4        0x0 c:/altera/12.0sp2/nios2eds/bin/gnu/h-i686-mingw32/bin/../lib/gcc/nios2-elf/4.1.2/../../../../nios2-elf/lib\libc.a(lib_a-memcmp.o)
 .bss           0x010115e4        0x0 c:/altera/12.0sp2/nios2eds/bin/gnu/h-i686-mingw32/bin/../lib/gcc/nios2-elf/4.1.2/../../../../nios2-elf/lib\libc.a(lib_a-__atexit.o)
 .bss           0x010115e4        0x0 c:/altera/12.0sp2/nios2eds/bin/gnu/h-i686-mingw32/bin/../lib/gcc/nios2-elf/4.1.2/../../../../nios2-elf/lib\libc.a(lib_a-__call_atexit.o)
 .bss           0x010115e4        0x0 C:\Users\Gord\Documents\repos\LaserSharknado\LaserSharknado_bsp\libhal_bsp.a(alt_exit.o)
 *(COMMON)
 COMMON         0x010115e4      0x100 C:\Users\Gord\Documents\repos\LaserSharknado\LaserSharknado_bsp\libhal_bsp.a(alt_irq_handler.o)
                0x010115e4                alt_irq
 COMMON         0x010116e4      0x190 c:/altera/12.0sp2/nios2eds/bin/gnu/h-i686-mingw32/bin/../lib/gcc/nios2-elf/4.1.2/../../../../nios2-elf/lib\libc.a(lib_a-atexit.o)
                0x010116e4                _atexit0
                0x01011874                . = ALIGN (0x4)
                0x01011874                __bss_end = ABSOLUTE (.)

.onchip_memory2_0
                0x00000000        0x0 load address 0x01011874
                0x00000000                PROVIDE (_alt_partition_onchip_memory2_0_start, ABSOLUTE (.))
 *(.onchip_memory2_0. onchip_memory2_0.*)
                0x00000000                . = ALIGN (0x4)
                0x00000000                PROVIDE (_alt_partition_onchip_memory2_0_end, ABSOLUTE (.))
                0x01011874                PROVIDE (_alt_partition_onchip_memory2_0_load_addr, LOADADDR (.onchip_memory2_0))

.sdram_0        0x01011874        0x0
                0x01011874                PROVIDE (_alt_partition_sdram_0_start, ABSOLUTE (.))
 *(.sdram_0. sdram_0.*)
                0x01011874                . = ALIGN (0x4)
                0x01011874                PROVIDE (_alt_partition_sdram_0_end, ABSOLUTE (.))
                0x01011874                _end = ABSOLUTE (.)
                0x01011874                end = ABSOLUTE (.)
                0x01011874                __alt_stack_base = ABSOLUTE (.)
                0x01011874                PROVIDE (_alt_partition_sdram_0_load_addr, LOADADDR (.sdram_0))

.stab
 *(.stab)

.stabstr
 *(.stabstr)

.stab.excl
 *(.stab.excl)

.stab.exclstr
 *(.stab.exclstr)

.stab.index
 *(.stab.index)

.stab.indexstr
 *(.stab.indexstr)

.comment        0x00000000       0x26
 *(.comment)
 .comment       0x00000000       0x26 obj/default/Exercises/excercise2.o
                                 0x27 (size before relaxing)
 .comment       0x00000000       0x27 obj/default/hello_world.o
 .comment       0x00000000       0x27 obj/default/timer.o
 .comment       0x00000000       0x27 c:/altera/12.0sp2/nios2eds/bin/gnu/h-i686-mingw32/bin/../lib/gcc/nios2-elf/4.1.2\libgcc.a(_div_sf.o)
 .comment       0x00000000       0x27 c:/altera/12.0sp2/nios2eds/bin/gnu/h-i686-mingw32/bin/../lib/gcc/nios2-elf/4.1.2\libgcc.a(_si_to_sf.o)
 .comment       0x00000000       0x27 c:/altera/12.0sp2/nios2eds/bin/gnu/h-i686-mingw32/bin/../lib/gcc/nios2-elf/4.1.2\libgcc.a(_sf_to_df.o)
 .comment       0x00000000       0x27 c:/altera/12.0sp2/nios2eds/bin/gnu/h-i686-mingw32/bin/../lib/gcc/nios2-elf/4.1.2\libgcc.a(_thenan_sf.o)
 .comment       0x00000000       0x27 c:/altera/12.0sp2/nios2eds/bin/gnu/h-i686-mingw32/bin/../lib/gcc/nios2-elf/4.1.2\libgcc.a(_usi_to_sf.o)
 .comment       0x00000000       0x27 c:/altera/12.0sp2/nios2eds/bin/gnu/h-i686-mingw32/bin/../lib/gcc/nios2-elf/4.1.2\libgcc.a(_make_df.o)
 .comment       0x00000000       0x27 c:/altera/12.0sp2/nios2eds/bin/gnu/h-i686-mingw32/bin/../lib/gcc/nios2-elf/4.1.2\libgcc.a(_clzsi2.o)
 .comment       0x00000000       0x27 c:/altera/12.0sp2/nios2eds/bin/gnu/h-i686-mingw32/bin/../lib/gcc/nios2-elf/4.1.2\libgcc.a(_pack_sf.o)
 .comment       0x00000000       0x27 c:/altera/12.0sp2/nios2eds/bin/gnu/h-i686-mingw32/bin/../lib/gcc/nios2-elf/4.1.2\libgcc.a(_unpack_sf.o)
 .comment       0x00000000       0x27 c:/altera/12.0sp2/nios2eds/bin/gnu/h-i686-mingw32/bin/../lib/gcc/nios2-elf/4.1.2\libgcc.a(_pack_df.o)
 .comment       0x00000000       0x27 c:/altera/12.0sp2/nios2eds/bin/gnu/h-i686-mingw32/bin/../lib/gcc/nios2-elf/4.1.2\libgcc.a(_clz.o)
 .comment       0x00000000       0x27 c:/altera/12.0sp2/nios2eds/bin/gnu/h-i686-mingw32/bin/../lib/gcc/nios2-elf/4.1.2/../../../../nios2-elf/lib\libc.a(lib_a-printf.o)
 .comment       0x00000000       0x27 c:/altera/12.0sp2/nios2eds/bin/gnu/h-i686-mingw32/bin/../lib/gcc/nios2-elf/4.1.2/../../../../nios2-elf/lib\libc.a(lib_a-puts.o)
 .comment       0x00000000       0x27 c:/altera/12.0sp2/nios2eds/bin/gnu/h-i686-mingw32/bin/../lib/gcc/nios2-elf/4.1.2/../../../../nios2-elf/lib\libc.a(lib_a-strlen.o)
 .comment       0x00000000       0x27 c:/altera/12.0sp2/nios2eds/bin/gnu/h-i686-mingw32/bin/../lib/gcc/nios2-elf/4.1.2/../../../../nios2-elf/lib\libc.a(lib_a-vfprintf.o)
 .comment       0x00000000       0x27 c:/altera/12.0sp2/nios2eds/bin/gnu/h-i686-mingw32/bin/../lib/gcc/nios2-elf/4.1.2/../../../../nios2-elf/lib\libc.a(lib_a-wsetup.o)
 .comment       0x00000000       0x27 c:/altera/12.0sp2/nios2eds/bin/gnu/h-i686-mingw32/bin/../lib/gcc/nios2-elf/4.1.2/../../../../nios2-elf/lib\libc.a(lib_a-dtoa.o)
 .comment       0x00000000       0x27 c:/altera/12.0sp2/nios2eds/bin/gnu/h-i686-mingw32/bin/../lib/gcc/nios2-elf/4.1.2/../../../../nios2-elf/lib\libc.a(lib_a-fflush.o)
 .comment       0x00000000       0x27 c:/altera/12.0sp2/nios2eds/bin/gnu/h-i686-mingw32/bin/../lib/gcc/nios2-elf/4.1.2/../../../../nios2-elf/lib\libc.a(lib_a-findfp.o)
 .comment       0x00000000       0x27 c:/altera/12.0sp2/nios2eds/bin/gnu/h-i686-mingw32/bin/../lib/gcc/nios2-elf/4.1.2/../../../../nios2-elf/lib\libc.a(lib_a-freer.o)
 .comment       0x00000000       0x27 c:/altera/12.0sp2/nios2eds/bin/gnu/h-i686-mingw32/bin/../lib/gcc/nios2-elf/4.1.2/../../../../nios2-elf/lib\libc.a(lib_a-fvwrite.o)
 .comment       0x00000000       0x27 c:/altera/12.0sp2/nios2eds/bin/gnu/h-i686-mingw32/bin/../lib/gcc/nios2-elf/4.1.2/../../../../nios2-elf/lib\libc.a(lib_a-fwalk.o)
 .comment       0x00000000       0x27 c:/altera/12.0sp2/nios2eds/bin/gnu/h-i686-mingw32/bin/../lib/gcc/nios2-elf/4.1.2/../../../../nios2-elf/lib\libc.a(lib_a-impure.o)
 .comment       0x00000000       0x27 c:/altera/12.0sp2/nios2eds/bin/gnu/h-i686-mingw32/bin/../lib/gcc/nios2-elf/4.1.2/../../../../nios2-elf/lib\libc.a(lib_a-locale.o)
 .comment       0x00000000       0x27 c:/altera/12.0sp2/nios2eds/bin/gnu/h-i686-mingw32/bin/../lib/gcc/nios2-elf/4.1.2/../../../../nios2-elf/lib\libc.a(lib_a-makebuf.o)
 .comment       0x00000000       0x27 c:/altera/12.0sp2/nios2eds/bin/gnu/h-i686-mingw32/bin/../lib/gcc/nios2-elf/4.1.2/../../../../nios2-elf/lib\libc.a(lib_a-mallocr.o)
 .comment       0x00000000       0x27 c:/altera/12.0sp2/nios2eds/bin/gnu/h-i686-mingw32/bin/../lib/gcc/nios2-elf/4.1.2/../../../../nios2-elf/lib\libc.a(lib_a-memchr.o)
 .comment       0x00000000       0x27 c:/altera/12.0sp2/nios2eds/bin/gnu/h-i686-mingw32/bin/../lib/gcc/nios2-elf/4.1.2/../../../../nios2-elf/lib\libc.a(lib_a-memcpy.o)
 .comment       0x00000000       0x27 c:/altera/12.0sp2/nios2eds/bin/gnu/h-i686-mingw32/bin/../lib/gcc/nios2-elf/4.1.2/../../../../nios2-elf/lib\libc.a(lib_a-memmove.o)
 .comment       0x00000000       0x27 c:/altera/12.0sp2/nios2eds/bin/gnu/h-i686-mingw32/bin/../lib/gcc/nios2-elf/4.1.2/../../../../nios2-elf/lib\libc.a(lib_a-memset.o)
 .comment       0x00000000       0x27 c:/altera/12.0sp2/nios2eds/bin/gnu/h-i686-mingw32/bin/../lib/gcc/nios2-elf/4.1.2/../../../../nios2-elf/lib\libc.a(lib_a-mprec.o)
 .comment       0x00000000       0x27 c:/altera/12.0sp2/nios2eds/bin/gnu/h-i686-mingw32/bin/../lib/gcc/nios2-elf/4.1.2/../../../../nios2-elf/lib\libc.a(lib_a-reallocr.o)
 .comment       0x00000000       0x27 c:/altera/12.0sp2/nios2eds/bin/gnu/h-i686-mingw32/bin/../lib/gcc/nios2-elf/4.1.2/../../../../nios2-elf/lib\libc.a(lib_a-s_isinfd.o)
 .comment       0x00000000       0x27 c:/altera/12.0sp2/nios2eds/bin/gnu/h-i686-mingw32/bin/../lib/gcc/nios2-elf/4.1.2/../../../../nios2-elf/lib\libc.a(lib_a-s_isnand.o)
 .comment       0x00000000       0x27 c:/altera/12.0sp2/nios2eds/bin/gnu/h-i686-mingw32/bin/../lib/gcc/nios2-elf/4.1.2/../../../../nios2-elf/lib\libc.a(lib_a-sbrkr.o)
 .comment       0x00000000       0x27 c:/altera/12.0sp2/nios2eds/bin/gnu/h-i686-mingw32/bin/../lib/gcc/nios2-elf/4.1.2/../../../../nios2-elf/lib\libc.a(lib_a-stdio.o)
 .comment       0x00000000       0x27 c:/altera/12.0sp2/nios2eds/bin/gnu/h-i686-mingw32/bin/../lib/gcc/nios2-elf/4.1.2/../../../../nios2-elf/lib\libc.a(lib_a-strcmp.o)
 .comment       0x00000000       0x27 c:/altera/12.0sp2/nios2eds/bin/gnu/h-i686-mingw32/bin/../lib/gcc/nios2-elf/4.1.2/../../../../nios2-elf/lib\libc.a(lib_a-writer.o)
 .comment       0x00000000       0x27 c:/altera/12.0sp2/nios2eds/bin/gnu/h-i686-mingw32/bin/../lib/gcc/nios2-elf/4.1.2/../../../../nios2-elf/lib\libc.a(lib_a-callocr.o)
 .comment       0x00000000       0x27 c:/altera/12.0sp2/nios2eds/bin/gnu/h-i686-mingw32/bin/../lib/gcc/nios2-elf/4.1.2/../../../../nios2-elf/lib\libc.a(lib_a-closer.o)
 .comment       0x00000000       0x27 c:/altera/12.0sp2/nios2eds/bin/gnu/h-i686-mingw32/bin/../lib/gcc/nios2-elf/4.1.2/../../../../nios2-elf/lib\libc.a(lib_a-fclose.o)
 .comment       0x00000000       0x27 c:/altera/12.0sp2/nios2eds/bin/gnu/h-i686-mingw32/bin/../lib/gcc/nios2-elf/4.1.2/../../../../nios2-elf/lib\libc.a(lib_a-fstatr.o)
 .comment       0x00000000       0x27 c:/altera/12.0sp2/nios2eds/bin/gnu/h-i686-mingw32/bin/../lib/gcc/nios2-elf/4.1.2/../../../../nios2-elf/lib\libc.a(lib_a-int_errno.o)
 .comment       0x00000000       0x27 c:/altera/12.0sp2/nios2eds/bin/gnu/h-i686-mingw32/bin/../lib/gcc/nios2-elf/4.1.2/../../../../nios2-elf/lib\libc.a(lib_a-isattyr.o)
 .comment       0x00000000       0x27 c:/altera/12.0sp2/nios2eds/bin/gnu/h-i686-mingw32/bin/../lib/gcc/nios2-elf/4.1.2/../../../../nios2-elf/lib\libc.a(lib_a-lseekr.o)
 .comment       0x00000000       0x27 c:/altera/12.0sp2/nios2eds/bin/gnu/h-i686-mingw32/bin/../lib/gcc/nios2-elf/4.1.2/../../../../nios2-elf/lib\libc.a(lib_a-readr.o)
 .comment       0x00000000       0x27 c:/altera/12.0sp2/nios2eds/bin/gnu/h-i686-mingw32/bin/../lib/gcc/nios2-elf/4.1.2\libgcc.a(_udivdi3.o)
 .comment       0x00000000       0x27 c:/altera/12.0sp2/nios2eds/bin/gnu/h-i686-mingw32/bin/../lib/gcc/nios2-elf/4.1.2\libgcc.a(_umoddi3.o)
 .comment       0x00000000       0x27 c:/altera/12.0sp2/nios2eds/bin/gnu/h-i686-mingw32/bin/../lib/gcc/nios2-elf/4.1.2\libgcc.a(_addsub_df.o)
 .comment       0x00000000       0x27 c:/altera/12.0sp2/nios2eds/bin/gnu/h-i686-mingw32/bin/../lib/gcc/nios2-elf/4.1.2\libgcc.a(_mul_df.o)
 .comment       0x00000000       0x27 c:/altera/12.0sp2/nios2eds/bin/gnu/h-i686-mingw32/bin/../lib/gcc/nios2-elf/4.1.2\libgcc.a(_div_df.o)
 .comment       0x00000000       0x27 c:/altera/12.0sp2/nios2eds/bin/gnu/h-i686-mingw32/bin/../lib/gcc/nios2-elf/4.1.2\libgcc.a(_eq_df.o)
 .comment       0x00000000       0x27 c:/altera/12.0sp2/nios2eds/bin/gnu/h-i686-mingw32/bin/../lib/gcc/nios2-elf/4.1.2\libgcc.a(_ne_df.o)
 .comment       0x00000000       0x27 c:/altera/12.0sp2/nios2eds/bin/gnu/h-i686-mingw32/bin/../lib/gcc/nios2-elf/4.1.2\libgcc.a(_gt_df.o)
 .comment       0x00000000       0x27 c:/altera/12.0sp2/nios2eds/bin/gnu/h-i686-mingw32/bin/../lib/gcc/nios2-elf/4.1.2\libgcc.a(_ge_df.o)
 .comment       0x00000000       0x27 c:/altera/12.0sp2/nios2eds/bin/gnu/h-i686-mingw32/bin/../lib/gcc/nios2-elf/4.1.2\libgcc.a(_lt_df.o)
 .comment       0x00000000       0x27 c:/altera/12.0sp2/nios2eds/bin/gnu/h-i686-mingw32/bin/../lib/gcc/nios2-elf/4.1.2\libgcc.a(_si_to_df.o)
 .comment       0x00000000       0x27 c:/altera/12.0sp2/nios2eds/bin/gnu/h-i686-mingw32/bin/../lib/gcc/nios2-elf/4.1.2\libgcc.a(_df_to_si.o)
 .comment       0x00000000       0x27 c:/altera/12.0sp2/nios2eds/bin/gnu/h-i686-mingw32/bin/../lib/gcc/nios2-elf/4.1.2\libgcc.a(_thenan_df.o)
 .comment       0x00000000       0x27 c:/altera/12.0sp2/nios2eds/bin/gnu/h-i686-mingw32/bin/../lib/gcc/nios2-elf/4.1.2\libgcc.a(_usi_to_df.o)
 .comment       0x00000000       0x27 c:/altera/12.0sp2/nios2eds/bin/gnu/h-i686-mingw32/bin/../lib/gcc/nios2-elf/4.1.2\libgcc.a(lib2-divmod.o)
 .comment       0x00000000       0x27 c:/altera/12.0sp2/nios2eds/bin/gnu/h-i686-mingw32/bin/../lib/gcc/nios2-elf/4.1.2\libgcc.a(_muldi3.o)
 .comment       0x00000000       0x27 c:/altera/12.0sp2/nios2eds/bin/gnu/h-i686-mingw32/bin/../lib/gcc/nios2-elf/4.1.2\libgcc.a(_unpack_df.o)
 .comment       0x00000000       0x27 c:/altera/12.0sp2/nios2eds/bin/gnu/h-i686-mingw32/bin/../lib/gcc/nios2-elf/4.1.2\libgcc.a(_fpcmp_parts_df.o)
 .comment       0x00000000       0x27 C:\Users\Gord\Documents\repos\LaserSharknado\LaserSharknado_bsp\libhal_bsp.a(alt_close.o)
 .comment       0x00000000       0x27 C:\Users\Gord\Documents\repos\LaserSharknado\LaserSharknado_bsp\libhal_bsp.a(alt_dev.o)
 .comment       0x00000000       0x27 C:\Users\Gord\Documents\repos\LaserSharknado\LaserSharknado_bsp\libhal_bsp.a(alt_errno.o)
 .comment       0x00000000       0x27 C:\Users\Gord\Documents\repos\LaserSharknado\LaserSharknado_bsp\libhal_bsp.a(alt_fstat.o)
 .comment       0x00000000       0x27 C:\Users\Gord\Documents\repos\LaserSharknado\LaserSharknado_bsp\libhal_bsp.a(alt_isatty.o)
 .comment       0x00000000       0x27 C:\Users\Gord\Documents\repos\LaserSharknado\LaserSharknado_bsp\libhal_bsp.a(alt_load.o)
 .comment       0x00000000       0x27 C:\Users\Gord\Documents\repos\LaserSharknado\LaserSharknado_bsp\libhal_bsp.a(alt_lseek.o)
 .comment       0x00000000       0x27 C:\Users\Gord\Documents\repos\LaserSharknado\LaserSharknado_bsp\libhal_bsp.a(alt_main.o)
 .comment       0x00000000       0x27 C:\Users\Gord\Documents\repos\LaserSharknado\LaserSharknado_bsp\libhal_bsp.a(alt_malloc_lock.o)
 .comment       0x00000000       0x27 C:\Users\Gord\Documents\repos\LaserSharknado\LaserSharknado_bsp\libhal_bsp.a(alt_read.o)
 .comment       0x00000000       0x27 C:\Users\Gord\Documents\repos\LaserSharknado\LaserSharknado_bsp\libhal_bsp.a(alt_release_fd.o)
 .comment       0x00000000       0x27 C:\Users\Gord\Documents\repos\LaserSharknado\LaserSharknado_bsp\libhal_bsp.a(alt_sbrk.o)
 .comment       0x00000000       0x27 C:\Users\Gord\Documents\repos\LaserSharknado\LaserSharknado_bsp\libhal_bsp.a(alt_tick.o)
 .comment       0x00000000       0x27 C:\Users\Gord\Documents\repos\LaserSharknado\LaserSharknado_bsp\libhal_bsp.a(alt_usleep.o)
 .comment       0x00000000       0x27 C:\Users\Gord\Documents\repos\LaserSharknado\LaserSharknado_bsp\libhal_bsp.a(alt_write.o)
 .comment       0x00000000       0x27 C:\Users\Gord\Documents\repos\LaserSharknado\LaserSharknado_bsp\libhal_bsp.a(alt_sys_init.o)
 .comment       0x00000000       0x27 C:\Users\Gord\Documents\repos\LaserSharknado\LaserSharknado_bsp\libhal_bsp.a(altera_avalon_jtag_uart_fd.o)
 .comment       0x00000000       0x27 C:\Users\Gord\Documents\repos\LaserSharknado\LaserSharknado_bsp\libhal_bsp.a(altera_avalon_jtag_uart_init.o)
 .comment       0x00000000       0x27 C:\Users\Gord\Documents\repos\LaserSharknado\LaserSharknado_bsp\libhal_bsp.a(altera_avalon_jtag_uart_ioctl.o)
 .comment       0x00000000       0x27 C:\Users\Gord\Documents\repos\LaserSharknado\LaserSharknado_bsp\libhal_bsp.a(altera_avalon_jtag_uart_read.o)
 .comment       0x00000000       0x27 C:\Users\Gord\Documents\repos\LaserSharknado\LaserSharknado_bsp\libhal_bsp.a(altera_avalon_jtag_uart_write.o)
 .comment       0x00000000       0x27 C:\Users\Gord\Documents\repos\LaserSharknado\LaserSharknado_bsp\libhal_bsp.a(altera_avalon_timer_sc.o)
 .comment       0x00000000       0x27 C:\Users\Gord\Documents\repos\LaserSharknado\LaserSharknado_bsp\libhal_bsp.a(altera_avalon_timer_ts.o)
 .comment       0x00000000       0x27 C:\Users\Gord\Documents\repos\LaserSharknado\LaserSharknado_bsp\libhal_bsp.a(altera_avalon_timer_vars.o)
 .comment       0x00000000       0x27 C:\Users\Gord\Documents\repos\LaserSharknado\LaserSharknado_bsp\libhal_bsp.a(altera_up_avalon_character_lcd.o)
 .comment       0x00000000       0x27 C:\Users\Gord\Documents\repos\LaserSharknado\LaserSharknado_bsp\libhal_bsp.a(alt_alarm_start.o)
 .comment       0x00000000       0x27 C:\Users\Gord\Documents\repos\LaserSharknado\LaserSharknado_bsp\libhal_bsp.a(alt_busy_sleep.o)
 .comment       0x00000000       0x27 C:\Users\Gord\Documents\repos\LaserSharknado\LaserSharknado_bsp\libhal_bsp.a(alt_dcache_flush_all.o)