Archive member included because of file (symbol)

c:/altera/12.0sp2/nios2eds/bin/gnu/h-i686-mingw32/bin/../lib/gcc/nios2-elf/4.1.2/../../../../nios2-elf/lib\libm.a(lib_a-s_sin.o)
                              obj/default/audio.o (sin)
c:/altera/12.0sp2/nios2eds/bin/gnu/h-i686-mingw32/bin/../lib/gcc/nios2-elf/4.1.2/../../../../nios2-elf/lib\libm.a(lib_a-e_rem_pio2.o)
                              c:/altera/12.0sp2/nios2eds/bin/gnu/h-i686-mingw32/bin/../lib/gcc/nios2-elf/4.1.2/../../../../nios2-elf/lib\libm.a(lib_a-s_sin.o) (__ieee754_rem_pio2)
c:/altera/12.0sp2/nios2eds/bin/gnu/h-i686-mingw32/bin/../lib/gcc/nios2-elf/4.1.2/../../../../nios2-elf/lib\libm.a(lib_a-k_cos.o)
                              c:/altera/12.0sp2/nios2eds/bin/gnu/h-i686-mingw32/bin/../lib/gcc/nios2-elf/4.1.2/../../../../nios2-elf/lib\libm.a(lib_a-s_sin.o) (__kernel_cos)
c:/altera/12.0sp2/nios2eds/bin/gnu/h-i686-mingw32/bin/../lib/gcc/nios2-elf/4.1.2/../../../../nios2-elf/lib\libm.a(lib_a-k_rem_pio2.o)
                              c:/altera/12.0sp2/nios2eds/bin/gnu/h-i686-mingw32/bin/../lib/gcc/nios2-elf/4.1.2/../../../../nios2-elf/lib\libm.a(lib_a-e_rem_pio2.o) (__kernel_rem_pio2)
c:/altera/12.0sp2/nios2eds/bin/gnu/h-i686-mingw32/bin/../lib/gcc/nios2-elf/4.1.2/../../../../nios2-elf/lib\libm.a(lib_a-k_sin.o)
                              c:/altera/12.0sp2/nios2eds/bin/gnu/h-i686-mingw32/bin/../lib/gcc/nios2-elf/4.1.2/../../../../nios2-elf/lib\libm.a(lib_a-s_sin.o) (__kernel_sin)
c:/altera/12.0sp2/nios2eds/bin/gnu/h-i686-mingw32/bin/../lib/gcc/nios2-elf/4.1.2/../../../../nios2-elf/lib\libm.a(lib_a-s_fabs.o)
                              c:/altera/12.0sp2/nios2eds/bin/gnu/h-i686-mingw32/bin/../lib/gcc/nios2-elf/4.1.2/../../../../nios2-elf/lib\libm.a(lib_a-e_rem_pio2.o) (fabs)
c:/altera/12.0sp2/nios2eds/bin/gnu/h-i686-mingw32/bin/../lib/gcc/nios2-elf/4.1.2/../../../../nios2-elf/lib\libm.a(lib_a-s_floor.o)
                              c:/altera/12.0sp2/nios2eds/bin/gnu/h-i686-mingw32/bin/../lib/gcc/nios2-elf/4.1.2/../../../../nios2-elf/lib\libm.a(lib_a-k_rem_pio2.o) (floor)
c:/altera/12.0sp2/nios2eds/bin/gnu/h-i686-mingw32/bin/../lib/gcc/nios2-elf/4.1.2/../../../../nios2-elf/lib\libm.a(lib_a-s_scalbn.o)
                              c:/altera/12.0sp2/nios2eds/bin/gnu/h-i686-mingw32/bin/../lib/gcc/nios2-elf/4.1.2/../../../../nios2-elf/lib\libm.a(lib_a-k_rem_pio2.o) (scalbn)
c:/altera/12.0sp2/nios2eds/bin/gnu/h-i686-mingw32/bin/../lib/gcc/nios2-elf/4.1.2/../../../../nios2-elf/lib\libm.a(lib_a-s_copysign.o)
                              c:/altera/12.0sp2/nios2eds/bin/gnu/h-i686-mingw32/bin/../lib/gcc/nios2-elf/4.1.2/../../../../nios2-elf/lib\libm.a(lib_a-s_scalbn.o) (copysign)
c:/altera/12.0sp2/nios2eds/bin/gnu/h-i686-mingw32/bin/../lib/gcc/nios2-elf/4.1.2\libgcc.a(_fixunsdfsi.o)
                              obj/default/audio.o (__fixunsdfsi)
c:/altera/12.0sp2/nios2eds/bin/gnu/h-i686-mingw32/bin/../lib/gcc/nios2-elf/4.1.2\libgcc.a(_div_sf.o)
                              obj/default/timer.o (__divsf3)
c:/altera/12.0sp2/nios2eds/bin/gnu/h-i686-mingw32/bin/../lib/gcc/nios2-elf/4.1.2\libgcc.a(_si_to_sf.o)
                              obj/default/audio.o (__floatsisf)
c:/altera/12.0sp2/nios2eds/bin/gnu/h-i686-mingw32/bin/../lib/gcc/nios2-elf/4.1.2\libgcc.a(_sf_to_df.o)
                              obj/default/audio.o (__extendsfdf2)
c:/altera/12.0sp2/nios2eds/bin/gnu/h-i686-mingw32/bin/../lib/gcc/nios2-elf/4.1.2\libgcc.a(_thenan_sf.o)
                              c:/altera/12.0sp2/nios2eds/bin/gnu/h-i686-mingw32/bin/../lib/gcc/nios2-elf/4.1.2\libgcc.a(_div_sf.o) (__thenan_sf)
c:/altera/12.0sp2/nios2eds/bin/gnu/h-i686-mingw32/bin/../lib/gcc/nios2-elf/4.1.2\libgcc.a(_addsub_df.o)
                              c:/altera/12.0sp2/nios2eds/bin/gnu/h-i686-mingw32/bin/../lib/gcc/nios2-elf/4.1.2/../../../../nios2-elf/lib\libm.a(lib_a-s_sin.o) (__subdf3)
c:/altera/12.0sp2/nios2eds/bin/gnu/h-i686-mingw32/bin/../lib/gcc/nios2-elf/4.1.2\libgcc.a(_mul_df.o)
                              obj/default/audio.o (__muldf3)
c:/altera/12.0sp2/nios2eds/bin/gnu/h-i686-mingw32/bin/../lib/gcc/nios2-elf/4.1.2\libgcc.a(_div_df.o)
                              obj/default/audio.o (__divdf3)
c:/altera/12.0sp2/nios2eds/bin/gnu/h-i686-mingw32/bin/../lib/gcc/nios2-elf/4.1.2\libgcc.a(_eq_df.o)
                              c:/altera/12.0sp2/nios2eds/bin/gnu/h-i686-mingw32/bin/../lib/gcc/nios2-elf/4.1.2/../../../../nios2-elf/lib\libm.a(lib_a-e_rem_pio2.o) (__eqdf2)
c:/altera/12.0sp2/nios2eds/bin/gnu/h-i686-mingw32/bin/../lib/gcc/nios2-elf/4.1.2\libgcc.a(_gt_df.o)
                              c:/altera/12.0sp2/nios2eds/bin/gnu/h-i686-mingw32/bin/../lib/gcc/nios2-elf/4.1.2/../../../../nios2-elf/lib\libm.a(lib_a-s_floor.o) (__gtdf2)
c:/altera/12.0sp2/nios2eds/bin/gnu/h-i686-mingw32/bin/../lib/gcc/nios2-elf/4.1.2\libgcc.a(_ge_df.o)
[...]
Memory Configuration

Name             Origin             Length             Attributes
reset            0x00800000         0x00000020
sdram_0          0x00800020         0x007fffe0
*default*        0x00000000         0xffffffff

Linker script and memory map

LOAD ../LaserSharknado_bsp/obj/HAL/src/crt0.o
LOAD obj/default/audio.o
LOAD obj/default/audio_up_hack.o
LOAD obj/default/hello_world.o
LOAD obj/default/player.o
LOAD obj/default/sd_card.o
LOAD obj/default/timer.o
LOAD obj/default/vga.o
LOAD c:/altera/12.0sp2/nios2eds/bin/gnu/h-i686-mingw32/bin/../lib/gcc/nios2-elf/4.1.2/../../../../nios2-elf/lib\libstdc++.a
LOAD c:/altera/12.0sp2/nios2eds/bin/gnu/h-i686-mingw32/bin/../lib/gcc/nios2-elf/4.1.2/../../../../nios2-elf/lib\libm.a
LOAD c:/altera/12.0sp2/nios2eds/bin/gnu/h-i686-mingw32/bin/../lib/gcc/nios2-elf/4.1.2\libgcc.a
START GROUP
LOAD c:/altera/12.0sp2/nios2eds/bin/gnu/h-i686-mingw32/bin/../lib/gcc/nios2-elf/4.1.2/../../../../nios2-elf/lib\libc.a
LOAD c:/altera/12.0sp2/nios2eds/bin/gnu/h-i686-mingw32/bin/../lib/gcc/nios2-elf/4.1.2\libgcc.a
LOAD ../LaserSharknado_bsp\libhal_bsp.a
END GROUP
LOAD c:/altera/12.0sp2/nios2eds/bin/gnu/h-i686-mingw32/bin/../lib/gcc/nios2-elf/4.1.2\libgcc.a
                0x00800000                __alt_mem_sdram_0 = 0x800000

.entry          0x00800000       0x20
 *(.entry)
 .entry         0x00800000       0x20 ../LaserSharknado_bsp/obj/HAL/src/crt0.o
                0x00800000                __reset

.exceptions     0x00800020      0x198
                0x00800020                PROVIDE (__ram_exceptions_start, ABSOLUTE (.))
                0x00800020                . = ALIGN (0x20)
 *(.irq)
 *(.exceptions.entry.label)
 .exceptions.entry.label
                0x00800020        0x0 ../LaserSharknado_bsp\libhal_bsp.a(alt_irq_entry.o)
                0x00800020                alt_irq_entry
 .exceptions.entry.label
                0x00800020        0x0 ../LaserSharknado_bsp\libhal_bsp.a(alt_exception_entry.o)
                0x00800020                alt_exception
 *(.exceptions.entry.user)
 *(.exceptions.entry)
 .exceptions.entry
                0x00800020       0x54 ../LaserSharknado_bsp\libhal_bsp.a(alt_exception_entry.o)
 *(.exceptions.irqtest.user)
 *(.exceptions.irqtest)
 .exceptions.irqtest
                0x00800074       0x10 ../LaserSharknado_bsp\libhal_bsp.a(alt_irq_entry.o)
 *(.exceptions.irqhandler.user)
 *(.exceptions.irqhandler)
 .exceptions.irqhandler
                0x00800084        0x4 ../LaserSharknado_bsp\libhal_bsp.a(alt_irq_entry.o)
 *(.exceptions.irqreturn.user)
 *(.exceptions.irqreturn)
 .exceptions.irqreturn
                0x00800088        0x4 ../LaserSharknado_bsp\libhal_bsp.a(alt_irq_entry.o)
 *(.exceptions.notirq.label)
 .exceptions.notirq.label
                0x0080008c        0x0 ../LaserSharknado_bsp\libhal_bsp.a(alt_irq_entry.o)
 *(.exceptions.notirq.user)
 *(.exceptions.notirq)
 .exceptions.notirq
                0x0080008c        0x8 ../LaserSharknado_bsp\libhal_bsp.a(alt_exception_entry.o)
 *(.exceptions.soft.user)
 *(.exceptions.soft)
 *(.exceptions.unknown.user)
 *(.exceptions.unknown)
 .exceptions.unknown
                0x00800094        0x4 ../LaserSharknado_bsp\libhal_bsp.a(alt_exception_entry.o)
 *(.exceptions.exit.label)
 .exceptions.exit.label
                0x00800098        0x0 ../LaserSharknado_bsp\libhal_bsp.a(alt_irq_entry.o)
 .exceptions.exit.label
                0x00800098        0x0 ../LaserSharknado_bsp\libhal_bsp.a(alt_exception_entry.o)
 *(.exceptions.exit.user)
 *(.exceptions.exit)
 .exceptions.exit
                0x00800098       0x54 ../LaserSharknado_bsp\libhal_bsp.a(alt_exception_entry.o)
 *(.exceptions)
 .exceptions    0x008000ec       0xcc ../LaserSharknado_bsp\libhal_bsp.a(alt_irq_handler.o)
                0x008000ec                alt_irq_handler
                0x008001b8                PROVIDE (__ram_exceptions_end, ABSOLUTE (.))
                0x00800020                PROVIDE (__flash_exceptions_start, LOADADDR (.exceptions))

.text           0x008001b8    0x177ac
                0x008001b8                PROVIDE (stext, ABSOLUTE (.))
 *(.interp)
 *(.hash)
 *(.dynsym)
 *(.dynstr)
 *(.gnu.version)
 *(.gnu.version_d)
 *(.gnu.version_r)
 *(.rel.init)
 *(.rela.init)
 *(.rel.text .rel.text.* .rel.gnu.linkonce.t.*)
 *(.rela.text .rela.text.* .rela.gnu.linkonce.t.*)
 *(.rel.fini)
 *(.rela.fini)
 *(.rel.rodata .rel.rodata.* .rel.gnu.linkonce.r.*)
 *(.rela.rodata .rela.rodata.* .rela.gnu.linkonce.r.*)
 *(.rel.data .rel.data.* .rel.gnu.linkonce.d.*)
 *(.rela.data .rela.data.* .rela.gnu.linkonce.d.*)
 *(.rel.tdata .rel.tdata.* .rel.gnu.linkonce.td.*)
 *(.rela.tdata .rela.tdata.* .rela.gnu.linkonce.td.*)
 *(.rel.tbss .rel.tbss.* .rel.gnu.linkonce.tb.*)
 *(.rela.tbss .rela.tbss.* .rela.gnu.linkonce.tb.*)
 *(.rel.ctors)
 *(.rela.ctors)
 *(.rel.dtors)
 *(.rela.dtors)
 *(.rel.got)
 *(.rela.got)
 *(.rel.sdata .rel.sdata.* .rel.gnu.linkonce.s.*)
 *(.rela.sdata .rela.sdata.* .rela.gnu.linkonce.s.*)
 *(.rel.sbss .rel.sbss.* .rel.gnu.linkonce.sb.*)
 *(.rela.sbss .rela.sbss.* .rela.gnu.linkonce.sb.*)
 *(.rel.sdata2 .rel.sdata2.* .rel.gnu.linkonce.s2.*)
 *(.rela.sdata2 .rela.sdata2.* .rela.gnu.linkonce.s2.*)
 *(.rel.sbss2 .rel.sbss2.* .rel.gnu.linkonce.sb2.*)
 *(.rela.sbss2 .rela.sbss2.* .rela.gnu.linkonce.sb2.*)
 *(.rel.bss .rel.bss.* .rel.gnu.linkonce.b.*)
 *(.rela.bss .rela.bss.* .rela.gnu.linkonce.b.*)
 *(.rel.plt)
 *(.rela.plt)
 *(.rel.dyn)
 *(.init)
 *(.plt)
 *(.text .stub .text.* .gnu.linkonce.t.*)
 .text          0x008001b8       0x4c ../LaserSharknado_bsp/obj/HAL/src/crt0.o
                0x008001b8                _start
 .text          0x00800204      0x90c obj/default/audio.o
                0x00800204                setupAudio
                0x00800494                playAudioMono
                0x008004e8                playAudio
                0x00800578                audioTest
                0x00800718                testTone
                0x008007ec                playLaser1
                0x008008f8                readWavFile
                0x00800a04                playLaser
 .text          0x00800b10        0x0 obj/default/audio_up_hack.o
 .text          0x00800b10      0x120 obj/default/hello_world.o
                0x00800b10                main
 .text          0x00800c30        0x0 obj/default/player.o
 .text          0x00800c30      0x374 obj/default/sd_card.o
                0x00800c30                openSdCard
                0x00800c90                openFile
                0x00800cd0                closeFile
                0x00800d00                readByte
                0x00800d34                readWord
                0x00800dc8                readDWord
                0x00800e9c                getWavFileLength
                0x00800f54                readPastWavHeader
 .text          0x00800fa4      0x360 obj/default/timer.o
                0x00800fa4                timer_test
                0x00801234                setHardwareTimerPeriod
                0x0080127c                isHardwareTimerRunning
                0x008012b0                hasHardwareTimerExpired
                0x008012d8                startHardwareTimer
 .text          0x00801304      0x224 obj/default/vga.o
                0x00801304                setUp
                0x00801360                clearScreen
                0x008013b0                drawLine
                0x00801478                printLine
                0x008014cc                drawBox
 .text          0x00801528      0x16c c:/altera/12.0sp2/nios2eds/bin/gnu/h-i686-mingw32/bin/../lib/gcc/nios2-elf/4.1.2/../../../../nios2-elf/lib\libm.a(lib_a-s_sin.o)
                0x00801528                sin
 .text          0x00801694      0x828 c:/altera/12.0sp2/nios2eds/bin/gnu/h-i686-mingw32/bin/../lib/gcc/nios2-elf/4.1.2/../../../../nios2-elf/lib\libm.a(lib_a-e_rem_pio2.o)
                0x00801694                __ieee754_rem_pio2
 .text          0x00801ebc      0x52c c:/altera/12.0sp2/nios2eds/bin/gnu/h-i686-mingw32/bin/../lib/gcc/nios2-elf/4.1.2/../../../../nios2-elf/lib\libm.a(lib_a-k_cos.o)
                0x00801ebc                __kernel_cos
 .text          0x008023e8      0xe7c c:/altera/12.0sp2/nios2eds/bin/gnu/h-i686-mingw32/bin/../lib/gcc/nios2-elf/4.1.2/../../../../nios2-elf/lib\libm.a(lib_a-k_rem_pio2.o)
                0x008023e8                __kernel_rem_pio2
 .text          0x00803264      0x318 c:/altera/12.0sp2/nios2eds/bin/gnu/h-i686-mingw32/bin/../lib/gcc/nios2-elf/4.1.2/../../../../nios2-elf/lib\libm.a(lib_a-k_sin.o)
                0x00803264                __kernel_sin
 .text          0x0080357c       0x18 c:/altera/12.0sp2/nios2eds/bin/gnu/h-i686-mingw32/bin/../lib/gcc/nios2-elf/4.1.2/../../../../nios2-elf/lib\libm.a(lib_a-s_fabs.o)
                0x0080357c                fabs
 .text          0x00803594      0x224 c:/altera/12.0sp2/nios2eds/bin/gnu/h-i686-mingw32/bin/../lib/gcc/nios2-elf/4.1.2/../../../../nios2-elf/lib\libm.a(lib_a-s_floor.o)
                0x00803594                floor
 .text          0x008037b8      0x1e0 c:/altera/12.0sp2/nios2eds/bin/gnu/h-i686-mingw32/bin/../lib/gcc/nios2-elf/4.1.2/../../../../nios2-elf/lib\libm.a(lib_a-s_scalbn.o)
                0x008037b8                scalbn
 .text          0x00803998       0x24 c:/altera/12.0sp2/nios2eds/bin/gnu/h-i686-mingw32/bin/../lib/gcc/nios2-elf/4.1.2/../../../../nios2-elf/lib\libm.a(lib_a-s_copysign.o)
                0x00803998                copysign
 .text          0x008039bc       0xa4 c:/altera/12.0sp2/nios2eds/bin/gnu/h-i686-mingw32/bin/../lib/gcc/nios2-elf/4.1.2\libgcc.a(_fixunsdfsi.o)
                0x008039bc                __fixunsdfsi
 .text          0x00803a60      0x174 c:/altera/12.0sp2/nios2eds/bin/gnu/h-i686-mingw32/bin/../lib/gcc/nios2-elf/4.1.2\libgcc.a(_div_sf.o)
                0x00803a60                __divsf3
 .text          0x00803bd4       0x98 c:/altera/12.0sp2/nios2eds/bin/gnu/h-i686-mingw32/bin/../lib/gcc/nios2-elf/4.1.2\libgcc.a(_si_to_sf.o)
                0x00803bd4                __floatsisf
 .text          0x00803c6c       0x54 c:/altera/12.0sp2/nios2eds/bin/gnu/h-i686-mingw32/bin/../lib/gcc/nios2-elf/4.1.2\libgcc.a(_sf_to_df.o)
                0x00803c6c                __extendsfdf2
 .text          0x00803cc0        0x0 c:/altera/12.0sp2/nios2eds/bin/gnu/h-i686-mingw32/bin/../lib/gcc/nios2-elf/4.1.2\libgcc.a(_thenan_sf.o)
 .text          0x00803cc0      0x504 c:/altera/12.0sp2/nios2eds/bin/gnu/h-i686-mingw32/bin/../lib/gcc/nios2-elf/4.1.2\libgcc.a(_addsub_df.o)
                0x008040d0                __subdf3
                0x00804150                __adddf3
 .text          0x008041c4      0x3c4 c:/altera/12.0sp2/nios2eds/bin/gnu/h-i686-mingw32/bin/../lib/gcc/nios2-elf/4.1.2\libgcc.a(_mul_df.o)
                0x008041c4                __muldf3
 .text          0x00804588      0x258 c:/altera/12.0sp2/nios2eds/bin/gnu/h-i686-mingw32/bin/../lib/gcc/nios2-elf/4.1.2\libgcc.a(_div_df.o)
                0x00804588                __divdf3
 .text          0x008047e0       0x88 c:/altera/12.0sp2/nios2eds/bin/gnu/h-i686-mingw32/bin/../lib/gcc/nios2-elf/4.1.2\libgcc.a(_eq_df.o)
                0x008047e0                __eqdf2
 .text          0x00804868       0x88 c:/altera/12.0sp2/nios2eds/bin/gnu/h-i686-mingw32/bin/../lib/gcc/nios2-elf/4.1.2\libgcc.a(_gt_df.o)
                0x00804868                __gtdf2
 .text          0x008048f0       0x88 c:/altera/12.0sp2/nios2eds/bin/gnu/h-i686-mingw32/bin/../lib/gcc/nios2-elf/4.1.2\libgcc.a(_ge_df.o)
                0x008048f0                __gedf2
 .text          0x00804978       0xf8 c:/altera/12.0sp2/nios2eds/bin/gnu/h-i686-mingw32/bin/../lib/gcc/nios2-elf/4.1.2\libgcc.a(_si_to_df.o)
                0x00804978                __floatsidf
 .text          0x00804a70       0xd8 c:/altera/12.0sp2/nios2eds/bin/gnu/h-i686-mingw32/bin/../lib/gcc/nios2-elf/4.1.2\libgcc.a(_df_to_si.o)
                0x00804a70                __fixdfsi
 .text          0x00804b48       0x38 c:/altera/12.0sp2/nios2eds/bin/gnu/h-i686-mingw32/bin/../lib/gcc/nios2-elf/4.1.2\libgcc.a(_make_df.o)
                0x00804b48                __make_dp
 .text          0x00804b80        0x0 c:/altera/12.0sp2/nios2eds/bin/gnu/h-i686-mingw32/bin/../lib/gcc/nios2-elf/4.1.2\libgcc.a(_thenan_df.o)
 .text          0x00804b80      0x14c c:/altera/12.0sp2/nios2eds/bin/gnu/h-i686-mingw32/bin/../lib/gcc/nios2-elf/4.1.2\libgcc.a(lib2-divmod.o)
                0x00804bfc                __divsi3
                0x00804c5c                __modsi3
                0x00804cbc                __udivsi3
                0x00804cc4                __umodsi3
 .text          0x00804ccc       0x98 c:/altera/12.0sp2/nios2eds/bin/gnu/h-i686-mingw32/bin/../lib/gcc/nios2-elf/4.1.2\libgcc.a(_muldi3.o)
                0x00804ccc                __muldi3
 .text          0x00804d64       0x80 c:/altera/12.0sp2/nios2eds/bin/gnu/h-i686-mingw32/bin/../lib/gcc/nios2-elf/4.1.2\libgcc.a(_clzsi2.o)
                0x00804d64                __clzsi2
 .text          0x00804de4      0x160 c:/altera/12.0sp2/nios2eds/bin/gnu/h-i686-mingw32/bin/../lib/gcc/nios2-elf/4.1.2\libgcc.a(_pack_sf.o)
                0x00804de4                __pack_f
 .text          0x00804f44       0xc8 c:/altera/12.0sp2/nios2eds/bin/gnu/h-i686-mingw32/bin/../lib/gcc/nios2-elf/4.1.2\libgcc.a(_unpack_sf.o)
                0x00804f44                __unpack_f
 .text          0x0080500c      0x314 c:/altera/12.0sp2/nios2eds/bin/gnu/h-i686-mingw32/bin/../lib/gcc/nios2-elf/4.1.2\libgcc.a(_pack_df.o)
                0x0080500c                __pack_d
 .text          0x00805320      0x138 c:/altera/12.0sp2/nios2eds/bin/gnu/h-i686-mingw32/bin/../lib/gcc/nios2-elf/4.1.2\libgcc.a(_unpack_df.o)
                0x00805320                __unpack_d
 .text          0x00805458       0xc8 c:/altera/12.0sp2/nios2eds/bin/gnu/h-i686-mingw32/bin/../lib/gcc/nios2-elf/4.1.2\libgcc.a(_fpcmp_parts_df.o)
                0x00805458                __fpcmp_parts_d
 .text          0x00805520        0x0 c:/altera/12.0sp2/nios2eds/bin/gnu/h-i686-mingw32/bin/../lib/gcc/nios2-elf/4.1.2\libgcc.a(_clz.o)
 .text          0x00805520       0x28 c:/altera/12.0sp2/nios2eds/bin/gnu/h-i686-mingw32/bin/../lib/gcc/nios2-elf/4.1.2/../../../../nios2-elf/lib\libc.a(lib_a-malloc.o)
                0x00805520                free
                0x00805534                malloc
 .text          0x00805548      0x740 c:/altera/12.0sp2/nios2eds/bin/gnu/h-i686-mingw32/bin/../lib/gcc/nios2-elf/4.1.2/../../../../nios2-elf/lib\libc.a(lib_a-mallocr.o)
                0x00805548                _malloc_r
 .text          0x00805c88       0x78 c:/altera/12.0sp2/nios2eds/bin/gnu/h-i686-mingw32/bin/../lib/gcc/nios2-elf/4.1.2/../../../../nios2-elf/lib\libc.a(lib_a-printf.o)
                0x00805c88                printf
                0x00805ccc                _printf_r
 .text          0x00805d00       0xb4 c:/altera/12.0sp2/nios2eds/bin/gnu/h-i686-mingw32/bin/../lib/gcc/nios2-elf/4.1.2/../../../../nios2-elf/lib\libc.a(lib_a-puts.o)
                0x00805d00                _puts_r
                0x00805da0                puts
 .text          0x00805db4       0x70 c:/altera/12.0sp2/nios2eds/bin/gnu/h-i686-mingw32/bin/../lib/gcc/nios2-elf/4.1.2/../../../../nios2-elf/lib\libc.a(lib_a-sbrkr.o)
                0x00805db4                _sbrk_r
 .text          0x00805e24       0x74 c:/altera/12.0sp2/nios2eds/bin/gnu/h-i686-mingw32/bin/../lib/gcc/nios2-elf/4.1.2/../../../../nios2-elf/lib\libc.a(lib_a-strlen.o)
                0x00805e24                strlen
 .text          0x00805e98     0x1f28 c:/altera/12.0sp2/nios2eds/bin/gnu/h-i686-mingw32/bin/../lib/gcc/nios2-elf/4.1.2/../../../../nios2-elf/lib\libc.a(lib_a-vfprintf.o)
                0x00805ef0                ___vfprintf_internal_r
                0x00807d9c                __vfprintf_internal
 .text          0x00807dc0      0x13c c:/altera/12.0sp2/nios2eds/bin/gnu/h-i686-mingw32/bin/../lib/gcc/nios2-elf/4.1.2/../../../../nios2-elf/lib\libc.a(lib_a-wsetup.o)
                0x00807dc0                __swsetup_r
 .text          0x00807efc     0x17cc c:/altera/12.0sp2/nios2eds/bin/gnu/h-i686-mingw32/bin/../lib/gcc/nios2-elf/4.1.2/../../../../nios2-elf/lib\libc.a(lib_a-dtoa.o)
                0x00808114                _dtoa_r
 .text          0x008096c8      0x230 c:/altera/12.0sp2/nios2eds/bin/gnu/h-i686-mingw32/bin/../lib/gcc/nios2-elf/4.1.2/../../../../nios2-elf/lib\libc.a(lib_a-fflush.o)
                0x008096c8                _fflush_r
                0x008098c4                fflush
 .text          0x008098f8      0x2c0 c:/altera/12.0sp2/nios2eds/bin/gnu/h-i686-mingw32/bin/../lib/gcc/nios2-elf/4.1.2/../../../../nios2-elf/lib\libc.a(lib_a-findfp.o)
                0x00809950                __sfp_lock_acquire
                0x00809954                __sfp_lock_release
                0x00809958                __sinit_lock_acquire
                0x0080995c                __sinit_lock_release
                0x00809960                __sinit
                0x00809a14                __fp_unlock_all
                0x00809a2c                __fp_lock_all
                0x00809a44                _cleanup_r
                0x00809a50                _cleanup
                0x00809a60                __sfmoreglue
                0x00809ac8                __sfp
 .text          0x00809bb8      0x440 c:/altera/12.0sp2/nios2eds/bin/gnu/h-i686-mingw32/bin/../lib/gcc/nios2-elf/4.1.2/../../../../nios2-elf/lib\libc.a(lib_a-freer.o)
                0x00809bb8                _malloc_trim_r
                0x00809ce4                _free_r
 .text          0x00809ff8      0x49c c:/altera/12.0sp2/nios2eds/bin/gnu/h-i686-mingw32/bin/../lib/gcc/nios2-elf/4.1.2/../../../../nios2-elf/lib\libc.a(lib_a-fvwrite.o)
                0x00809ff8                __sfvwrite_r
 .text          0x0080a494      0x180 c:/altera/12.0sp2/nios2eds/bin/gnu/h-i686-mingw32/bin/../lib/gcc/nios2-elf/4.1.2/../../../../nios2-elf/lib\libc.a(lib_a-fwalk.o)
                0x0080a494                _fwalk_reent
                0x0080a55c                _fwalk
 .text          0x0080a614        0x0 c:/altera/12.0sp2/nios2eds/bin/gnu/h-i686-mingw32/bin/../lib/gcc/nios2-elf/4.1.2/../../../../nios2-elf/lib\libc.a(lib_a-impure.o)
 .text          0x0080a614        0x0 c:/altera/12.0sp2/nios2eds/bin/gnu/h-i686-mingw32/bin/../lib/gcc/nios2-elf/4.1.2/../../../../nios2-elf/lib\libc.a(lib_a-int_errno.o)
 .text          0x0080a614       0xc4 c:/altera/12.0sp2/nios2eds/bin/gnu/h-i686-mingw32/bin/../lib/gcc/nios2-elf/4.1.2/../../../../nios2-elf/lib\libc.a(lib_a-locale.o)
                0x0080a614                __locale_charset
                0x0080a61c                _localeconv_r
                0x0080a628                localeconv
                0x0080a638                _setlocale_r
                0x0080a6bc                setlocale
 .text          0x0080a6d8      0x194 c:/altera/12.0sp2/nios2eds/bin/gnu/h-i686-mingw32/bin/../lib/gcc/nios2-elf/4.1.2/../../../../nios2-elf/lib\libc.a(lib_a-makebuf.o)
                0x0080a6d8                __smakebuf_r
 .text          0x0080a86c       0xe4 c:/altera/12.0sp2/nios2eds/bin/gnu/h-i686-mingw32/bin/../lib/gcc/nios2-elf/4.1.2/../../../../nios2-elf/lib\libc.a(lib_a-memchr.o)
                0x0080a86c                memchr
 .text          0x0080a950       0xa0 c:/altera/12.0sp2/nios2eds/bin/gnu/h-i686-mingw32/bin/../lib/gcc/nios2-elf/4.1.2/../../../../nios2-elf/lib\libc.a(lib_a-memcpy.o)
                0x0080a950                memcpy
 .text          0x0080a9f0       0xe0 c:/altera/12.0sp2/nios2eds/bin/gnu/h-i686-mingw32/bin/../lib/gcc/nios2-elf/4.1.2/../../../../nios2-elf/lib\libc.a(lib_a-memmove.o)
                0x0080a9f0                memmove
 .text          0x0080aad0       0x98 c:/altera/12.0sp2/nios2eds/bin/gnu/h-i686-mingw32/bin/../lib/gcc/nios2-elf/4.1.2/../../../../nios2-elf/lib\libc.a(lib_a-memset.o)
                0x0080aad0                memset
 .text          0x0080ab68      0xff4 c:/altera/12.0sp2/nios2eds/bin/gnu/h-i686-mingw32/bin/../lib/gcc/nios2-elf/4.1.2/../../../../nios2-elf/lib\libc.a(lib_a-mprec.o)
                0x0080ab68                _Bfree
                0x0080ab90                __hi0bits
                0x0080ac00                __lo0bits
                0x0080acc4                __mcmp
                0x0080ad24                __ulp
                0x0080ada4                __b2d
                0x0080aec4                __ratio
                0x0080af74                _mprec_log10
                0x0080b008                __copybits
                0x0080b060                __any_on
                0x0080b0e8                _Balloc
                0x0080b1a4                __d2b
                0x0080b320                __mdiff
                0x0080b4ac                __lshift
                0x0080b5f8                __multiply
                0x0080b7e0                __i2b
                0x0080b81c                __multadd
                0x0080b91c                __pow5mult
                0x0080ba3c                __s2b
 .text          0x0080bb5c      0x5f4 c:/altera/12.0sp2/nios2eds/bin/gnu/h-i686-mingw32/bin/../lib/gcc/nios2-elf/4.1.2/../../../../nios2-elf/lib\libc.a(lib_a-reallocr.o)
                0x0080bb5c                _realloc_r
 .text          0x0080c150       0x40 c:/altera/12.0sp2/nios2eds/bin/gnu/h-i686-mingw32/bin/../lib/gcc/nios2-elf/4.1.2/../../../../nios2-elf/lib\libc.a(lib_a-s_isinfd.o)
                0x0080c150                __isinfd
 .text          0x0080c190       0x30 c:/altera/12.0sp2/nios2eds/bin/gnu/h-i686-mingw32/bin/../lib/gcc/nios2-elf/4.1.2/../../../../nios2-elf/lib\libc.a(lib_a-s_isnand.o)
                0x0080c190                __isnand
 .text          0x0080c1c0      0x14c c:/altera/12.0sp2/nios2eds/bin/gnu/h-i686-mingw32/bin/../lib/gcc/nios2-elf/4.1.2/../../../../nios2-elf/lib\libc.a(lib_a-stdio.o)
                0x0080c1c0                __sclose
                0x0080c1c8                __sseek
                0x0080c230                __swrite
                0x0080c2ac                __sread
 .text          0x0080c30c       0xbc c:/altera/12.0sp2/nios2eds/bin/gnu/h-i686-mingw32/bin/../lib/gcc/nios2-elf/4.1.2/../../../../nios2-elf/lib\libc.a(lib_a-strcmp.o)
                0x0080c30c                strcmp
 .text          0x0080c3c8       0x78 c:/altera/12.0sp2/nios2eds/bin/gnu/h-i686-mingw32/bin/../lib/gcc/nios2-elf/4.1.2/../../../../nios2-elf/lib\libc.a(lib_a-writer.o)
                0x0080c3c8                _write_r
 .text          0x0080c440       0xb4 c:/altera/12.0sp2/nios2eds/bin/gnu/h-i686-mingw32/bin/../lib/gcc/nios2-elf/4.1.2/../../../../nios2-elf/lib\libc.a(lib_a-callocr.o)
                0x0080c440                _calloc_r
 .text          0x0080c4f4       0x70 c:/altera/12.0sp2/nios2eds/bin/gnu/h-i686-mingw32/bin/../lib/gcc/nios2-elf/4.1.2/../../../../nios2-elf/lib\libc.a(lib_a-closer.o)
                0x0080c4f4                _close_r
 .text          0x0080c564      0x124 c:/altera/12.0sp2/nios2eds/bin/gnu/h-i686-mingw32/bin/../lib/gcc/nios2-elf/4.1.2/../../../../nios2-elf/lib\libc.a(lib_a-fclose.o)
                0x0080c564                _fclose_r
                0x0080c674                fclose
 .text          0x0080c688       0x74 c:/altera/12.0sp2/nios2eds/bin/gnu/h-i686-mingw32/bin/../lib/gcc/nios2-elf/4.1.2/../../../../nios2-elf/lib\libc.a(lib_a-fstatr.o)
                0x0080c688                _fstat_r
 .text          0x0080c6fc       0x70 c:/altera/12.0sp2/nios2eds/bin/gnu/h-i686-mingw32/bin/../lib/gcc/nios2-elf/4.1.2/../../../../nios2-elf/lib\libc.a(lib_a-isattyr.o)
                0x0080c6fc                _isatty_r
 .text          0x0080c76c       0x78 c:/altera/12.0sp2/nios2eds/bin/gnu/h-i686-mingw32/bin/../lib/gcc/nios2-elf/4.1.2/../../../../nios2-elf/lib\libc.a(lib_a-lseekr.o)
                0x0080c76c                _lseek_r
 .text          0x0080c7e4       0x78 c:/altera/12.0sp2/nios2eds/bin/gnu/h-i686-mingw32/bin/../lib/gcc/nios2-elf/4.1.2/../../../../nios2-elf/lib\libc.a(lib_a-readr.o)
                0x0080c7e4                _read_r
 .text          0x0080c85c      0x5dc c:/altera/12.0sp2/nios2eds/bin/gnu/h-i686-mingw32/bin/../lib/gcc/nios2-elf/4.1.2\libgcc.a(_udivdi3.o)
                0x0080c85c                __udivdi3
 .text          0x0080ce38      0x5b0 c:/altera/12.0sp2/nios2eds/bin/gnu/h-i686-mingw32/bin/../lib/gcc/nios2-elf/4.1.2\libgcc.a(_umoddi3.o)
                0x0080ce38                __umoddi3
 .text          0x0080d3e8       0x88 c:/altera/12.0sp2/nios2eds/bin/gnu/h-i686-mingw32/bin/../lib/gcc/nios2-elf/4.1.2\libgcc.a(_ne_df.o)
                0x0080d3e8                __nedf2
 .text          0x0080d470       0x88 c:/altera/12.0sp2/nios2eds/bin/gnu/h-i686-mingw32/bin/../lib/gcc/nios2-elf/4.1.2\libgcc.a(_lt_df.o)
                0x0080d470                __ltdf2
 .text          0x0080d4f8      0x194 c:/altera/12.0sp2/nios2eds/bin/gnu/h-i686-mingw32/bin/../lib/gcc/nios2-elf/4.1.2\libgcc.a(_usi_to_df.o)
                0x0080d4f8                __floatunsidf
 .text          0x0080d68c      0x15c ../LaserSharknado_bsp\libhal_bsp.a(alt_close.o)
                0x0080d68c                close
 .text          0x0080d7e8       0x2c ../LaserSharknado_bsp\libhal_bsp.a(alt_dev.o)
 .text          0x0080d814        0x0 ../LaserSharknado_bsp\libhal_bsp.a(alt_errno.o)
 .text          0x0080d814      0x134 ../LaserSharknado_bsp\libhal_bsp.a(alt_fstat.o)
                0x0080d814                fstat
 .text          0x0080d948      0x1c0 ../LaserSharknado_bsp\libhal_bsp.a(alt_irq_register.o)
                0x0080d948                alt_irq_register
 .text          0x0080db08        0x0 ../LaserSharknado_bsp\libhal_bsp.a(alt_irq_vars.o)
 .text          0x0080db08      0x120 ../LaserSharknado_bsp\libhal_bsp.a(alt_isatty.o)
                0x0080db08                isatty
 .text          0x0080dc28       0xec ../LaserSharknado_bsp\libhal_bsp.a(alt_load.o)
                0x0080dc28                alt_load
 .text          0x0080dd14      0x150 ../LaserSharknado_bsp\libhal_bsp.a(alt_lseek.o)
                0x0080dd14                lseek
 .text          0x0080de64       0x6c ../LaserSharknado_bsp\libhal_bsp.a(alt_main.o)
                0x0080de64                alt_main
 .text          0x0080ded0       0x40 ../LaserSharknado_bsp\libhal_bsp.a(alt_malloc_lock.o)
                0x0080ded0                __malloc_lock
                0x0080def0                __malloc_unlock
 .text          0x0080df10      0x180 ../LaserSharknado_bsp\libhal_bsp.a(alt_read.o)
                0x0080df10                read
 .text          0x0080e090       0x60 ../LaserSharknado_bsp\libhal_bsp.a(alt_release_fd.o)
                0x0080e090                alt_release_fd
 .text          0x0080e0f0       0xbc ../LaserSharknado_bsp\libhal_bsp.a(alt_sbrk.o)
                0x0080e0f0                sbrk
 .text          0x0080e1ac      0x1a4 ../LaserSharknado_bsp\libhal_bsp.a(alt_tick.o)
                0x0080e1ac                alt_alarm_stop
                0x0080e244                alt_tick
 .text          0x0080e350       0x30 ../LaserSharknado_bsp\libhal_bsp.a(alt_usleep.o)
                0x0080e350                usleep
 .text          0x0080e380      0x180 ../LaserSharknado_bsp\libhal_bsp.a(alt_write.o)
                0x0080e380                write
 .text          0x0080e500      0x3e0 ../LaserSharknado_bsp\libhal_bsp.a(alt_sys_init.o)
                0x0080e500                alt_irq_init
                0x0080e534                alt_sys_init
 .text          0x0080e8e0      0x148 ../LaserSharknado_bsp\libhal_bsp.a(altera_avalon_jtag_uart_fd.o)
                0x0080e8e0                altera_avalon_jtag_uart_read_fd
                0x0080e938                altera_avalon_jtag_uart_write_fd
                0x0080e990                altera_avalon_jtag_uart_close_fd
                0x0080e9d8                altera_avalon_jtag_uart_ioctl_fd
 .text          0x0080ea28      0x408 ../LaserSharknado_bsp\libhal_bsp.a(altera_avalon_jtag_uart_init.o)
                0x0080ea28                altera_avalon_jtag_uart_init
                0x0080edbc                altera_avalon_jtag_uart_close
 .text          0x0080ee30       0xf4 ../LaserSharknado_bsp\libhal_bsp.a(altera_avalon_jtag_uart_ioctl.o)
                0x0080ee30                altera_avalon_jtag_uart_ioctl
 .text          0x0080ef24      0x224 ../LaserSharknado_bsp\libhal_bsp.a(altera_avalon_jtag_uart_read.o)
                0x0080ef24                altera_avalon_jtag_uart_read
 .text          0x0080f148      0x240 ../LaserSharknado_bsp\libhal_bsp.a(altera_avalon_jtag_uart_write.o)
                0x0080f148                altera_avalon_jtag_uart_write
 .text          0x0080f388       0xfc ../LaserSharknado_bsp\libhal_bsp.a(altera_avalon_timer_sc.o)
                0x0080f3fc                alt_avalon_timer_sc_init
 .text          0x0080f484      0x168 ../LaserSharknado_bsp\libhal_bsp.a(altera_avalon_timer_ts.o)
                0x0080f484                alt_timestamp_start
                0x0080f528                alt_timestamp
                0x0080f5c4                alt_timestamp_freq
 .text          0x0080f5ec        0x0 ../LaserSharknado_bsp\libhal_bsp.a(altera_avalon_timer_vars.o)
 .text          0x0080f5ec      0x80c ../LaserSharknado_bsp\libhal_bsp.a(altera_up_avalon_audio.o)
                0x0080f5ec                alt_up_audio_open_dev
                0x0080f62c                alt_up_audio_enable_read_interrupt
                0x0080f678                alt_up_audio_disable_read_interrupt
                0x0080f6c8                alt_up_audio_enable_write_interrupt
                0x0080f714                alt_up_audio_disable_write_interrupt
                0x0080f764                alt_up_audio_read_interrupt_pending
                0x0080f7a0                alt_up_audio_write_interrupt_pending
                0x0080f7dc                alt_up_audio_reset_audio_core
                0x0080f864                alt_up_audio_read_fifo_avail
                0x0080f8d4                alt_up_audio_record_r
                0x0080f944                alt_up_audio_record_l
                0x0080f9b4                alt_up_audio_write_fifo_space
                0x0080fa28                alt_up_audio_play_r
                0x0080fa98                alt_up_audio_play_l
                0x0080fb08                alt_up_audio_read_fifo
                0x0080fc0c                alt_up_audio_write_fifo
                0x0080fd38                alt_up_audio_read_fifo_head
                0x0080fd98                alt_up_audio_write_fifo_head
 .text          0x0080fdf8      0x788 ../LaserSharknado_bsp\libhal_bsp.a(altera_up_avalon_audio_and_video_config.o)
                0x0080fdf8                alt_up_av_config_open_dev
                0x0080fe5c                alt_up_av_config_write_data
                0x0080fec0                alt_up_av_config_read_data
                0x0080ff4c                alt_up_av_config_reset
                0x0080ff84                alt_up_av_config_enable_interrupt
                0x0080ffbc                alt_up_av_config_disable_interrupt
                0x0080ffec                alt_up_av_config_read_acknowledge
                0x00810054                alt_up_av_config_read_ready
                0x0081008c                alt_up_av_config_write_audio_cfg_register
                0x00810138                alt_up_av_config_read_video_cfg_register
                0x00810230                alt_up_av_config_write_video_cfg_register
                0x00810328                alt_up_av_config_read_DC2_cfg_register
                0x0081038c                alt_up_av_config_write_DC2_cfg_register
                0x008103f0                alt_up_av_config_read_D5M_cfg_register
                0x00810454                alt_up_av_config_write_D5M_cfg_register
                0x008104b8                alt_up_av_config_read_LTM_cfg_register
                0x0081051c                alt_up_av_config_write_LTM_cfg_register
 .text          0x00810580      0x530 ../LaserSharknado_bsp\libhal_bsp.a(altera_up_avalon_character_lcd.o)
                0x00810580                get_DDRAM_addr
                0x008105fc                alt_up_character_lcd_send_cmd
                0x00810630                alt_up_character_lcd_init
                0x00810664                alt_up_character_lcd_open_dev
                0x008106a4                alt_up_character_lcd_write
                0x0081071c                alt_up_character_lcd_string
                0x00810794                alt_up_character_lcd_write_fd
                0x008107e0                alt_up_character_lcd_set_cursor_pos
                0x00810858                alt_up_character_lcd_shift_cursor
                0x00810908                alt_up_character_lcd_shift_display
                0x008109b8                alt_up_character_lcd_erase_pos
                0x00810a48                alt_up_character_lcd_cursor_off
                0x00810a7c                alt_up_character_lcd_cursor_blink_on
 .text          0x00810ab0      0x304 ../LaserSharknado_bsp\libhal_bsp.a(altera_up_avalon_video_character_buffer_with_dma.o)
                0x00810ab0                alt_up_char_buffer_init
                0x00810b34                alt_up_char_buffer_open_dev
                0x00810b74                alt_up_char_buffer_draw
                0x00810c44                alt_up_char_buffer_string
                0x00810d58                alt_up_char_buffer_clear
 .text          0x00810db4     0x156c ../LaserSharknado_bsp\libhal_bsp.a(altera_up_avalon_video_pixel_buffer_dma.o)
                0x00810db4                alt_up_pixel_buffer_dma_open_dev
                0x00810df4                alt_up_pixel_buffer_dma_draw
                0x00810f94                alt_up_pixel_buffer_dma_change_back_buffer_address
                0x00810fec                alt_up_pixel_buffer_dma_swap_buffers
                0x00811044                alt_up_pixel_buffer_dma_check_swap_buffers_status
                0x00811078                alt_up_pixel_buffer_dma_clear_screen
                0x008111dc                alt_up_pixel_buffer_dma_draw_box
                0x008116d0                alt_up_pixel_buffer_dma_draw_hline
                0x00811a20                alt_up_pixel_buffer_dma_draw_vline
                0x00811df0                alt_up_pixel_buffer_dma_draw_rectangle
                0x00811eb4                helper_plot_pixel
                0x00811f84                alt_up_pixel_buffer_dma_draw_line
 .text          0x00812320     0x45c0 ../LaserSharknado_bsp\libhal_bsp.a(altera_up_sd_card_avalon_interface.o)
                0x00812320                Write_Sector_Data
                0x008123e8                Save_Modified_Sector
                0x00812438                Read_Sector_Data
                0x00812534                get_cluster_flag
                0x008125ec                mark_cluster
                0x008126d0                Check_for_Master_Boot_Record
                0x00812880                Read_File_Record_At_Offset
                0x00812b04                Write_File_Record_At_Offset
                0x00812dbc                Check_for_DOS_FAT
                0x00813404                Look_for_FAT16
                0x00813508                filename_to_upper_case
                0x008135d8                check_file_name_for_FAT16_compliance
                0x00813868                get_dir_divider_location
                0x00813928                match_file_record_to_name_ext
                0x00813c14                get_home_directory_cluster_for_file
                0x00814128                find_file_in_directory
                0x0081458c                find_first_empty_cluster
                0x00814730                find_first_empty_record_in_a_subdirectory
                0x0081497c                find_first_empty_record_in_root_directory
                0x00814aa8                convert_filename_to_name_extension
                0x00814c60                create_file
                0x00814f34                copy_file_record_name_to_string
                0x00815088                alt_up_sd_card_open_dev
                0x0081514c                alt_up_sd_card_is_Present
                0x00815214                alt_up_sd_card_is_FAT16
                0x00815288                alt_up_sd_card_find_first
                0x0081535c                alt_up_sd_card_find_next
                0x0081570c                alt_up_sd_card_fopen
                0x00815ab4                alt_up_sd_card_set_attributes
                0x00815b44                alt_up_sd_card_get_attributes
                0x00815bd0                alt_up_sd_card_read
                0x00815f64                alt_up_sd_card_write
                0x00816588                alt_up_sd_card_fclose
                0x00816754                Read_Sector_Data_CRC
                0x00816850                Read_Sector_Data_Attempt_CRC
 .text          0x008168e0      0x154 ../LaserSharknado_bsp\libhal_bsp.a(alt_alarm_start.o)
                0x008168e0                alt_alarm_start
 .text          0x00816a34      0x14c ../LaserSharknado_bsp\libhal_bsp.a(alt_busy_sleep.o)
                0x00816a34                alt_busy_sleep
 .text          0x00816b80       0x44 ../LaserSharknado_bsp\libhal_bsp.a(alt_dcache_flush_all.o)
                0x00816b80                alt_dcache_flush_all
 .text          0x00816bc4      0x114 ../LaserSharknado_bsp\libhal_bsp.a(alt_dev_llist_insert.o)
                0x00816bc4                alt_dev_llist_insert
 .text          0x00816cd8       0x64 ../LaserSharknado_bsp\libhal_bsp.a(alt_do_ctors.o)
                0x00816cd8                _do_ctors
 .text          0x00816d3c       0x64 ../LaserSharknado_bsp\libhal_bsp.a(alt_do_dtors.o)
                0x00816d3c                _do_dtors
 .text          0x00816da0       0x94 ../LaserSharknado_bsp\libhal_bsp.a(alt_find_dev.o)
                0x00816da0                alt_find_dev
 .text          0x00816e34       0x30 ../LaserSharknado_bsp\libhal_bsp.a(alt_icache_flush_all.o)
                0x00816e34                alt_icache_flush_all
 .text          0x00816e64      0x13c ../LaserSharknado_bsp\libhal_bsp.a(alt_io_redirect.o)
                0x00816f28                alt_io_redirect
 .text          0x00816fa0        0x0 ../LaserSharknado_bsp\libhal_bsp.a(alt_irq_entry.o)
 .text          0x00816fa0        0x0 ../LaserSharknado_bsp\libhal_bsp.a(alt_irq_handler.o)
 .text          0x00816fa0      0x2c4 ../LaserSharknado_bsp\libhal_bsp.a(alt_open.o)
                0x0081707c                open
 .text          0x00817264       0x20 ../LaserSharknado_bsp\libhal_bsp.a(altera_nios2_qsys_irq.o)
                0x00817264                altera_nios2_qsys_irq_init
 .text          0x00817284        0x0 ../LaserSharknado_bsp\libhal_bsp.a(alt_exception_entry.o)
 .text          0x00817284      0x120 ../LaserSharknado_bsp\libhal_bsp.a(alt_find_file.o)
                0x00817284                alt_find_file
 .text          0x008173a4       0xb8 ../LaserSharknado_bsp\libhal_bsp.a(alt_get_fd.o)
                0x008173a4                alt_get_fd
 .text          0x0081745c       0x90 ../LaserSharknado_bsp\libhal_bsp.a(alt_icache_flush.o)
                0x0081745c                alt_icache_flush
 .text          0x008174ec       0x14 c:/altera/12.0sp2/nios2eds/bin/gnu/h-i686-mingw32/bin/../lib/gcc/nios2-elf/4.1.2/../../../../nios2-elf/lib\libc.a(lib_a-atexit.o)
                0x008174ec                atexit
 .text          0x00817500       0x38 c:/altera/12.0sp2/nios2eds/bin/gnu/h-i686-mingw32/bin/../lib/gcc/nios2-elf/4.1.2/../../../../nios2-elf/lib\libc.a(lib_a-exit.o)
                0x00817500                exit
 .text          0x00817538       0x74 c:/altera/12.0sp2/nios2eds/bin/gnu/h-i686-mingw32/bin/../lib/gcc/nios2-elf/4.1.2/../../../../nios2-elf/lib\libc.a(lib_a-memcmp.o)
                0x00817538                memcmp
 .text          0x008175ac      0x134 c:/altera/12.0sp2/nios2eds/bin/gnu/h-i686-mingw32/bin/../lib/gcc/nios2-elf/4.1.2/../../../../nios2-elf/lib\libc.a(lib_a-__atexit.o)
                0x008175ac                __register_exitproc
 .text          0x008176e0      0x1b4 c:/altera/12.0sp2/nios2eds/bin/gnu/h-i686-mingw32/bin/../lib/gcc/nios2-elf/4.1.2/../../../../nios2-elf/lib\libc.a(lib_a-__call_atexit.o)
                0x008176e4                __call_exitprocs
 .text          0x00817894       0x60 ../LaserSharknado_bsp\libhal_bsp.a(alt_exit.o)
                0x008178d4                _exit
 *(.gnu.warning.*)
 *(.fini)
                0x008178f4                PROVIDE (__etext, ABSOLUTE (.))
                0x008178f4                PROVIDE (_etext, ABSOLUTE (.))
                0x008178f4                PROVIDE (etext, ABSOLUTE (.))
 *(.eh_frame_hdr)
                0x008178f4                . = ALIGN (0x4)
                0x008178f4                PROVIDE (__preinit_array_start, ABSOLUTE (.))
 *(.preinit_array)
                0x008178f4                PROVIDE (__preinit_array_end, ABSOLUTE (.))
                0x008178f4                PROVIDE (__init_array_start, ABSOLUTE (.))
 *(.init_array)
                0x008178f4                PROVIDE (__init_array_end, ABSOLUTE (.))
                0x008178f4                PROVIDE (__fini_array_start, ABSOLUTE (.))
 *(.fini_array)
                0x008178f4                PROVIDE (__fini_array_end, ABSOLUTE (.))
 *(.eh_frame)
 .eh_frame      0x008178f4       0x40 c:/altera/12.0sp2/nios2eds/bin/gnu/h-i686-mingw32/bin/../lib/gcc/nios2-elf/4.1.2\libgcc.a(_udivdi3.o)
 .eh_frame      0x00817934       0x2c c:/altera/12.0sp2/nios2eds/bin/gnu/h-i686-mingw32/bin/../lib/gcc/nios2-elf/4.1.2\libgcc.a(_umoddi3.o)
                                 0x40 (size before relaxing)
 *(.gcc_except_table)
 *(.dynamic)
                0x00817960                PROVIDE (__CTOR_LIST__, ABSOLUTE (.))
 *(.ctors)
 *(SORT(.ctors.*))
 .ctors.65535   0x00817960        0x4 c:/altera/12.0sp2/nios2eds/bin/gnu/h-i686-mingw32/bin/../lib/gcc/nios2-elf/4.1.2/../../../../nios2-elf/lib\libc.a(lib_a-__call_atexit.o)
                0x00817964                PROVIDE (__CTOR_END__, ABSOLUTE (.))
                0x00817964                PROVIDE (__DTOR_LIST__, ABSOLUTE (.))
 *(.dtors)
 *(SORT(.dtors.*))
                0x00817964                PROVIDE (__DTOR_END__, ABSOLUTE (.))
 *(.jcr)
                0x00817964                . = ALIGN (0x4)

.rodata         0x00817964      0xb7c
                0x00817964                PROVIDE (__ram_rodata_start, ABSOLUTE (.))
                0x00817964                . = ALIGN (0x4)
 *(.rodata .rodata.* .gnu.linkonce.r.*)
 .rodata        0x00817964      0x210 obj/default/audio.o
 .rodata        0x00817b74       0x8c obj/default/hello_world.o
 .rodata        0x00817c00       0x94 obj/default/sd_card.o
 .rodata        0x00817c94      0x1ec obj/default/timer.o
 .rodata        0x00817e80       0x60 obj/default/vga.o
 .rodata        0x00817ee0      0x188 c:/altera/12.0sp2/nios2eds/bin/gnu/h-i686-mingw32/bin/../lib/gcc/nios2-elf/4.1.2/../../../../nios2-elf/lib\libm.a(lib_a-e_rem_pio2.o)
 .rodata        0x00818068       0x50 c:/altera/12.0sp2/nios2eds/bin/gnu/h-i686-mingw32/bin/../lib/gcc/nios2-elf/4.1.2/../../../../nios2-elf/lib\libm.a(lib_a-k_rem_pio2.o)
 .rodata        0x008180b8       0x10 c:/altera/12.0sp2/nios2eds/bin/gnu/h-i686-mingw32/bin/../lib/gcc/nios2-elf/4.1.2\libgcc.a(_thenan_sf.o)
                0x008180b8                __thenan_sf
 .rodata        0x008180c8       0x14 c:/altera/12.0sp2/nios2eds/bin/gnu/h-i686-mingw32/bin/../lib/gcc/nios2-elf/4.1.2\libgcc.a(_thenan_df.o)
                0x008180c8                __thenan_df
 .rodata        0x008180dc      0x100 c:/altera/12.0sp2/nios2eds/bin/gnu/h-i686-mingw32/bin/../lib/gcc/nios2-elf/4.1.2\libgcc.a(_clz.o)
                0x008180dc                __clz_tab
 .rodata.str1.4
                0x008181dc        0x2 c:/altera/12.0sp2/nios2eds/bin/gnu/h-i686-mingw32/bin/../lib/gcc/nios2-elf/4.1.2/../../../../nios2-elf/lib\libc.a(lib_a-puts.o)
                                  0x4 (size before relaxing)
 *fill*         0x008181de        0x2 00
 .rodata.str1.4
                0x008181e0       0x5e c:/altera/12.0sp2/nios2eds/bin/gnu/h-i686-mingw32/bin/../lib/gcc/nios2-elf/4.1.2/../../../../nios2-elf/lib\libc.a(lib_a-vfprintf.o)
                                 0x60 (size before relaxing)
 .rodata        0x0081823e       0x20 c:/altera/12.0sp2/nios2eds/bin/gnu/h-i686-mingw32/bin/../lib/gcc/nios2-elf/4.1.2/../../../../nios2-elf/lib\libc.a(lib_a-vfprintf.o)
 *fill*         0x0081825e        0x2 00
 .rodata.str1.4
                0x00818260       0x10 c:/altera/12.0sp2/nios2eds/bin/gnu/h-i686-mingw32/bin/../lib/gcc/nios2-elf/4.1.2/../../../../nios2-elf/lib\libc.a(lib_a-dtoa.o)
                                 0x14 (size before relaxing)
 .rodata.str1.4
                0x00818270        0x2 c:/altera/12.0sp2/nios2eds/bin/gnu/h-i686-mingw32/bin/../lib/gcc/nios2-elf/4.1.2/../../../../nios2-elf/lib\libc.a(lib_a-impure.o)
                                  0x4 (size before relaxing)
 *fill*         0x00818272        0x2 00
 .rodata.str1.4
                0x00818274       0x10 c:/altera/12.0sp2/nios2eds/bin/gnu/h-i686-mingw32/bin/../lib/gcc/nios2-elf/4.1.2/../../../../nios2-elf/lib\libc.a(lib_a-locale.o)
                                 0x18 (size before relaxing)
 .rodata        0x00818284       0x30 c:/altera/12.0sp2/nios2eds/bin/gnu/h-i686-mingw32/bin/../lib/gcc/nios2-elf/4.1.2/../../../../nios2-elf/lib\libc.a(lib_a-locale.o)
 .rodata        0x008182b4      0x124 c:/altera/12.0sp2/nios2eds/bin/gnu/h-i686-mingw32/bin/../lib/gcc/nios2-elf/4.1.2/../../../../nios2-elf/lib\libc.a(lib_a-mprec.o)
                0x008182b4                __mprec_tens
                0x0081837c                __mprec_bigtens
                0x008183a4                __mprec_tinytens
 .rodata        0x008183d8        0xc ../LaserSharknado_bsp\libhal_bsp.a(alt_dev.o)
 .rodata        0x008183e4       0x14 ../LaserSharknado_bsp\libhal_bsp.a(alt_main.o)
 .rodata        0x008183f8       0xcc ../LaserSharknado_bsp\libhal_bsp.a(alt_sys_init.o)
 .rodata        0x008184c4       0x1c ../LaserSharknado_bsp\libhal_bsp.a(altera_up_avalon_video_character_buffer_with_dma.o)
 *(.rodata1)
                0x008184e0                . = ALIGN (0x4)
                0x008184e0                PROVIDE (__ram_rodata_end, ABSOLUTE (.))
                0x00817964                PROVIDE (__flash_rodata_start, LOADADDR (.rodata))

.rwdata         0x008184e0     0x1bbc load address 0x0081a09c
                0x008184e0                PROVIDE (__ram_rwdata_start, ABSOLUTE (.))
                0x008184e0                . = ALIGN (0x4)
 *(.got.plt)
 *(.got)
 *(.data1)
 *(.data .data.* .gnu.linkonce.d.*)
 .data          0x008184e0        0x0 ../LaserSharknado_bsp/obj/HAL/src/crt0.o
 .data          0x008184e0        0x0 obj/default/audio.o
 .data          0x008184e0        0x0 obj/default/audio_up_hack.o
 .data          0x008184e0        0x0 obj/default/hello_world.o
 .data          0x008184e0        0x0 obj/default/player.o
 .data          0x008184e0        0x0 obj/default/sd_card.o
 .data          0x008184e0        0x0 obj/default/timer.o
 .data          0x008184e0        0x0 obj/default/vga.o
 .data          0x008184e0        0x0 c:/altera/12.0sp2/nios2eds/bin/gnu/h-i686-mingw32/bin/../lib/gcc/nios2-elf/4.1.2/../../../../nios2-elf/lib\libm.a(lib_a-s_sin.o)
 .data          0x008184e0        0x0 c:/altera/12.0sp2/nios2eds/bin/gnu/h-i686-mingw32/bin/../lib/gcc/nios2-elf/4.1.2/../../../../nios2-elf/lib\libm.a(lib_a-e_rem_pio2.o)
 .data          0x008184e0        0x0 c:/altera/12.0sp2/nios2eds/bin/gnu/h-i686-mingw32/bin/../lib/gcc/nios2-elf/4.1.2/../../../../nios2-elf/lib\libm.a(lib_a-k_cos.o)
 .data          0x008184e0        0x0 c:/altera/12.0sp2/nios2eds/bin/gnu/h-i686-mingw32/bin/../lib/gcc/nios2-elf/4.1.2/../../../../nios2-elf/lib\libm.a(lib_a-k_rem_pio2.o)
 .data          0x008184e0        0x0 c:/altera/12.0sp2/nios2eds/bin/gnu/h-i686-mingw32/bin/../lib/gcc/nios2-elf/4.1.2/../../../../nios2-elf/lib\libm.a(lib_a-k_sin.o)
 .data          0x008184e0        0x0 c:/altera/12.0sp2/nios2eds/bin/gnu/h-i686-mingw32/bin/../lib/gcc/nios2-elf/4.1.2/../../../../nios2-elf/lib\libm.a(lib_a-s_fabs.o)
 .data          0x008184e0        0x0 c:/altera/12.0sp2/nios2eds/bin/gnu/h-i686-mingw32/bin/../lib/gcc/nios2-elf/4.1.2/../../../../nios2-elf/lib\libm.a(lib_a-s_floor.o)
 .data          0x008184e0        0x0 c:/altera/12.0sp2/nios2eds/bin/gnu/h-i686-mingw32/bin/../lib/gcc/nios2-elf/4.1.2/../../../../nios2-elf/lib\libm.a(lib_a-s_scalbn.o)
 .data          0x008184e0        0x0 c:/altera/12.0sp2/nios2eds/bin/gnu/h-i686-mingw32/bin/../lib/gcc/nios2-elf/4.1.2/../../../../nios2-elf/lib\libm.a(lib_a-s_copysign.o)
 .data          0x008184e0        0x0 c:/altera/12.0sp2/nios2eds/bin/gnu/h-i686-mingw32/bin/../lib/gcc/nios2-elf/4.1.2\libgcc.a(_fixunsdfsi.o)
 .data          0x008184e0        0x0 c:/altera/12.0sp2/nios2eds/bin/gnu/h-i686-mingw32/bin/../lib/gcc/nios2-elf/4.1.2\libgcc.a(_div_sf.o)
 .data          0x008184e0        0x0 c:/altera/12.0sp2/nios2eds/bin/gnu/h-i686-mingw32/bin/../lib/gcc/nios2-elf/4.1.2\libgcc.a(_si_to_sf.o)
 .data          0x008184e0        0x0 c:/altera/12.0sp2/nios2eds/bin/gnu/h-i686-mingw32/bin/../lib/gcc/nios2-elf/4.1.2\libgcc.a(_sf_to_df.o)
 .data          0x008184e0        0x0 c:/altera/12.0sp2/nios2eds/bin/gnu/h-i686-mingw32/bin/../lib/gcc/nios2-elf/4.1.2\libgcc.a(_thenan_sf.o)
 .data          0x008184e0        0x0 c:/altera/12.0sp2/nios2eds/bin/gnu/h-i686-mingw32/bin/../lib/gcc/nios2-elf/4.1.2\libgcc.a(_addsub_df.o)
 .data          0x008184e0        0x0 c:/altera/12.0sp2/nios2eds/bin/gnu/h-i686-mingw32/bin/../lib/gcc/nios2-elf/4.1.2\libgcc.a(_mul_df.o)
 .data          0x008184e0        0x0 c:/altera/12.0sp2/nios2eds/bin/gnu/h-i686-mingw32/bin/../lib/gcc/nios2-elf/4.1.2\libgcc.a(_div_df.o)
 .data          0x008184e0        0x0 c:/altera/12.0sp2/nios2eds/bin/gnu/h-i686-mingw32/bin/../lib/gcc/nios2-elf/4.1.2\libgcc.a(_eq_df.o)
 .data          0x008184e0        0x0 c:/altera/12.0sp2/nios2eds/bin/gnu/h-i686-mingw32/bin/../lib/gcc/nios2-elf/4.1.2\libgcc.a(_gt_df.o)
 .data          0x008184e0        0x0 c:/altera/12.0sp2/nios2eds/bin/gnu/h-i686-mingw32/bin/../lib/gcc/nios2-elf/4.1.2\libgcc.a(_ge_df.o)
 .data          0x008184e0        0x0 c:/altera/12.0sp2/nios2eds/bin/gnu/h-i686-mingw32/bin/../lib/gcc/nios2-elf/4.1.2\libgcc.a(_si_to_df.o)
 .data          0x008184e0        0x0 c:/altera/12.0sp2/nios2eds/bin/gnu/h-i686-mingw32/bin/../lib/gcc/nios2-elf/4.1.2\libgcc.a(_df_to_si.o)
 .data          0x008184e0        0x0 c:/altera/12.0sp2/nios2eds/bin/gnu/h-i686-mingw32/bin/../lib/gcc/nios2-elf/4.1.2\libgcc.a(_make_df.o)
 .data          0x008184e0        0x0 c:/altera/12.0sp2/nios2eds/bin/gnu/h-i686-mingw32/bin/../lib/gcc/nios2-elf/4.1.2\libgcc.a(_thenan_df.o)
 .data          0x008184e0        0x0 c:/altera/12.0sp2/nios2eds/bin/gnu/h-i686-mingw32/bin/../lib/gcc/nios2-elf/4.1.2\libgcc.a(lib2-divmod.o)
 .data          0x008184e0        0x0 c:/altera/12.0sp2/nios2eds/bin/gnu/h-i686-mingw32/bin/../lib/gcc/nios2-elf/4.1.2\libgcc.a(_muldi3.o)
 .data          0x008184e0        0x0 c:/altera/12.0sp2/nios2eds/bin/gnu/h-i686-mingw32/bin/../lib/gcc/nios2-elf/4.1.2\libgcc.a(_clzsi2.o)
 .data          0x008184e0        0x0 c:/altera/12.0sp2/nios2eds/bin/gnu/h-i686-mingw32/bin/../lib/gcc/nios2-elf/4.1.2\libgcc.a(_pack_sf.o)
 .data          0x008184e0        0x0 c:/altera/12.0sp2/nios2eds/bin/gnu/h-i686-mingw32/bin/../lib/gcc/nios2-elf/4.1.2\libgcc.a(_unpack_sf.o)
 .data          0x008184e0        0x0 c:/altera/12.0sp2/nios2eds/bin/gnu/h-i686-mingw32/bin/../lib/gcc/nios2-elf/4.1.2\libgcc.a(_pack_df.o)
 .data          0x008184e0        0x0 c:/altera/12.0sp2/nios2eds/bin/gnu/h-i686-mingw32/bin/../lib/gcc/nios2-elf/4.1.2\libgcc.a(_unpack_df.o)
 .data          0x008184e0        0x0 c:/altera/12.0sp2/nios2eds/bin/gnu/h-i686-mingw32/bin/../lib/gcc/nios2-elf/4.1.2\libgcc.a(_fpcmp_parts_df.o)
 .data          0x008184e0        0x0 c:/altera/12.0sp2/nios2eds/bin/gnu/h-i686-mingw32/bin/../lib/gcc/nios2-elf/4.1.2\libgcc.a(_clz.o)
 .data          0x008184e0        0x0 c:/altera/12.0sp2/nios2eds/bin/gnu/h-i686-mingw32/bin/../lib/gcc/nios2-elf/4.1.2/../../../../nios2-elf/lib\libc.a(lib_a-malloc.o)
 .data          0x008184e0      0x408 c:/altera/12.0sp2/nios2eds/bin/gnu/h-i686-mingw32/bin/../lib/gcc/nios2-elf/4.1.2/../../../../nios2-elf/lib\libc.a(lib_a-mallocr.o)
                0x008184e0                __malloc_av_
 .data          0x008188e8        0x0 c:/altera/12.0sp2/nios2eds/bin/gnu/h-i686-mingw32/bin/../lib/gcc/nios2-elf/4.1.2/../../../../nios2-elf/lib\libc.a(lib_a-printf.o)
 .data          0x008188e8        0x0 c:/altera/12.0sp2/nios2eds/bin/gnu/h-i686-mingw32/bin/../lib/gcc/nios2-elf/4.1.2/../../../../nios2-elf/lib\libc.a(lib_a-puts.o)
 .data          0x008188e8        0x0 c:/altera/12.0sp2/nios2eds/bin/gnu/h-i686-mingw32/bin/../lib/gcc/nios2-elf/4.1.2/../../../../nios2-elf/lib\libc.a(lib_a-sbrkr.o)
 .data          0x008188e8        0x0 c:/altera/12.0sp2/nios2eds/bin/gnu/h-i686-mingw32/bin/../lib/gcc/nios2-elf/4.1.2/../../../../nios2-elf/lib\libc.a(lib_a-strlen.o)
 .data          0x008188e8        0x0 c:/altera/12.0sp2/nios2eds/bin/gnu/h-i686-mingw32/bin/../lib/gcc/nios2-elf/4.1.2/../../../../nios2-elf/lib\libc.a(lib_a-vfprintf.o)
 .data          0x008188e8        0x0 c:/altera/12.0sp2/nios2eds/bin/gnu/h-i686-mingw32/bin/../lib/gcc/nios2-elf/4.1.2/../../../../nios2-elf/lib\libc.a(lib_a-wsetup.o)
 .data          0x008188e8        0x0 c:/altera/12.0sp2/nios2eds/bin/gnu/h-i686-mingw32/bin/../lib/gcc/nios2-elf/4.1.2/../../../../nios2-elf/lib\libc.a(lib_a-dtoa.o)
 .data          0x008188e8        0x0 c:/altera/12.0sp2/nios2eds/bin/gnu/h-i686-mingw32/bin/../lib/gcc/nios2-elf/4.1.2/../../../../nios2-elf/lib\libc.a(lib_a-fflush.o)
 .data          0x008188e8        0x0 c:/altera/12.0sp2/nios2eds/bin/gnu/h-i686-mingw32/bin/../lib/gcc/nios2-elf/4.1.2/../../../../nios2-elf/lib\libc.a(lib_a-findfp.o)
 .data          0x008188e8        0x0 c:/altera/12.0sp2/nios2eds/bin/gnu/h-i686-mingw32/bin/../lib/gcc/nios2-elf/4.1.2/../../../../nios2-elf/lib\libc.a(lib_a-freer.o)
 .data          0x008188e8        0x0 c:/altera/12.0sp2/nios2eds/bin/gnu/h-i686-mingw32/bin/../lib/gcc/nios2-elf/4.1.2/../../../../nios2-elf/lib\libc.a(lib_a-fvwrite.o)
 .data          0x008188e8        0x0 c:/altera/12.0sp2/nios2eds/bin/gnu/h-i686-mingw32/bin/../lib/gcc/nios2-elf/4.1.2/../../../../nios2-elf/lib\libc.a(lib_a-fwalk.o)
 .data          0x008188e8      0x400 c:/altera/12.0sp2/nios2eds/bin/gnu/h-i686-mingw32/bin/../lib/gcc/nios2-elf/4.1.2/../../../../nios2-elf/lib\libc.a(lib_a-impure.o)
 .data          0x00818ce8        0x0 c:/altera/12.0sp2/nios2eds/bin/gnu/h-i686-mingw32/bin/../lib/gcc/nios2-elf/4.1.2/../../../../nios2-elf/lib\libc.a(lib_a-int_errno.o)
 .data          0x00818ce8        0xc c:/altera/12.0sp2/nios2eds/bin/gnu/h-i686-mingw32/bin/../lib/gcc/nios2-elf/4.1.2/../../../../nios2-elf/lib\libc.a(lib_a-locale.o)
                0x00818ce8                __lc_ctype
 .data          0x00818cf4        0x0 c:/altera/12.0sp2/nios2eds/bin/gnu/h-i686-mingw32/bin/../lib/gcc/nios2-elf/4.1.2/../../../../nios2-elf/lib\libc.a(lib_a-makebuf.o)
 .data          0x00818cf4        0x0 c:/altera/12.0sp2/nios2eds/bin/gnu/h-i686-mingw32/bin/../lib/gcc/nios2-elf/4.1.2/../../../../nios2-elf/lib\libc.a(lib_a-memchr.o)
 .data          0x00818cf4        0x0 c:/altera/12.0sp2/nios2eds/bin/gnu/h-i686-mingw32/bin/../lib/gcc/nios2-elf/4.1.2/../../../../nios2-elf/lib\libc.a(lib_a-memcpy.o)
 .data          0x00818cf4        0x0 c:/altera/12.0sp2/nios2eds/bin/gnu/h-i686-mingw32/bin/../lib/gcc/nios2-elf/4.1.2/../../../../nios2-elf/lib\libc.a(lib_a-memmove.o)
 .data          0x00818cf4        0x0 c:/altera/12.0sp2/nios2eds/bin/gnu/h-i686-mingw32/bin/../lib/gcc/nios2-elf/4.1.2/../../../../nios2-elf/lib\libc.a(lib_a-memset.o)
 .data          0x00818cf4        0x0 c:/altera/12.0sp2/nios2eds/bin/gnu/h-i686-mingw32/bin/../lib/gcc/nios2-elf/4.1.2/../../../../nios2-elf/lib\libc.a(lib_a-mprec.o)
 .data          0x00818cf4        0x0 c:/altera/12.0sp2/nios2eds/bin/gnu/h-i686-mingw32/bin/../lib/gcc/nios2-elf/4.1.2/../../../../nios2-elf/lib\libc.a(lib_a-reallocr.o)
 .data          0x00818cf4        0x0 c:/altera/12.0sp2/nios2eds/bin/gnu/h-i686-mingw32/bin/../lib/gcc/nios2-elf/4.1.2/../../../../nios2-elf/lib\libc.a(lib_a-s_isinfd.o)
 .data          0x00818cf4        0x0 c:/altera/12.0sp2/nios2eds/bin/gnu/h-i686-mingw32/bin/../lib/gcc/nios2-elf/4.1.2/../../../../nios2-elf/lib\libc.a(lib_a-s_isnand.o)
 .data          0x00818cf4        0x0 c:/altera/12.0sp2/nios2eds/bin/gnu/h-i686-mingw32/bin/../lib/gcc/nios2-elf/4.1.2/../../../../nios2-elf/lib\libc.a(lib_a-stdio.o)
 .data          0x00818cf4        0x0 c:/altera/12.0sp2/nios2eds/bin/gnu/h-i686-mingw32/bin/../lib/gcc/nios2-elf/4.1.2/../../../../nios2-elf/lib\libc.a(lib_a-strcmp.o)
 .data          0x00818cf4        0x0 c:/altera/12.0sp2/nios2eds/bin/gnu/h-i686-mingw32/bin/../lib/gcc/nios2-elf/4.1.2/../../../../nios2-elf/lib\libc.a(lib_a-writer.o)
 .data          0x00818cf4        0x0 c:/altera/12.0sp2/nios2eds/bin/gnu/h-i686-mingw32/bin/../lib/gcc/nios2-elf/4.1.2/../../../../nios2-elf/lib\libc.a(lib_a-callocr.o)
 .data          0x00818cf4        0x0 c:/altera/12.0sp2/nios2eds/bin/gnu/h-i686-mingw32/bin/../lib/gcc/nios2-elf/4.1.2/../../../../nios2-elf/lib\libc.a(lib_a-closer.o)
 .data          0x00818cf4        0x0 c:/altera/12.0sp2/nios2eds/bin/gnu/h-i686-mingw32/bin/../lib/gcc/nios2-elf/4.1.2/../../../../nios2-elf/lib\libc.a(lib_a-fclose.o)
 .data          0x00818cf4        0x0 c:/altera/12.0sp2/nios2eds/bin/gnu/h-i686-mingw32/bin/../lib/gcc/nios2-elf/4.1.2/../../../../nios2-elf/lib\libc.a(lib_a-fstatr.o)
 .data          0x00818cf4        0x0 c:/altera/12.0sp2/nios2eds/bin/gnu/h-i686-mingw32/bin/../lib/gcc/nios2-elf/4.1.2/../../../../nios2-elf/lib\libc.a(lib_a-isattyr.o)
 .data          0x00818cf4        0x0 c:/altera/12.0sp2/nios2eds/bin/gnu/h-i686-mingw32/bin/../lib/gcc/nios2-elf/4.1.2/../../../../nios2-elf/lib\libc.a(lib_a-lseekr.o)
 .data          0x00818cf4        0x0 c:/altera/12.0sp2/nios2eds/bin/gnu/h-i686-mingw32/bin/../lib/gcc/nios2-elf/4.1.2/../../../../nios2-elf/lib\libc.a(lib_a-readr.o)
 .data          0x00818cf4        0x0 c:/altera/12.0sp2/nios2eds/bin/gnu/h-i686-mingw32/bin/../lib/gcc/nios2-elf/4.1.2\libgcc.a(_udivdi3.o)
 .data          0x00818cf4        0x0 c:/altera/12.0sp2/nios2eds/bin/gnu/h-i686-mingw32/bin/../lib/gcc/nios2-elf/4.1.2\libgcc.a(_umoddi3.o)
 .data          0x00818cf4        0x0 c:/altera/12.0sp2/nios2eds/bin/gnu/h-i686-mingw32/bin/../lib/gcc/nios2-elf/4.1.2\libgcc.a(_ne_df.o)
 .data          0x00818cf4        0x0 c:/altera/12.0sp2/nios2eds/bin/gnu/h-i686-mingw32/bin/../lib/gcc/nios2-elf/4.1.2\libgcc.a(_lt_df.o)
 .data          0x00818cf4        0x0 c:/altera/12.0sp2/nios2eds/bin/gnu/h-i686-mingw32/bin/../lib/gcc/nios2-elf/4.1.2\libgcc.a(_usi_to_df.o)
 .data          0x00818cf4        0x0 ../LaserSharknado_bsp\libhal_bsp.a(alt_close.o)
 .data          0x00818cf4      0x1a8 ../LaserSharknado_bsp\libhal_bsp.a(alt_dev.o)
                0x00818cf4                alt_dev_null
                0x00818d1c                alt_fd_list
 .data          0x00818e9c        0x0 ../LaserSharknado_bsp\libhal_bsp.a(alt_errno.o)
 .data          0x00818e9c        0x0 ../LaserSharknado_bsp\libhal_bsp.a(alt_fstat.o)
 .data          0x00818e9c        0x0 ../LaserSharknado_bsp\libhal_bsp.a(alt_irq_register.o)
 .data          0x00818e9c        0x0 ../LaserSharknado_bsp\libhal_bsp.a(alt_irq_vars.o)
 .data          0x00818e9c        0x0 ../LaserSharknado_bsp\libhal_bsp.a(alt_isatty.o)
 .data          0x00818e9c        0x0 ../LaserSharknado_bsp\libhal_bsp.a(alt_load.o)
 .data          0x00818e9c        0x0 ../LaserSharknado_bsp\libhal_bsp.a(alt_lseek.o)
 .data          0x00818e9c        0x0 ../LaserSharknado_bsp\libhal_bsp.a(alt_main.o)
 .data          0x00818e9c        0x0 ../LaserSharknado_bsp\libhal_bsp.a(alt_malloc_lock.o)
 .data          0x00818e9c        0x0 ../LaserSharknado_bsp\libhal_bsp.a(alt_read.o)
 .data          0x00818e9c        0x0 ../LaserSharknado_bsp\libhal_bsp.a(alt_release_fd.o)
 .data          0x00818e9c        0x0 ../LaserSharknado_bsp\libhal_bsp.a(alt_sbrk.o)
 .data          0x00818e9c        0x0 ../LaserSharknado_bsp\libhal_bsp.a(alt_tick.o)
 .data          0x00818e9c        0x0 ../LaserSharknado_bsp\libhal_bsp.a(alt_usleep.o)
 .data          0x00818e9c        0x0 ../LaserSharknado_bsp\libhal_bsp.a(alt_write.o)
 .data          0x00818e9c     0x11b4 ../LaserSharknado_bsp\libhal_bsp.a(alt_sys_init.o)
 .data          0x0081a050        0x0 ../LaserSharknado_bsp\libhal_bsp.a(altera_avalon_jtag_uart_fd.o)
 .data          0x0081a050        0x0 ../LaserSharknado_bsp\libhal_bsp.a(altera_avalon_jtag_uart_init.o)
 .data          0x0081a050        0x0 ../LaserSharknado_bsp\libhal_bsp.a(altera_avalon_jtag_uart_ioctl.o)
 .data          0x0081a050        0x0 ../LaserSharknado_bsp\libhal_bsp.a(altera_avalon_jtag_uart_read.o)
 .data          0x0081a050        0x0 ../LaserSharknado_bsp\libhal_bsp.a(altera_avalon_jtag_uart_write.o)
 .data          0x0081a050        0x0 ../LaserSharknado_bsp\libhal_bsp.a(altera_avalon_timer_sc.o)
 .data          0x0081a050        0x0 ../LaserSharknado_bsp\libhal_bsp.a(altera_avalon_timer_ts.o)
 .data          0x0081a050        0x0 ../LaserSharknado_bsp\libhal_bsp.a(altera_avalon_timer_vars.o)
 .data          0x0081a050        0x0 ../LaserSharknado_bsp\libhal_bsp.a(altera_up_avalon_audio.o)
 .data          0x0081a050        0x0 ../LaserSharknado_bsp\libhal_bsp.a(altera_up_avalon_audio_and_video_config.o)
 .data          0x0081a050        0x0 ../LaserSharknado_bsp\libhal_bsp.a(altera_up_avalon_character_lcd.o)
 .data          0x0081a050        0x0 ../LaserSharknado_bsp\libhal_bsp.a(altera_up_avalon_video_character_buffer_with_dma.o)
 .data          0x0081a050        0x0 ../LaserSharknado_bsp\libhal_bsp.a(altera_up_avalon_video_pixel_buffer_dma.o)
 .data          0x0081a050        0x0 ../LaserSharknado_bsp\libhal_bsp.a(altera_up_sd_card_avalon_interface.o)
 .data          0x0081a050        0x0 ../LaserSharknado_bsp\libhal_bsp.a(alt_alarm_start.o)
 .data          0x0081a050        0x0 ../LaserSharknado_bsp\libhal_bsp.a(alt_busy_sleep.o)
 .data          0x0081a050        0x0 ../LaserSharknado_bsp\libhal_bsp.a(alt_dcache_flush_all.o)
 .data          0x0081a050        0x0 ../LaserSharknado_bsp\libhal_bsp.a(alt_dev_llist_insert.o)
 .data          0x0081a050        0x0 ../LaserSharknado_bsp\libhal_bsp.a(alt_do_ctors.o)
 .data          0x0081a050        0x0 ../LaserSharknado_bsp\libhal_bsp.a(alt_do_dtors.o)
 .data          0x0081a050        0x0 ../LaserSharknado_bsp\libhal_bsp.a(alt_find_dev.o)
 .data          0x0081a050        0x0 ../LaserSharknado_bsp\libhal_bsp.a(alt_icache_flush_all.o)
 .data          0x0081a050        0x0 ../LaserSharknado_bsp\libhal_bsp.a(alt_io_redirect.o)
 .data          0x0081a050        0x0 ../LaserSharknado_bsp\libhal_bsp.a(alt_irq_entry.o)
 .data          0x0081a050        0x0 ../LaserSharknado_bsp\libhal_bsp.a(alt_irq_handler.o)
 .data          0x0081a050        0x0 ../LaserSharknado_bsp\libhal_bsp.a(alt_open.o)
 .data          0x0081a050        0x0 ../LaserSharknado_bsp\libhal_bsp.a(altera_nios2_qsys_irq.o)
 .data          0x0081a050        0x0 ../LaserSharknado_bsp\libhal_bsp.a(alt_exception_entry.o)
 .data          0x0081a050        0x0 ../LaserSharknado_bsp\libhal_bsp.a(alt_find_file.o)
 .data          0x0081a050        0x0 ../LaserSharknado_bsp\libhal_bsp.a(alt_get_fd.o)
 .data          0x0081a050        0x0 ../LaserSharknado_bsp\libhal_bsp.a(alt_icache_flush.o)
 .data          0x0081a050        0x0 c:/altera/12.0sp2/nios2eds/bin/gnu/h-i686-mingw32/bin/../lib/gcc/nios2-elf/4.1.2/../../../../nios2-elf/lib\libc.a(lib_a-atexit.o)
 .data          0x0081a050        0x0 c:/altera/12.0sp2/nios2eds/bin/gnu/h-i686-mingw32/bin/../lib/gcc/nios2-elf/4.1.2/../../../../nios2-elf/lib\libc.a(lib_a-exit.o)
 .data          0x0081a050        0x0 c:/altera/12.0sp2/nios2eds/bin/gnu/h-i686-mingw32/bin/../lib/gcc/nios2-elf/4.1.2/../../../../nios2-elf/lib\libc.a(lib_a-memcmp.o)
 .data          0x0081a050        0x0 c:/altera/12.0sp2/nios2eds/bin/gnu/h-i686-mingw32/bin/../lib/gcc/nios2-elf/4.1.2/../../../../nios2-elf/lib\libc.a(lib_a-__atexit.o)
 .data          0x0081a050        0x0 c:/altera/12.0sp2/nios2eds/bin/gnu/h-i686-mingw32/bin/../lib/gcc/nios2-elf/4.1.2/../../../../nios2-elf/lib\libc.a(lib_a-__call_atexit.o)
 .data          0x0081a050        0x0 ../LaserSharknado_bsp\libhal_bsp.a(alt_exit.o)
                0x00822050                _gp = ABSOLUTE ((. + 0x8000))
                0x00822050                PROVIDE (gp, _gp)
 *(.rwdata .rwdata.*)
 *(.sdata .sdata.* .gnu.linkonce.s.*)
 .sdata         0x0081a050        0xc obj/default/audio.o
                0x0081a050                CONFIG_NAME
                0x0081a054                AUDIO_NAME
                0x0081a058                toneLength
 .sdata         0x0081a05c        0x8 c:/altera/12.0sp2/nios2eds/bin/gnu/h-i686-mingw32/bin/../lib/gcc/nios2-elf/4.1.2/../../../../nios2-elf/lib\libc.a(lib_a-mallocr.o)
                0x0081a05c                __malloc_trim_threshold
                0x0081a060                __malloc_sbrk_base
 .sdata         0x0081a064        0x8 c:/altera/12.0sp2/nios2eds/bin/gnu/h-i686-mingw32/bin/../lib/gcc/nios2-elf/4.1.2/../../../../nios2-elf/lib\libc.a(lib_a-impure.o)
                0x0081a064                _impure_ptr
                0x0081a068                _global_impure_ptr
 .sdata         0x0081a06c        0x8 c:/altera/12.0sp2/nios2eds/bin/gnu/h-i686-mingw32/bin/../lib/gcc/nios2-elf/4.1.2/../../../../nios2-elf/lib\libc.a(lib_a-locale.o)
                0x0081a06c                __mb_cur_max
 .sdata         0x0081a074       0x14 ../LaserSharknado_bsp\libhal_bsp.a(alt_dev.o)
                0x0081a074                alt_fs_list
                0x0081a07c                alt_dev_list
                0x0081a084                alt_max_fd
 .sdata         0x0081a088        0x4 ../LaserSharknado_bsp\libhal_bsp.a(alt_errno.o)
                0x0081a088                alt_errno
 .sdata         0x0081a08c        0x4 ../LaserSharknado_bsp\libhal_bsp.a(alt_irq_vars.o)
                0x0081a08c                alt_priority_mask
 .sdata         0x0081a090        0x4 ../LaserSharknado_bsp\libhal_bsp.a(alt_sbrk.o)
 .sdata         0x0081a094        0x8 ../LaserSharknado_bsp\libhal_bsp.a(alt_tick.o)
                0x0081a094                alt_alarm_list
 *(.sdata2 .sdata2.* .gnu.linkonce.s2.*)
                0x0081a09c                . = ALIGN (0x4)
                0x0081a09c                _edata = ABSOLUTE (.)
                0x0081a09c                PROVIDE (edata, ABSOLUTE (.))
                0x0081a09c                PROVIDE (__ram_rwdata_end, ABSOLUTE (.))
                0x0081a09c                PROVIDE (__flash_rwdata_start, LOADADDR (.rwdata))

.bss            0x0081bc58      0xa9c
                0x0081bc58                __bss_start = ABSOLUTE (.)
                0x0081bc58                PROVIDE (__sbss_start, ABSOLUTE (.))
                0x0081bc58                PROVIDE (___sbss_start, ABSOLUTE (.))
 *(.dynsbss)
 *(.sbss .sbss.* .gnu.linkonce.sb.*)
 .sbss          0x0081bc58        0xc obj/default/audio.o
                0x0081bc58                audio
                0x0081bc5c                config
                0x0081bc60                DEBUG
 .sbss          0x0081bc64       0x18 obj/default/audio.o
                0x0081bc64                laserFileWordLength
                0x0081bc68                laserBufferLength
                0x0081bc6c                sdDev
                0x0081bc70                somethingForIrq
                0x0081bc74                laserCursor
                0x0081bc78                laserBuffer
 .sbss          0x0081bc7c        0xc c:/altera/12.0sp2/nios2eds/bin/gnu/h-i686-mingw32/bin/../lib/gcc/nios2-elf/4.1.2/../../../../nios2-elf/lib\libc.a(lib_a-mallocr.o)
                0x0081bc7c                __malloc_top_pad
                0x0081bc80                __malloc_max_sbrked_mem
                0x0081bc84                __malloc_max_total_mem
 .sbss          0x0081bc88        0x4 c:/altera/12.0sp2/nios2eds/bin/gnu/h-i686-mingw32/bin/../lib/gcc/nios2-elf/4.1.2/../../../../nios2-elf/lib\libc.a(lib_a-int_errno.o)
                0x0081bc88                errno
 .sbss          0x0081bc8c        0xc c:/altera/12.0sp2/nios2eds/bin/gnu/h-i686-mingw32/bin/../lib/gcc/nios2-elf/4.1.2/../../../../nios2-elf/lib\libc.a(lib_a-locale.o)
                0x0081bc8c                __nlocale_changed
                0x0081bc90                __mlocale_changed
                0x0081bc94                _PathLocale
 .sbss          0x0081bc98        0x4 ../LaserSharknado_bsp\libhal_bsp.a(alt_irq_vars.o)
                0x0081bc98                alt_irq_active
 .sbss          0x0081bc9c        0xc ../LaserSharknado_bsp\libhal_bsp.a(alt_main.o)
                0x0081bc9c                alt_argc
                0x0081bca0                alt_argv
                0x0081bca4                alt_envp
 .sbss          0x0081bca8        0x8 ../LaserSharknado_bsp\libhal_bsp.a(alt_tick.o)
                0x0081bca8                _alt_tick_rate
                0x0081bcac                _alt_nticks
 .sbss          0x0081bcb0        0x8 ../LaserSharknado_bsp\libhal_bsp.a(altera_avalon_timer_vars.o)
                0x0081bcb0                altera_avalon_timer_ts_base
                0x0081bcb4                altera_avalon_timer_ts_freq
 .sbss          0x0081bcb8       0x34 ../LaserSharknado_bsp\libhal_bsp.a(altera_up_sd_card_avalon_interface.o)
                0x0081bcb8                initialized
                0x0081bcbc                is_sd_card_formated_as_FAT16
                0x0081bcc0                aux_status_register
                0x0081bcc4                status_register
                0x0081bcc8                CSD_register_w0
                0x0081bccc                command_register
                0x0081bcd0                command_argument_register
                0x0081bcd4                buffer_memory
                0x0081bcd8                fat_partition_offset_in_512_byte_sectors
                0x0081bcdc                fat_partition_size_in_512_byte_sectors
                0x0081bce0                device_pointer
                0x0081bce4                current_sector_modified
                0x0081bce8                current_sector_index
 *(.sbss2 .sbss2.* .gnu.linkonce.sb2.*)
 *(.scommon)
                0x0081bcec                PROVIDE (__sbss_end, ABSOLUTE (.))
                0x0081bcec                PROVIDE (___sbss_end, ABSOLUTE (.))
 *(.dynbss)
 *(.bss .bss.* .gnu.linkonce.b.*)
 .bss           0x0081bcec        0x0 ../LaserSharknado_bsp/obj/HAL/src/crt0.o
 .bss           0x0081bcec        0x0 obj/default/audio.o
 .bss           0x0081bcec        0x0 obj/default/audio_up_hack.o
 .bss           0x0081bcec        0x0 obj/default/hello_world.o
 .bss           0x0081bcec        0x0 obj/default/player.o
 .bss           0x0081bcec        0x0 obj/default/sd_card.o
 .bss           0x0081bcec        0x0 obj/default/timer.o
 .bss           0x0081bcec        0x0 obj/default/vga.o
 .bss           0x0081bcec        0x0 c:/altera/12.0sp2/nios2eds/bin/gnu/h-i686-mingw32/bin/../lib/gcc/nios2-elf/4.1.2/../../../../nios2-elf/lib\libm.a(lib_a-s_sin.o)
 .bss           0x0081bcec        0x0 c:/altera/12.0sp2/nios2eds/bin/gnu/h-i686-mingw32/bin/../lib/gcc/nios2-elf/4.1.2/../../../../nios2-elf/lib\libm.a(lib_a-e_rem_pio2.o)
 .bss           0x0081bcec        0x0 c:/altera/12.0sp2/nios2eds/bin/gnu/h-i686-mingw32/bin/../lib/gcc/nios2-elf/4.1.2/../../../../nios2-elf/lib\libm.a(lib_a-k_cos.o)
 .bss           0x0081bcec        0x0 c:/altera/12.0sp2/nios2eds/bin/gnu/h-i686-mingw32/bin/../lib/gcc/nios2-elf/4.1.2/../../../../nios2-elf/lib\libm.a(lib_a-k_rem_pio2.o)
 .bss           0x0081bcec        0x0 c:/altera/12.0sp2/nios2eds/bin/gnu/h-i686-mingw32/bin/../lib/gcc/nios2-elf/4.1.2/../../../../nios2-elf/lib\libm.a(lib_a-k_sin.o)
 .bss           0x0081bcec        0x0 c:/altera/12.0sp2/nios2eds/bin/gnu/h-i686-mingw32/bin/../lib/gcc/nios2-elf/4.1.2/../../../../nios2-elf/lib\libm.a(lib_a-s_fabs.o)
 .bss           0x0081bcec        0x0 c:/altera/12.0sp2/nios2eds/bin/gnu/h-i686-mingw32/bin/../lib/gcc/nios2-elf/4.1.2/../../../../nios2-elf/lib\libm.a(lib_a-s_floor.o)
 .bss           0x0081bcec        0x0 c:/altera/12.0sp2/nios2eds/bin/gnu/h-i686-mingw32/bin/../lib/gcc/nios2-elf/4.1.2/../../../../nios2-elf/lib\libm.a(lib_a-s_scalbn.o)
 .bss           0x0081bcec        0x0 c:/altera/12.0sp2/nios2eds/bin/gnu/h-i686-mingw32/bin/../lib/gcc/nios2-elf/4.1.2/../../../../nios2-elf/lib\libm.a(lib_a-s_copysign.o)
 .bss           0x0081bcec        0x0 c:/altera/12.0sp2/nios2eds/bin/gnu/h-i686-mingw32/bin/../lib/gcc/nios2-elf/4.1.2\libgcc.a(_fixunsdfsi.o)
 .bss           0x0081bcec        0x0 c:/altera/12.0sp2/nios2eds/bin/gnu/h-i686-mingw32/bin/../lib/gcc/nios2-elf/4.1.2\libgcc.a(_div_sf.o)
 .bss           0x0081bcec        0x0 c:/altera/12.0sp2/nios2eds/bin/gnu/h-i686-mingw32/bin/../lib/gcc/nios2-elf/4.1.2\libgcc.a(_si_to_sf.o)
 .bss           0x0081bcec        0x0 c:/altera/12.0sp2/nios2eds/bin/gnu/h-i686-mingw32/bin/../lib/gcc/nios2-elf/4.1.2\libgcc.a(_sf_to_df.o)
 .bss           0x0081bcec        0x0 c:/altera/12.0sp2/nios2eds/bin/gnu/h-i686-mingw32/bin/../lib/gcc/nios2-elf/4.1.2\libgcc.a(_thenan_sf.o)
 .bss           0x0081bcec        0x0 c:/altera/12.0sp2/nios2eds/bin/gnu/h-i686-mingw32/bin/../lib/gcc/nios2-elf/4.1.2\libgcc.a(_addsub_df.o)
 .bss           0x0081bcec        0x0 c:/altera/12.0sp2/nios2eds/bin/gnu/h-i686-mingw32/bin/../lib/gcc/nios2-elf/4.1.2\libgcc.a(_mul_df.o)
 .bss           0x0081bcec        0x0 c:/altera/12.0sp2/nios2eds/bin/gnu/h-i686-mingw32/bin/../lib/gcc/nios2-elf/4.1.2\libgcc.a(_div_df.o)
 .bss           0x0081bcec        0x0 c:/altera/12.0sp2/nios2eds/bin/gnu/h-i686-mingw32/bin/../lib/gcc/nios2-elf/4.1.2\libgcc.a(_eq_df.o)
 .bss           0x0081bcec        0x0 c:/altera/12.0sp2/nios2eds/bin/gnu/h-i686-mingw32/bin/../lib/gcc/nios2-elf/4.1.2\libgcc.a(_gt_df.o)
 .bss           0x0081bcec        0x0 c:/altera/12.0sp2/nios2eds/bin/gnu/h-i686-mingw32/bin/../lib/gcc/nios2-elf/4.1.2\libgcc.a(_ge_df.o)
 .bss           0x0081bcec        0x0 c:/altera/12.0sp2/nios2eds/bin/gnu/h-i686-mingw32/bin/../lib/gcc/nios2-elf/4.1.2\libgcc.a(_si_to_df.o)
 .bss           0x0081bcec        0x0 c:/altera/12.0sp2/nios2eds/bin/gnu/h-i686-mingw32/bin/../lib/gcc/nios2-elf/4.1.2\libgcc.a(_df_to_si.o)
 .bss           0x0081bcec        0x0 c:/altera/12.0sp2/nios2eds/bin/gnu/h-i686-mingw32/bin/../lib/gcc/nios2-elf/4.1.2\libgcc.a(_make_df.o)
 .bss           0x0081bcec        0x0 c:/altera/12.0sp2/nios2eds/bin/gnu/h-i686-mingw32/bin/../lib/gcc/nios2-elf/4.1.2\libgcc.a(_thenan_df.o)
 .bss           0x0081bcec        0x0 c:/altera/12.0sp2/nios2eds/bin/gnu/h-i686-mingw32/bin/../lib/gcc/nios2-elf/4.1.2\libgcc.a(lib2-divmod.o)
 .bss           0x0081bcec        0x0 c:/altera/12.0sp2/nios2eds/bin/gnu/h-i686-mingw32/bin/../lib/gcc/nios2-elf/4.1.2\libgcc.a(_muldi3.o)
 .bss           0x0081bcec        0x0 c:/altera/12.0sp2/nios2eds/bin/gnu/h-i686-mingw32/bin/../lib/gcc/nios2-elf/4.1.2\libgcc.a(_clzsi2.o)
 .bss           0x0081bcec        0x0 c:/altera/12.0sp2/nios2eds/bin/gnu/h-i686-mingw32/bin/../lib/gcc/nios2-elf/4.1.2\libgcc.a(_pack_sf.o)
 .bss           0x0081bcec        0x0 c:/altera/12.0sp2/nios2eds/bin/gnu/h-i686-mingw32/bin/../lib/gcc/nios2-elf/4.1.2\libgcc.a(_unpack_sf.o)
 .bss           0x0081bcec        0x0 c:/altera/12.0sp2/nios2eds/bin/gnu/h-i686-mingw32/bin/../lib/gcc/nios2-elf/4.1.2\libgcc.a(_pack_df.o)
 .bss           0x0081bcec        0x0 c:/altera/12.0sp2/nios2eds/bin/gnu/h-i686-mingw32/bin/../lib/gcc/nios2-elf/4.1.2\libgcc.a(_unpack_df.o)
 .bss           0x0081bcec        0x0 c:/altera/12.0sp2/nios2eds/bin/gnu/h-i686-mingw32/bin/../lib/gcc/nios2-elf/4.1.2\libgcc.a(_fpcmp_parts_df.o)
 .bss           0x0081bcec        0x0 c:/altera/12.0sp2/nios2eds/bin/gnu/h-i686-mingw32/bin/../lib/gcc/nios2-elf/4.1.2\libgcc.a(_clz.o)
 .bss           0x0081bcec        0x0 c:/altera/12.0sp2/nios2eds/bin/gnu/h-i686-mingw32/bin/../lib/gcc/nios2-elf/4.1.2/../../../../nios2-elf/lib\libc.a(lib_a-malloc.o)
 .bss           0x0081bcec       0x28 c:/altera/12.0sp2/nios2eds/bin/gnu/h-i686-mingw32/bin/../lib/gcc/nios2-elf/4.1.2/../../../../nios2-elf/lib\libc.a(lib_a-mallocr.o)
                0x0081bcec                __malloc_current_mallinfo
 .bss           0x0081bd14        0x0 c:/altera/12.0sp2/nios2eds/bin/gnu/h-i686-mingw32/bin/../lib/gcc/nios2-elf/4.1.2/../../../../nios2-elf/lib\libc.a(lib_a-printf.o)
 .bss           0x0081bd14        0x0 c:/altera/12.0sp2/nios2eds/bin/gnu/h-i686-mingw32/bin/../lib/gcc/nios2-elf/4.1.2/../../../../nios2-elf/lib\libc.a(lib_a-puts.o)
 .bss           0x0081bd14        0x0 c:/altera/12.0sp2/nios2eds/bin/gnu/h-i686-mingw32/bin/../lib/gcc/nios2-elf/4.1.2/../../../../nios2-elf/lib\libc.a(lib_a-sbrkr.o)
 .bss           0x0081bd14        0x0 c:/altera/12.0sp2/nios2eds/bin/gnu/h-i686-mingw32/bin/../lib/gcc/nios2-elf/4.1.2/../../../../nios2-elf/lib\libc.a(lib_a-strlen.o)
 .bss           0x0081bd14        0x0 c:/altera/12.0sp2/nios2eds/bin/gnu/h-i686-mingw32/bin/../lib/gcc/nios2-elf/4.1.2/../../../../nios2-elf/lib\libc.a(lib_a-vfprintf.o)
 .bss           0x0081bd14        0x0 c:/altera/12.0sp2/nios2eds/bin/gnu/h-i686-mingw32/bin/../lib/gcc/nios2-elf/4.1.2/../../../../nios2-elf/lib\libc.a(lib_a-wsetup.o)
 .bss           0x0081bd14        0x0 c:/altera/12.0sp2/nios2eds/bin/gnu/h-i686-mingw32/bin/../lib/gcc/nios2-elf/4.1.2/../../../../nios2-elf/lib\libc.a(lib_a-dtoa.o)
 .bss           0x0081bd14        0x0 c:/altera/12.0sp2/nios2eds/bin/gnu/h-i686-mingw32/bin/../lib/gcc/nios2-elf/4.1.2/../../../../nios2-elf/lib\libc.a(lib_a-fflush.o)
 .bss           0x0081bd14        0x0 c:/altera/12.0sp2/nios2eds/bin/gnu/h-i686-mingw32/bin/../lib/gcc/nios2-elf/4.1.2/../../../../nios2-elf/lib\libc.a(lib_a-findfp.o)
 .bss           0x0081bd14        0x0 c:/altera/12.0sp2/nios2eds/bin/gnu/h-i686-mingw32/bin/../lib/gcc/nios2-elf/4.1.2/../../../../nios2-elf/lib\libc.a(lib_a-freer.o)
 .bss           0x0081bd14        0x0 c:/altera/12.0sp2/nios2eds/bin/gnu/h-i686-mingw32/bin/../lib/gcc/nios2-elf/4.1.2/../../../../nios2-elf/lib\libc.a(lib_a-fvwrite.o)
 .bss           0x0081bd14        0x0 c:/altera/12.0sp2/nios2eds/bin/gnu/h-i686-mingw32/bin/../lib/gcc/nios2-elf/4.1.2/../../../../nios2-elf/lib\libc.a(lib_a-fwalk.o)
 .bss           0x0081bd14        0x0 c:/altera/12.0sp2/nios2eds/bin/gnu/h-i686-mingw32/bin/../lib/gcc/nios2-elf/4.1.2/../../../../nios2-elf/lib\libc.a(lib_a-impure.o)
 .bss           0x0081bd14        0x0 c:/altera/12.0sp2/nios2eds/bin/gnu/h-i686-mingw32/bin/../lib/gcc/nios2-elf/4.1.2/../../../../nios2-elf/lib\libc.a(lib_a-int_errno.o)
 .bss           0x0081bd14        0x0 c:/altera/12.0sp2/nios2eds/bin/gnu/h-i686-mingw32/bin/../lib/gcc/nios2-elf/4.1.2/../../../../nios2-elf/lib\libc.a(lib_a-locale.o)
 .bss           0x0081bd14        0x0 c:/altera/12.0sp2/nios2eds/bin/gnu/h-i686-mingw32/bin/../lib/gcc/nios2-elf/4.1.2/../../../../nios2-elf/lib\libc.a(lib_a-makebuf.o)
 .bss           0x0081bd14        0x0 c:/altera/12.0sp2/nios2eds/bin/gnu/h-i686-mingw32/bin/../lib/gcc/nios2-elf/4.1.2/../../../../nios2-elf/lib\libc.a(lib_a-memchr.o)
 .bss           0x0081bd14        0x0 c:/altera/12.0sp2/nios2eds/bin/gnu/h-i686-mingw32/bin/../lib/gcc/nios2-elf/4.1.2/../../../../nios2-elf/lib\libc.a(lib_a-memcpy.o)
 .bss           0x0081bd14        0x0 c:/altera/12.0sp2/nios2eds/bin/gnu/h-i686-mingw32/bin/../lib/gcc/nios2-elf/4.1.2/../../../../nios2-elf/lib\libc.a(lib_a-memmove.o)
 .bss           0x0081bd14        0x0 c:/altera/12.0sp2/nios2eds/bin/gnu/h-i686-mingw32/bin/../lib/gcc/nios2-elf/4.1.2/../../../../nios2-elf/lib\libc.a(lib_a-memset.o)
 .bss           0x0081bd14        0x0 c:/altera/12.0sp2/nios2eds/bin/gnu/h-i686-mingw32/bin/../lib/gcc/nios2-elf/4.1.2/../../../../nios2-elf/lib\libc.a(lib_a-mprec.o)
 .bss           0x0081bd14        0x0 c:/altera/12.0sp2/nios2eds/bin/gnu/h-i686-mingw32/bin/../lib/gcc/nios2-elf/4.1.2/../../../../nios2-elf/lib\libc.a(lib_a-reallocr.o)
 .bss           0x0081bd14        0x0 c:/altera/12.0sp2/nios2eds/bin/gnu/h-i686-mingw32/bin/../lib/gcc/nios2-elf/4.1.2/../../../../nios2-elf/lib\libc.a(lib_a-s_isinfd.o)
 .bss           0x0081bd14        0x0 c:/altera/12.0sp2/nios2eds/bin/gnu/h-i686-mingw32/bin/../lib/gcc/nios2-elf/4.1.2/../../../../nios2-elf/lib\libc.a(lib_a-s_isnand.o)
 .bss           0x0081bd14        0x0 c:/altera/12.0sp2/nios2eds/bin/gnu/h-i686-mingw32/bin/../lib/gcc/nios2-elf/4.1.2/../../../../nios2-elf/lib\libc.a(lib_a-stdio.o)
 .bss           0x0081bd14        0x0 c:/altera/12.0sp2/nios2eds/bin/gnu/h-i686-mingw32/bin/../lib/gcc/nios2-elf/4.1.2/../../../../nios2-elf/lib\libc.a(lib_a-strcmp.o)
 .bss           0x0081bd14        0x0 c:/altera/12.0sp2/nios2eds/bin/gnu/h-i686-mingw32/bin/../lib/gcc/nios2-elf/4.1.2/../../../../nios2-elf/lib\libc.a(lib_a-writer.o)
 .bss           0x0081bd14        0x0 c:/altera/12.0sp2/nios2eds/bin/gnu/h-i686-mingw32/bin/../lib/gcc/nios2-elf/4.1.2/../../../../nios2-elf/lib\libc.a(lib_a-callocr.o)
 .bss           0x0081bd14        0x0 c:/altera/12.0sp2/nios2eds/bin/gnu/h-i686-mingw32/bin/../lib/gcc/nios2-elf/4.1.2/../../../../nios2-elf/lib\libc.a(lib_a-closer.o)
 .bss           0x0081bd14        0x0 c:/altera/12.0sp2/nios2eds/bin/gnu/h-i686-mingw32/bin/../lib/gcc/nios2-elf/4.1.2/../../../../nios2-elf/lib\libc.a(lib_a-fclose.o)
 .bss           0x0081bd14        0x0 c:/altera/12.0sp2/nios2eds/bin/gnu/h-i686-mingw32/bin/../lib/gcc/nios2-elf/4.1.2/../../../../nios2-elf/lib\libc.a(lib_a-fstatr.o)
 .bss           0x0081bd14        0x0 c:/altera/12.0sp2/nios2eds/bin/gnu/h-i686-mingw32/bin/../lib/gcc/nios2-elf/4.1.2/../../../../nios2-elf/lib\libc.a(lib_a-isattyr.o)
 .bss           0x0081bd14        0x0 c:/altera/12.0sp2/nios2eds/bin/gnu/h-i686-mingw32/bin/../lib/gcc/nios2-elf/4.1.2/../../../../nios2-elf/lib\libc.a(lib_a-lseekr.o)
 .bss           0x0081bd14        0x0 c:/altera/12.0sp2/nios2eds/bin/gnu/h-i686-mingw32/bin/../lib/gcc/nios2-elf/4.1.2/../../../../nios2-elf/lib\libc.a(lib_a-readr.o)
 .bss           0x0081bd14        0x0 c:/altera/12.0sp2/nios2eds/bin/gnu/h-i686-mingw32/bin/../lib/gcc/nios2-elf/4.1.2\libgcc.a(_udivdi3.o)
 .bss           0x0081bd14        0x0 c:/altera/12.0sp2/nios2eds/bin/gnu/h-i686-mingw32/bin/../lib/gcc/nios2-elf/4.1.2\libgcc.a(_umoddi3.o)
 .bss           0x0081bd14        0x0 c:/altera/12.0sp2/nios2eds/bin/gnu/h-i686-mingw32/bin/../lib/gcc/nios2-elf/4.1.2\libgcc.a(_ne_df.o)
 .bss           0x0081bd14        0x0 c:/altera/12.0sp2/nios2eds/bin/gnu/h-i686-mingw32/bin/../lib/gcc/nios2-elf/4.1.2\libgcc.a(_lt_df.o)
 .bss           0x0081bd14        0x0 c:/altera/12.0sp2/nios2eds/bin/gnu/h-i686-mingw32/bin/../lib/gcc/nios2-elf/4.1.2\libgcc.a(_usi_to_df.o)
 .bss           0x0081bd14        0x0 ../LaserSharknado_bsp\libhal_bsp.a(alt_close.o)
 .bss           0x0081bd14        0x0 ../LaserSharknado_bsp\libhal_bsp.a(alt_dev.o)
 .bss           0x0081bd14        0x0 ../LaserSharknado_bsp\libhal_bsp.a(alt_errno.o)
 .bss           0x0081bd14        0x0 ../LaserSharknado_bsp\libhal_bsp.a(alt_fstat.o)
 .bss           0x0081bd14        0x0 ../LaserSharknado_bsp\libhal_bsp.a(alt_irq_register.o)
 .bss           0x0081bd14        0x0 ../LaserSharknado_bsp\libhal_bsp.a(alt_irq_vars.o)
 .bss           0x0081bd14        0x0 ../LaserSharknado_bsp\libhal_bsp.a(alt_isatty.o)
 .bss           0x0081bd14        0x0 ../LaserSharknado_bsp\libhal_bsp.a(alt_load.o)
 .bss           0x0081bd14        0x0 ../LaserSharknado_bsp\libhal_bsp.a(alt_lseek.o)
 .bss           0x0081bd14        0x0 ../LaserSharknado_bsp\libhal_bsp.a(alt_main.o)
 .bss           0x0081bd14        0x0 ../LaserSharknado_bsp\libhal_bsp.a(alt_malloc_lock.o)
 .bss           0x0081bd14        0x0 ../LaserSharknado_bsp\libhal_bsp.a(alt_read.o)
 .bss           0x0081bd14        0x0 ../LaserSharknado_bsp\libhal_bsp.a(alt_release_fd.o)
 .bss           0x0081bd14        0x0 ../LaserSharknado_bsp\libhal_bsp.a(alt_sbrk.o)
 .bss           0x0081bd14        0x0 ../LaserSharknado_bsp\libhal_bsp.a(alt_tick.o)
 .bss           0x0081bd14        0x0 ../LaserSharknado_bsp\libhal_bsp.a(alt_usleep.o)
 .bss           0x0081bd14        0x0 ../LaserSharknado_bsp\libhal_bsp.a(alt_write.o)
 .bss           0x0081bd14        0x0 ../LaserSharknado_bsp\libhal_bsp.a(alt_sys_init.o)
 .bss           0x0081bd14        0x0 ../LaserSharknado_bsp\libhal_bsp.a(altera_avalon_jtag_uart_fd.o)
 .bss           0x0081bd14        0x0 ../LaserSharknado_bsp\libhal_bsp.a(altera_avalon_jtag_uart_init.o)
 .bss           0x0081bd14        0x0 ../LaserSharknado_bsp\libhal_bsp.a(altera_avalon_jtag_uart_ioctl.o)
 .bss           0x0081bd14        0x0 ../LaserSharknado_bsp\libhal_bsp.a(altera_avalon_jtag_uart_read.o)
 .bss           0x0081bd14        0x0 ../LaserSharknado_bsp\libhal_bsp.a(altera_avalon_jtag_uart_write.o)
 .bss           0x0081bd14        0x0 ../LaserSharknado_bsp\libhal_bsp.a(altera_avalon_timer_sc.o)
 .bss           0x0081bd14        0x0 ../LaserSharknado_bsp\libhal_bsp.a(altera_avalon_timer_ts.o)
 .bss           0x0081bd14        0x0 ../LaserSharknado_bsp\libhal_bsp.a(altera_avalon_timer_vars.o)
 .bss           0x0081bd14        0x0 ../LaserSharknado_bsp\libhal_bsp.a(altera_up_avalon_audio.o)
 .bss           0x0081bd14        0x0 ../LaserSharknado_bsp\libhal_bsp.a(altera_up_avalon_audio_and_video_config.o)
 .bss           0x0081bd14        0x0 ../LaserSharknado_bsp\libhal_bsp.a(altera_up_avalon_character_lcd.o)
 .bss           0x0081bd14        0x0 ../LaserSharknado_bsp\libhal_bsp.a(altera_up_avalon_video_character_buffer_with_dma.o)
 .bss           0x0081bd14        0x0 ../LaserSharknado_bsp\libhal_bsp.a(altera_up_avalon_video_pixel_buffer_dma.o)
 .bss           0x0081bd14        0x0 ../LaserSharknado_bsp\libhal_bsp.a(altera_up_sd_card_avalon_interface.o)
 .bss           0x0081bd14        0x0 ../LaserSharknado_bsp\libhal_bsp.a(alt_alarm_start.o)
 .bss           0x0081bd14        0x0 ../LaserSharknado_bsp\libhal_bsp.a(alt_busy_sleep.o)
 .bss           0x0081bd14        0x0 ../LaserSharknado_bsp\libhal_bsp.a(alt_dcache_flush_all.o)
 .bss           0x0081bd14        0x0 ../LaserSharknado_bsp\libhal_bsp.a(alt_dev_llist_insert.o)
 .bss           0x0081bd14        0x0 ../LaserSharknado_bsp\libhal_bsp.a(alt_do_ctors.o)
 .bss           0x0081bd14        0x0 ../LaserSharknado_bsp\libhal_bsp.a(alt_do_dtors.o)
 .bss           0x0081bd14        0x0 ../LaserSharknado_bsp\libhal_bsp.a(alt_find_dev.o)
 .bss           0x0081bd14        0x0 ../LaserSharknado_bsp\libhal_bsp.a(alt_icache_flush_all.o)
 .bss           0x0081bd14        0x0 ../LaserSharknado_bsp\libhal_bsp.a(alt_io_redirect.o)
 .bss           0x0081bd14        0x0 ../LaserSharknado_bsp\libhal_bsp.a(alt_irq_entry.o)
 .bss           0x0081bd14        0x0 ../LaserSharknado_bsp\libhal_bsp.a(alt_irq_handler.o)
 .bss           0x0081bd14        0x0 ../LaserSharknado_bsp\libhal_bsp.a(alt_open.o)
 .bss           0x0081bd14        0x0 ../LaserSharknado_bsp\libhal_bsp.a(altera_nios2_qsys_irq.o)
 .bss           0x0081bd14        0x0 ../LaserSharknado_bsp\libhal_bsp.a(alt_exception_entry.o)
 .bss           0x0081bd14        0x0 ../LaserSharknado_bsp\libhal_bsp.a(alt_find_file.o)
 .bss           0x0081bd14        0x0 ../LaserSharknado_bsp\libhal_bsp.a(alt_get_fd.o)
 .bss           0x0081bd14        0x0 ../LaserSharknado_bsp\libhal_bsp.a(alt_icache_flush.o)
 .bss           0x0081bd14        0x0 c:/altera/12.0sp2/nios2eds/bin/gnu/h-i686-mingw32/bin/../lib/gcc/nios2-elf/4.1.2/../../../../nios2-elf/lib\libc.a(lib_a-atexit.o)
 .bss           0x0081bd14        0x0 c:/altera/12.0sp2/nios2eds/bin/gnu/h-i686-mingw32/bin/../lib/gcc/nios2-elf/4.1.2/../../../../nios2-elf/lib\libc.a(lib_a-exit.o)
 .bss           0x0081bd14        0x0 c:/altera/12.0sp2/nios2eds/bin/gnu/h-i686-mingw32/bin/../lib/gcc/nios2-elf/4.1.2/../../../../nios2-elf/lib\libc.a(lib_a-memcmp.o)
 .bss           0x0081bd14        0x0 c:/altera/12.0sp2/nios2eds/bin/gnu/h-i686-mingw32/bin/../lib/gcc/nios2-elf/4.1.2/../../../../nios2-elf/lib\libc.a(lib_a-__atexit.o)
 .bss           0x0081bd14        0x0 c:/altera/12.0sp2/nios2eds/bin/gnu/h-i686-mingw32/bin/../lib/gcc/nios2-elf/4.1.2/../../../../nios2-elf/lib\libc.a(lib_a-__call_atexit.o)
 .bss           0x0081bd14        0x0 ../LaserSharknado_bsp\libhal_bsp.a(alt_exit.o)
 *(COMMON)
 COMMON         0x0081bd14      0x1e8 obj/default/audio.o
                0x0081bd14                tone
 COMMON         0x0081befc      0x568 ../LaserSharknado_bsp\libhal_bsp.a(altera_up_sd_card_avalon_interface.o)
                0x0081befc                search_data
                0x0081bf10                boot_sector_data
                0x0081bf64                active_files
 COMMON         0x0081c464      0x100 ../LaserSharknado_bsp\libhal_bsp.a(alt_irq_handler.o)
                0x0081c464                alt_irq
 COMMON         0x0081c564      0x190 c:/altera/12.0sp2/nios2eds/bin/gnu/h-i686-mingw32/bin/../lib/gcc/nios2-elf/4.1.2/../../../../nios2-elf/lib\libc.a(lib_a-atexit.o)
                0x0081c564                _atexit0
                0x0081c6f4                . = ALIGN (0x4)
                0x0081c6f4                __bss_end = ABSOLUTE (.)

.sdram_0        0x0081c6f4        0x0
                0x0081c6f4                PROVIDE (_alt_partition_sdram_0_start, ABSOLUTE (.))
 *(.sdram_0. sdram_0.*)
                0x0081c6f4                . = ALIGN (0x4)
                0x0081c6f4                PROVIDE (_alt_partition_sdram_0_end, ABSOLUTE (.))
                0x0081c6f4                _end = ABSOLUTE (.)
                0x0081c6f4                end = ABSOLUTE (.)
                0x0081c6f4                __alt_stack_base = ABSOLUTE (.)
                0x0081c6f4                PROVIDE (_alt_partition_sdram_0_load_addr, LOADADDR (.sdram_0))

.stab
 *(.stab)

.stabstr
 *(.stabstr)

.stab.excl
 *(.stab.excl)

.stab.exclstr
 *(.stab.exclstr)

.stab.index
 *(.stab.index)

.stab.indexstr
 *(.stab.indexstr)

.comment        0x00000000       0x26
 *(.comment)
 .comment       0x00000000       0x26 obj/default/audio.o
                                 0x27 (size before relaxing)
 .comment       0x00000000       0x27 obj/default/audio_up_hack.o
 .comment       0x00000000       0x27 obj/default/hello_world.o
 .comment       0x00000000       0x27 obj/default/player.o
 .comment       0x00000000       0x27 obj/default/sd_card.o
 .comment       0x00000000       0x27 obj/default/timer.o
 .comment       0x00000000       0x27 obj/default/vga.o
 .comment       0x00000000       0x27 c:/altera/12.0sp2/nios2eds/bin/gnu/h-i686-mingw32/bin/../lib/gcc/nios2-elf/4.1.2/../../../../nios2-elf/lib\libm.a(lib_a-s_sin.o)
 .comment       0x00000000       0x27 c:/altera/12.0sp2/nios2eds/bin/gnu/h-i686-mingw32/bin/../lib/gcc/nios2-elf/4.1.2/../../../../nios2-elf/lib\libm.a(lib_a-e_rem_pio2.o)
 .comment       0x00000000       0x27 c:/altera/12.0sp2/nios2eds/bin/gnu/h-i686-mingw32/bin/../lib/gcc/nios2-elf/4.1.2/../../../../nios2-elf/lib\libm.a(lib_a-k_cos.o)
 .comment       0x00000000       0x27 c:/altera/12.0sp2/nios2eds/bin/gnu/h-i686-mingw32/bin/../lib/gcc/nios2-elf/4.1.2/../../../../nios2-elf/lib\libm.a(lib_a-k_rem_pio2.o)
 .comment       0x00000000       0x27 c:/altera/12.0sp2/nios2eds/bin/gnu/h-i686-mingw32/bin/../lib/gcc/nios2-elf/4.1.2/../../../../nios2-elf/lib\libm.a(lib_a-k_sin.o)
 .comment       0x00000000       0x27 c:/altera/12.0sp2/nios2eds/bin/gnu/h-i686-mingw32/bin/../lib/gcc/nios2-elf/4.1.2/../../../../nios2-elf/lib\libm.a(lib_a-s_fabs.o)
 .comment       0x00000000       0x27 c:/altera/12.0sp2/nios2eds/bin/gnu/h-i686-mingw32/bin/../lib/gcc/nios2-elf/4.1.2/../../../../nios2-elf/lib\libm.a(lib_a-s_floor.o)
 .comment       0x00000000       0x27 c:/altera/12.0sp2/nios2eds/bin/gnu/h-i686-mingw32/bin/../lib/gcc/nios2-elf/4.1.2/../../../../nios2-elf/lib\libm.a(lib_a-s_scalbn.o)
 .comment       0x00000000       0x27 c:/altera/12.0sp2/nios2eds/bin/gnu/h-i686-mingw32/bin/../lib/gcc/nios2-elf/4.1.2/../../../../nios2-elf/lib\libm.a(lib_a-s_copysign.o)
 .comment       0x00000000       0x27 c:/altera/12.0sp2/nios2eds/bin/gnu/h-i686-mingw32/bin/../lib/gcc/nios2-elf/4.1.2\libgcc.a(_fixunsdfsi.o)
 .comment       0x00000000       0x27 c:/altera/12.0sp2/nios2eds/bin/gnu/h-i686-mingw32/bin/../lib/gcc/nios2-elf/4.1.2\libgcc.a(_div_sf.o)
 .comment       0x00000000       0x27 c:/altera/12.0sp2/nios2eds/bin/gnu/h-i686-mingw32/bin/../lib/gcc/nios2-elf/4.1.2\libgcc.a(_si_to_sf.o)
 .comment       0x00000000       0x27 c:/altera/12.0sp2/nios2eds/bin/gnu/h-i686-mingw32/bin/../lib/gcc/nios2-elf/4.1.2\libgcc.a(_sf_to_df.o)
 .comment       0x00000000       0x27 c:/altera/12.0sp2/nios2eds/bin/gnu/h-i686-mingw32/bin/../lib/gcc/nios2-elf/4.1.2\libgcc.a(_thenan_sf.o)
 .comment       0x00000000       0x27 c:/altera/12.0sp2/nios2eds/bin/gnu/h-i686-mingw32/bin/../lib/gcc/nios2-elf/4.1.2\libgcc.a(_addsub_df.o)
 .comment       0x00000000       0x27 c:/altera/12.0sp2/nios2eds/bin/gnu/h-i686-mingw32/bin/../lib/gcc/nios2-elf/4.1.2\libgcc.a(_mul_df.o)
 .comment       0x00000000       0x27 c:/altera/12.0sp2/nios2eds/bin/gnu/h-i686-mingw32/bin/../lib/gcc/nios2-elf/4.1.2\libgcc.a(_div_df.o)
 .comment       0x00000000       0x27 c:/altera/12.0sp2/nios2eds/bin/gnu/h-i686-mingw32/bin/../lib/gcc/nios2-elf/4.1.2\libgcc.a(_eq_df.o)
 .comment       0x00000000       0x27 c:/altera/12.0sp2/nios2eds/bin/gnu/h-i686-mingw32/bin/../lib/gcc/nios2-elf/4.1.2\libgcc.a(_gt_df.o)
 .comment       0x00000000       0x27 c:/altera/12.0sp2/nios2eds/bin/gnu/h-i686-mingw32/bin/../lib/gcc/nios2-elf/4.1.2\libgcc.a(_ge_df.o)
 .comment       0x00000000       0x27 c:/altera/12.0sp2/nios2eds/bin/gnu/h-i686-mingw32/bin/../lib/gcc/nios2-elf/4.1.2\libgcc.a(_si_to_df.o)
 .comment       0x00000000       0x27 c:/altera/12.0sp2/nios2eds/bin/gnu/h-i686-mingw32/bin/../lib/gcc/nios2-elf/4.1.2\libgcc.a(_df_to_si.o)
 .comment       0x00000000       0x27 c:/altera/12.0sp2/nios2eds/bin/gnu/h-i686-mingw32/bin/../lib/gcc/nios2-elf/4.1.2\libgcc.a(_make_df.o)
 .comment       0x00000000       0x27 c:/altera/12.0sp2/nios2eds/bin/gnu/h-i686-mingw32/bin/../lib/gcc/nios2-elf/4.1.2\libgcc.a(_thenan_df.o)