Archive member included because of file (symbol)

c:/altera/12.0sp2/nios2eds/bin/gnu/h-i686-mingw32/bin/../lib/gcc/nios2-elf/4.1.2\libgcc.a(_div_sf.o)
                              obj/default/Excercises/excercise2.o (__divsf3)
c:/altera/12.0sp2/nios2eds/bin/gnu/h-i686-mingw32/bin/../lib/gcc/nios2-elf/4.1.2\libgcc.a(_si_to_sf.o)
                              obj/default/Excercises/excercise2.o (__floatsisf)
c:/altera/12.0sp2/nios2eds/bin/gnu/h-i686-mingw32/bin/../lib/gcc/nios2-elf/4.1.2\libgcc.a(_sf_to_df.o)
                              obj/default/Excercises/excercise2.o (__extendsfdf2)
c:/altera/12.0sp2/nios2eds/bin/gnu/h-i686-mingw32/bin/../lib/gcc/nios2-elf/4.1.2\libgcc.a(_thenan_sf.o)
                              c:/altera/12.0sp2/nios2eds/bin/gnu/h-i686-mingw32/bin/../lib/gcc/nios2-elf/4.1.2\libgcc.a(_div_sf.o) (__thenan_sf)
c:/altera/12.0sp2/nios2eds/bin/gnu/h-i686-mingw32/bin/../lib/gcc/nios2-elf/4.1.2\libgcc.a(_usi_to_sf.o)
                              obj/default/Excercises/excercise2.o (__floatunsisf)
c:/altera/12.0sp2/nios2eds/bin/gnu/h-i686-mingw32/bin/../lib/gcc/nios2-elf/4.1.2\libgcc.a(_make_df.o)
                              c:/altera/12.0sp2/nios2eds/bin/gnu/h-i686-mingw32/bin/../lib/gcc/nios2-elf/4.1.2\libgcc.a(_sf_to_df.o) (__make_dp)
c:/altera/12.0sp2/nios2eds/bin/gnu/h-i686-mingw32/bin/../lib/gcc/nios2-elf/4.1.2\libgcc.a(_clzsi2.o)
                              c:/altera/12.0sp2/nios2eds/bin/gnu/h-i686-mingw32/bin/../lib/gcc/nios2-elf/4.1.2\libgcc.a(_si_to_sf.o) (__clzsi2)
c:/altera/12.0sp2/nios2eds/bin/gnu/h-i686-mingw32/bin/../lib/gcc/nios2-elf/4.1.2\libgcc.a(_pack_sf.o)
                              c:/altera/12.0sp2/nios2eds/bin/gnu/h-i686-mingw32/bin/../lib/gcc/nios2-elf/4.1.2\libgcc.a(_div_sf.o) (__pack_f)
c:/altera/12.0sp2/nios2eds/bin/gnu/h-i686-mingw32/bin/../lib/gcc/nios2-elf/4.1.2\libgcc.a(_unpack_sf.o)
                              c:/altera/12.0sp2/nios2eds/bin/gnu/h-i686-mingw32/bin/../lib/gcc/nios2-elf/4.1.2\libgcc.a(_div_sf.o) (__unpack_f)
c:/altera/12.0sp2/nios2eds/bin/gnu/h-i686-mingw32/bin/../lib/gcc/nios2-elf/4.1.2\libgcc.a(_pack_df.o)
                              c:/altera/12.0sp2/nios2eds/bin/gnu/h-i686-mingw32/bin/../lib/gcc/nios2-elf/4.1.2\libgcc.a(_make_df.o) (__pack_d)
c:/altera/12.0sp2/nios2eds/bin/gnu/h-i686-mingw32/bin/../lib/gcc/nios2-elf/4.1.2\libgcc.a(_clz.o)
                              c:/altera/12.0sp2/nios2eds/bin/gnu/h-i686-mingw32/bin/../lib/gcc/nios2-elf/4.1.2\libgcc.a(_clzsi2.o) (__clz_tab)
c:/altera/12.0sp2/nios2eds/bin/gnu/h-i686-mingw32/bin/../lib/gcc/nios2-elf/4.1.2/../../../../nios2-elf/lib\libc.a(lib_a-printf.o)
                              obj/default/Excercises/excercise2.o (printf)
c:/altera/12.0sp2/nios2eds/bin/gnu/h-i686-mingw32/bin/../lib/gcc/nios2-elf/4.1.2/../../../../nios2-elf/lib\libc.a(lib_a-puts.o)
                              obj/default/hello_world.o (puts)
c:/altera/12.0sp2/nios2eds/bin/gnu/h-i686-mingw32/bin/../lib/gcc/nios2-elf/4.1.2/../../../../nios2-elf/lib\libc.a(lib_a-strlen.o)
                              c:/altera/12.0sp2/nios2eds/bin/gnu/h-i686-mingw32/bin/../lib/gcc/nios2-elf/4.1.2/../../../../nios2-elf/lib\libc.a(lib_a-puts.o) (strlen)
c:/altera/12.0sp2/nios2eds/bin/gnu/h-i686-mingw32/bin/../lib/gcc/nios2-elf/4.1.2/../../../../nios2-elf/lib\libc.a(lib_a-vfprintf.o)
                              c:/altera/12.0sp2/nios2eds/bin/gnu/h-i686-mingw32/bin/../lib/gcc/nios2-elf/4.1.2/../../../../nios2-elf/lib\libc.a(lib_a-printf.o) (___vfprintf_internal_r)
c:/altera/12.0sp2/nios2eds/bin/gnu/h-i686-mingw32/bin/../lib/gcc/nios2-elf/4.1.2/../../../../nios2-elf/lib\libc.a(lib_a-wsetup.o)
                              c:/altera/12.0sp2/nios2eds/bin/gnu/h-i686-mingw32/bin/../lib/gcc/nios2-elf/4.1.2/../../../../nios2-elf/lib\libc.a(lib_a-vfprintf.o) (__swsetup_r)
c:/altera/12.0sp2/nios2eds/bin/gnu/h-i686-mingw32/bin/../lib/gcc/nios2-elf/4.1.2/../../../../nios2-elf/lib\libc.a(lib_a-dtoa.o)
                              c:/altera/12.0sp2/nios2eds/bin/gnu/h-i686-mingw32/bin/../lib/gcc/nios2-elf/4.1.2/../../../../nios2-elf/lib\libc.a(lib_a-vfprintf.o) (_dtoa_r)
c:/altera/12.0sp2/nios2eds/bin/gnu/h-i686-mingw32/bin/../lib/gcc/nios2-elf/4.1.2/../../../../nios2-elf/lib\libc.a(lib_a-fflush.o)
                              c:/altera/12.0sp2/nios2eds/bin/gnu/h-i686-mingw32/bin/../lib/gcc/nios2-elf/4.1.2/../../../../nios2-elf/lib\libc.a(lib_a-vfprintf.o) (_fflush_r)
c:/altera/12.0sp2/nios2eds/bin/gnu/h-i686-mingw32/bin/../lib/gcc/nios2-elf/4.1.2/../../../../nios2-elf/lib\libc.a(lib_a-findfp.o)
                              c:/altera/12.0sp2/nios2eds/bin/gnu/h-i686-mingw32/bin/../lib/gcc/nios2-elf/4.1.2/../../../../nios2-elf/lib\libc.a(lib_a-vfprintf.o) (__sinit)
c:/altera/12.0sp2/nios2eds/bin/gnu/h-i686-mingw32/bin/../lib/gcc/nios2-elf/4.1.2/../../../../nios2-elf/lib\libc.a(lib_a-freer.o)
[...]
Memory Configuration

Name             Origin             Length             Attributes
reset            0x00800000         0x00000020
sdram_0          0x00800020         0x007fffe0
*default*        0x00000000         0xffffffff

Linker script and memory map

LOAD C:\Users\Gord\Documents\repos\LaserSharknado\LaserSharknado_bsp/obj/HAL/src/crt0.o
LOAD obj/default/Excercises/excercise2.o
LOAD obj/default/hello_world.o
LOAD obj/default/timer.o
LOAD c:/altera/12.0sp2/nios2eds/bin/gnu/h-i686-mingw32/bin/../lib/gcc/nios2-elf/4.1.2/../../../../nios2-elf/lib\libstdc++.a
LOAD c:/altera/12.0sp2/nios2eds/bin/gnu/h-i686-mingw32/bin/../lib/gcc/nios2-elf/4.1.2/../../../../nios2-elf/lib\libm.a
LOAD c:/altera/12.0sp2/nios2eds/bin/gnu/h-i686-mingw32/bin/../lib/gcc/nios2-elf/4.1.2\libgcc.a
START GROUP
LOAD c:/altera/12.0sp2/nios2eds/bin/gnu/h-i686-mingw32/bin/../lib/gcc/nios2-elf/4.1.2/../../../../nios2-elf/lib\libc.a
LOAD c:/altera/12.0sp2/nios2eds/bin/gnu/h-i686-mingw32/bin/../lib/gcc/nios2-elf/4.1.2\libgcc.a
LOAD C:\Users\Gord\Documents\repos\LaserSharknado\LaserSharknado_bsp\libhal_bsp.a
END GROUP
LOAD c:/altera/12.0sp2/nios2eds/bin/gnu/h-i686-mingw32/bin/../lib/gcc/nios2-elf/4.1.2\libgcc.a
                0x00800000                __alt_mem_sdram_0 = 0x800000

.entry          0x00800000       0x20
 *(.entry)
 .entry         0x00800000       0x20 C:\Users\Gord\Documents\repos\LaserSharknado\LaserSharknado_bsp/obj/HAL/src/crt0.o
                0x00800000                __reset

.exceptions     0x00800020      0x194
                0x00800020                PROVIDE (__ram_exceptions_start, ABSOLUTE (.))
                0x00800020                . = ALIGN (0x20)
 *(.irq)
 *(.exceptions.entry.label)
 .exceptions.entry.label
                0x00800020        0x0 C:\Users\Gord\Documents\repos\LaserSharknado\LaserSharknado_bsp\libhal_bsp.a(alt_irq_entry.o)
                0x00800020                alt_irq_entry
 .exceptions.entry.label
                0x00800020        0x0 C:\Users\Gord\Documents\repos\LaserSharknado\LaserSharknado_bsp\libhal_bsp.a(alt_exception_entry.o)
                0x00800020                alt_exception
 *(.exceptions.entry.user)
 *(.exceptions.entry)
 .exceptions.entry
                0x00800020       0x54 C:\Users\Gord\Documents\repos\LaserSharknado\LaserSharknado_bsp\libhal_bsp.a(alt_exception_entry.o)
 *(.exceptions.irqtest.user)
 *(.exceptions.irqtest)
 .exceptions.irqtest
                0x00800074       0x10 C:\Users\Gord\Documents\repos\LaserSharknado\LaserSharknado_bsp\libhal_bsp.a(alt_irq_entry.o)
 *(.exceptions.irqhandler.user)
 *(.exceptions.irqhandler)
 .exceptions.irqhandler
                0x00800084        0x4 C:\Users\Gord\Documents\repos\LaserSharknado\LaserSharknado_bsp\libhal_bsp.a(alt_irq_entry.o)
 *(.exceptions.irqreturn.user)
 *(.exceptions.irqreturn)
 .exceptions.irqreturn
                0x00800088        0x4 C:\Users\Gord\Documents\repos\LaserSharknado\LaserSharknado_bsp\libhal_bsp.a(alt_irq_entry.o)
 *(.exceptions.notirq.label)
 .exceptions.notirq.label
                0x0080008c        0x0 C:\Users\Gord\Documents\repos\LaserSharknado\LaserSharknado_bsp\libhal_bsp.a(alt_irq_entry.o)
 *(.exceptions.notirq.user)
 *(.exceptions.notirq)
 .exceptions.notirq
                0x0080008c        0x8 C:\Users\Gord\Documents\repos\LaserSharknado\LaserSharknado_bsp\libhal_bsp.a(alt_exception_entry.o)
 *(.exceptions.soft.user)
 *(.exceptions.soft)
 *(.exceptions.unknown.user)
 *(.exceptions.unknown)
 .exceptions.unknown
                0x00800094        0x4 C:\Users\Gord\Documents\repos\LaserSharknado\LaserSharknado_bsp\libhal_bsp.a(alt_exception_entry.o)
 *(.exceptions.exit.label)
 .exceptions.exit.label
                0x00800098        0x0 C:\Users\Gord\Documents\repos\LaserSharknado\LaserSharknado_bsp\libhal_bsp.a(alt_irq_entry.o)
 .exceptions.exit.label
                0x00800098        0x0 C:\Users\Gord\Documents\repos\LaserSharknado\LaserSharknado_bsp\libhal_bsp.a(alt_exception_entry.o)
 *(.exceptions.exit.user)
 *(.exceptions.exit)
 .exceptions.exit
                0x00800098       0x54 C:\Users\Gord\Documents\repos\LaserSharknado\LaserSharknado_bsp\libhal_bsp.a(alt_exception_entry.o)
 *(.exceptions)
 .exceptions    0x008000ec       0xc8 C:\Users\Gord\Documents\repos\LaserSharknado\LaserSharknado_bsp\libhal_bsp.a(alt_irq_handler.o)
                0x008000ec                alt_irq_handler
                0x008001b4                PROVIDE (__ram_exceptions_end, ABSOLUTE (.))
                0x00800020                PROVIDE (__flash_exceptions_start, LOADADDR (.exceptions))

.text           0x008001b4     0xd9d0
                0x008001b4                PROVIDE (stext, ABSOLUTE (.))
 *(.interp)
 *(.hash)
 *(.dynsym)
 *(.dynstr)
 *(.gnu.version)
 *(.gnu.version_d)
 *(.gnu.version_r)
 *(.rel.init)
 *(.rela.init)
 *(.rel.text .rel.text.* .rel.gnu.linkonce.t.*)
 *(.rela.text .rela.text.* .rela.gnu.linkonce.t.*)
 *(.rel.fini)
 *(.rela.fini)
 *(.rel.rodata .rel.rodata.* .rel.gnu.linkonce.r.*)
 *(.rela.rodata .rela.rodata.* .rela.gnu.linkonce.r.*)
 *(.rel.data .rel.data.* .rel.gnu.linkonce.d.*)
 *(.rela.data .rela.data.* .rela.gnu.linkonce.d.*)
 *(.rel.tdata .rel.tdata.* .rel.gnu.linkonce.td.*)
 *(.rela.tdata .rela.tdata.* .rela.gnu.linkonce.td.*)
 *(.rel.tbss .rel.tbss.* .rel.gnu.linkonce.tb.*)
 *(.rela.tbss .rela.tbss.* .rela.gnu.linkonce.tb.*)
 *(.rel.ctors)
 *(.rela.ctors)
 *(.rel.dtors)
 *(.rela.dtors)
 *(.rel.got)
 *(.rela.got)
 *(.rel.sdata .rel.sdata.* .rel.gnu.linkonce.s.*)
 *(.rela.sdata .rela.sdata.* .rela.gnu.linkonce.s.*)
 *(.rel.sbss .rel.sbss.* .rel.gnu.linkonce.sb.*)
 *(.rela.sbss .rela.sbss.* .rela.gnu.linkonce.sb.*)
 *(.rel.sdata2 .rel.sdata2.* .rel.gnu.linkonce.s2.*)
 *(.rela.sdata2 .rela.sdata2.* .rela.gnu.linkonce.s2.*)
 *(.rel.sbss2 .rel.sbss2.* .rel.gnu.linkonce.sb2.*)
 *(.rela.sbss2 .rela.sbss2.* .rela.gnu.linkonce.sb2.*)
 *(.rel.bss .rel.bss.* .rel.gnu.linkonce.b.*)
 *(.rela.bss .rela.bss.* .rela.gnu.linkonce.b.*)
 *(.rel.plt)
 *(.rela.plt)
 *(.rel.dyn)
 *(.init)
 *(.plt)
 *(.text .stub .text.* .gnu.linkonce.t.*)
 .text          0x008001b4       0x4c C:\Users\Gord\Documents\repos\LaserSharknado\LaserSharknado_bsp/obj/HAL/src/crt0.o
                0x008001b4                _start
 .text          0x00800200      0x528 obj/default/Excercises/excercise2.o
                0x00800200                setupMatrixA
                0x00800294                setupMatrixB
                0x0080032c                matrixMultiply
                0x008005ac                timeMatrixMultiply
 .text          0x00800728       0xe8 obj/default/hello_world.o
                0x00800728                main
 .text          0x00800810      0x360 obj/default/timer.o
                0x00800810                timer_test
                0x00800aa0                setHardwareTimerPeriod
                0x00800ae8                isHardwareTimerRunning
                0x00800b1c                hasHardwareTimerExpired
                0x00800b44                startHardwareTimer
 .text          0x00800b70      0x174 c:/altera/12.0sp2/nios2eds/bin/gnu/h-i686-mingw32/bin/../lib/gcc/nios2-elf/4.1.2\libgcc.a(_div_sf.o)
                0x00800b70                __divsf3
 .text          0x00800ce4       0x98 c:/altera/12.0sp2/nios2eds/bin/gnu/h-i686-mingw32/bin/../lib/gcc/nios2-elf/4.1.2\libgcc.a(_si_to_sf.o)
                0x00800ce4                __floatsisf
 .text          0x00800d7c       0x54 c:/altera/12.0sp2/nios2eds/bin/gnu/h-i686-mingw32/bin/../lib/gcc/nios2-elf/4.1.2\libgcc.a(_sf_to_df.o)
                0x00800d7c                __extendsfdf2
 .text          0x00800dd0        0x0 c:/altera/12.0sp2/nios2eds/bin/gnu/h-i686-mingw32/bin/../lib/gcc/nios2-elf/4.1.2\libgcc.a(_thenan_sf.o)
 .text          0x00800dd0       0xc0 c:/altera/12.0sp2/nios2eds/bin/gnu/h-i686-mingw32/bin/../lib/gcc/nios2-elf/4.1.2\libgcc.a(_usi_to_sf.o)
                0x00800dd0                __floatunsisf
 .text          0x00800e90       0x38 c:/altera/12.0sp2/nios2eds/bin/gnu/h-i686-mingw32/bin/../lib/gcc/nios2-elf/4.1.2\libgcc.a(_make_df.o)
                0x00800e90                __make_dp
 .text          0x00800ec8       0x80 c:/altera/12.0sp2/nios2eds/bin/gnu/h-i686-mingw32/bin/../lib/gcc/nios2-elf/4.1.2\libgcc.a(_clzsi2.o)
                0x00800ec8                __clzsi2
 .text          0x00800f48      0x160 c:/altera/12.0sp2/nios2eds/bin/gnu/h-i686-mingw32/bin/../lib/gcc/nios2-elf/4.1.2\libgcc.a(_pack_sf.o)
                0x00800f48                __pack_f
 .text          0x008010a8       0xc8 c:/altera/12.0sp2/nios2eds/bin/gnu/h-i686-mingw32/bin/../lib/gcc/nios2-elf/4.1.2\libgcc.a(_unpack_sf.o)
                0x008010a8                __unpack_f
 .text          0x00801170      0x314 c:/altera/12.0sp2/nios2eds/bin/gnu/h-i686-mingw32/bin/../lib/gcc/nios2-elf/4.1.2\libgcc.a(_pack_df.o)
                0x00801170                __pack_d
 .text          0x00801484        0x0 c:/altera/12.0sp2/nios2eds/bin/gnu/h-i686-mingw32/bin/../lib/gcc/nios2-elf/4.1.2\libgcc.a(_clz.o)
 .text          0x00801484       0x78 c:/altera/12.0sp2/nios2eds/bin/gnu/h-i686-mingw32/bin/../lib/gcc/nios2-elf/4.1.2/../../../../nios2-elf/lib\libc.a(lib_a-printf.o)
                0x00801484                printf
                0x008014c8                _printf_r
 .text          0x008014fc       0xb4 c:/altera/12.0sp2/nios2eds/bin/gnu/h-i686-mingw32/bin/../lib/gcc/nios2-elf/4.1.2/../../../../nios2-elf/lib\libc.a(lib_a-puts.o)
                0x008014fc                _puts_r
                0x0080159c                puts
 .text          0x008015b0       0x74 c:/altera/12.0sp2/nios2eds/bin/gnu/h-i686-mingw32/bin/../lib/gcc/nios2-elf/4.1.2/../../../../nios2-elf/lib\libc.a(lib_a-strlen.o)
                0x008015b0                strlen
 .text          0x00801624     0x1f28 c:/altera/12.0sp2/nios2eds/bin/gnu/h-i686-mingw32/bin/../lib/gcc/nios2-elf/4.1.2/../../../../nios2-elf/lib\libc.a(lib_a-vfprintf.o)
                0x0080167c                ___vfprintf_internal_r
                0x00803528                __vfprintf_internal
 .text          0x0080354c      0x13c c:/altera/12.0sp2/nios2eds/bin/gnu/h-i686-mingw32/bin/../lib/gcc/nios2-elf/4.1.2/../../../../nios2-elf/lib\libc.a(lib_a-wsetup.o)
                0x0080354c                __swsetup_r
 .text          0x00803688     0x17cc c:/altera/12.0sp2/nios2eds/bin/gnu/h-i686-mingw32/bin/../lib/gcc/nios2-elf/4.1.2/../../../../nios2-elf/lib\libc.a(lib_a-dtoa.o)
                0x008038a0                _dtoa_r
 .text          0x00804e54      0x230 c:/altera/12.0sp2/nios2eds/bin/gnu/h-i686-mingw32/bin/../lib/gcc/nios2-elf/4.1.2/../../../../nios2-elf/lib\libc.a(lib_a-fflush.o)
                0x00804e54                _fflush_r
                0x00805050                fflush
 .text          0x00805084      0x2c0 c:/altera/12.0sp2/nios2eds/bin/gnu/h-i686-mingw32/bin/../lib/gcc/nios2-elf/4.1.2/../../../../nios2-elf/lib\libc.a(lib_a-findfp.o)
                0x008050dc                __sfp_lock_acquire
                0x008050e0                __sfp_lock_release
                0x008050e4                __sinit_lock_acquire
                0x008050e8                __sinit_lock_release
                0x008050ec                __sinit
                0x008051a0                __fp_unlock_all
                0x008051b8                __fp_lock_all
                0x008051d0                _cleanup_r
                0x008051dc                _cleanup
                0x008051ec                __sfmoreglue
                0x00805254                __sfp
 .text          0x00805344      0x440 c:/altera/12.0sp2/nios2eds/bin/gnu/h-i686-mingw32/bin/../lib/gcc/nios2-elf/4.1.2/../../../../nios2-elf/lib\libc.a(lib_a-freer.o)
                0x00805344                _malloc_trim_r
                0x00805470                _free_r
 .text          0x00805784      0x49c c:/altera/12.0sp2/nios2eds/bin/gnu/h-i686-mingw32/bin/../lib/gcc/nios2-elf/4.1.2/../../../../nios2-elf/lib\libc.a(lib_a-fvwrite.o)
                0x00805784                __sfvwrite_r
 .text          0x00805c20      0x180 c:/altera/12.0sp2/nios2eds/bin/gnu/h-i686-mingw32/bin/../lib/gcc/nios2-elf/4.1.2/../../../../nios2-elf/lib\libc.a(lib_a-fwalk.o)
                0x00805c20                _fwalk_reent
                0x00805ce8                _fwalk
 .text          0x00805da0        0x0 c:/altera/12.0sp2/nios2eds/bin/gnu/h-i686-mingw32/bin/../lib/gcc/nios2-elf/4.1.2/../../../../nios2-elf/lib\libc.a(lib_a-impure.o)
 .text          0x00805da0       0xc4 c:/altera/12.0sp2/nios2eds/bin/gnu/h-i686-mingw32/bin/../lib/gcc/nios2-elf/4.1.2/../../../../nios2-elf/lib\libc.a(lib_a-locale.o)
                0x00805da0                __locale_charset
                0x00805da8                _localeconv_r
                0x00805db4                localeconv
                0x00805dc4                _setlocale_r
                0x00805e48                setlocale
 .text          0x00805e64      0x194 c:/altera/12.0sp2/nios2eds/bin/gnu/h-i686-mingw32/bin/../lib/gcc/nios2-elf/4.1.2/../../../../nios2-elf/lib\libc.a(lib_a-makebuf.o)
                0x00805e64                __smakebuf_r
 .text          0x00805ff8      0x740 c:/altera/12.0sp2/nios2eds/bin/gnu/h-i686-mingw32/bin/../lib/gcc/nios2-elf/4.1.2/../../../../nios2-elf/lib\libc.a(lib_a-mallocr.o)
                0x00805ff8                _malloc_r
 .text          0x00806738       0xe4 c:/altera/12.0sp2/nios2eds/bin/gnu/h-i686-mingw32/bin/../lib/gcc/nios2-elf/4.1.2/../../../../nios2-elf/lib\libc.a(lib_a-memchr.o)
                0x00806738                memchr
 .text          0x0080681c       0xa0 c:/altera/12.0sp2/nios2eds/bin/gnu/h-i686-mingw32/bin/../lib/gcc/nios2-elf/4.1.2/../../../../nios2-elf/lib\libc.a(lib_a-memcpy.o)
                0x0080681c                memcpy
 .text          0x008068bc       0xe0 c:/altera/12.0sp2/nios2eds/bin/gnu/h-i686-mingw32/bin/../lib/gcc/nios2-elf/4.1.2/../../../../nios2-elf/lib\libc.a(lib_a-memmove.o)
                0x008068bc                memmove
 .text          0x0080699c       0x98 c:/altera/12.0sp2/nios2eds/bin/gnu/h-i686-mingw32/bin/../lib/gcc/nios2-elf/4.1.2/../../../../nios2-elf/lib\libc.a(lib_a-memset.o)
                0x0080699c                memset
 .text          0x00806a34      0xff4 c:/altera/12.0sp2/nios2eds/bin/gnu/h-i686-mingw32/bin/../lib/gcc/nios2-elf/4.1.2/../../../../nios2-elf/lib\libc.a(lib_a-mprec.o)
                0x00806a34                _Bfree
                0x00806a5c                __hi0bits
                0x00806acc                __lo0bits
                0x00806b90                __mcmp
                0x00806bf0                __ulp
                0x00806c70                __b2d
                0x00806d90                __ratio
                0x00806e40                _mprec_log10
                0x00806ed4                __copybits
                0x00806f2c                __any_on
                0x00806fb4                _Balloc
                0x00807070                __d2b
                0x008071ec                __mdiff
                0x00807378                __lshift
                0x008074c4                __multiply
                0x008076ac                __i2b
                0x008076e8                __multadd
                0x008077e8                __pow5mult
                0x00807908                __s2b
 .text          0x00807a28      0x5f4 c:/altera/12.0sp2/nios2eds/bin/gnu/h-i686-mingw32/bin/../lib/gcc/nios2-elf/4.1.2/../../../../nios2-elf/lib\libc.a(lib_a-reallocr.o)
                0x00807a28                _realloc_r
 .text          0x0080801c       0x40 c:/altera/12.0sp2/nios2eds/bin/gnu/h-i686-mingw32/bin/../lib/gcc/nios2-elf/4.1.2/../../../../nios2-elf/lib\libc.a(lib_a-s_isinfd.o)
                0x0080801c                __isinfd
 .text          0x0080805c       0x30 c:/altera/12.0sp2/nios2eds/bin/gnu/h-i686-mingw32/bin/../lib/gcc/nios2-elf/4.1.2/../../../../nios2-elf/lib\libc.a(lib_a-s_isnand.o)
                0x0080805c                __isnand
 .text          0x0080808c       0x70 c:/altera/12.0sp2/nios2eds/bin/gnu/h-i686-mingw32/bin/../lib/gcc/nios2-elf/4.1.2/../../../../nios2-elf/lib\libc.a(lib_a-sbrkr.o)
                0x0080808c                _sbrk_r
 .text          0x008080fc      0x14c c:/altera/12.0sp2/nios2eds/bin/gnu/h-i686-mingw32/bin/../lib/gcc/nios2-elf/4.1.2/../../../../nios2-elf/lib\libc.a(lib_a-stdio.o)
                0x008080fc                __sclose
                0x00808104                __sseek
                0x0080816c                __swrite
                0x008081e8                __sread
 .text          0x00808248       0xbc c:/altera/12.0sp2/nios2eds/bin/gnu/h-i686-mingw32/bin/../lib/gcc/nios2-elf/4.1.2/../../../../nios2-elf/lib\libc.a(lib_a-strcmp.o)
                0x00808248                strcmp
 .text          0x00808304       0x78 c:/altera/12.0sp2/nios2eds/bin/gnu/h-i686-mingw32/bin/../lib/gcc/nios2-elf/4.1.2/../../../../nios2-elf/lib\libc.a(lib_a-writer.o)
                0x00808304                _write_r
 .text          0x0080837c       0xb4 c:/altera/12.0sp2/nios2eds/bin/gnu/h-i686-mingw32/bin/../lib/gcc/nios2-elf/4.1.2/../../../../nios2-elf/lib\libc.a(lib_a-callocr.o)
                0x0080837c                _calloc_r
 .text          0x00808430       0x70 c:/altera/12.0sp2/nios2eds/bin/gnu/h-i686-mingw32/bin/../lib/gcc/nios2-elf/4.1.2/../../../../nios2-elf/lib\libc.a(lib_a-closer.o)
                0x00808430                _close_r
 .text          0x008084a0      0x124 c:/altera/12.0sp2/nios2eds/bin/gnu/h-i686-mingw32/bin/../lib/gcc/nios2-elf/4.1.2/../../../../nios2-elf/lib\libc.a(lib_a-fclose.o)
                0x008084a0                _fclose_r
                0x008085b0                fclose
 .text          0x008085c4       0x74 c:/altera/12.0sp2/nios2eds/bin/gnu/h-i686-mingw32/bin/../lib/gcc/nios2-elf/4.1.2/../../../../nios2-elf/lib\libc.a(lib_a-fstatr.o)
                0x008085c4                _fstat_r
 .text          0x00808638        0x0 c:/altera/12.0sp2/nios2eds/bin/gnu/h-i686-mingw32/bin/../lib/gcc/nios2-elf/4.1.2/../../../../nios2-elf/lib\libc.a(lib_a-int_errno.o)
 .text          0x00808638       0x70 c:/altera/12.0sp2/nios2eds/bin/gnu/h-i686-mingw32/bin/../lib/gcc/nios2-elf/4.1.2/../../../../nios2-elf/lib\libc.a(lib_a-isattyr.o)
                0x00808638                _isatty_r
 .text          0x008086a8       0x78 c:/altera/12.0sp2/nios2eds/bin/gnu/h-i686-mingw32/bin/../lib/gcc/nios2-elf/4.1.2/../../../../nios2-elf/lib\libc.a(lib_a-lseekr.o)
                0x008086a8                _lseek_r
 .text          0x00808720       0x78 c:/altera/12.0sp2/nios2eds/bin/gnu/h-i686-mingw32/bin/../lib/gcc/nios2-elf/4.1.2/../../../../nios2-elf/lib\libc.a(lib_a-readr.o)
                0x00808720                _read_r
 .text          0x00808798      0x5dc c:/altera/12.0sp2/nios2eds/bin/gnu/h-i686-mingw32/bin/../lib/gcc/nios2-elf/4.1.2\libgcc.a(_udivdi3.o)
                0x00808798                __udivdi3
 .text          0x00808d74      0x5b0 c:/altera/12.0sp2/nios2eds/bin/gnu/h-i686-mingw32/bin/../lib/gcc/nios2-elf/4.1.2\libgcc.a(_umoddi3.o)
                0x00808d74                __umoddi3
 .text          0x00809324      0x504 c:/altera/12.0sp2/nios2eds/bin/gnu/h-i686-mingw32/bin/../lib/gcc/nios2-elf/4.1.2\libgcc.a(_addsub_df.o)
                0x00809734                __subdf3
                0x008097b4                __adddf3
 .text          0x00809828      0x3c4 c:/altera/12.0sp2/nios2eds/bin/gnu/h-i686-mingw32/bin/../lib/gcc/nios2-elf/4.1.2\libgcc.a(_mul_df.o)
                0x00809828                __muldf3
 .text          0x00809bec      0x258 c:/altera/12.0sp2/nios2eds/bin/gnu/h-i686-mingw32/bin/../lib/gcc/nios2-elf/4.1.2\libgcc.a(_div_df.o)
                0x00809bec                __divdf3
 .text          0x00809e44       0x88 c:/altera/12.0sp2/nios2eds/bin/gnu/h-i686-mingw32/bin/../lib/gcc/nios2-elf/4.1.2\libgcc.a(_eq_df.o)
                0x00809e44                __eqdf2
 .text          0x00809ecc       0x88 c:/altera/12.0sp2/nios2eds/bin/gnu/h-i686-mingw32/bin/../lib/gcc/nios2-elf/4.1.2\libgcc.a(_ne_df.o)
                0x00809ecc                __nedf2
 .text          0x00809f54       0x88 c:/altera/12.0sp2/nios2eds/bin/gnu/h-i686-mingw32/bin/../lib/gcc/nios2-elf/4.1.2\libgcc.a(_gt_df.o)
                0x00809f54                __gtdf2
 .text          0x00809fdc       0x88 c:/altera/12.0sp2/nios2eds/bin/gnu/h-i686-mingw32/bin/../lib/gcc/nios2-elf/4.1.2\libgcc.a(_ge_df.o)
                0x00809fdc                __gedf2
 .text          0x0080a064       0x88 c:/altera/12.0sp2/nios2eds/bin/gnu/h-i686-mingw32/bin/../lib/gcc/nios2-elf/4.1.2\libgcc.a(_lt_df.o)
                0x0080a064                __ltdf2
 .text          0x0080a0ec       0xf8 c:/altera/12.0sp2/nios2eds/bin/gnu/h-i686-mingw32/bin/../lib/gcc/nios2-elf/4.1.2\libgcc.a(_si_to_df.o)
                0x0080a0ec                __floatsidf
 .text          0x0080a1e4       0xd8 c:/altera/12.0sp2/nios2eds/bin/gnu/h-i686-mingw32/bin/../lib/gcc/nios2-elf/4.1.2\libgcc.a(_df_to_si.o)
                0x0080a1e4                __fixdfsi
 .text          0x0080a2bc        0x0 c:/altera/12.0sp2/nios2eds/bin/gnu/h-i686-mingw32/bin/../lib/gcc/nios2-elf/4.1.2\libgcc.a(_thenan_df.o)
 .text          0x0080a2bc      0x194 c:/altera/12.0sp2/nios2eds/bin/gnu/h-i686-mingw32/bin/../lib/gcc/nios2-elf/4.1.2\libgcc.a(_usi_to_df.o)
                0x0080a2bc                __floatunsidf
 .text          0x0080a450      0x14c c:/altera/12.0sp2/nios2eds/bin/gnu/h-i686-mingw32/bin/../lib/gcc/nios2-elf/4.1.2\libgcc.a(lib2-divmod.o)
                0x0080a4cc                __divsi3
                0x0080a52c                __modsi3
                0x0080a58c                __udivsi3
                0x0080a594                __umodsi3
 .text          0x0080a59c       0x98 c:/altera/12.0sp2/nios2eds/bin/gnu/h-i686-mingw32/bin/../lib/gcc/nios2-elf/4.1.2\libgcc.a(_muldi3.o)
                0x0080a59c                __muldi3
 .text          0x0080a634      0x138 c:/altera/12.0sp2/nios2eds/bin/gnu/h-i686-mingw32/bin/../lib/gcc/nios2-elf/4.1.2\libgcc.a(_unpack_df.o)
                0x0080a634                __unpack_d
 .text          0x0080a76c       0xc8 c:/altera/12.0sp2/nios2eds/bin/gnu/h-i686-mingw32/bin/../lib/gcc/nios2-elf/4.1.2\libgcc.a(_fpcmp_parts_df.o)
                0x0080a76c                __fpcmp_parts_d
 .text          0x0080a834      0x15c C:\Users\Gord\Documents\repos\LaserSharknado\LaserSharknado_bsp\libhal_bsp.a(alt_close.o)
                0x0080a834                close
 .text          0x0080a990       0x2c C:\Users\Gord\Documents\repos\LaserSharknado\LaserSharknado_bsp\libhal_bsp.a(alt_dev.o)
 .text          0x0080a9bc        0x0 C:\Users\Gord\Documents\repos\LaserSharknado\LaserSharknado_bsp\libhal_bsp.a(alt_errno.o)
 .text          0x0080a9bc      0x134 C:\Users\Gord\Documents\repos\LaserSharknado\LaserSharknado_bsp\libhal_bsp.a(alt_fstat.o)
                0x0080a9bc                fstat
 .text          0x0080aaf0      0x120 C:\Users\Gord\Documents\repos\LaserSharknado\LaserSharknado_bsp\libhal_bsp.a(alt_isatty.o)
                0x0080aaf0                isatty
 .text          0x0080ac10       0xec C:\Users\Gord\Documents\repos\LaserSharknado\LaserSharknado_bsp\libhal_bsp.a(alt_load.o)
                0x0080ac10                alt_load
 .text          0x0080acfc      0x150 C:\Users\Gord\Documents\repos\LaserSharknado\LaserSharknado_bsp\libhal_bsp.a(alt_lseek.o)
                0x0080acfc                lseek
 .text          0x0080ae4c       0x6c C:\Users\Gord\Documents\repos\LaserSharknado\LaserSharknado_bsp\libhal_bsp.a(alt_main.o)
                0x0080ae4c                alt_main
 .text          0x0080aeb8       0x40 C:\Users\Gord\Documents\repos\LaserSharknado\LaserSharknado_bsp\libhal_bsp.a(alt_malloc_lock.o)
                0x0080aeb8                __malloc_lock
                0x0080aed8                __malloc_unlock
 .text          0x0080aef8      0x180 C:\Users\Gord\Documents\repos\LaserSharknado\LaserSharknado_bsp\libhal_bsp.a(alt_read.o)
                0x0080aef8                read
 .text          0x0080b078       0x60 C:\Users\Gord\Documents\repos\LaserSharknado\LaserSharknado_bsp\libhal_bsp.a(alt_release_fd.o)
                0x0080b078                alt_release_fd
 .text          0x0080b0d8       0xbc C:\Users\Gord\Documents\repos\LaserSharknado\LaserSharknado_bsp\libhal_bsp.a(alt_sbrk.o)
                0x0080b0d8                sbrk
 .text          0x0080b194      0x1a4 C:\Users\Gord\Documents\repos\LaserSharknado\LaserSharknado_bsp\libhal_bsp.a(alt_tick.o)
                0x0080b194                alt_alarm_stop
                0x0080b22c                alt_tick
 .text          0x0080b338       0x30 C:\Users\Gord\Documents\repos\LaserSharknado\LaserSharknado_bsp\libhal_bsp.a(alt_usleep.o)
                0x0080b338                usleep
 .text          0x0080b368      0x180 C:\Users\Gord\Documents\repos\LaserSharknado\LaserSharknado_bsp\libhal_bsp.a(alt_write.o)
                0x0080b368                write
 .text          0x0080b4e8      0x108 C:\Users\Gord\Documents\repos\LaserSharknado\LaserSharknado_bsp\libhal_bsp.a(alt_sys_init.o)
                0x0080b4e8                alt_irq_init
                0x0080b51c                alt_sys_init
 .text          0x0080b5f0      0x148 C:\Users\Gord\Documents\repos\LaserSharknado\LaserSharknado_bsp\libhal_bsp.a(altera_avalon_jtag_uart_fd.o)
                0x0080b5f0                altera_avalon_jtag_uart_read_fd
                0x0080b648                altera_avalon_jtag_uart_write_fd
                0x0080b6a0                altera_avalon_jtag_uart_close_fd
                0x0080b6e8                altera_avalon_jtag_uart_ioctl_fd
 .text          0x0080b738      0x40c C:\Users\Gord\Documents\repos\LaserSharknado\LaserSharknado_bsp\libhal_bsp.a(altera_avalon_jtag_uart_init.o)
                0x0080b738                altera_avalon_jtag_uart_init
                0x0080bad0                altera_avalon_jtag_uart_close
 .text          0x0080bb44       0xf4 C:\Users\Gord\Documents\repos\LaserSharknado\LaserSharknado_bsp\libhal_bsp.a(altera_avalon_jtag_uart_ioctl.o)
                0x0080bb44                altera_avalon_jtag_uart_ioctl
 .text          0x0080bc38      0x224 C:\Users\Gord\Documents\repos\LaserSharknado\LaserSharknado_bsp\libhal_bsp.a(altera_avalon_jtag_uart_read.o)
                0x0080bc38                altera_avalon_jtag_uart_read
 .text          0x0080be5c      0x240 C:\Users\Gord\Documents\repos\LaserSharknado\LaserSharknado_bsp\libhal_bsp.a(altera_avalon_jtag_uart_write.o)
                0x0080be5c                altera_avalon_jtag_uart_write
 .text          0x0080c09c      0x100 C:\Users\Gord\Documents\repos\LaserSharknado\LaserSharknado_bsp\libhal_bsp.a(altera_avalon_timer_sc.o)
                0x0080c10c                alt_avalon_timer_sc_init
 .text          0x0080c19c      0x168 C:\Users\Gord\Documents\repos\LaserSharknado\LaserSharknado_bsp\libhal_bsp.a(altera_avalon_timer_ts.o)
                0x0080c19c                alt_timestamp_start
                0x0080c240                alt_timestamp
                0x0080c2dc                alt_timestamp_freq
 .text          0x0080c304        0x0 C:\Users\Gord\Documents\repos\LaserSharknado\LaserSharknado_bsp\libhal_bsp.a(altera_avalon_timer_vars.o)
 .text          0x0080c304      0x530 C:\Users\Gord\Documents\repos\LaserSharknado\LaserSharknado_bsp\libhal_bsp.a(altera_up_avalon_character_lcd.o)
                0x0080c304                get_DDRAM_addr
                0x0080c380                alt_up_character_lcd_send_cmd
                0x0080c3b4                alt_up_character_lcd_init
                0x0080c3e8                alt_up_character_lcd_open_dev
                0x0080c428                alt_up_character_lcd_write
                0x0080c4a0                alt_up_character_lcd_string
                0x0080c518                alt_up_character_lcd_write_fd
                0x0080c564                alt_up_character_lcd_set_cursor_pos
                0x0080c5dc                alt_up_character_lcd_shift_cursor
                0x0080c68c                alt_up_character_lcd_shift_display
                0x0080c73c                alt_up_character_lcd_erase_pos
                0x0080c7cc                alt_up_character_lcd_cursor_off
                0x0080c800                alt_up_character_lcd_cursor_blink_on
 .text          0x0080c834      0x154 C:\Users\Gord\Documents\repos\LaserSharknado\LaserSharknado_bsp\libhal_bsp.a(alt_alarm_start.o)
                0x0080c834                alt_alarm_start
 .text          0x0080c988      0x14c C:\Users\Gord\Documents\repos\LaserSharknado\LaserSharknado_bsp\libhal_bsp.a(alt_busy_sleep.o)
                0x0080c988                alt_busy_sleep
 .text          0x0080cad4       0x44 C:\Users\Gord\Documents\repos\LaserSharknado\LaserSharknado_bsp\libhal_bsp.a(alt_dcache_flush_all.o)
                0x0080cad4                alt_dcache_flush_all
 .text          0x0080cb18      0x114 C:\Users\Gord\Documents\repos\LaserSharknado\LaserSharknado_bsp\libhal_bsp.a(alt_dev_llist_insert.o)
                0x0080cb18                alt_dev_llist_insert
 .text          0x0080cc2c       0x64 C:\Users\Gord\Documents\repos\LaserSharknado\LaserSharknado_bsp\libhal_bsp.a(alt_do_ctors.o)
                0x0080cc2c                _do_ctors
 .text          0x0080cc90       0x64 C:\Users\Gord\Documents\repos\LaserSharknado\LaserSharknado_bsp\libhal_bsp.a(alt_do_dtors.o)
                0x0080cc90                _do_dtors
 .text          0x0080ccf4       0x94 C:\Users\Gord\Documents\repos\LaserSharknado\LaserSharknado_bsp\libhal_bsp.a(alt_find_dev.o)
                0x0080ccf4                alt_find_dev
 .text          0x0080cd88       0x30 C:\Users\Gord\Documents\repos\LaserSharknado\LaserSharknado_bsp\libhal_bsp.a(alt_icache_flush_all.o)
                0x0080cd88                alt_icache_flush_all
 .text          0x0080cdb8      0x1d4 C:\Users\Gord\Documents\repos\LaserSharknado\LaserSharknado_bsp\libhal_bsp.a(alt_iic.o)
                0x0080cdb8                alt_ic_isr_register
                0x0080ce08                alt_ic_irq_enable
                0x0080cea4                alt_ic_irq_disable
                0x0080cf44                alt_ic_irq_enabled
 .text          0x0080cf8c       0xf8 C:\Users\Gord\Documents\repos\LaserSharknado\LaserSharknado_bsp\libhal_bsp.a(alt_iic_isr_register.o)
                0x0080cf8c                alt_iic_isr_register
 .text          0x0080d084      0x13c C:\Users\Gord\Documents\repos\LaserSharknado\LaserSharknado_bsp\libhal_bsp.a(alt_io_redirect.o)
                0x0080d148                alt_io_redirect
 .text          0x0080d1c0        0x0 C:\Users\Gord\Documents\repos\LaserSharknado\LaserSharknado_bsp\libhal_bsp.a(alt_irq_entry.o)
 .text          0x0080d1c0        0x0 C:\Users\Gord\Documents\repos\LaserSharknado\LaserSharknado_bsp\libhal_bsp.a(alt_irq_handler.o)
 .text          0x0080d1c0        0x0 C:\Users\Gord\Documents\repos\LaserSharknado\LaserSharknado_bsp\libhal_bsp.a(alt_irq_vars.o)
 .text          0x0080d1c0      0x2c4 C:\Users\Gord\Documents\repos\LaserSharknado\LaserSharknado_bsp\libhal_bsp.a(alt_open.o)
                0x0080d29c                open
 .text          0x0080d484       0x20 C:\Users\Gord\Documents\repos\LaserSharknado\LaserSharknado_bsp\libhal_bsp.a(altera_nios2_qsys_irq.o)
                0x0080d484                altera_nios2_qsys_irq_init
 .text          0x0080d4a4        0x0 C:\Users\Gord\Documents\repos\LaserSharknado\LaserSharknado_bsp\libhal_bsp.a(alt_exception_entry.o)
 .text          0x0080d4a4      0x120 C:\Users\Gord\Documents\repos\LaserSharknado\LaserSharknado_bsp\libhal_bsp.a(alt_find_file.o)
                0x0080d4a4                alt_find_file
 .text          0x0080d5c4       0xb8 C:\Users\Gord\Documents\repos\LaserSharknado\LaserSharknado_bsp\libhal_bsp.a(alt_get_fd.o)
                0x0080d5c4                alt_get_fd
 .text          0x0080d67c       0x90 C:\Users\Gord\Documents\repos\LaserSharknado\LaserSharknado_bsp\libhal_bsp.a(alt_icache_flush.o)
                0x0080d67c                alt_icache_flush
 .text          0x0080d70c       0x14 c:/altera/12.0sp2/nios2eds/bin/gnu/h-i686-mingw32/bin/../lib/gcc/nios2-elf/4.1.2/../../../../nios2-elf/lib\libc.a(lib_a-atexit.o)
                0x0080d70c                atexit
 .text          0x0080d720       0x38 c:/altera/12.0sp2/nios2eds/bin/gnu/h-i686-mingw32/bin/../lib/gcc/nios2-elf/4.1.2/../../../../nios2-elf/lib\libc.a(lib_a-exit.o)
                0x0080d720                exit
 .text          0x0080d758       0x74 c:/altera/12.0sp2/nios2eds/bin/gnu/h-i686-mingw32/bin/../lib/gcc/nios2-elf/4.1.2/../../../../nios2-elf/lib\libc.a(lib_a-memcmp.o)
                0x0080d758                memcmp
 .text          0x0080d7cc      0x134 c:/altera/12.0sp2/nios2eds/bin/gnu/h-i686-mingw32/bin/../lib/gcc/nios2-elf/4.1.2/../../../../nios2-elf/lib\libc.a(lib_a-__atexit.o)
                0x0080d7cc                __register_exitproc
 .text          0x0080d900      0x1b4 c:/altera/12.0sp2/nios2eds/bin/gnu/h-i686-mingw32/bin/../lib/gcc/nios2-elf/4.1.2/../../../../nios2-elf/lib\libc.a(lib_a-__call_atexit.o)
                0x0080d904                __call_exitprocs
 .text          0x0080dab4       0x60 C:\Users\Gord\Documents\repos\LaserSharknado\LaserSharknado_bsp\libhal_bsp.a(alt_exit.o)
                0x0080daf4                _exit
 *(.gnu.warning.*)
 *(.fini)
                0x0080db14                PROVIDE (__etext, ABSOLUTE (.))
                0x0080db14                PROVIDE (_etext, ABSOLUTE (.))
                0x0080db14                PROVIDE (etext, ABSOLUTE (.))
 *(.eh_frame_hdr)
                0x0080db14                . = ALIGN (0x4)
                0x0080db14                PROVIDE (__preinit_array_start, ABSOLUTE (.))
 *(.preinit_array)
                0x0080db14                PROVIDE (__preinit_array_end, ABSOLUTE (.))
                0x0080db14                PROVIDE (__init_array_start, ABSOLUTE (.))
 *(.init_array)
                0x0080db14                PROVIDE (__init_array_end, ABSOLUTE (.))
                0x0080db14                PROVIDE (__fini_array_start, ABSOLUTE (.))
 *(.fini_array)
                0x0080db14                PROVIDE (__fini_array_end, ABSOLUTE (.))
 *(.eh_frame)
 .eh_frame      0x0080db14       0x40 c:/altera/12.0sp2/nios2eds/bin/gnu/h-i686-mingw32/bin/../lib/gcc/nios2-elf/4.1.2\libgcc.a(_udivdi3.o)
 .eh_frame      0x0080db54       0x2c c:/altera/12.0sp2/nios2eds/bin/gnu/h-i686-mingw32/bin/../lib/gcc/nios2-elf/4.1.2\libgcc.a(_umoddi3.o)
                                 0x40 (size before relaxing)
 *(.gcc_except_table)
 *(.dynamic)
                0x0080db80                PROVIDE (__CTOR_LIST__, ABSOLUTE (.))
 *(.ctors)
 *(SORT(.ctors.*))
 .ctors.65535   0x0080db80        0x4 c:/altera/12.0sp2/nios2eds/bin/gnu/h-i686-mingw32/bin/../lib/gcc/nios2-elf/4.1.2/../../../../nios2-elf/lib\libc.a(lib_a-__call_atexit.o)
                0x0080db84                PROVIDE (__CTOR_END__, ABSOLUTE (.))
                0x0080db84                PROVIDE (__DTOR_LIST__, ABSOLUTE (.))
 *(.dtors)
 *(SORT(.dtors.*))
                0x0080db84                PROVIDE (__DTOR_END__, ABSOLUTE (.))
 *(.jcr)
                0x0080db84                . = ALIGN (0x4)

.rodata         0x0080db84      0x618
                0x0080db84                PROVIDE (__ram_rodata_start, ABSOLUTE (.))
                0x0080db84                . = ALIGN (0x4)
 *(.rodata .rodata.* .gnu.linkonce.r.*)
 .rodata        0x0080db84       0x34 obj/default/Excercises/excercise2.o
 .rodata        0x0080dbb8       0x8c obj/default/hello_world.o
 .rodata        0x0080dc44      0x1ec obj/default/timer.o
 .rodata        0x0080de30       0x10 c:/altera/12.0sp2/nios2eds/bin/gnu/h-i686-mingw32/bin/../lib/gcc/nios2-elf/4.1.2\libgcc.a(_thenan_sf.o)
                0x0080de30                __thenan_sf
 .rodata        0x0080de40      0x100 c:/altera/12.0sp2/nios2eds/bin/gnu/h-i686-mingw32/bin/../lib/gcc/nios2-elf/4.1.2\libgcc.a(_clz.o)
                0x0080de40                __clz_tab
 .rodata.str1.4
                0x0080df40        0x2 c:/altera/12.0sp2/nios2eds/bin/gnu/h-i686-mingw32/bin/../lib/gcc/nios2-elf/4.1.2/../../../../nios2-elf/lib\libc.a(lib_a-puts.o)
                                  0x4 (size before relaxing)
 *fill*         0x0080df42        0x2 00
 .rodata.str1.4
                0x0080df44       0x5e c:/altera/12.0sp2/nios2eds/bin/gnu/h-i686-mingw32/bin/../lib/gcc/nios2-elf/4.1.2/../../../../nios2-elf/lib\libc.a(lib_a-vfprintf.o)
                                 0x60 (size before relaxing)
 .rodata        0x0080dfa2       0x20 c:/altera/12.0sp2/nios2eds/bin/gnu/h-i686-mingw32/bin/../lib/gcc/nios2-elf/4.1.2/../../../../nios2-elf/lib\libc.a(lib_a-vfprintf.o)
 *fill*         0x0080dfc2        0x2 00
 .rodata.str1.4
                0x0080dfc4       0x10 c:/altera/12.0sp2/nios2eds/bin/gnu/h-i686-mingw32/bin/../lib/gcc/nios2-elf/4.1.2/../../../../nios2-elf/lib\libc.a(lib_a-dtoa.o)
                                 0x14 (size before relaxing)
 .rodata.str1.4
                0x0080dfd4        0x2 c:/altera/12.0sp2/nios2eds/bin/gnu/h-i686-mingw32/bin/../lib/gcc/nios2-elf/4.1.2/../../../../nios2-elf/lib\libc.a(lib_a-impure.o)
                                  0x4 (size before relaxing)
 *fill*         0x0080dfd6        0x2 00
 .rodata.str1.4
                0x0080dfd8       0x10 c:/altera/12.0sp2/nios2eds/bin/gnu/h-i686-mingw32/bin/../lib/gcc/nios2-elf/4.1.2/../../../../nios2-elf/lib\libc.a(lib_a-locale.o)
                                 0x18 (size before relaxing)
 .rodata        0x0080dfe8       0x30 c:/altera/12.0sp2/nios2eds/bin/gnu/h-i686-mingw32/bin/../lib/gcc/nios2-elf/4.1.2/../../../../nios2-elf/lib\libc.a(lib_a-locale.o)
 .rodata        0x0080e018      0x124 c:/altera/12.0sp2/nios2eds/bin/gnu/h-i686-mingw32/bin/../lib/gcc/nios2-elf/4.1.2/../../../../nios2-elf/lib\libc.a(lib_a-mprec.o)
                0x0080e018                __mprec_tens
                0x0080e0e0                __mprec_bigtens
                0x0080e108                __mprec_tinytens
 .rodata        0x0080e13c       0x14 c:/altera/12.0sp2/nios2eds/bin/gnu/h-i686-mingw32/bin/../lib/gcc/nios2-elf/4.1.2\libgcc.a(_thenan_df.o)
                0x0080e13c                __thenan_df
 .rodata        0x0080e150        0xc C:\Users\Gord\Documents\repos\LaserSharknado\LaserSharknado_bsp\libhal_bsp.a(alt_dev.o)
 .rodata        0x0080e15c       0x14 C:\Users\Gord\Documents\repos\LaserSharknado\LaserSharknado_bsp\libhal_bsp.a(alt_main.o)
 .rodata        0x0080e170       0x2c C:\Users\Gord\Documents\repos\LaserSharknado\LaserSharknado_bsp\libhal_bsp.a(alt_sys_init.o)
 *(.rodata1)
                0x0080e19c                . = ALIGN (0x4)
                0x0080e19c                PROVIDE (__ram_rodata_end, ABSOLUTE (.))
                0x0080db84                PROVIDE (__flash_rodata_start, LOADADDR (.rodata))

.rwdata         0x0080e19c     0x1a88 load address 0x0080fc24
                0x0080e19c                PROVIDE (__ram_rwdata_start, ABSOLUTE (.))
                0x0080e19c                . = ALIGN (0x4)
 *(.got.plt)
 *(.got)
 *(.data1)
 *(.data .data.* .gnu.linkonce.d.*)
 .data          0x0080e19c        0x0 C:\Users\Gord\Documents\repos\LaserSharknado\LaserSharknado_bsp/obj/HAL/src/crt0.o
 .data          0x0080e19c        0x0 obj/default/Excercises/excercise2.o
 .data          0x0080e19c        0x0 obj/default/hello_world.o
 .data          0x0080e19c        0x0 obj/default/timer.o
 .data          0x0080e19c        0x0 c:/altera/12.0sp2/nios2eds/bin/gnu/h-i686-mingw32/bin/../lib/gcc/nios2-elf/4.1.2\libgcc.a(_div_sf.o)
 .data          0x0080e19c        0x0 c:/altera/12.0sp2/nios2eds/bin/gnu/h-i686-mingw32/bin/../lib/gcc/nios2-elf/4.1.2\libgcc.a(_si_to_sf.o)
 .data          0x0080e19c        0x0 c:/altera/12.0sp2/nios2eds/bin/gnu/h-i686-mingw32/bin/../lib/gcc/nios2-elf/4.1.2\libgcc.a(_sf_to_df.o)
 .data          0x0080e19c        0x0 c:/altera/12.0sp2/nios2eds/bin/gnu/h-i686-mingw32/bin/../lib/gcc/nios2-elf/4.1.2\libgcc.a(_thenan_sf.o)
 .data          0x0080e19c        0x0 c:/altera/12.0sp2/nios2eds/bin/gnu/h-i686-mingw32/bin/../lib/gcc/nios2-elf/4.1.2\libgcc.a(_usi_to_sf.o)
 .data          0x0080e19c        0x0 c:/altera/12.0sp2/nios2eds/bin/gnu/h-i686-mingw32/bin/../lib/gcc/nios2-elf/4.1.2\libgcc.a(_make_df.o)
 .data          0x0080e19c        0x0 c:/altera/12.0sp2/nios2eds/bin/gnu/h-i686-mingw32/bin/../lib/gcc/nios2-elf/4.1.2\libgcc.a(_clzsi2.o)
 .data          0x0080e19c        0x0 c:/altera/12.0sp2/nios2eds/bin/gnu/h-i686-mingw32/bin/../lib/gcc/nios2-elf/4.1.2\libgcc.a(_pack_sf.o)
 .data          0x0080e19c        0x0 c:/altera/12.0sp2/nios2eds/bin/gnu/h-i686-mingw32/bin/../lib/gcc/nios2-elf/4.1.2\libgcc.a(_unpack_sf.o)
 .data          0x0080e19c        0x0 c:/altera/12.0sp2/nios2eds/bin/gnu/h-i686-mingw32/bin/../lib/gcc/nios2-elf/4.1.2\libgcc.a(_pack_df.o)
 .data          0x0080e19c        0x0 c:/altera/12.0sp2/nios2eds/bin/gnu/h-i686-mingw32/bin/../lib/gcc/nios2-elf/4.1.2\libgcc.a(_clz.o)
 .data          0x0080e19c        0x0 c:/altera/12.0sp2/nios2eds/bin/gnu/h-i686-mingw32/bin/../lib/gcc/nios2-elf/4.1.2/../../../../nios2-elf/lib\libc.a(lib_a-printf.o)
 .data          0x0080e19c        0x0 c:/altera/12.0sp2/nios2eds/bin/gnu/h-i686-mingw32/bin/../lib/gcc/nios2-elf/4.1.2/../../../../nios2-elf/lib\libc.a(lib_a-puts.o)
 .data          0x0080e19c        0x0 c:/altera/12.0sp2/nios2eds/bin/gnu/h-i686-mingw32/bin/../lib/gcc/nios2-elf/4.1.2/../../../../nios2-elf/lib\libc.a(lib_a-strlen.o)
 .data          0x0080e19c        0x0 c:/altera/12.0sp2/nios2eds/bin/gnu/h-i686-mingw32/bin/../lib/gcc/nios2-elf/4.1.2/../../../../nios2-elf/lib\libc.a(lib_a-vfprintf.o)
 .data          0x0080e19c        0x0 c:/altera/12.0sp2/nios2eds/bin/gnu/h-i686-mingw32/bin/../lib/gcc/nios2-elf/4.1.2/../../../../nios2-elf/lib\libc.a(lib_a-wsetup.o)
 .data          0x0080e19c        0x0 c:/altera/12.0sp2/nios2eds/bin/gnu/h-i686-mingw32/bin/../lib/gcc/nios2-elf/4.1.2/../../../../nios2-elf/lib\libc.a(lib_a-dtoa.o)
 .data          0x0080e19c        0x0 c:/altera/12.0sp2/nios2eds/bin/gnu/h-i686-mingw32/bin/../lib/gcc/nios2-elf/4.1.2/../../../../nios2-elf/lib\libc.a(lib_a-fflush.o)
 .data          0x0080e19c        0x0 c:/altera/12.0sp2/nios2eds/bin/gnu/h-i686-mingw32/bin/../lib/gcc/nios2-elf/4.1.2/../../../../nios2-elf/lib\libc.a(lib_a-findfp.o)
 .data          0x0080e19c        0x0 c:/altera/12.0sp2/nios2eds/bin/gnu/h-i686-mingw32/bin/../lib/gcc/nios2-elf/4.1.2/../../../../nios2-elf/lib\libc.a(lib_a-freer.o)
 .data          0x0080e19c        0x0 c:/altera/12.0sp2/nios2eds/bin/gnu/h-i686-mingw32/bin/../lib/gcc/nios2-elf/4.1.2/../../../../nios2-elf/lib\libc.a(lib_a-fvwrite.o)
 .data          0x0080e19c        0x0 c:/altera/12.0sp2/nios2eds/bin/gnu/h-i686-mingw32/bin/../lib/gcc/nios2-elf/4.1.2/../../../../nios2-elf/lib\libc.a(lib_a-fwalk.o)
 .data          0x0080e19c      0x400 c:/altera/12.0sp2/nios2eds/bin/gnu/h-i686-mingw32/bin/../lib/gcc/nios2-elf/4.1.2/../../../../nios2-elf/lib\libc.a(lib_a-impure.o)
 .data          0x0080e59c        0xc c:/altera/12.0sp2/nios2eds/bin/gnu/h-i686-mingw32/bin/../lib/gcc/nios2-elf/4.1.2/../../../../nios2-elf/lib\libc.a(lib_a-locale.o)
                0x0080e59c                __lc_ctype
 .data          0x0080e5a8        0x0 c:/altera/12.0sp2/nios2eds/bin/gnu/h-i686-mingw32/bin/../lib/gcc/nios2-elf/4.1.2/../../../../nios2-elf/lib\libc.a(lib_a-makebuf.o)
 .data          0x0080e5a8      0x408 c:/altera/12.0sp2/nios2eds/bin/gnu/h-i686-mingw32/bin/../lib/gcc/nios2-elf/4.1.2/../../../../nios2-elf/lib\libc.a(lib_a-mallocr.o)
                0x0080e5a8                __malloc_av_
 .data          0x0080e9b0        0x0 c:/altera/12.0sp2/nios2eds/bin/gnu/h-i686-mingw32/bin/../lib/gcc/nios2-elf/4.1.2/../../../../nios2-elf/lib\libc.a(lib_a-memchr.o)
 .data          0x0080e9b0        0x0 c:/altera/12.0sp2/nios2eds/bin/gnu/h-i686-mingw32/bin/../lib/gcc/nios2-elf/4.1.2/../../../../nios2-elf/lib\libc.a(lib_a-memcpy.o)
 .data          0x0080e9b0        0x0 c:/altera/12.0sp2/nios2eds/bin/gnu/h-i686-mingw32/bin/../lib/gcc/nios2-elf/4.1.2/../../../../nios2-elf/lib\libc.a(lib_a-memmove.o)
 .data          0x0080e9b0        0x0 c:/altera/12.0sp2/nios2eds/bin/gnu/h-i686-mingw32/bin/../lib/gcc/nios2-elf/4.1.2/../../../../nios2-elf/lib\libc.a(lib_a-memset.o)
 .data          0x0080e9b0        0x0 c:/altera/12.0sp2/nios2eds/bin/gnu/h-i686-mingw32/bin/../lib/gcc/nios2-elf/4.1.2/../../../../nios2-elf/lib\libc.a(lib_a-mprec.o)
 .data          0x0080e9b0        0x0 c:/altera/12.0sp2/nios2eds/bin/gnu/h-i686-mingw32/bin/../lib/gcc/nios2-elf/4.1.2/../../../../nios2-elf/lib\libc.a(lib_a-reallocr.o)
 .data          0x0080e9b0        0x0 c:/altera/12.0sp2/nios2eds/bin/gnu/h-i686-mingw32/bin/../lib/gcc/nios2-elf/4.1.2/../../../../nios2-elf/lib\libc.a(lib_a-s_isinfd.o)
 .data          0x0080e9b0        0x0 c:/altera/12.0sp2/nios2eds/bin/gnu/h-i686-mingw32/bin/../lib/gcc/nios2-elf/4.1.2/../../../../nios2-elf/lib\libc.a(lib_a-s_isnand.o)
 .data          0x0080e9b0        0x0 c:/altera/12.0sp2/nios2eds/bin/gnu/h-i686-mingw32/bin/../lib/gcc/nios2-elf/4.1.2/../../../../nios2-elf/lib\libc.a(lib_a-sbrkr.o)
 .data          0x0080e9b0        0x0 c:/altera/12.0sp2/nios2eds/bin/gnu/h-i686-mingw32/bin/../lib/gcc/nios2-elf/4.1.2/../../../../nios2-elf/lib\libc.a(lib_a-stdio.o)
 .data          0x0080e9b0        0x0 c:/altera/12.0sp2/nios2eds/bin/gnu/h-i686-mingw32/bin/../lib/gcc/nios2-elf/4.1.2/../../../../nios2-elf/lib\libc.a(lib_a-strcmp.o)
 .data          0x0080e9b0        0x0 c:/altera/12.0sp2/nios2eds/bin/gnu/h-i686-mingw32/bin/../lib/gcc/nios2-elf/4.1.2/../../../../nios2-elf/lib\libc.a(lib_a-writer.o)
 .data          0x0080e9b0        0x0 c:/altera/12.0sp2/nios2eds/bin/gnu/h-i686-mingw32/bin/../lib/gcc/nios2-elf/4.1.2/../../../../nios2-elf/lib\libc.a(lib_a-callocr.o)
 .data          0x0080e9b0        0x0 c:/altera/12.0sp2/nios2eds/bin/gnu/h-i686-mingw32/bin/../lib/gcc/nios2-elf/4.1.2/../../../../nios2-elf/lib\libc.a(lib_a-closer.o)
 .data          0x0080e9b0        0x0 c:/altera/12.0sp2/nios2eds/bin/gnu/h-i686-mingw32/bin/../lib/gcc/nios2-elf/4.1.2/../../../../nios2-elf/lib\libc.a(lib_a-fclose.o)
 .data          0x0080e9b0        0x0 c:/altera/12.0sp2/nios2eds/bin/gnu/h-i686-mingw32/bin/../lib/gcc/nios2-elf/4.1.2/../../../../nios2-elf/lib\libc.a(lib_a-fstatr.o)
 .data          0x0080e9b0        0x0 c:/altera/12.0sp2/nios2eds/bin/gnu/h-i686-mingw32/bin/../lib/gcc/nios2-elf/4.1.2/../../../../nios2-elf/lib\libc.a(lib_a-int_errno.o)
 .data          0x0080e9b0        0x0 c:/altera/12.0sp2/nios2eds/bin/gnu/h-i686-mingw32/bin/../lib/gcc/nios2-elf/4.1.2/../../../../nios2-elf/lib\libc.a(lib_a-isattyr.o)
 .data          0x0080e9b0        0x0 c:/altera/12.0sp2/nios2eds/bin/gnu/h-i686-mingw32/bin/../lib/gcc/nios2-elf/4.1.2/../../../../nios2-elf/lib\libc.a(lib_a-lseekr.o)
 .data          0x0080e9b0        0x0 c:/altera/12.0sp2/nios2eds/bin/gnu/h-i686-mingw32/bin/../lib/gcc/nios2-elf/4.1.2/../../../../nios2-elf/lib\libc.a(lib_a-readr.o)
 .data          0x0080e9b0        0x0 c:/altera/12.0sp2/nios2eds/bin/gnu/h-i686-mingw32/bin/../lib/gcc/nios2-elf/4.1.2\libgcc.a(_udivdi3.o)
 .data          0x0080e9b0        0x0 c:/altera/12.0sp2/nios2eds/bin/gnu/h-i686-mingw32/bin/../lib/gcc/nios2-elf/4.1.2\libgcc.a(_umoddi3.o)
 .data          0x0080e9b0        0x0 c:/altera/12.0sp2/nios2eds/bin/gnu/h-i686-mingw32/bin/../lib/gcc/nios2-elf/4.1.2\libgcc.a(_addsub_df.o)
 .data          0x0080e9b0        0x0 c:/altera/12.0sp2/nios2eds/bin/gnu/h-i686-mingw32/bin/../lib/gcc/nios2-elf/4.1.2\libgcc.a(_mul_df.o)
 .data          0x0080e9b0        0x0 c:/altera/12.0sp2/nios2eds/bin/gnu/h-i686-mingw32/bin/../lib/gcc/nios2-elf/4.1.2\libgcc.a(_div_df.o)
 .data          0x0080e9b0        0x0 c:/altera/12.0sp2/nios2eds/bin/gnu/h-i686-mingw32/bin/../lib/gcc/nios2-elf/4.1.2\libgcc.a(_eq_df.o)
 .data          0x0080e9b0        0x0 c:/altera/12.0sp2/nios2eds/bin/gnu/h-i686-mingw32/bin/../lib/gcc/nios2-elf/4.1.2\libgcc.a(_ne_df.o)
 .data          0x0080e9b0        0x0 c:/altera/12.0sp2/nios2eds/bin/gnu/h-i686-mingw32/bin/../lib/gcc/nios2-elf/4.1.2\libgcc.a(_gt_df.o)
 .data          0x0080e9b0        0x0 c:/altera/12.0sp2/nios2eds/bin/gnu/h-i686-mingw32/bin/../lib/gcc/nios2-elf/4.1.2\libgcc.a(_ge_df.o)
 .data          0x0080e9b0        0x0 c:/altera/12.0sp2/nios2eds/bin/gnu/h-i686-mingw32/bin/../lib/gcc/nios2-elf/4.1.2\libgcc.a(_lt_df.o)
 .data          0x0080e9b0        0x0 c:/altera/12.0sp2/nios2eds/bin/gnu/h-i686-mingw32/bin/../lib/gcc/nios2-elf/4.1.2\libgcc.a(_si_to_df.o)
 .data          0x0080e9b0        0x0 c:/altera/12.0sp2/nios2eds/bin/gnu/h-i686-mingw32/bin/../lib/gcc/nios2-elf/4.1.2\libgcc.a(_df_to_si.o)
 .data          0x0080e9b0        0x0 c:/altera/12.0sp2/nios2eds/bin/gnu/h-i686-mingw32/bin/../lib/gcc/nios2-elf/4.1.2\libgcc.a(_thenan_df.o)
 .data          0x0080e9b0        0x0 c:/altera/12.0sp2/nios2eds/bin/gnu/h-i686-mingw32/bin/../lib/gcc/nios2-elf/4.1.2\libgcc.a(_usi_to_df.o)
 .data          0x0080e9b0        0x0 c:/altera/12.0sp2/nios2eds/bin/gnu/h-i686-mingw32/bin/../lib/gcc/nios2-elf/4.1.2\libgcc.a(lib2-divmod.o)
 .data          0x0080e9b0        0x0 c:/altera/12.0sp2/nios2eds/bin/gnu/h-i686-mingw32/bin/../lib/gcc/nios2-elf/4.1.2\libgcc.a(_muldi3.o)
 .data          0x0080e9b0        0x0 c:/altera/12.0sp2/nios2eds/bin/gnu/h-i686-mingw32/bin/../lib/gcc/nios2-elf/4.1.2\libgcc.a(_unpack_df.o)
 .data          0x0080e9b0        0x0 c:/altera/12.0sp2/nios2eds/bin/gnu/h-i686-mingw32/bin/../lib/gcc/nios2-elf/4.1.2\libgcc.a(_fpcmp_parts_df.o)
 .data          0x0080e9b0        0x0 C:\Users\Gord\Documents\repos\LaserSharknado\LaserSharknado_bsp\libhal_bsp.a(alt_close.o)
 .data          0x0080e9b0      0x1a8 C:\Users\Gord\Documents\repos\LaserSharknado\LaserSharknado_bsp\libhal_bsp.a(alt_dev.o)
                0x0080e9b0                alt_dev_null
                0x0080e9d8                alt_fd_list
 .data          0x0080eb58        0x0 C:\Users\Gord\Documents\repos\LaserSharknado\LaserSharknado_bsp\libhal_bsp.a(alt_errno.o)
 .data          0x0080eb58        0x0 C:\Users\Gord\Documents\repos\LaserSharknado\LaserSharknado_bsp\libhal_bsp.a(alt_fstat.o)
 .data          0x0080eb58        0x0 C:\Users\Gord\Documents\repos\LaserSharknado\LaserSharknado_bsp\libhal_bsp.a(alt_isatty.o)
 .data          0x0080eb58        0x0 C:\Users\Gord\Documents\repos\LaserSharknado\LaserSharknado_bsp\libhal_bsp.a(alt_load.o)
 .data          0x0080eb58        0x0 C:\Users\Gord\Documents\repos\LaserSharknado\LaserSharknado_bsp\libhal_bsp.a(alt_lseek.o)
 .data          0x0080eb58        0x0 C:\Users\Gord\Documents\repos\LaserSharknado\LaserSharknado_bsp\libhal_bsp.a(alt_main.o)
 .data          0x0080eb58        0x0 C:\Users\Gord\Documents\repos\LaserSharknado\LaserSharknado_bsp\libhal_bsp.a(alt_malloc_lock.o)
 .data          0x0080eb58        0x0 C:\Users\Gord\Documents\repos\LaserSharknado\LaserSharknado_bsp\libhal_bsp.a(alt_read.o)
 .data          0x0080eb58        0x0 C:\Users\Gord\Documents\repos\LaserSharknado\LaserSharknado_bsp\libhal_bsp.a(alt_release_fd.o)
 .data          0x0080eb58        0x0 C:\Users\Gord\Documents\repos\LaserSharknado\LaserSharknado_bsp\libhal_bsp.a(alt_sbrk.o)
 .data          0x0080eb58        0x0 C:\Users\Gord\Documents\repos\LaserSharknado\LaserSharknado_bsp\libhal_bsp.a(alt_tick.o)
 .data          0x0080eb58        0x0 C:\Users\Gord\Documents\repos\LaserSharknado\LaserSharknado_bsp\libhal_bsp.a(alt_usleep.o)
 .data          0x0080eb58        0x0 C:\Users\Gord\Documents\repos\LaserSharknado\LaserSharknado_bsp\libhal_bsp.a(alt_write.o)
 .data          0x0080eb58     0x108c C:\Users\Gord\Documents\repos\LaserSharknado\LaserSharknado_bsp\libhal_bsp.a(alt_sys_init.o)
 .data          0x0080fbe4        0x0 C:\Users\Gord\Documents\repos\LaserSharknado\LaserSharknado_bsp\libhal_bsp.a(altera_avalon_jtag_uart_fd.o)
 .data          0x0080fbe4        0x0 C:\Users\Gord\Documents\repos\LaserSharknado\LaserSharknado_bsp\libhal_bsp.a(altera_avalon_jtag_uart_init.o)
 .data          0x0080fbe4        0x0 C:\Users\Gord\Documents\repos\LaserSharknado\LaserSharknado_bsp\libhal_bsp.a(altera_avalon_jtag_uart_ioctl.o)
 .data          0x0080fbe4        0x0 C:\Users\Gord\Documents\repos\LaserSharknado\LaserSharknado_bsp\libhal_bsp.a(altera_avalon_jtag_uart_read.o)
 .data          0x0080fbe4        0x0 C:\Users\Gord\Documents\repos\LaserSharknado\LaserSharknado_bsp\libhal_bsp.a(altera_avalon_jtag_uart_write.o)
 .data          0x0080fbe4        0x0 C:\Users\Gord\Documents\repos\LaserSharknado\LaserSharknado_bsp\libhal_bsp.a(altera_avalon_timer_sc.o)
 .data          0x0080fbe4        0x0 C:\Users\Gord\Documents\repos\LaserSharknado\LaserSharknado_bsp\libhal_bsp.a(altera_avalon_timer_ts.o)
 .data          0x0080fbe4        0x0 C:\Users\Gord\Documents\repos\LaserSharknado\LaserSharknado_bsp\libhal_bsp.a(altera_avalon_timer_vars.o)
 .data          0x0080fbe4        0x0 C:\Users\Gord\Documents\repos\LaserSharknado\LaserSharknado_bsp\libhal_bsp.a(altera_up_avalon_character_lcd.o)
 .data          0x0080fbe4        0x0 C:\Users\Gord\Documents\repos\LaserSharknado\LaserSharknado_bsp\libhal_bsp.a(alt_alarm_start.o)
 .data          0x0080fbe4        0x0 C:\Users\Gord\Documents\repos\LaserSharknado\LaserSharknado_bsp\libhal_bsp.a(alt_busy_sleep.o)
 .data          0x0080fbe4        0x0 C:\Users\Gord\Documents\repos\LaserSharknado\LaserSharknado_bsp\libhal_bsp.a(alt_dcache_flush_all.o)
 .data          0x0080fbe4        0x0 C:\Users\Gord\Documents\repos\LaserSharknado\LaserSharknado_bsp\libhal_bsp.a(alt_dev_llist_insert.o)
 .data          0x0080fbe4        0x0 C:\Users\Gord\Documents\repos\LaserSharknado\LaserSharknado_bsp\libhal_bsp.a(alt_do_ctors.o)
 .data          0x0080fbe4        0x0 C:\Users\Gord\Documents\repos\LaserSharknado\LaserSharknado_bsp\libhal_bsp.a(alt_do_dtors.o)
 .data          0x0080fbe4        0x0 C:\Users\Gord\Documents\repos\LaserSharknado\LaserSharknado_bsp\libhal_bsp.a(alt_find_dev.o)
 .data          0x0080fbe4        0x0 C:\Users\Gord\Documents\repos\LaserSharknado\LaserSharknado_bsp\libhal_bsp.a(alt_icache_flush_all.o)
 .data          0x0080fbe4        0x0 C:\Users\Gord\Documents\repos\LaserSharknado\LaserSharknado_bsp\libhal_bsp.a(alt_iic.o)
 .data          0x0080fbe4        0x0 C:\Users\Gord\Documents\repos\LaserSharknado\LaserSharknado_bsp\libhal_bsp.a(alt_iic_isr_register.o)
 .data          0x0080fbe4        0x0 C:\Users\Gord\Documents\repos\LaserSharknado\LaserSharknado_bsp\libhal_bsp.a(alt_io_redirect.o)
 .data          0x0080fbe4        0x0 C:\Users\Gord\Documents\repos\LaserSharknado\LaserSharknado_bsp\libhal_bsp.a(alt_irq_entry.o)
 .data          0x0080fbe4        0x0 C:\Users\Gord\Documents\repos\LaserSharknado\LaserSharknado_bsp\libhal_bsp.a(alt_irq_handler.o)
 .data          0x0080fbe4        0x0 C:\Users\Gord\Documents\repos\LaserSharknado\LaserSharknado_bsp\libhal_bsp.a(alt_irq_vars.o)
 .data          0x0080fbe4        0x0 C:\Users\Gord\Documents\repos\LaserSharknado\LaserSharknado_bsp\libhal_bsp.a(alt_open.o)
 .data          0x0080fbe4        0x0 C:\Users\Gord\Documents\repos\LaserSharknado\LaserSharknado_bsp\libhal_bsp.a(altera_nios2_qsys_irq.o)
 .data          0x0080fbe4        0x0 C:\Users\Gord\Documents\repos\LaserSharknado\LaserSharknado_bsp\libhal_bsp.a(alt_exception_entry.o)
 .data          0x0080fbe4        0x0 C:\Users\Gord\Documents\repos\LaserSharknado\LaserSharknado_bsp\libhal_bsp.a(alt_find_file.o)
 .data          0x0080fbe4        0x0 C:\Users\Gord\Documents\repos\LaserSharknado\LaserSharknado_bsp\libhal_bsp.a(alt_get_fd.o)
 .data          0x0080fbe4        0x0 C:\Users\Gord\Documents\repos\LaserSharknado\LaserSharknado_bsp\libhal_bsp.a(alt_icache_flush.o)
 .data          0x0080fbe4        0x0 c:/altera/12.0sp2/nios2eds/bin/gnu/h-i686-mingw32/bin/../lib/gcc/nios2-elf/4.1.2/../../../../nios2-elf/lib\libc.a(lib_a-atexit.o)
 .data          0x0080fbe4        0x0 c:/altera/12.0sp2/nios2eds/bin/gnu/h-i686-mingw32/bin/../lib/gcc/nios2-elf/4.1.2/../../../../nios2-elf/lib\libc.a(lib_a-exit.o)
 .data          0x0080fbe4        0x0 c:/altera/12.0sp2/nios2eds/bin/gnu/h-i686-mingw32/bin/../lib/gcc/nios2-elf/4.1.2/../../../../nios2-elf/lib\libc.a(lib_a-memcmp.o)
 .data          0x0080fbe4        0x0 c:/altera/12.0sp2/nios2eds/bin/gnu/h-i686-mingw32/bin/../lib/gcc/nios2-elf/4.1.2/../../../../nios2-elf/lib\libc.a(lib_a-__atexit.o)
 .data          0x0080fbe4        0x0 c:/altera/12.0sp2/nios2eds/bin/gnu/h-i686-mingw32/bin/../lib/gcc/nios2-elf/4.1.2/../../../../nios2-elf/lib\libc.a(lib_a-__call_atexit.o)
 .data          0x0080fbe4        0x0 C:\Users\Gord\Documents\repos\LaserSharknado\LaserSharknado_bsp\libhal_bsp.a(alt_exit.o)
                0x00817be4                _gp = ABSOLUTE ((. + 0x8000))
                0x00817be4                PROVIDE (gp, _gp)
 *(.rwdata .rwdata.*)
 *(.sdata .sdata.* .gnu.linkonce.s.*)
 .sdata         0x0080fbe4        0x8 c:/altera/12.0sp2/nios2eds/bin/gnu/h-i686-mingw32/bin/../lib/gcc/nios2-elf/4.1.2/../../../../nios2-elf/lib\libc.a(lib_a-impure.o)
                0x0080fbe4                _impure_ptr
                0x0080fbe8                _global_impure_ptr
 .sdata         0x0080fbec        0x8 c:/altera/12.0sp2/nios2eds/bin/gnu/h-i686-mingw32/bin/../lib/gcc/nios2-elf/4.1.2/../../../../nios2-elf/lib\libc.a(lib_a-locale.o)
                0x0080fbec                __mb_cur_max
 .sdata         0x0080fbf4        0x8 c:/altera/12.0sp2/nios2eds/bin/gnu/h-i686-mingw32/bin/../lib/gcc/nios2-elf/4.1.2/../../../../nios2-elf/lib\libc.a(lib_a-mallocr.o)
                0x0080fbf4                __malloc_trim_threshold
                0x0080fbf8                __malloc_sbrk_base
 .sdata         0x0080fbfc       0x14 C:\Users\Gord\Documents\repos\LaserSharknado\LaserSharknado_bsp\libhal_bsp.a(alt_dev.o)
                0x0080fbfc                alt_fs_list
                0x0080fc04                alt_dev_list
                0x0080fc0c                alt_max_fd
 .sdata         0x0080fc10        0x4 C:\Users\Gord\Documents\repos\LaserSharknado\LaserSharknado_bsp\libhal_bsp.a(alt_errno.o)
                0x0080fc10                alt_errno
 .sdata         0x0080fc14        0x4 C:\Users\Gord\Documents\repos\LaserSharknado\LaserSharknado_bsp\libhal_bsp.a(alt_sbrk.o)
 .sdata         0x0080fc18        0x8 C:\Users\Gord\Documents\repos\LaserSharknado\LaserSharknado_bsp\libhal_bsp.a(alt_tick.o)
                0x0080fc18                alt_alarm_list
 .sdata         0x0080fc20        0x4 C:\Users\Gord\Documents\repos\LaserSharknado\LaserSharknado_bsp\libhal_bsp.a(alt_irq_vars.o)
                0x0080fc20                alt_priority_mask
 *(.sdata2 .sdata2.* .gnu.linkonce.s2.*)
                0x0080fc24                . = ALIGN (0x4)
                0x0080fc24                _edata = ABSOLUTE (.)
                0x0080fc24                PROVIDE (edata, ABSOLUTE (.))
                0x0080fc24                PROVIDE (__ram_rwdata_end, ABSOLUTE (.))
                0x0080fc24                PROVIDE (__flash_rwdata_start, LOADADDR (.rwdata))

.bss            0x008116ac      0x2f4
                0x008116ac                __bss_start = ABSOLUTE (.)
                0x008116ac                PROVIDE (__sbss_start, ABSOLUTE (.))
                0x008116ac                PROVIDE (___sbss_start, ABSOLUTE (.))
 *(.dynsbss)
 *(.sbss .sbss.* .gnu.linkonce.sb.*)
 .sbss          0x008116ac        0xc c:/altera/12.0sp2/nios2eds/bin/gnu/h-i686-mingw32/bin/../lib/gcc/nios2-elf/4.1.2/../../../../nios2-elf/lib\libc.a(lib_a-locale.o)
                0x008116ac                __nlocale_changed
                0x008116b0                __mlocale_changed
                0x008116b4                _PathLocale
 .sbss          0x008116b8        0xc c:/altera/12.0sp2/nios2eds/bin/gnu/h-i686-mingw32/bin/../lib/gcc/nios2-elf/4.1.2/../../../../nios2-elf/lib\libc.a(lib_a-mallocr.o)
                0x008116b8                __malloc_top_pad
                0x008116bc                __malloc_max_sbrked_mem
                0x008116c0                __malloc_max_total_mem
 .sbss          0x008116c4        0x4 c:/altera/12.0sp2/nios2eds/bin/gnu/h-i686-mingw32/bin/../lib/gcc/nios2-elf/4.1.2/../../../../nios2-elf/lib\libc.a(lib_a-int_errno.o)
                0x008116c4                errno
 .sbss          0x008116c8        0xc C:\Users\Gord\Documents\repos\LaserSharknado\LaserSharknado_bsp\libhal_bsp.a(alt_main.o)
                0x008116c8                alt_argc
                0x008116cc                alt_argv
                0x008116d0                alt_envp
 .sbss          0x008116d4        0x8 C:\Users\Gord\Documents\repos\LaserSharknado\LaserSharknado_bsp\libhal_bsp.a(alt_tick.o)
                0x008116d4                _alt_tick_rate
                0x008116d8                _alt_nticks
 .sbss          0x008116dc        0x8 C:\Users\Gord\Documents\repos\LaserSharknado\LaserSharknado_bsp\libhal_bsp.a(altera_avalon_timer_vars.o)
                0x008116dc                altera_avalon_timer_ts_base
                0x008116e0                altera_avalon_timer_ts_freq
 .sbss          0x008116e4        0x4 C:\Users\Gord\Documents\repos\LaserSharknado\LaserSharknado_bsp\libhal_bsp.a(alt_irq_vars.o)
                0x008116e4                alt_irq_active
 *(.sbss2 .sbss2.* .gnu.linkonce.sb2.*)
 *(.scommon)
                0x008116e8                PROVIDE (__sbss_end, ABSOLUTE (.))
                0x008116e8                PROVIDE (___sbss_end, ABSOLUTE (.))
 *(.dynbss)
 *(.bss .bss.* .gnu.linkonce.b.*)
 .bss           0x008116e8        0x0 C:\Users\Gord\Documents\repos\LaserSharknado\LaserSharknado_bsp/obj/HAL/src/crt0.o
 .bss           0x008116e8        0x0 obj/default/Excercises/excercise2.o
 .bss           0x008116e8        0x0 obj/default/hello_world.o
 .bss           0x008116e8        0x0 obj/default/timer.o
 .bss           0x008116e8        0x0 c:/altera/12.0sp2/nios2eds/bin/gnu/h-i686-mingw32/bin/../lib/gcc/nios2-elf/4.1.2\libgcc.a(_div_sf.o)
 .bss           0x008116e8        0x0 c:/altera/12.0sp2/nios2eds/bin/gnu/h-i686-mingw32/bin/../lib/gcc/nios2-elf/4.1.2\libgcc.a(_si_to_sf.o)
 .bss           0x008116e8        0x0 c:/altera/12.0sp2/nios2eds/bin/gnu/h-i686-mingw32/bin/../lib/gcc/nios2-elf/4.1.2\libgcc.a(_sf_to_df.o)
 .bss           0x008116e8        0x0 c:/altera/12.0sp2/nios2eds/bin/gnu/h-i686-mingw32/bin/../lib/gcc/nios2-elf/4.1.2\libgcc.a(_thenan_sf.o)
 .bss           0x008116e8        0x0 c:/altera/12.0sp2/nios2eds/bin/gnu/h-i686-mingw32/bin/../lib/gcc/nios2-elf/4.1.2\libgcc.a(_usi_to_sf.o)
 .bss           0x008116e8        0x0 c:/altera/12.0sp2/nios2eds/bin/gnu/h-i686-mingw32/bin/../lib/gcc/nios2-elf/4.1.2\libgcc.a(_make_df.o)
 .bss           0x008116e8        0x0 c:/altera/12.0sp2/nios2eds/bin/gnu/h-i686-mingw32/bin/../lib/gcc/nios2-elf/4.1.2\libgcc.a(_clzsi2.o)
 .bss           0x008116e8        0x0 c:/altera/12.0sp2/nios2eds/bin/gnu/h-i686-mingw32/bin/../lib/gcc/nios2-elf/4.1.2\libgcc.a(_pack_sf.o)
 .bss           0x008116e8        0x0 c:/altera/12.0sp2/nios2eds/bin/gnu/h-i686-mingw32/bin/../lib/gcc/nios2-elf/4.1.2\libgcc.a(_unpack_sf.o)
 .bss           0x008116e8        0x0 c:/altera/12.0sp2/nios2eds/bin/gnu/h-i686-mingw32/bin/../lib/gcc/nios2-elf/4.1.2\libgcc.a(_pack_df.o)
 .bss           0x008116e8        0x0 c:/altera/12.0sp2/nios2eds/bin/gnu/h-i686-mingw32/bin/../lib/gcc/nios2-elf/4.1.2\libgcc.a(_clz.o)
 .bss           0x008116e8        0x0 c:/altera/12.0sp2/nios2eds/bin/gnu/h-i686-mingw32/bin/../lib/gcc/nios2-elf/4.1.2/../../../../nios2-elf/lib\libc.a(lib_a-printf.o)
 .bss           0x008116e8        0x0 c:/altera/12.0sp2/nios2eds/bin/gnu/h-i686-mingw32/bin/../lib/gcc/nios2-elf/4.1.2/../../../../nios2-elf/lib\libc.a(lib_a-puts.o)
 .bss           0x008116e8        0x0 c:/altera/12.0sp2/nios2eds/bin/gnu/h-i686-mingw32/bin/../lib/gcc/nios2-elf/4.1.2/../../../../nios2-elf/lib\libc.a(lib_a-strlen.o)
 .bss           0x008116e8        0x0 c:/altera/12.0sp2/nios2eds/bin/gnu/h-i686-mingw32/bin/../lib/gcc/nios2-elf/4.1.2/../../../../nios2-elf/lib\libc.a(lib_a-vfprintf.o)
 .bss           0x008116e8        0x0 c:/altera/12.0sp2/nios2eds/bin/gnu/h-i686-mingw32/bin/../lib/gcc/nios2-elf/4.1.2/../../../../nios2-elf/lib\libc.a(lib_a-wsetup.o)
 .bss           0x008116e8        0x0 c:/altera/12.0sp2/nios2eds/bin/gnu/h-i686-mingw32/bin/../lib/gcc/nios2-elf/4.1.2/../../../../nios2-elf/lib\libc.a(lib_a-dtoa.o)
 .bss           0x008116e8        0x0 c:/altera/12.0sp2/nios2eds/bin/gnu/h-i686-mingw32/bin/../lib/gcc/nios2-elf/4.1.2/../../../../nios2-elf/lib\libc.a(lib_a-fflush.o)
 .bss           0x008116e8        0x0 c:/altera/12.0sp2/nios2eds/bin/gnu/h-i686-mingw32/bin/../lib/gcc/nios2-elf/4.1.2/../../../../nios2-elf/lib\libc.a(lib_a-findfp.o)
 .bss           0x008116e8        0x0 c:/altera/12.0sp2/nios2eds/bin/gnu/h-i686-mingw32/bin/../lib/gcc/nios2-elf/4.1.2/../../../../nios2-elf/lib\libc.a(lib_a-freer.o)
 .bss           0x008116e8        0x0 c:/altera/12.0sp2/nios2eds/bin/gnu/h-i686-mingw32/bin/../lib/gcc/nios2-elf/4.1.2/../../../../nios2-elf/lib\libc.a(lib_a-fvwrite.o)
 .bss           0x008116e8        0x0 c:/altera/12.0sp2/nios2eds/bin/gnu/h-i686-mingw32/bin/../lib/gcc/nios2-elf/4.1.2/../../../../nios2-elf/lib\libc.a(lib_a-fwalk.o)
 .bss           0x008116e8        0x0 c:/altera/12.0sp2/nios2eds/bin/gnu/h-i686-mingw32/bin/../lib/gcc/nios2-elf/4.1.2/../../../../nios2-elf/lib\libc.a(lib_a-impure.o)
 .bss           0x008116e8        0x0 c:/altera/12.0sp2/nios2eds/bin/gnu/h-i686-mingw32/bin/../lib/gcc/nios2-elf/4.1.2/../../../../nios2-elf/lib\libc.a(lib_a-locale.o)
 .bss           0x008116e8        0x0 c:/altera/12.0sp2/nios2eds/bin/gnu/h-i686-mingw32/bin/../lib/gcc/nios2-elf/4.1.2/../../../../nios2-elf/lib\libc.a(lib_a-makebuf.o)
 .bss           0x008116e8       0x28 c:/altera/12.0sp2/nios2eds/bin/gnu/h-i686-mingw32/bin/../lib/gcc/nios2-elf/4.1.2/../../../../nios2-elf/lib\libc.a(lib_a-mallocr.o)
                0x008116e8                __malloc_current_mallinfo
 .bss           0x00811710        0x0 c:/altera/12.0sp2/nios2eds/bin/gnu/h-i686-mingw32/bin/../lib/gcc/nios2-elf/4.1.2/../../../../nios2-elf/lib\libc.a(lib_a-memchr.o)
 .bss           0x00811710        0x0 c:/altera/12.0sp2/nios2eds/bin/gnu/h-i686-mingw32/bin/../lib/gcc/nios2-elf/4.1.2/../../../../nios2-elf/lib\libc.a(lib_a-memcpy.o)
 .bss           0x00811710        0x0 c:/altera/12.0sp2/nios2eds/bin/gnu/h-i686-mingw32/bin/../lib/gcc/nios2-elf/4.1.2/../../../../nios2-elf/lib\libc.a(lib_a-memmove.o)
 .bss           0x00811710        0x0 c:/altera/12.0sp2/nios2eds/bin/gnu/h-i686-mingw32/bin/../lib/gcc/nios2-elf/4.1.2/../../../../nios2-elf/lib\libc.a(lib_a-memset.o)
 .bss           0x00811710        0x0 c:/altera/12.0sp2/nios2eds/bin/gnu/h-i686-mingw32/bin/../lib/gcc/nios2-elf/4.1.2/../../../../nios2-elf/lib\libc.a(lib_a-mprec.o)
 .bss           0x00811710        0x0 c:/altera/12.0sp2/nios2eds/bin/gnu/h-i686-mingw32/bin/../lib/gcc/nios2-elf/4.1.2/../../../../nios2-elf/lib\libc.a(lib_a-reallocr.o)
 .bss           0x00811710        0x0 c:/altera/12.0sp2/nios2eds/bin/gnu/h-i686-mingw32/bin/../lib/gcc/nios2-elf/4.1.2/../../../../nios2-elf/lib\libc.a(lib_a-s_isinfd.o)
 .bss           0x00811710        0x0 c:/altera/12.0sp2/nios2eds/bin/gnu/h-i686-mingw32/bin/../lib/gcc/nios2-elf/4.1.2/../../../../nios2-elf/lib\libc.a(lib_a-s_isnand.o)
 .bss           0x00811710        0x0 c:/altera/12.0sp2/nios2eds/bin/gnu/h-i686-mingw32/bin/../lib/gcc/nios2-elf/4.1.2/../../../../nios2-elf/lib\libc.a(lib_a-sbrkr.o)
 .bss           0x00811710        0x0 c:/altera/12.0sp2/nios2eds/bin/gnu/h-i686-mingw32/bin/../lib/gcc/nios2-elf/4.1.2/../../../../nios2-elf/lib\libc.a(lib_a-stdio.o)
 .bss           0x00811710        0x0 c:/altera/12.0sp2/nios2eds/bin/gnu/h-i686-mingw32/bin/../lib/gcc/nios2-elf/4.1.2/../../../../nios2-elf/lib\libc.a(lib_a-strcmp.o)
 .bss           0x00811710        0x0 c:/altera/12.0sp2/nios2eds/bin/gnu/h-i686-mingw32/bin/../lib/gcc/nios2-elf/4.1.2/../../../../nios2-elf/lib\libc.a(lib_a-writer.o)
 .bss           0x00811710        0x0 c:/altera/12.0sp2/nios2eds/bin/gnu/h-i686-mingw32/bin/../lib/gcc/nios2-elf/4.1.2/../../../../nios2-elf/lib\libc.a(lib_a-callocr.o)
 .bss           0x00811710        0x0 c:/altera/12.0sp2/nios2eds/bin/gnu/h-i686-mingw32/bin/../lib/gcc/nios2-elf/4.1.2/../../../../nios2-elf/lib\libc.a(lib_a-closer.o)
 .bss           0x00811710        0x0 c:/altera/12.0sp2/nios2eds/bin/gnu/h-i686-mingw32/bin/../lib/gcc/nios2-elf/4.1.2/../../../../nios2-elf/lib\libc.a(lib_a-fclose.o)
 .bss           0x00811710        0x0 c:/altera/12.0sp2/nios2eds/bin/gnu/h-i686-mingw32/bin/../lib/gcc/nios2-elf/4.1.2/../../../../nios2-elf/lib\libc.a(lib_a-fstatr.o)
 .bss           0x00811710        0x0 c:/altera/12.0sp2/nios2eds/bin/gnu/h-i686-mingw32/bin/../lib/gcc/nios2-elf/4.1.2/../../../../nios2-elf/lib\libc.a(lib_a-int_errno.o)
 .bss           0x00811710        0x0 c:/altera/12.0sp2/nios2eds/bin/gnu/h-i686-mingw32/bin/../lib/gcc/nios2-elf/4.1.2/../../../../nios2-elf/lib\libc.a(lib_a-isattyr.o)
 .bss           0x00811710        0x0 c:/altera/12.0sp2/nios2eds/bin/gnu/h-i686-mingw32/bin/../lib/gcc/nios2-elf/4.1.2/../../../../nios2-elf/lib\libc.a(lib_a-lseekr.o)
 .bss           0x00811710        0x0 c:/altera/12.0sp2/nios2eds/bin/gnu/h-i686-mingw32/bin/../lib/gcc/nios2-elf/4.1.2/../../../../nios2-elf/lib\libc.a(lib_a-readr.o)
 .bss           0x00811710        0x0 c:/altera/12.0sp2/nios2eds/bin/gnu/h-i686-mingw32/bin/../lib/gcc/nios2-elf/4.1.2\libgcc.a(_udivdi3.o)
 .bss           0x00811710        0x0 c:/altera/12.0sp2/nios2eds/bin/gnu/h-i686-mingw32/bin/../lib/gcc/nios2-elf/4.1.2\libgcc.a(_umoddi3.o)
 .bss           0x00811710        0x0 c:/altera/12.0sp2/nios2eds/bin/gnu/h-i686-mingw32/bin/../lib/gcc/nios2-elf/4.1.2\libgcc.a(_addsub_df.o)
 .bss           0x00811710        0x0 c:/altera/12.0sp2/nios2eds/bin/gnu/h-i686-mingw32/bin/../lib/gcc/nios2-elf/4.1.2\libgcc.a(_mul_df.o)
 .bss           0x00811710        0x0 c:/altera/12.0sp2/nios2eds/bin/gnu/h-i686-mingw32/bin/../lib/gcc/nios2-elf/4.1.2\libgcc.a(_div_df.o)
 .bss           0x00811710        0x0 c:/altera/12.0sp2/nios2eds/bin/gnu/h-i686-mingw32/bin/../lib/gcc/nios2-elf/4.1.2\libgcc.a(_eq_df.o)
 .bss           0x00811710        0x0 c:/altera/12.0sp2/nios2eds/bin/gnu/h-i686-mingw32/bin/../lib/gcc/nios2-elf/4.1.2\libgcc.a(_ne_df.o)
 .bss           0x00811710        0x0 c:/altera/12.0sp2/nios2eds/bin/gnu/h-i686-mingw32/bin/../lib/gcc/nios2-elf/4.1.2\libgcc.a(_gt_df.o)
 .bss           0x00811710        0x0 c:/altera/12.0sp2/nios2eds/bin/gnu/h-i686-mingw32/bin/../lib/gcc/nios2-elf/4.1.2\libgcc.a(_ge_df.o)
 .bss           0x00811710        0x0 c:/altera/12.0sp2/nios2eds/bin/gnu/h-i686-mingw32/bin/../lib/gcc/nios2-elf/4.1.2\libgcc.a(_lt_df.o)
 .bss           0x00811710        0x0 c:/altera/12.0sp2/nios2eds/bin/gnu/h-i686-mingw32/bin/../lib/gcc/nios2-elf/4.1.2\libgcc.a(_si_to_df.o)
 .bss           0x00811710        0x0 c:/altera/12.0sp2/nios2eds/bin/gnu/h-i686-mingw32/bin/../lib/gcc/nios2-elf/4.1.2\libgcc.a(_df_to_si.o)
 .bss           0x00811710        0x0 c:/altera/12.0sp2/nios2eds/bin/gnu/h-i686-mingw32/bin/../lib/gcc/nios2-elf/4.1.2\libgcc.a(_thenan_df.o)
 .bss           0x00811710        0x0 c:/altera/12.0sp2/nios2eds/bin/gnu/h-i686-mingw32/bin/../lib/gcc/nios2-elf/4.1.2\libgcc.a(_usi_to_df.o)
 .bss           0x00811710        0x0 c:/altera/12.0sp2/nios2eds/bin/gnu/h-i686-mingw32/bin/../lib/gcc/nios2-elf/4.1.2\libgcc.a(lib2-divmod.o)
 .bss           0x00811710        0x0 c:/altera/12.0sp2/nios2eds/bin/gnu/h-i686-mingw32/bin/../lib/gcc/nios2-elf/4.1.2\libgcc.a(_muldi3.o)
 .bss           0x00811710        0x0 c:/altera/12.0sp2/nios2eds/bin/gnu/h-i686-mingw32/bin/../lib/gcc/nios2-elf/4.1.2\libgcc.a(_unpack_df.o)
 .bss           0x00811710        0x0 c:/altera/12.0sp2/nios2eds/bin/gnu/h-i686-mingw32/bin/../lib/gcc/nios2-elf/4.1.2\libgcc.a(_fpcmp_parts_df.o)
 .bss           0x00811710        0x0 C:\Users\Gord\Documents\repos\LaserSharknado\LaserSharknado_bsp\libhal_bsp.a(alt_close.o)
 .bss           0x00811710        0x0 C:\Users\Gord\Documents\repos\LaserSharknado\LaserSharknado_bsp\libhal_bsp.a(alt_dev.o)
 .bss           0x00811710        0x0 C:\Users\Gord\Documents\repos\LaserSharknado\LaserSharknado_bsp\libhal_bsp.a(alt_errno.o)
 .bss           0x00811710        0x0 C:\Users\Gord\Documents\repos\LaserSharknado\LaserSharknado_bsp\libhal_bsp.a(alt_fstat.o)
 .bss           0x00811710        0x0 C:\Users\Gord\Documents\repos\LaserSharknado\LaserSharknado_bsp\libhal_bsp.a(alt_isatty.o)
 .bss           0x00811710        0x0 C:\Users\Gord\Documents\repos\LaserSharknado\LaserSharknado_bsp\libhal_bsp.a(alt_load.o)
 .bss           0x00811710        0x0 C:\Users\Gord\Documents\repos\LaserSharknado\LaserSharknado_bsp\libhal_bsp.a(alt_lseek.o)
 .bss           0x00811710        0x0 C:\Users\Gord\Documents\repos\LaserSharknado\LaserSharknado_bsp\libhal_bsp.a(alt_main.o)
 .bss           0x00811710        0x0 C:\Users\Gord\Documents\repos\LaserSharknado\LaserSharknado_bsp\libhal_bsp.a(alt_malloc_lock.o)
 .bss           0x00811710        0x0 C:\Users\Gord\Documents\repos\LaserSharknado\LaserSharknado_bsp\libhal_bsp.a(alt_read.o)
 .bss           0x00811710        0x0 C:\Users\Gord\Documents\repos\LaserSharknado\LaserSharknado_bsp\libhal_bsp.a(alt_release_fd.o)
 .bss           0x00811710        0x0 C:\Users\Gord\Documents\repos\LaserSharknado\LaserSharknado_bsp\libhal_bsp.a(alt_sbrk.o)
 .bss           0x00811710        0x0 C:\Users\Gord\Documents\repos\LaserSharknado\LaserSharknado_bsp\libhal_bsp.a(alt_tick.o)
 .bss           0x00811710        0x0 C:\Users\Gord\Documents\repos\LaserSharknado\LaserSharknado_bsp\libhal_bsp.a(alt_usleep.o)
 .bss           0x00811710        0x0 C:\Users\Gord\Documents\repos\LaserSharknado\LaserSharknado_bsp\libhal_bsp.a(alt_write.o)
 .bss           0x00811710        0x0 C:\Users\Gord\Documents\repos\LaserSharknado\LaserSharknado_bsp\libhal_bsp.a(alt_sys_init.o)
 .bss           0x00811710        0x0 C:\Users\Gord\Documents\repos\LaserSharknado\LaserSharknado_bsp\libhal_bsp.a(altera_avalon_jtag_uart_fd.o)
 .bss           0x00811710        0x0 C:\Users\Gord\Documents\repos\LaserSharknado\LaserSharknado_bsp\libhal_bsp.a(altera_avalon_jtag_uart_init.o)
 .bss           0x00811710        0x0 C:\Users\Gord\Documents\repos\LaserSharknado\LaserSharknado_bsp\libhal_bsp.a(altera_avalon_jtag_uart_ioctl.o)
 .bss           0x00811710        0x0 C:\Users\Gord\Documents\repos\LaserSharknado\LaserSharknado_bsp\libhal_bsp.a(altera_avalon_jtag_uart_read.o)
 .bss           0x00811710        0x0 C:\Users\Gord\Documents\repos\LaserSharknado\LaserSharknado_bsp\libhal_bsp.a(altera_avalon_jtag_uart_write.o)
 .bss           0x00811710        0x0 C:\Users\Gord\Documents\repos\LaserSharknado\LaserSharknado_bsp\libhal_bsp.a(altera_avalon_timer_sc.o)
 .bss           0x00811710        0x0 C:\Users\Gord\Documents\repos\LaserSharknado\LaserSharknado_bsp\libhal_bsp.a(altera_avalon_timer_ts.o)
 .bss           0x00811710        0x0 C:\Users\Gord\Documents\repos\LaserSharknado\LaserSharknado_bsp\libhal_bsp.a(altera_avalon_timer_vars.o)
 .bss           0x00811710        0x0 C:\Users\Gord\Documents\repos\LaserSharknado\LaserSharknado_bsp\libhal_bsp.a(altera_up_avalon_character_lcd.o)
 .bss           0x00811710        0x0 C:\Users\Gord\Documents\repos\LaserSharknado\LaserSharknado_bsp\libhal_bsp.a(alt_alarm_start.o)
 .bss           0x00811710        0x0 C:\Users\Gord\Documents\repos\LaserSharknado\LaserSharknado_bsp\libhal_bsp.a(alt_busy_sleep.o)
 .bss           0x00811710        0x0 C:\Users\Gord\Documents\repos\LaserSharknado\LaserSharknado_bsp\libhal_bsp.a(alt_dcache_flush_all.o)
 .bss           0x00811710        0x0 C:\Users\Gord\Documents\repos\LaserSharknado\LaserSharknado_bsp\libhal_bsp.a(alt_dev_llist_insert.o)
 .bss           0x00811710        0x0 C:\Users\Gord\Documents\repos\LaserSharknado\LaserSharknado_bsp\libhal_bsp.a(alt_do_ctors.o)
 .bss           0x00811710        0x0 C:\Users\Gord\Documents\repos\LaserSharknado\LaserSharknado_bsp\libhal_bsp.a(alt_do_dtors.o)
 .bss           0x00811710        0x0 C:\Users\Gord\Documents\repos\LaserSharknado\LaserSharknado_bsp\libhal_bsp.a(alt_find_dev.o)
 .bss           0x00811710        0x0 C:\Users\Gord\Documents\repos\LaserSharknado\LaserSharknado_bsp\libhal_bsp.a(alt_icache_flush_all.o)
 .bss           0x00811710        0x0 C:\Users\Gord\Documents\repos\LaserSharknado\LaserSharknado_bsp\libhal_bsp.a(alt_iic.o)
 .bss           0x00811710        0x0 C:\Users\Gord\Documents\repos\LaserSharknado\LaserSharknado_bsp\libhal_bsp.a(alt_iic_isr_register.o)
 .bss           0x00811710        0x0 C:\Users\Gord\Documents\repos\LaserSharknado\LaserSharknado_bsp\libhal_bsp.a(alt_io_redirect.o)
 .bss           0x00811710        0x0 C:\Users\Gord\Documents\repos\LaserSharknado\LaserSharknado_bsp\libhal_bsp.a(alt_irq_entry.o)
 .bss           0x00811710        0x0 C:\Users\Gord\Documents\repos\LaserSharknado\LaserSharknado_bsp\libhal_bsp.a(alt_irq_handler.o)
 .bss           0x00811710        0x0 C:\Users\Gord\Documents\repos\LaserSharknado\LaserSharknado_bsp\libhal_bsp.a(alt_irq_vars.o)
 .bss           0x00811710        0x0 C:\Users\Gord\Documents\repos\LaserSharknado\LaserSharknado_bsp\libhal_bsp.a(alt_open.o)
 .bss           0x00811710        0x0 C:\Users\Gord\Documents\repos\LaserSharknado\LaserSharknado_bsp\libhal_bsp.a(altera_nios2_qsys_irq.o)
 .bss           0x00811710        0x0 C:\Users\Gord\Documents\repos\LaserSharknado\LaserSharknado_bsp\libhal_bsp.a(alt_exception_entry.o)
 .bss           0x00811710        0x0 C:\Users\Gord\Documents\repos\LaserSharknado\LaserSharknado_bsp\libhal_bsp.a(alt_find_file.o)
 .bss           0x00811710        0x0 C:\Users\Gord\Documents\repos\LaserSharknado\LaserSharknado_bsp\libhal_bsp.a(alt_get_fd.o)
 .bss           0x00811710        0x0 C:\Users\Gord\Documents\repos\LaserSharknado\LaserSharknado_bsp\libhal_bsp.a(alt_icache_flush.o)
 .bss           0x00811710        0x0 c:/altera/12.0sp2/nios2eds/bin/gnu/h-i686-mingw32/bin/../lib/gcc/nios2-elf/4.1.2/../../../../nios2-elf/lib\libc.a(lib_a-atexit.o)
 .bss           0x00811710        0x0 c:/altera/12.0sp2/nios2eds/bin/gnu/h-i686-mingw32/bin/../lib/gcc/nios2-elf/4.1.2/../../../../nios2-elf/lib\libc.a(lib_a-exit.o)
 .bss           0x00811710        0x0 c:/altera/12.0sp2/nios2eds/bin/gnu/h-i686-mingw32/bin/../lib/gcc/nios2-elf/4.1.2/../../../../nios2-elf/lib\libc.a(lib_a-memcmp.o)
 .bss           0x00811710        0x0 c:/altera/12.0sp2/nios2eds/bin/gnu/h-i686-mingw32/bin/../lib/gcc/nios2-elf/4.1.2/../../../../nios2-elf/lib\libc.a(lib_a-__atexit.o)
 .bss           0x00811710        0x0 c:/altera/12.0sp2/nios2eds/bin/gnu/h-i686-mingw32/bin/../lib/gcc/nios2-elf/4.1.2/../../../../nios2-elf/lib\libc.a(lib_a-__call_atexit.o)
 .bss           0x00811710        0x0 C:\Users\Gord\Documents\repos\LaserSharknado\LaserSharknado_bsp\libhal_bsp.a(alt_exit.o)
 *(COMMON)
 COMMON         0x00811710      0x100 C:\Users\Gord\Documents\repos\LaserSharknado\LaserSharknado_bsp\libhal_bsp.a(alt_irq_handler.o)
                0x00811710                alt_irq
 COMMON         0x00811810      0x190 c:/altera/12.0sp2/nios2eds/bin/gnu/h-i686-mingw32/bin/../lib/gcc/nios2-elf/4.1.2/../../../../nios2-elf/lib\libc.a(lib_a-atexit.o)
                0x00811810                _atexit0
                0x008119a0                . = ALIGN (0x4)
                0x008119a0                __bss_end = ABSOLUTE (.)

.sdram_0        0x008119a0        0x0
                0x008119a0                PROVIDE (_alt_partition_sdram_0_start, ABSOLUTE (.))
 *(.sdram_0. sdram_0.*)
                0x008119a0                . = ALIGN (0x4)
                0x008119a0                PROVIDE (_alt_partition_sdram_0_end, ABSOLUTE (.))
                0x008119a0                _end = ABSOLUTE (.)
                0x008119a0                end = ABSOLUTE (.)
                0x008119a0                __alt_stack_base = ABSOLUTE (.)
                0x008119a0                PROVIDE (_alt_partition_sdram_0_load_addr, LOADADDR (.sdram_0))

.stab
 *(.stab)

.stabstr
 *(.stabstr)

.stab.excl
 *(.stab.excl)

.stab.exclstr
 *(.stab.exclstr)

.stab.index
 *(.stab.index)

.stab.indexstr
 *(.stab.indexstr)

.comment        0x00000000       0x26
 *(.comment)
 .comment       0x00000000       0x26 obj/default/Excercises/excercise2.o
                                 0x27 (size before relaxing)
 .comment       0x00000000       0x27 obj/default/hello_world.o
 .comment       0x00000000       0x27 obj/default/timer.o
 .comment       0x00000000       0x27 c:/altera/12.0sp2/nios2eds/bin/gnu/h-i686-mingw32/bin/../lib/gcc/nios2-elf/4.1.2\libgcc.a(_div_sf.o)
 .comment       0x00000000       0x27 c:/altera/12.0sp2/nios2eds/bin/gnu/h-i686-mingw32/bin/../lib/gcc/nios2-elf/4.1.2\libgcc.a(_si_to_sf.o)
 .comment       0x00000000       0x27 c:/altera/12.0sp2/nios2eds/bin/gnu/h-i686-mingw32/bin/../lib/gcc/nios2-elf/4.1.2\libgcc.a(_sf_to_df.o)
 .comment       0x00000000       0x27 c:/altera/12.0sp2/nios2eds/bin/gnu/h-i686-mingw32/bin/../lib/gcc/nios2-elf/4.1.2\libgcc.a(_thenan_sf.o)
 .comment       0x00000000       0x27 c:/altera/12.0sp2/nios2eds/bin/gnu/h-i686-mingw32/bin/../lib/gcc/nios2-elf/4.1.2\libgcc.a(_usi_to_sf.o)
 .comment       0x00000000       0x27 c:/altera/12.0sp2/nios2eds/bin/gnu/h-i686-mingw32/bin/../lib/gcc/nios2-elf/4.1.2\libgcc.a(_make_df.o)
 .comment       0x00000000       0x27 c:/altera/12.0sp2/nios2eds/bin/gnu/h-i686-mingw32/bin/../lib/gcc/nios2-elf/4.1.2\libgcc.a(_clzsi2.o)
 .comment       0x00000000       0x27 c:/altera/12.0sp2/nios2eds/bin/gnu/h-i686-mingw32/bin/../lib/gcc/nios2-elf/4.1.2\libgcc.a(_pack_sf.o)
 .comment       0x00000000       0x27 c:/altera/12.0sp2/nios2eds/bin/gnu/h-i686-mingw32/bin/../lib/gcc/nios2-elf/4.1.2\libgcc.a(_unpack_sf.o)
 .comment       0x00000000       0x27 c:/altera/12.0sp2/nios2eds/bin/gnu/h-i686-mingw32/bin/../lib/gcc/nios2-elf/4.1.2\libgcc.a(_pack_df.o)
 .comment       0x00000000       0x27 c:/altera/12.0sp2/nios2eds/bin/gnu/h-i686-mingw32/bin/../lib/gcc/nios2-elf/4.1.2\libgcc.a(_clz.o)
 .comment       0x00000000       0x27 c:/altera/12.0sp2/nios2eds/bin/gnu/h-i686-mingw32/bin/../lib/gcc/nios2-elf/4.1.2/../../../../nios2-elf/lib\libc.a(lib_a-printf.o)
 .comment       0x00000000       0x27 c:/altera/12.0sp2/nios2eds/bin/gnu/h-i686-mingw32/bin/../lib/gcc/nios2-elf/4.1.2/../../../../nios2-elf/lib\libc.a(lib_a-puts.o)
 .comment       0x00000000       0x27 c:/altera/12.0sp2/nios2eds/bin/gnu/h-i686-mingw32/bin/../lib/gcc/nios2-elf/4.1.2/../../../../nios2-elf/lib\libc.a(lib_a-strlen.o)
 .comment       0x00000000       0x27 c:/altera/12.0sp2/nios2eds/bin/gnu/h-i686-mingw32/bin/../lib/gcc/nios2-elf/4.1.2/../../../../nios2-elf/lib\libc.a(lib_a-vfprintf.o)
 .comment       0x00000000       0x27 c:/altera/12.0sp2/nios2eds/bin/gnu/h-i686-mingw32/bin/../lib/gcc/nios2-elf/4.1.2/../../../../nios2-elf/lib\libc.a(lib_a-wsetup.o)
 .comment       0x00000000       0x27 c:/altera/12.0sp2/nios2eds/bin/gnu/h-i686-mingw32/bin/../lib/gcc/nios2-elf/4.1.2/../../../../nios2-elf/lib\libc.a(lib_a-dtoa.o)
 .comment       0x00000000       0x27 c:/altera/12.0sp2/nios2eds/bin/gnu/h-i686-mingw32/bin/../lib/gcc/nios2-elf/4.1.2/../../../../nios2-elf/lib\libc.a(lib_a-fflush.o)
 .comment       0x00000000       0x27 c:/altera/12.0sp2/nios2eds/bin/gnu/h-i686-mingw32/bin/../lib/gcc/nios2-elf/4.1.2/../../../../nios2-elf/lib\libc.a(lib_a-findfp.o)
 .comment       0x00000000       0x27 c:/altera/12.0sp2/nios2eds/bin/gnu/h-i686-mingw32/bin/../lib/gcc/nios2-elf/4.1.2/../../../../nios2-elf/lib\libc.a(lib_a-freer.o)
 .comment       0x00000000       0x27 c:/altera/12.0sp2/nios2eds/bin/gnu/h-i686-mingw32/bin/../lib/gcc/nios2-elf/4.1.2/../../../../nios2-elf/lib\libc.a(lib_a-fvwrite.o)
 .comment       0x00000000       0x27 c:/altera/12.0sp2/nios2eds/bin/gnu/h-i686-mingw32/bin/../lib/gcc/nios2-elf/4.1.2/../../../../nios2-elf/lib\libc.a(lib_a-fwalk.o)
 .comment       0x00000000       0x27 c:/altera/12.0sp2/nios2eds/bin/gnu/h-i686-mingw32/bin/../lib/gcc/nios2-elf/4.1.2/../../../../nios2-elf/lib\libc.a(lib_a-impure.o)
 .comment       0x00000000       0x27 c:/altera/12.0sp2/nios2eds/bin/gnu/h-i686-mingw32/bin/../lib/gcc/nios2-elf/4.1.2/../../../../nios2-elf/lib\libc.a(lib_a-locale.o)
 .comment       0x00000000       0x27 c:/altera/12.0sp2/nios2eds/bin/gnu/h-i686-mingw32/bin/../lib/gcc/nios2-elf/4.1.2/../../../../nios2-elf/lib\libc.a(lib_a-makebuf.o)
 .comment       0x00000000       0x27 c:/altera/12.0sp2/nios2eds/bin/gnu/h-i686-mingw32/bin/../lib/gcc/nios2-elf/4.1.2/../../../../nios2-elf/lib\libc.a(lib_a-mallocr.o)
 .comment       0x00000000       0x27 c:/altera/12.0sp2/nios2eds/bin/gnu/h-i686-mingw32/bin/../lib/gcc/nios2-elf/4.1.2/../../../../nios2-elf/lib\libc.a(lib_a-memchr.o)
 .comment       0x00000000       0x27 c:/altera/12.0sp2/nios2eds/bin/gnu/h-i686-mingw32/bin/../lib/gcc/nios2-elf/4.1.2/../../../../nios2-elf/lib\libc.a(lib_a-memcpy.o)
 .comment       0x00000000       0x27 c:/altera/12.0sp2/nios2eds/bin/gnu/h-i686-mingw32/bin/../lib/gcc/nios2-elf/4.1.2/../../../../nios2-elf/lib\libc.a(lib_a-memmove.o)
 .comment       0x00000000       0x27 c:/altera/12.0sp2/nios2eds/bin/gnu/h-i686-mingw32/bin/../lib/gcc/nios2-elf/4.1.2/../../../../nios2-elf/lib\libc.a(lib_a-memset.o)
 .comment       0x00000000       0x27 c:/altera/12.0sp2/nios2eds/bin/gnu/h-i686-mingw32/bin/../lib/gcc/nios2-elf/4.1.2/../../../../nios2-elf/lib\libc.a(lib_a-mprec.o)
 .comment       0x00000000       0x27 c:/altera/12.0sp2/nios2eds/bin/gnu/h-i686-mingw32/bin/../lib/gcc/nios2-elf/4.1.2/../../../../nios2-elf/lib\libc.a(lib_a-reallocr.o)
 .comment       0x00000000       0x27 c:/altera/12.0sp2/nios2eds/bin/gnu/h-i686-mingw32/bin/../lib/gcc/nios2-elf/4.1.2/../../../../nios2-elf/lib\libc.a(lib_a-s_isinfd.o)
 .comment       0x00000000       0x27 c:/altera/12.0sp2/nios2eds/bin/gnu/h-i686-mingw32/bin/../lib/gcc/nios2-elf/4.1.2/../../../../nios2-elf/lib\libc.a(lib_a-s_isnand.o)
 .comment       0x00000000       0x27 c:/altera/12.0sp2/nios2eds/bin/gnu/h-i686-mingw32/bin/../lib/gcc/nios2-elf/4.1.2/../../../../nios2-elf/lib\libc.a(lib_a-sbrkr.o)
 .comment       0x00000000       0x27 c:/altera/12.0sp2/nios2eds/bin/gnu/h-i686-mingw32/bin/../lib/gcc/nios2-elf/4.1.2/../../../../nios2-elf/lib\libc.a(lib_a-stdio.o)
 .comment       0x00000000       0x27 c:/altera/12.0sp2/nios2eds/bin/gnu/h-i686-mingw32/bin/../lib/gcc/nios2-elf/4.1.2/../../../../nios2-elf/lib\libc.a(lib_a-strcmp.o)
 .comment       0x00000000       0x27 c:/altera/12.0sp2/nios2eds/bin/gnu/h-i686-mingw32/bin/../lib/gcc/nios2-elf/4.1.2/../../../../nios2-elf/lib\libc.a(lib_a-writer.o)
 .comment       0x00000000       0x27 c:/altera/12.0sp2/nios2eds/bin/gnu/h-i686-mingw32/bin/../lib/gcc/nios2-elf/4.1.2/../../../../nios2-elf/lib\libc.a(lib_a-callocr.o)
 .comment       0x00000000       0x27 c:/altera/12.0sp2/nios2eds/bin/gnu/h-i686-mingw32/bin/../lib/gcc/nios2-elf/4.1.2/../../../../nios2-elf/lib\libc.a(lib_a-closer.o)
 .comment       0x00000000       0x27 c:/altera/12.0sp2/nios2eds/bin/gnu/h-i686-mingw32/bin/../lib/gcc/nios2-elf/4.1.2/../../../../nios2-elf/lib\libc.a(lib_a-fclose.o)
 .comment       0x00000000       0x27 c:/altera/12.0sp2/nios2eds/bin/gnu/h-i686-mingw32/bin/../lib/gcc/nios2-elf/4.1.2/../../../../nios2-elf/lib\libc.a(lib_a-fstatr.o)
 .comment       0x00000000       0x27 c:/altera/12.0sp2/nios2eds/bin/gnu/h-i686-mingw32/bin/../lib/gcc/nios2-elf/4.1.2/../../../../nios2-elf/lib\libc.a(lib_a-int_errno.o)
 .comment       0x00000000       0x27 c:/altera/12.0sp2/nios2eds/bin/gnu/h-i686-mingw32/bin/../lib/gcc/nios2-elf/4.1.2/../../../../nios2-elf/lib\libc.a(lib_a-isattyr.o)
 .comment       0x00000000       0x27 c:/altera/12.0sp2/nios2eds/bin/gnu/h-i686-mingw32/bin/../lib/gcc/nios2-elf/4.1.2/../../../../nios2-elf/lib\libc.a(lib_a-lseekr.o)
 .comment       0x00000000       0x27 c:/altera/12.0sp2/nios2eds/bin/gnu/h-i686-mingw32/bin/../lib/gcc/nios2-elf/4.1.2/../../../../nios2-elf/lib\libc.a(lib_a-readr.o)
 .comment       0x00000000       0x27 c:/altera/12.0sp2/nios2eds/bin/gnu/h-i686-mingw32/bin/../lib/gcc/nios2-elf/4.1.2\libgcc.a(_udivdi3.o)
 .comment       0x00000000       0x27 c:/altera/12.0sp2/nios2eds/bin/gnu/h-i686-mingw32/bin/../lib/gcc/nios2-elf/4.1.2\libgcc.a(_umoddi3.o)
 .comment       0x00000000       0x27 c:/altera/12.0sp2/nios2eds/bin/gnu/h-i686-mingw32/bin/../lib/gcc/nios2-elf/4.1.2\libgcc.a(_addsub_df.o)
 .comment       0x00000000       0x27 c:/altera/12.0sp2/nios2eds/bin/gnu/h-i686-mingw32/bin/../lib/gcc/nios2-elf/4.1.2\libgcc.a(_mul_df.o)
 .comment       0x00000000       0x27 c:/altera/12.0sp2/nios2eds/bin/gnu/h-i686-mingw32/bin/../lib/gcc/nios2-elf/4.1.2\libgcc.a(_div_df.o)
 .comment       0x00000000       0x27 c:/altera/12.0sp2/nios2eds/bin/gnu/h-i686-mingw32/bin/../lib/gcc/nios2-elf/4.1.2\libgcc.a(_eq_df.o)
 .comment       0x00000000       0x27 c:/altera/12.0sp2/nios2eds/bin/gnu/h-i686-mingw32/bin/../lib/gcc/nios2-elf/4.1.2\libgcc.a(_ne_df.o)
 .comment       0x00000000       0x27 c:/altera/12.0sp2/nios2eds/bin/gnu/h-i686-mingw32/bin/../lib/gcc/nios2-elf/4.1.2\libgcc.a(_gt_df.o)
 .comment       0x00000000       0x27 c:/altera/12.0sp2/nios2eds/bin/gnu/h-i686-mingw32/bin/../lib/gcc/nios2-elf/4.1.2\libgcc.a(_ge_df.o)
 .comment       0x00000000       0x27 c:/altera/12.0sp2/nios2eds/bin/gnu/h-i686-mingw32/bin/../lib/gcc/nios2-elf/4.1.2\libgcc.a(_lt_df.o)
 .comment       0x00000000       0x27 c:/altera/12.0sp2/nios2eds/bin/gnu/h-i686-mingw32/bin/../lib/gcc/nios2-elf/4.1.2\libgcc.a(_si_to_df.o)
 .comment       0x00000000       0x27 c:/altera/12.0sp2/nios2eds/bin/gnu/h-i686-mingw32/bin/../lib/gcc/nios2-elf/4.1.2\libgcc.a(_df_to_si.o)
 .comment       0x00000000       0x27 c:/altera/12.0sp2/nios2eds/bin/gnu/h-i686-mingw32/bin/../lib/gcc/nios2-elf/4.1.2\libgcc.a(_thenan_df.o)
 .comment       0x00000000       0x27 c:/altera/12.0sp2/nios2eds/bin/gnu/h-i686-mingw32/bin/../lib/gcc/nios2-elf/4.1.2\libgcc.a(_usi_to_df.o)
 .comment       0x00000000       0x27 c:/altera/12.0sp2/nios2eds/bin/gnu/h-i686-mingw32/bin/../lib/gcc/nios2-elf/4.1.2\libgcc.a(lib2-divmod.o)
 .comment       0x00000000       0x27 c:/altera/12.0sp2/nios2eds/bin/gnu/h-i686-mingw32/bin/../lib/gcc/nios2-elf/4.1.2\libgcc.a(_muldi3.o)
 .comment       0x00000000       0x27 c:/altera/12.0sp2/nios2eds/bin/gnu/h-i686-mingw32/bin/../lib/gcc/nios2-elf/4.1.2\libgcc.a(_unpack_df.o)
 .comment       0x00000000       0x27 c:/altera/12.0sp2/nios2eds/bin/gnu/h-i686-mingw32/bin/../lib/gcc/nios2-elf/4.1.2\libgcc.a(_fpcmp_parts_df.o)
 .comment       0x00000000       0x27 C:\Users\Gord\Documents\repos\LaserSharknado\LaserSharknado_bsp\libhal_bsp.a(alt_close.o)
 .comment       0x00000000       0x27 C:\Users\Gord\Documents\repos\LaserSharknado\LaserSharknado_bsp\libhal_bsp.a(alt_dev.o)
 .comment       0x00000000       0x27 C:\Users\Gord\Documents\repos\LaserSharknado\LaserSharknado_bsp\libhal_bsp.a(alt_errno.o)
 .comment       0x00000000       0x27 C:\Users\Gord\Documents\repos\LaserSharknado\LaserSharknado_bsp\libhal_bsp.a(alt_fstat.o)
 .comment       0x00000000       0x27 C:\Users\Gord\Documents\repos\LaserSharknado\LaserSharknado_bsp\libhal_bsp.a(alt_isatty.o)
 .comment       0x00000000       0x27 C:\Users\Gord\Documents\repos\LaserSharknado\LaserSharknado_bsp\libhal_bsp.a(alt_load.o)
 .comment       0x00000000       0x27 C:\Users\Gord\Documents\repos\LaserSharknado\LaserSharknado_bsp\libhal_bsp.a(alt_lseek.o)
 .comment       0x00000000       0x27 C:\Users\Gord\Documents\repos\LaserSharknado\LaserSharknado_bsp\libhal_bsp.a(alt_main.o)
 .comment       0x00000000       0x27 C:\Users\Gord\Documents\repos\LaserSharknado\LaserSharknado_bsp\libhal_bsp.a(alt_malloc_lock.o)
 .comment       0x00000000       0x27 C:\Users\Gord\Documents\repos\LaserSharknado\LaserSharknado_bsp\libhal_bsp.a(alt_read.o)
 .comment       0x00000000       0x27 C:\Users\Gord\Documents\repos\LaserSharknado\LaserSharknado_bsp\libhal_bsp.a(alt_release_fd.o)
 .comment       0x00000000       0x27 C:\Users\Gord\Documents\repos\LaserSharknado\LaserSharknado_bsp\libhal_bsp.a(alt_sbrk.o)
 .comment       0x00000000       0x27 C:\Users\Gord\Documents\repos\LaserSharknado\LaserSharknado_bsp\libhal_bsp.a(alt_tick.o)
 .comment       0x00000000       0x27 C:\Users\Gord\Documents\repos\LaserSharknado\LaserSharknado_bsp\libhal_bsp.a(alt_usleep.o)
 .comment       0x00000000       0x27 C:\Users\Gord\Documents\repos\LaserSharknado\LaserSharknado_bsp\libhal_bsp.a(alt_write.o)
 .comment       0x00000000       0x27 C:\Users\Gord\Documents\repos\LaserSharknado\LaserSharknado_bsp\libhal_bsp.a(alt_sys_init.o)
 .comment       0x00000000       0x27 C:\Users\Gord\Documents\repos\LaserSharknado\LaserSharknado_bsp\libhal_bsp.a(altera_avalon_jtag_uart_fd.o)
 .comment       0x00000000       0x27 C:\Users\Gord\Documents\repos\LaserSharknado\LaserSharknado_bsp\libhal_bsp.a(altera_avalon_jtag_uart_init.o)
 .comment       0x00000000       0x27 C:\Users\Gord\Documents\repos\LaserSharknado\LaserSharknado_bsp\libhal_bsp.a(altera_avalon_jtag_uart_ioctl.o)
 .comment       0x00000000       0x27 C:\Users\Gord\Documents\repos\LaserSharknado\LaserSharknado_bsp\libhal_bsp.a(altera_avalon_jtag_uart_read.o)
 .comment       0x00000000       0x27 C:\Users\Gord\Documents\repos\LaserSharknado\LaserSharknado_bsp\libhal_bsp.a(altera_avalon_jtag_uart_write.o)
 .comment       0x00000000       0x27 C:\Users\Gord\Documents\repos\LaserSharknado\LaserSharknado_bsp\libhal_bsp.a(altera_avalon_timer_sc.o)
 .comment       0x00000000       0x27 C:\Users\Gord\Documents\repos\LaserSharknado\LaserSharknado_bsp\libhal_bsp.a(altera_avalon_timer_ts.o)
 .comment       0x00000000       0x27 C:\Users\Gord\Documents\repos\LaserSharknado\LaserSharknado_bsp\libhal_bsp.a(altera_avalon_timer_vars.o)
 .comment       0x00000000       0x27 C:\Users\Gord\Documents\repos\LaserSharknado\LaserSharknado_bsp\libhal_bsp.a(altera_up_avalon_character_lcd.o)
 .comment       0x00000000       0x27 C:\Users\Gord\Documents\repos\LaserSharknado\LaserSharknado_bsp\libhal_bsp.a(alt_alarm_start.o)
 .comment       0x00000000       0x27 C:\Users\Gord\Documents\repos\LaserSharknado\LaserSharknado_bsp\libhal_bsp.a(alt_busy_sleep.o)
 .comment       0x00000000       0x27 C:\Users\Gord\Documents\repos\LaserSharknado\LaserSharknado_bsp\libhal_bsp.a(alt_dcache_flush_all.o)
 .comment       0x00000000       0x27 C:\Users\Gord\Documents\repos\LaserSharknado\LaserSharknado_bsp\libhal_bsp.a(alt_dev_llist_insert.o)
 .comment       0x00000000       0x27 C:\Users\Gord\Documents\repos\LaserSharknado\LaserSharknado_bsp\libhal_bsp.a(alt_do_ctors.o)
 .comment       0x00000000       0x27 C:\Users\Gord\Documents\repos\LaserSharknado\LaserSharknado_bsp\libhal_bsp.a(alt_do_dtors.o)