Archive member included because of file (symbol)

f:/windowsstuff/12.0/nios2eds/bin/gnu/h-i686-mingw32/bin/../lib/gcc/nios2-elf/4.1.2/../../../../nios2-elf/lib\libm.a(lib_a-s_sin.o)
                              obj/default/audio.o (sin)
f:/windowsstuff/12.0/nios2eds/bin/gnu/h-i686-mingw32/bin/../lib/gcc/nios2-elf/4.1.2/../../../../nios2-elf/lib\libm.a(lib_a-e_rem_pio2.o)
                              f:/windowsstuff/12.0/nios2eds/bin/gnu/h-i686-mingw32/bin/../lib/gcc/nios2-elf/4.1.2/../../../../nios2-elf/lib\libm.a(lib_a-s_sin.o) (__ieee754_rem_pio2)
f:/windowsstuff/12.0/nios2eds/bin/gnu/h-i686-mingw32/bin/../lib/gcc/nios2-elf/4.1.2/../../../../nios2-elf/lib\libm.a(lib_a-k_cos.o)
                              f:/windowsstuff/12.0/nios2eds/bin/gnu/h-i686-mingw32/bin/../lib/gcc/nios2-elf/4.1.2/../../../../nios2-elf/lib\libm.a(lib_a-s_sin.o) (__kernel_cos)
f:/windowsstuff/12.0/nios2eds/bin/gnu/h-i686-mingw32/bin/../lib/gcc/nios2-elf/4.1.2/../../../../nios2-elf/lib\libm.a(lib_a-k_rem_pio2.o)
                              f:/windowsstuff/12.0/nios2eds/bin/gnu/h-i686-mingw32/bin/../lib/gcc/nios2-elf/4.1.2/../../../../nios2-elf/lib\libm.a(lib_a-e_rem_pio2.o) (__kernel_rem_pio2)
f:/windowsstuff/12.0/nios2eds/bin/gnu/h-i686-mingw32/bin/../lib/gcc/nios2-elf/4.1.2/../../../../nios2-elf/lib\libm.a(lib_a-k_sin.o)
                              f:/windowsstuff/12.0/nios2eds/bin/gnu/h-i686-mingw32/bin/../lib/gcc/nios2-elf/4.1.2/../../../../nios2-elf/lib\libm.a(lib_a-s_sin.o) (__kernel_sin)
f:/windowsstuff/12.0/nios2eds/bin/gnu/h-i686-mingw32/bin/../lib/gcc/nios2-elf/4.1.2/../../../../nios2-elf/lib\libm.a(lib_a-s_fabs.o)
                              f:/windowsstuff/12.0/nios2eds/bin/gnu/h-i686-mingw32/bin/../lib/gcc/nios2-elf/4.1.2/../../../../nios2-elf/lib\libm.a(lib_a-e_rem_pio2.o) (fabs)
f:/windowsstuff/12.0/nios2eds/bin/gnu/h-i686-mingw32/bin/../lib/gcc/nios2-elf/4.1.2/../../../../nios2-elf/lib\libm.a(lib_a-s_floor.o)
                              f:/windowsstuff/12.0/nios2eds/bin/gnu/h-i686-mingw32/bin/../lib/gcc/nios2-elf/4.1.2/../../../../nios2-elf/lib\libm.a(lib_a-k_rem_pio2.o) (floor)
f:/windowsstuff/12.0/nios2eds/bin/gnu/h-i686-mingw32/bin/../lib/gcc/nios2-elf/4.1.2/../../../../nios2-elf/lib\libm.a(lib_a-s_scalbn.o)
                              f:/windowsstuff/12.0/nios2eds/bin/gnu/h-i686-mingw32/bin/../lib/gcc/nios2-elf/4.1.2/../../../../nios2-elf/lib\libm.a(lib_a-k_rem_pio2.o) (scalbn)
f:/windowsstuff/12.0/nios2eds/bin/gnu/h-i686-mingw32/bin/../lib/gcc/nios2-elf/4.1.2/../../../../nios2-elf/lib\libm.a(lib_a-s_copysign.o)
                              f:/windowsstuff/12.0/nios2eds/bin/gnu/h-i686-mingw32/bin/../lib/gcc/nios2-elf/4.1.2/../../../../nios2-elf/lib\libm.a(lib_a-s_scalbn.o) (copysign)
f:/windowsstuff/12.0/nios2eds/bin/gnu/h-i686-mingw32/bin/../lib/gcc/nios2-elf/4.1.2\libgcc.a(_fixunsdfsi.o)
                              obj/default/audio.o (__fixunsdfsi)
f:/windowsstuff/12.0/nios2eds/bin/gnu/h-i686-mingw32/bin/../lib/gcc/nios2-elf/4.1.2\libgcc.a(_div_sf.o)
                              obj/default/timer.o (__divsf3)
f:/windowsstuff/12.0/nios2eds/bin/gnu/h-i686-mingw32/bin/../lib/gcc/nios2-elf/4.1.2\libgcc.a(_si_to_sf.o)
                              obj/default/audio.o (__floatsisf)
f:/windowsstuff/12.0/nios2eds/bin/gnu/h-i686-mingw32/bin/../lib/gcc/nios2-elf/4.1.2\libgcc.a(_sf_to_df.o)
                              obj/default/audio.o (__extendsfdf2)
f:/windowsstuff/12.0/nios2eds/bin/gnu/h-i686-mingw32/bin/../lib/gcc/nios2-elf/4.1.2\libgcc.a(_thenan_sf.o)
                              f:/windowsstuff/12.0/nios2eds/bin/gnu/h-i686-mingw32/bin/../lib/gcc/nios2-elf/4.1.2\libgcc.a(_div_sf.o) (__thenan_sf)
f:/windowsstuff/12.0/nios2eds/bin/gnu/h-i686-mingw32/bin/../lib/gcc/nios2-elf/4.1.2\libgcc.a(_addsub_df.o)
                              f:/windowsstuff/12.0/nios2eds/bin/gnu/h-i686-mingw32/bin/../lib/gcc/nios2-elf/4.1.2/../../../../nios2-elf/lib\libm.a(lib_a-s_sin.o) (__subdf3)
f:/windowsstuff/12.0/nios2eds/bin/gnu/h-i686-mingw32/bin/../lib/gcc/nios2-elf/4.1.2\libgcc.a(_mul_df.o)
                              obj/default/audio.o (__muldf3)
f:/windowsstuff/12.0/nios2eds/bin/gnu/h-i686-mingw32/bin/../lib/gcc/nios2-elf/4.1.2\libgcc.a(_div_df.o)
                              obj/default/audio.o (__divdf3)
f:/windowsstuff/12.0/nios2eds/bin/gnu/h-i686-mingw32/bin/../lib/gcc/nios2-elf/4.1.2\libgcc.a(_eq_df.o)
                              f:/windowsstuff/12.0/nios2eds/bin/gnu/h-i686-mingw32/bin/../lib/gcc/nios2-elf/4.1.2/../../../../nios2-elf/lib\libm.a(lib_a-e_rem_pio2.o) (__eqdf2)
f:/windowsstuff/12.0/nios2eds/bin/gnu/h-i686-mingw32/bin/../lib/gcc/nios2-elf/4.1.2\libgcc.a(_gt_df.o)
                              f:/windowsstuff/12.0/nios2eds/bin/gnu/h-i686-mingw32/bin/../lib/gcc/nios2-elf/4.1.2/../../../../nios2-elf/lib\libm.a(lib_a-s_floor.o) (__gtdf2)
f:/windowsstuff/12.0/nios2eds/bin/gnu/h-i686-mingw32/bin/../lib/gcc/nios2-elf/4.1.2\libgcc.a(_ge_df.o)
[...]
Memory Configuration

Name             Origin             Length             Attributes
reset            0x00800000         0x00000020
sdram_0          0x00800020         0x007fffe0
*default*        0x00000000         0xffffffff

Linker script and memory map

LOAD ../LaserSharknado_bsp/obj/HAL/src/crt0.o
LOAD obj/default/audio.o
LOAD obj/default/audio_up_hack.o
LOAD obj/default/hello_world.o
LOAD obj/default/player.o
LOAD obj/default/sd_card.o
LOAD obj/default/timer.o
LOAD obj/default/vga.o
LOAD f:/windowsstuff/12.0/nios2eds/bin/gnu/h-i686-mingw32/bin/../lib/gcc/nios2-elf/4.1.2/../../../../nios2-elf/lib\libstdc++.a
LOAD f:/windowsstuff/12.0/nios2eds/bin/gnu/h-i686-mingw32/bin/../lib/gcc/nios2-elf/4.1.2/../../../../nios2-elf/lib\libm.a
LOAD f:/windowsstuff/12.0/nios2eds/bin/gnu/h-i686-mingw32/bin/../lib/gcc/nios2-elf/4.1.2\libgcc.a
START GROUP
LOAD f:/windowsstuff/12.0/nios2eds/bin/gnu/h-i686-mingw32/bin/../lib/gcc/nios2-elf/4.1.2/../../../../nios2-elf/lib\libc.a
LOAD f:/windowsstuff/12.0/nios2eds/bin/gnu/h-i686-mingw32/bin/../lib/gcc/nios2-elf/4.1.2\libgcc.a
LOAD ../LaserSharknado_bsp\libhal_bsp.a
END GROUP
LOAD f:/windowsstuff/12.0/nios2eds/bin/gnu/h-i686-mingw32/bin/../lib/gcc/nios2-elf/4.1.2\libgcc.a
                0x00800000                __alt_mem_sdram_0 = 0x800000

.entry          0x00800000       0x20
 *(.entry)
 .entry         0x00800000       0x20 ../LaserSharknado_bsp/obj/HAL/src/crt0.o
                0x00800000                __reset

.exceptions     0x00800020      0x198
                0x00800020                PROVIDE (__ram_exceptions_start, ABSOLUTE (.))
                0x00800020                . = ALIGN (0x20)
 *(.irq)
 *(.exceptions.entry.label)
 .exceptions.entry.label
                0x00800020        0x0 ../LaserSharknado_bsp\libhal_bsp.a(alt_irq_entry.o)
                0x00800020                alt_irq_entry
 .exceptions.entry.label
                0x00800020        0x0 ../LaserSharknado_bsp\libhal_bsp.a(alt_exception_entry.o)
                0x00800020                alt_exception
 *(.exceptions.entry.user)
 *(.exceptions.entry)
 .exceptions.entry
                0x00800020       0x54 ../LaserSharknado_bsp\libhal_bsp.a(alt_exception_entry.o)
 *(.exceptions.irqtest.user)
 *(.exceptions.irqtest)
 .exceptions.irqtest
                0x00800074       0x10 ../LaserSharknado_bsp\libhal_bsp.a(alt_irq_entry.o)
 *(.exceptions.irqhandler.user)
 *(.exceptions.irqhandler)
 .exceptions.irqhandler
                0x00800084        0x4 ../LaserSharknado_bsp\libhal_bsp.a(alt_irq_entry.o)
 *(.exceptions.irqreturn.user)
 *(.exceptions.irqreturn)
 .exceptions.irqreturn
                0x00800088        0x4 ../LaserSharknado_bsp\libhal_bsp.a(alt_irq_entry.o)
 *(.exceptions.notirq.label)
 .exceptions.notirq.label
                0x0080008c        0x0 ../LaserSharknado_bsp\libhal_bsp.a(alt_irq_entry.o)
 *(.exceptions.notirq.user)
 *(.exceptions.notirq)
 .exceptions.notirq
                0x0080008c        0x8 ../LaserSharknado_bsp\libhal_bsp.a(alt_exception_entry.o)
 *(.exceptions.soft.user)
 *(.exceptions.soft)
 *(.exceptions.unknown.user)
 *(.exceptions.unknown)
 .exceptions.unknown
                0x00800094        0x4 ../LaserSharknado_bsp\libhal_bsp.a(alt_exception_entry.o)
 *(.exceptions.exit.label)
 .exceptions.exit.label
                0x00800098        0x0 ../LaserSharknado_bsp\libhal_bsp.a(alt_irq_entry.o)
 .exceptions.exit.label
                0x00800098        0x0 ../LaserSharknado_bsp\libhal_bsp.a(alt_exception_entry.o)
 *(.exceptions.exit.user)
 *(.exceptions.exit)
 .exceptions.exit
                0x00800098       0x54 ../LaserSharknado_bsp\libhal_bsp.a(alt_exception_entry.o)
 *(.exceptions)
 .exceptions    0x008000ec       0xcc ../LaserSharknado_bsp\libhal_bsp.a(alt_irq_handler.o)
                0x008000ec                alt_irq_handler
                0x008001b8                PROVIDE (__ram_exceptions_end, ABSOLUTE (.))
                0x00800020                PROVIDE (__flash_exceptions_start, LOADADDR (.exceptions))

.text           0x008001b8    0x17558
                0x008001b8                PROVIDE (stext, ABSOLUTE (.))
 *(.interp)
 *(.hash)
 *(.dynsym)
 *(.dynstr)
 *(.gnu.version)
 *(.gnu.version_d)
 *(.gnu.version_r)
 *(.rel.init)
 *(.rela.init)
 *(.rel.text .rel.text.* .rel.gnu.linkonce.t.*)
 *(.rela.text .rela.text.* .rela.gnu.linkonce.t.*)
 *(.rel.fini)
 *(.rela.fini)
 *(.rel.rodata .rel.rodata.* .rel.gnu.linkonce.r.*)
 *(.rela.rodata .rela.rodata.* .rela.gnu.linkonce.r.*)
 *(.rel.data .rel.data.* .rel.gnu.linkonce.d.*)
 *(.rela.data .rela.data.* .rela.gnu.linkonce.d.*)
 *(.rel.tdata .rel.tdata.* .rel.gnu.linkonce.td.*)
 *(.rela.tdata .rela.tdata.* .rela.gnu.linkonce.td.*)
 *(.rel.tbss .rel.tbss.* .rel.gnu.linkonce.tb.*)
 *(.rela.tbss .rela.tbss.* .rela.gnu.linkonce.tb.*)
 *(.rel.ctors)
 *(.rela.ctors)
 *(.rel.dtors)
 *(.rela.dtors)
 *(.rel.got)
 *(.rela.got)
 *(.rel.sdata .rel.sdata.* .rel.gnu.linkonce.s.*)
 *(.rela.sdata .rela.sdata.* .rela.gnu.linkonce.s.*)
 *(.rel.sbss .rel.sbss.* .rel.gnu.linkonce.sb.*)
 *(.rela.sbss .rela.sbss.* .rela.gnu.linkonce.sb.*)
 *(.rel.sdata2 .rel.sdata2.* .rel.gnu.linkonce.s2.*)
 *(.rela.sdata2 .rela.sdata2.* .rela.gnu.linkonce.s2.*)
 *(.rel.sbss2 .rel.sbss2.* .rel.gnu.linkonce.sb2.*)
 *(.rela.sbss2 .rela.sbss2.* .rela.gnu.linkonce.sb2.*)
 *(.rel.bss .rel.bss.* .rel.gnu.linkonce.b.*)
 *(.rela.bss .rela.bss.* .rela.gnu.linkonce.b.*)
 *(.rel.plt)
 *(.rela.plt)
 *(.rel.dyn)
 *(.init)
 *(.plt)
 *(.text .stub .text.* .gnu.linkonce.t.*)
 .text          0x008001b8       0x4c ../LaserSharknado_bsp/obj/HAL/src/crt0.o
                0x008001b8                _start
 .text          0x00800204      0x6f8 obj/default/audio.o
                0x00800204                setupAudio
                0x008003cc                playAudio
                0x0080046c                audioTest
                0x0080060c                testTone
                0x008006e0                playLaser1
                0x008007ec                readWavFile
 .text          0x008008fc        0x0 obj/default/audio_up_hack.o
 .text          0x008008fc       0xe0 obj/default/hello_world.o
                0x008008fc                main
 .text          0x008009dc        0x0 obj/default/player.o
 .text          0x008009dc      0x374 obj/default/sd_card.o
                0x008009dc                openSdCard
                0x00800a3c                openFile
                0x00800a7c                closeFile
                0x00800aac                readByte
                0x00800ae0                readWord
                0x00800b74                readDWord
                0x00800c48                getWavFileLength
                0x00800d00                readPastWavHeader
 .text          0x00800d50      0x360 obj/default/timer.o
                0x00800d50                timer_test
                0x00800fe0                setHardwareTimerPeriod
                0x00801028                isHardwareTimerRunning
                0x0080105c                hasHardwareTimerExpired
                0x00801084                startHardwareTimer
 .text          0x008010b0      0x224 obj/default/vga.o
                0x008010b0                setUp
                0x0080110c                clearScreen
                0x0080115c                drawLine
                0x00801224                printLine
                0x00801278                drawBox
 .text          0x008012d4      0x16c f:/windowsstuff/12.0/nios2eds/bin/gnu/h-i686-mingw32/bin/../lib/gcc/nios2-elf/4.1.2/../../../../nios2-elf/lib\libm.a(lib_a-s_sin.o)
                0x008012d4                sin
 .text          0x00801440      0x828 f:/windowsstuff/12.0/nios2eds/bin/gnu/h-i686-mingw32/bin/../lib/gcc/nios2-elf/4.1.2/../../../../nios2-elf/lib\libm.a(lib_a-e_rem_pio2.o)
                0x00801440                __ieee754_rem_pio2
 .text          0x00801c68      0x52c f:/windowsstuff/12.0/nios2eds/bin/gnu/h-i686-mingw32/bin/../lib/gcc/nios2-elf/4.1.2/../../../../nios2-elf/lib\libm.a(lib_a-k_cos.o)
                0x00801c68                __kernel_cos
 .text          0x00802194      0xe7c f:/windowsstuff/12.0/nios2eds/bin/gnu/h-i686-mingw32/bin/../lib/gcc/nios2-elf/4.1.2/../../../../nios2-elf/lib\libm.a(lib_a-k_rem_pio2.o)
                0x00802194                __kernel_rem_pio2
 .text          0x00803010      0x318 f:/windowsstuff/12.0/nios2eds/bin/gnu/h-i686-mingw32/bin/../lib/gcc/nios2-elf/4.1.2/../../../../nios2-elf/lib\libm.a(lib_a-k_sin.o)
                0x00803010                __kernel_sin
 .text          0x00803328       0x18 f:/windowsstuff/12.0/nios2eds/bin/gnu/h-i686-mingw32/bin/../lib/gcc/nios2-elf/4.1.2/../../../../nios2-elf/lib\libm.a(lib_a-s_fabs.o)
                0x00803328                fabs
 .text          0x00803340      0x224 f:/windowsstuff/12.0/nios2eds/bin/gnu/h-i686-mingw32/bin/../lib/gcc/nios2-elf/4.1.2/../../../../nios2-elf/lib\libm.a(lib_a-s_floor.o)
                0x00803340                floor
 .text          0x00803564      0x1e0 f:/windowsstuff/12.0/nios2eds/bin/gnu/h-i686-mingw32/bin/../lib/gcc/nios2-elf/4.1.2/../../../../nios2-elf/lib\libm.a(lib_a-s_scalbn.o)
                0x00803564                scalbn
 .text          0x00803744       0x24 f:/windowsstuff/12.0/nios2eds/bin/gnu/h-i686-mingw32/bin/../lib/gcc/nios2-elf/4.1.2/../../../../nios2-elf/lib\libm.a(lib_a-s_copysign.o)
                0x00803744                copysign
 .text          0x00803768       0xa4 f:/windowsstuff/12.0/nios2eds/bin/gnu/h-i686-mingw32/bin/../lib/gcc/nios2-elf/4.1.2\libgcc.a(_fixunsdfsi.o)
                0x00803768                __fixunsdfsi
 .text          0x0080380c      0x174 f:/windowsstuff/12.0/nios2eds/bin/gnu/h-i686-mingw32/bin/../lib/gcc/nios2-elf/4.1.2\libgcc.a(_div_sf.o)
                0x0080380c                __divsf3
 .text          0x00803980       0x98 f:/windowsstuff/12.0/nios2eds/bin/gnu/h-i686-mingw32/bin/../lib/gcc/nios2-elf/4.1.2\libgcc.a(_si_to_sf.o)
                0x00803980                __floatsisf
 .text          0x00803a18       0x54 f:/windowsstuff/12.0/nios2eds/bin/gnu/h-i686-mingw32/bin/../lib/gcc/nios2-elf/4.1.2\libgcc.a(_sf_to_df.o)
                0x00803a18                __extendsfdf2
 .text          0x00803a6c        0x0 f:/windowsstuff/12.0/nios2eds/bin/gnu/h-i686-mingw32/bin/../lib/gcc/nios2-elf/4.1.2\libgcc.a(_thenan_sf.o)
 .text          0x00803a6c      0x504 f:/windowsstuff/12.0/nios2eds/bin/gnu/h-i686-mingw32/bin/../lib/gcc/nios2-elf/4.1.2\libgcc.a(_addsub_df.o)
                0x00803e7c                __subdf3
                0x00803efc                __adddf3
 .text          0x00803f70      0x3c4 f:/windowsstuff/12.0/nios2eds/bin/gnu/h-i686-mingw32/bin/../lib/gcc/nios2-elf/4.1.2\libgcc.a(_mul_df.o)
                0x00803f70                __muldf3
 .text          0x00804334      0x258 f:/windowsstuff/12.0/nios2eds/bin/gnu/h-i686-mingw32/bin/../lib/gcc/nios2-elf/4.1.2\libgcc.a(_div_df.o)
                0x00804334                __divdf3
 .text          0x0080458c       0x88 f:/windowsstuff/12.0/nios2eds/bin/gnu/h-i686-mingw32/bin/../lib/gcc/nios2-elf/4.1.2\libgcc.a(_eq_df.o)
                0x0080458c                __eqdf2
 .text          0x00804614       0x88 f:/windowsstuff/12.0/nios2eds/bin/gnu/h-i686-mingw32/bin/../lib/gcc/nios2-elf/4.1.2\libgcc.a(_gt_df.o)
                0x00804614                __gtdf2
 .text          0x0080469c       0x88 f:/windowsstuff/12.0/nios2eds/bin/gnu/h-i686-mingw32/bin/../lib/gcc/nios2-elf/4.1.2\libgcc.a(_ge_df.o)
                0x0080469c                __gedf2
 .text          0x00804724       0xf8 f:/windowsstuff/12.0/nios2eds/bin/gnu/h-i686-mingw32/bin/../lib/gcc/nios2-elf/4.1.2\libgcc.a(_si_to_df.o)
                0x00804724                __floatsidf
 .text          0x0080481c       0xd8 f:/windowsstuff/12.0/nios2eds/bin/gnu/h-i686-mingw32/bin/../lib/gcc/nios2-elf/4.1.2\libgcc.a(_df_to_si.o)
                0x0080481c                __fixdfsi
 .text          0x008048f4       0x38 f:/windowsstuff/12.0/nios2eds/bin/gnu/h-i686-mingw32/bin/../lib/gcc/nios2-elf/4.1.2\libgcc.a(_make_df.o)
                0x008048f4                __make_dp
 .text          0x0080492c        0x0 f:/windowsstuff/12.0/nios2eds/bin/gnu/h-i686-mingw32/bin/../lib/gcc/nios2-elf/4.1.2\libgcc.a(_thenan_df.o)
 .text          0x0080492c      0x14c f:/windowsstuff/12.0/nios2eds/bin/gnu/h-i686-mingw32/bin/../lib/gcc/nios2-elf/4.1.2\libgcc.a(lib2-divmod.o)
                0x008049a8                __divsi3
                0x00804a08                __modsi3
                0x00804a68                __udivsi3
                0x00804a70                __umodsi3
 .text          0x00804a78       0x98 f:/windowsstuff/12.0/nios2eds/bin/gnu/h-i686-mingw32/bin/../lib/gcc/nios2-elf/4.1.2\libgcc.a(_muldi3.o)
                0x00804a78                __muldi3
 .text          0x00804b10       0x80 f:/windowsstuff/12.0/nios2eds/bin/gnu/h-i686-mingw32/bin/../lib/gcc/nios2-elf/4.1.2\libgcc.a(_clzsi2.o)
                0x00804b10                __clzsi2
 .text          0x00804b90      0x160 f:/windowsstuff/12.0/nios2eds/bin/gnu/h-i686-mingw32/bin/../lib/gcc/nios2-elf/4.1.2\libgcc.a(_pack_sf.o)
                0x00804b90                __pack_f
 .text          0x00804cf0       0xc8 f:/windowsstuff/12.0/nios2eds/bin/gnu/h-i686-mingw32/bin/../lib/gcc/nios2-elf/4.1.2\libgcc.a(_unpack_sf.o)
                0x00804cf0                __unpack_f
 .text          0x00804db8      0x314 f:/windowsstuff/12.0/nios2eds/bin/gnu/h-i686-mingw32/bin/../lib/gcc/nios2-elf/4.1.2\libgcc.a(_pack_df.o)
                0x00804db8                __pack_d
 .text          0x008050cc      0x138 f:/windowsstuff/12.0/nios2eds/bin/gnu/h-i686-mingw32/bin/../lib/gcc/nios2-elf/4.1.2\libgcc.a(_unpack_df.o)
                0x008050cc                __unpack_d
 .text          0x00805204       0xc8 f:/windowsstuff/12.0/nios2eds/bin/gnu/h-i686-mingw32/bin/../lib/gcc/nios2-elf/4.1.2\libgcc.a(_fpcmp_parts_df.o)
                0x00805204                __fpcmp_parts_d
 .text          0x008052cc        0x0 f:/windowsstuff/12.0/nios2eds/bin/gnu/h-i686-mingw32/bin/../lib/gcc/nios2-elf/4.1.2\libgcc.a(_clz.o)
 .text          0x008052cc       0x28 f:/windowsstuff/12.0/nios2eds/bin/gnu/h-i686-mingw32/bin/../lib/gcc/nios2-elf/4.1.2/../../../../nios2-elf/lib\libc.a(lib_a-malloc.o)
                0x008052cc                free
                0x008052e0                malloc
 .text          0x008052f4      0x740 f:/windowsstuff/12.0/nios2eds/bin/gnu/h-i686-mingw32/bin/../lib/gcc/nios2-elf/4.1.2/../../../../nios2-elf/lib\libc.a(lib_a-mallocr.o)
                0x008052f4                _malloc_r
 .text          0x00805a34       0x78 f:/windowsstuff/12.0/nios2eds/bin/gnu/h-i686-mingw32/bin/../lib/gcc/nios2-elf/4.1.2/../../../../nios2-elf/lib\libc.a(lib_a-printf.o)
                0x00805a34                printf
                0x00805a78                _printf_r
 .text          0x00805aac       0xb4 f:/windowsstuff/12.0/nios2eds/bin/gnu/h-i686-mingw32/bin/../lib/gcc/nios2-elf/4.1.2/../../../../nios2-elf/lib\libc.a(lib_a-puts.o)
                0x00805aac                _puts_r
                0x00805b4c                puts
 .text          0x00805b60       0x70 f:/windowsstuff/12.0/nios2eds/bin/gnu/h-i686-mingw32/bin/../lib/gcc/nios2-elf/4.1.2/../../../../nios2-elf/lib\libc.a(lib_a-sbrkr.o)
                0x00805b60                _sbrk_r
 .text          0x00805bd0       0x74 f:/windowsstuff/12.0/nios2eds/bin/gnu/h-i686-mingw32/bin/../lib/gcc/nios2-elf/4.1.2/../../../../nios2-elf/lib\libc.a(lib_a-strlen.o)
                0x00805bd0                strlen
 .text          0x00805c44     0x1f28 f:/windowsstuff/12.0/nios2eds/bin/gnu/h-i686-mingw32/bin/../lib/gcc/nios2-elf/4.1.2/../../../../nios2-elf/lib\libc.a(lib_a-vfprintf.o)
                0x00805c9c                ___vfprintf_internal_r
                0x00807b48                __vfprintf_internal
 .text          0x00807b6c      0x13c f:/windowsstuff/12.0/nios2eds/bin/gnu/h-i686-mingw32/bin/../lib/gcc/nios2-elf/4.1.2/../../../../nios2-elf/lib\libc.a(lib_a-wsetup.o)
                0x00807b6c                __swsetup_r
 .text          0x00807ca8     0x17cc f:/windowsstuff/12.0/nios2eds/bin/gnu/h-i686-mingw32/bin/../lib/gcc/nios2-elf/4.1.2/../../../../nios2-elf/lib\libc.a(lib_a-dtoa.o)
                0x00807ec0                _dtoa_r
 .text          0x00809474      0x230 f:/windowsstuff/12.0/nios2eds/bin/gnu/h-i686-mingw32/bin/../lib/gcc/nios2-elf/4.1.2/../../../../nios2-elf/lib\libc.a(lib_a-fflush.o)
                0x00809474                _fflush_r
                0x00809670                fflush
 .text          0x008096a4      0x2c0 f:/windowsstuff/12.0/nios2eds/bin/gnu/h-i686-mingw32/bin/../lib/gcc/nios2-elf/4.1.2/../../../../nios2-elf/lib\libc.a(lib_a-findfp.o)
                0x008096fc                __sfp_lock_acquire
                0x00809700                __sfp_lock_release
                0x00809704                __sinit_lock_acquire
                0x00809708                __sinit_lock_release
                0x0080970c                __sinit
                0x008097c0                __fp_unlock_all
                0x008097d8                __fp_lock_all
                0x008097f0                _cleanup_r
                0x008097fc                _cleanup
                0x0080980c                __sfmoreglue
                0x00809874                __sfp
 .text          0x00809964      0x440 f:/windowsstuff/12.0/nios2eds/bin/gnu/h-i686-mingw32/bin/../lib/gcc/nios2-elf/4.1.2/../../../../nios2-elf/lib\libc.a(lib_a-freer.o)
                0x00809964                _malloc_trim_r
                0x00809a90                _free_r
 .text          0x00809da4      0x49c f:/windowsstuff/12.0/nios2eds/bin/gnu/h-i686-mingw32/bin/../lib/gcc/nios2-elf/4.1.2/../../../../nios2-elf/lib\libc.a(lib_a-fvwrite.o)
                0x00809da4                __sfvwrite_r
 .text          0x0080a240      0x180 f:/windowsstuff/12.0/nios2eds/bin/gnu/h-i686-mingw32/bin/../lib/gcc/nios2-elf/4.1.2/../../../../nios2-elf/lib\libc.a(lib_a-fwalk.o)
                0x0080a240                _fwalk_reent
                0x0080a308                _fwalk
 .text          0x0080a3c0        0x0 f:/windowsstuff/12.0/nios2eds/bin/gnu/h-i686-mingw32/bin/../lib/gcc/nios2-elf/4.1.2/../../../../nios2-elf/lib\libc.a(lib_a-impure.o)
 .text          0x0080a3c0        0x0 f:/windowsstuff/12.0/nios2eds/bin/gnu/h-i686-mingw32/bin/../lib/gcc/nios2-elf/4.1.2/../../../../nios2-elf/lib\libc.a(lib_a-int_errno.o)
 .text          0x0080a3c0       0xc4 f:/windowsstuff/12.0/nios2eds/bin/gnu/h-i686-mingw32/bin/../lib/gcc/nios2-elf/4.1.2/../../../../nios2-elf/lib\libc.a(lib_a-locale.o)
                0x0080a3c0                __locale_charset
                0x0080a3c8                _localeconv_r
                0x0080a3d4                localeconv
                0x0080a3e4                _setlocale_r
                0x0080a468                setlocale
 .text          0x0080a484      0x194 f:/windowsstuff/12.0/nios2eds/bin/gnu/h-i686-mingw32/bin/../lib/gcc/nios2-elf/4.1.2/../../../../nios2-elf/lib\libc.a(lib_a-makebuf.o)
                0x0080a484                __smakebuf_r
 .text          0x0080a618       0xe4 f:/windowsstuff/12.0/nios2eds/bin/gnu/h-i686-mingw32/bin/../lib/gcc/nios2-elf/4.1.2/../../../../nios2-elf/lib\libc.a(lib_a-memchr.o)
                0x0080a618                memchr
 .text          0x0080a6fc       0xa0 f:/windowsstuff/12.0/nios2eds/bin/gnu/h-i686-mingw32/bin/../lib/gcc/nios2-elf/4.1.2/../../../../nios2-elf/lib\libc.a(lib_a-memcpy.o)
                0x0080a6fc                memcpy
 .text          0x0080a79c       0xe0 f:/windowsstuff/12.0/nios2eds/bin/gnu/h-i686-mingw32/bin/../lib/gcc/nios2-elf/4.1.2/../../../../nios2-elf/lib\libc.a(lib_a-memmove.o)
                0x0080a79c                memmove
 .text          0x0080a87c       0x98 f:/windowsstuff/12.0/nios2eds/bin/gnu/h-i686-mingw32/bin/../lib/gcc/nios2-elf/4.1.2/../../../../nios2-elf/lib\libc.a(lib_a-memset.o)
                0x0080a87c                memset
 .text          0x0080a914      0xff4 f:/windowsstuff/12.0/nios2eds/bin/gnu/h-i686-mingw32/bin/../lib/gcc/nios2-elf/4.1.2/../../../../nios2-elf/lib\libc.a(lib_a-mprec.o)
                0x0080a914                _Bfree
                0x0080a93c                __hi0bits
                0x0080a9ac                __lo0bits
                0x0080aa70                __mcmp
                0x0080aad0                __ulp
                0x0080ab50                __b2d
                0x0080ac70                __ratio
                0x0080ad20                _mprec_log10
                0x0080adb4                __copybits
                0x0080ae0c                __any_on
                0x0080ae94                _Balloc
                0x0080af50                __d2b
                0x0080b0cc                __mdiff
                0x0080b258                __lshift
                0x0080b3a4                __multiply
                0x0080b58c                __i2b
                0x0080b5c8                __multadd
                0x0080b6c8                __pow5mult
                0x0080b7e8                __s2b
 .text          0x0080b908      0x5f4 f:/windowsstuff/12.0/nios2eds/bin/gnu/h-i686-mingw32/bin/../lib/gcc/nios2-elf/4.1.2/../../../../nios2-elf/lib\libc.a(lib_a-reallocr.o)
                0x0080b908                _realloc_r
 .text          0x0080befc       0x40 f:/windowsstuff/12.0/nios2eds/bin/gnu/h-i686-mingw32/bin/../lib/gcc/nios2-elf/4.1.2/../../../../nios2-elf/lib\libc.a(lib_a-s_isinfd.o)
                0x0080befc                __isinfd
 .text          0x0080bf3c       0x30 f:/windowsstuff/12.0/nios2eds/bin/gnu/h-i686-mingw32/bin/../lib/gcc/nios2-elf/4.1.2/../../../../nios2-elf/lib\libc.a(lib_a-s_isnand.o)
                0x0080bf3c                __isnand
 .text          0x0080bf6c      0x14c f:/windowsstuff/12.0/nios2eds/bin/gnu/h-i686-mingw32/bin/../lib/gcc/nios2-elf/4.1.2/../../../../nios2-elf/lib\libc.a(lib_a-stdio.o)
                0x0080bf6c                __sclose
                0x0080bf74                __sseek
                0x0080bfdc                __swrite
                0x0080c058                __sread
 .text          0x0080c0b8       0xbc f:/windowsstuff/12.0/nios2eds/bin/gnu/h-i686-mingw32/bin/../lib/gcc/nios2-elf/4.1.2/../../../../nios2-elf/lib\libc.a(lib_a-strcmp.o)
                0x0080c0b8                strcmp
 .text          0x0080c174       0x78 f:/windowsstuff/12.0/nios2eds/bin/gnu/h-i686-mingw32/bin/../lib/gcc/nios2-elf/4.1.2/../../../../nios2-elf/lib\libc.a(lib_a-writer.o)
                0x0080c174                _write_r
 .text          0x0080c1ec       0xb4 f:/windowsstuff/12.0/nios2eds/bin/gnu/h-i686-mingw32/bin/../lib/gcc/nios2-elf/4.1.2/../../../../nios2-elf/lib\libc.a(lib_a-callocr.o)
                0x0080c1ec                _calloc_r
 .text          0x0080c2a0       0x70 f:/windowsstuff/12.0/nios2eds/bin/gnu/h-i686-mingw32/bin/../lib/gcc/nios2-elf/4.1.2/../../../../nios2-elf/lib\libc.a(lib_a-closer.o)
                0x0080c2a0                _close_r
 .text          0x0080c310      0x124 f:/windowsstuff/12.0/nios2eds/bin/gnu/h-i686-mingw32/bin/../lib/gcc/nios2-elf/4.1.2/../../../../nios2-elf/lib\libc.a(lib_a-fclose.o)
                0x0080c310                _fclose_r
                0x0080c420                fclose
 .text          0x0080c434       0x74 f:/windowsstuff/12.0/nios2eds/bin/gnu/h-i686-mingw32/bin/../lib/gcc/nios2-elf/4.1.2/../../../../nios2-elf/lib\libc.a(lib_a-fstatr.o)
                0x0080c434                _fstat_r
 .text          0x0080c4a8       0x70 f:/windowsstuff/12.0/nios2eds/bin/gnu/h-i686-mingw32/bin/../lib/gcc/nios2-elf/4.1.2/../../../../nios2-elf/lib\libc.a(lib_a-isattyr.o)
                0x0080c4a8                _isatty_r
 .text          0x0080c518       0x78 f:/windowsstuff/12.0/nios2eds/bin/gnu/h-i686-mingw32/bin/../lib/gcc/nios2-elf/4.1.2/../../../../nios2-elf/lib\libc.a(lib_a-lseekr.o)
                0x0080c518                _lseek_r
 .text          0x0080c590       0x78 f:/windowsstuff/12.0/nios2eds/bin/gnu/h-i686-mingw32/bin/../lib/gcc/nios2-elf/4.1.2/../../../../nios2-elf/lib\libc.a(lib_a-readr.o)
                0x0080c590                _read_r
 .text          0x0080c608      0x5dc f:/windowsstuff/12.0/nios2eds/bin/gnu/h-i686-mingw32/bin/../lib/gcc/nios2-elf/4.1.2\libgcc.a(_udivdi3.o)
                0x0080c608                __udivdi3
 .text          0x0080cbe4      0x5b0 f:/windowsstuff/12.0/nios2eds/bin/gnu/h-i686-mingw32/bin/../lib/gcc/nios2-elf/4.1.2\libgcc.a(_umoddi3.o)
                0x0080cbe4                __umoddi3
 .text          0x0080d194       0x88 f:/windowsstuff/12.0/nios2eds/bin/gnu/h-i686-mingw32/bin/../lib/gcc/nios2-elf/4.1.2\libgcc.a(_ne_df.o)
                0x0080d194                __nedf2
 .text          0x0080d21c       0x88 f:/windowsstuff/12.0/nios2eds/bin/gnu/h-i686-mingw32/bin/../lib/gcc/nios2-elf/4.1.2\libgcc.a(_lt_df.o)
                0x0080d21c                __ltdf2
 .text          0x0080d2a4      0x194 f:/windowsstuff/12.0/nios2eds/bin/gnu/h-i686-mingw32/bin/../lib/gcc/nios2-elf/4.1.2\libgcc.a(_usi_to_df.o)
                0x0080d2a4                __floatunsidf
 .text          0x0080d438      0x15c ../LaserSharknado_bsp\libhal_bsp.a(alt_close.o)
                0x0080d438                close
 .text          0x0080d594       0x2c ../LaserSharknado_bsp\libhal_bsp.a(alt_dev.o)
 .text          0x0080d5c0        0x0 ../LaserSharknado_bsp\libhal_bsp.a(alt_errno.o)
 .text          0x0080d5c0      0x134 ../LaserSharknado_bsp\libhal_bsp.a(alt_fstat.o)
                0x0080d5c0                fstat
 .text          0x0080d6f4      0x120 ../LaserSharknado_bsp\libhal_bsp.a(alt_isatty.o)
                0x0080d6f4                isatty
 .text          0x0080d814       0xec ../LaserSharknado_bsp\libhal_bsp.a(alt_load.o)
                0x0080d814                alt_load
 .text          0x0080d900      0x150 ../LaserSharknado_bsp\libhal_bsp.a(alt_lseek.o)
                0x0080d900                lseek
 .text          0x0080da50       0x6c ../LaserSharknado_bsp\libhal_bsp.a(alt_main.o)
                0x0080da50                alt_main
 .text          0x0080dabc       0x40 ../LaserSharknado_bsp\libhal_bsp.a(alt_malloc_lock.o)
                0x0080dabc                __malloc_lock
                0x0080dadc                __malloc_unlock
 .text          0x0080dafc      0x180 ../LaserSharknado_bsp\libhal_bsp.a(alt_read.o)
                0x0080dafc                read
 .text          0x0080dc7c       0x60 ../LaserSharknado_bsp\libhal_bsp.a(alt_release_fd.o)
                0x0080dc7c                alt_release_fd
 .text          0x0080dcdc       0xbc ../LaserSharknado_bsp\libhal_bsp.a(alt_sbrk.o)
                0x0080dcdc                sbrk
 .text          0x0080dd98      0x1a4 ../LaserSharknado_bsp\libhal_bsp.a(alt_tick.o)
                0x0080dd98                alt_alarm_stop
                0x0080de30                alt_tick
 .text          0x0080df3c       0x30 ../LaserSharknado_bsp\libhal_bsp.a(alt_usleep.o)
                0x0080df3c                usleep
 .text          0x0080df6c      0x180 ../LaserSharknado_bsp\libhal_bsp.a(alt_write.o)
                0x0080df6c                write
 .text          0x0080e0ec      0x3e0 ../LaserSharknado_bsp\libhal_bsp.a(alt_sys_init.o)
                0x0080e0ec                alt_irq_init
                0x0080e120                alt_sys_init
 .text          0x0080e4cc      0x148 ../LaserSharknado_bsp\libhal_bsp.a(altera_avalon_jtag_uart_fd.o)
                0x0080e4cc                altera_avalon_jtag_uart_read_fd
                0x0080e524                altera_avalon_jtag_uart_write_fd
                0x0080e57c                altera_avalon_jtag_uart_close_fd
                0x0080e5c4                altera_avalon_jtag_uart_ioctl_fd
 .text          0x0080e614      0x408 ../LaserSharknado_bsp\libhal_bsp.a(altera_avalon_jtag_uart_init.o)
                0x0080e614                altera_avalon_jtag_uart_init
                0x0080e9a8                altera_avalon_jtag_uart_close
 .text          0x0080ea1c       0xf4 ../LaserSharknado_bsp\libhal_bsp.a(altera_avalon_jtag_uart_ioctl.o)
                0x0080ea1c                altera_avalon_jtag_uart_ioctl
 .text          0x0080eb10      0x224 ../LaserSharknado_bsp\libhal_bsp.a(altera_avalon_jtag_uart_read.o)
                0x0080eb10                altera_avalon_jtag_uart_read
 .text          0x0080ed34      0x240 ../LaserSharknado_bsp\libhal_bsp.a(altera_avalon_jtag_uart_write.o)
                0x0080ed34                altera_avalon_jtag_uart_write
 .text          0x0080ef74       0xfc ../LaserSharknado_bsp\libhal_bsp.a(altera_avalon_timer_sc.o)
                0x0080efe8                alt_avalon_timer_sc_init
 .text          0x0080f070      0x168 ../LaserSharknado_bsp\libhal_bsp.a(altera_avalon_timer_ts.o)
                0x0080f070                alt_timestamp_start
                0x0080f114                alt_timestamp
                0x0080f1b0                alt_timestamp_freq
 .text          0x0080f1d8        0x0 ../LaserSharknado_bsp\libhal_bsp.a(altera_avalon_timer_vars.o)
 .text          0x0080f1d8      0x80c ../LaserSharknado_bsp\libhal_bsp.a(altera_up_avalon_audio.o)
                0x0080f1d8                alt_up_audio_open_dev
                0x0080f218                alt_up_audio_enable_read_interrupt
                0x0080f264                alt_up_audio_disable_read_interrupt
                0x0080f2b4                alt_up_audio_enable_write_interrupt
                0x0080f300                alt_up_audio_disable_write_interrupt
                0x0080f350                alt_up_audio_read_interrupt_pending
                0x0080f38c                alt_up_audio_write_interrupt_pending
                0x0080f3c8                alt_up_audio_reset_audio_core
                0x0080f450                alt_up_audio_read_fifo_avail
                0x0080f4c0                alt_up_audio_record_r
                0x0080f530                alt_up_audio_record_l
                0x0080f5a0                alt_up_audio_write_fifo_space
                0x0080f614                alt_up_audio_play_r
                0x0080f684                alt_up_audio_play_l
                0x0080f6f4                alt_up_audio_read_fifo
                0x0080f7f8                alt_up_audio_write_fifo
                0x0080f924                alt_up_audio_read_fifo_head
                0x0080f984                alt_up_audio_write_fifo_head
 .text          0x0080f9e4      0x788 ../LaserSharknado_bsp\libhal_bsp.a(altera_up_avalon_audio_and_video_config.o)
                0x0080f9e4                alt_up_av_config_open_dev
                0x0080fa48                alt_up_av_config_write_data
                0x0080faac                alt_up_av_config_read_data
                0x0080fb38                alt_up_av_config_reset
                0x0080fb70                alt_up_av_config_enable_interrupt
                0x0080fba8                alt_up_av_config_disable_interrupt
                0x0080fbd8                alt_up_av_config_read_acknowledge
                0x0080fc40                alt_up_av_config_read_ready
                0x0080fc78                alt_up_av_config_write_audio_cfg_register
                0x0080fd24                alt_up_av_config_read_video_cfg_register
                0x0080fe1c                alt_up_av_config_write_video_cfg_register
                0x0080ff14                alt_up_av_config_read_DC2_cfg_register
                0x0080ff78                alt_up_av_config_write_DC2_cfg_register
                0x0080ffdc                alt_up_av_config_read_D5M_cfg_register
                0x00810040                alt_up_av_config_write_D5M_cfg_register
                0x008100a4                alt_up_av_config_read_LTM_cfg_register
                0x00810108                alt_up_av_config_write_LTM_cfg_register
 .text          0x0081016c      0x530 ../LaserSharknado_bsp\libhal_bsp.a(altera_up_avalon_character_lcd.o)
                0x0081016c                get_DDRAM_addr
                0x008101e8                alt_up_character_lcd_send_cmd
                0x0081021c                alt_up_character_lcd_init
                0x00810250                alt_up_character_lcd_open_dev
                0x00810290                alt_up_character_lcd_write
                0x00810308                alt_up_character_lcd_string
                0x00810380                alt_up_character_lcd_write_fd
                0x008103cc                alt_up_character_lcd_set_cursor_pos
                0x00810444                alt_up_character_lcd_shift_cursor
                0x008104f4                alt_up_character_lcd_shift_display
                0x008105a4                alt_up_character_lcd_erase_pos
                0x00810634                alt_up_character_lcd_cursor_off
                0x00810668                alt_up_character_lcd_cursor_blink_on
 .text          0x0081069c      0x304 ../LaserSharknado_bsp\libhal_bsp.a(altera_up_avalon_video_character_buffer_with_dma.o)
                0x0081069c                alt_up_char_buffer_init
                0x00810720                alt_up_char_buffer_open_dev
                0x00810760                alt_up_char_buffer_draw
                0x00810830                alt_up_char_buffer_string
                0x00810944                alt_up_char_buffer_clear
 .text          0x008109a0     0x156c ../LaserSharknado_bsp\libhal_bsp.a(altera_up_avalon_video_pixel_buffer_dma.o)
                0x008109a0                alt_up_pixel_buffer_dma_open_dev
                0x008109e0                alt_up_pixel_buffer_dma_draw
                0x00810b80                alt_up_pixel_buffer_dma_change_back_buffer_address
                0x00810bd8                alt_up_pixel_buffer_dma_swap_buffers
                0x00810c30                alt_up_pixel_buffer_dma_check_swap_buffers_status
                0x00810c64                alt_up_pixel_buffer_dma_clear_screen
                0x00810dc8                alt_up_pixel_buffer_dma_draw_box
                0x008112bc                alt_up_pixel_buffer_dma_draw_hline
                0x0081160c                alt_up_pixel_buffer_dma_draw_vline
                0x008119dc                alt_up_pixel_buffer_dma_draw_rectangle
                0x00811aa0                helper_plot_pixel
                0x00811b70                alt_up_pixel_buffer_dma_draw_line
 .text          0x00811f0c     0x45c0 ../LaserSharknado_bsp\libhal_bsp.a(altera_up_sd_card_avalon_interface.o)
                0x00811f0c                Write_Sector_Data
                0x00811fd4                Save_Modified_Sector
                0x00812024                Read_Sector_Data
                0x00812120                get_cluster_flag
                0x008121d8                mark_cluster
                0x008122bc                Check_for_Master_Boot_Record
                0x0081246c                Read_File_Record_At_Offset
                0x008126f0                Write_File_Record_At_Offset
                0x008129a8                Check_for_DOS_FAT
                0x00812ff0                Look_for_FAT16
                0x008130f4                filename_to_upper_case
                0x008131c4                check_file_name_for_FAT16_compliance
                0x00813454                get_dir_divider_location
                0x00813514                match_file_record_to_name_ext
                0x00813800                get_home_directory_cluster_for_file
                0x00813d14                find_file_in_directory
                0x00814178                find_first_empty_cluster
                0x0081431c                find_first_empty_record_in_a_subdirectory
                0x00814568                find_first_empty_record_in_root_directory
                0x00814694                convert_filename_to_name_extension
                0x0081484c                create_file
                0x00814b20                copy_file_record_name_to_string
                0x00814c74                alt_up_sd_card_open_dev
                0x00814d38                alt_up_sd_card_is_Present
                0x00814e00                alt_up_sd_card_is_FAT16
                0x00814e74                alt_up_sd_card_find_first
                0x00814f48                alt_up_sd_card_find_next
                0x008152f8                alt_up_sd_card_fopen
                0x008156a0                alt_up_sd_card_set_attributes
                0x00815730                alt_up_sd_card_get_attributes
                0x008157bc                alt_up_sd_card_read
                0x00815b50                alt_up_sd_card_write
                0x00816174                alt_up_sd_card_fclose
                0x00816340                Read_Sector_Data_CRC
                0x0081643c                Read_Sector_Data_Attempt_CRC
 .text          0x008164cc      0x154 ../LaserSharknado_bsp\libhal_bsp.a(alt_alarm_start.o)
                0x008164cc                alt_alarm_start
 .text          0x00816620      0x14c ../LaserSharknado_bsp\libhal_bsp.a(alt_busy_sleep.o)
                0x00816620                alt_busy_sleep
 .text          0x0081676c       0x44 ../LaserSharknado_bsp\libhal_bsp.a(alt_dcache_flush_all.o)
                0x0081676c                alt_dcache_flush_all
 .text          0x008167b0      0x114 ../LaserSharknado_bsp\libhal_bsp.a(alt_dev_llist_insert.o)
                0x008167b0                alt_dev_llist_insert
 .text          0x008168c4       0x64 ../LaserSharknado_bsp\libhal_bsp.a(alt_do_ctors.o)
                0x008168c4                _do_ctors
 .text          0x00816928       0x64 ../LaserSharknado_bsp\libhal_bsp.a(alt_do_dtors.o)
                0x00816928                _do_dtors
 .text          0x0081698c       0x94 ../LaserSharknado_bsp\libhal_bsp.a(alt_find_dev.o)
                0x0081698c                alt_find_dev
 .text          0x00816a20       0x30 ../LaserSharknado_bsp\libhal_bsp.a(alt_icache_flush_all.o)
                0x00816a20                alt_icache_flush_all
 .text          0x00816a50      0x13c ../LaserSharknado_bsp\libhal_bsp.a(alt_io_redirect.o)
                0x00816b14                alt_io_redirect
 .text          0x00816b8c      0x1c0 ../LaserSharknado_bsp\libhal_bsp.a(alt_irq_register.o)
                0x00816b8c                alt_irq_register
 .text          0x00816d4c        0x0 ../LaserSharknado_bsp\libhal_bsp.a(alt_irq_vars.o)
 .text          0x00816d4c      0x2c4 ../LaserSharknado_bsp\libhal_bsp.a(alt_open.o)
                0x00816e28                open
 .text          0x00817010       0x20 ../LaserSharknado_bsp\libhal_bsp.a(altera_nios2_qsys_irq.o)
                0x00817010                altera_nios2_qsys_irq_init
 .text          0x00817030      0x120 ../LaserSharknado_bsp\libhal_bsp.a(alt_find_file.o)
                0x00817030                alt_find_file
 .text          0x00817150       0xb8 ../LaserSharknado_bsp\libhal_bsp.a(alt_get_fd.o)
                0x00817150                alt_get_fd
 .text          0x00817208       0x90 ../LaserSharknado_bsp\libhal_bsp.a(alt_icache_flush.o)
                0x00817208                alt_icache_flush
 .text          0x00817298        0x0 ../LaserSharknado_bsp\libhal_bsp.a(alt_irq_entry.o)
 .text          0x00817298        0x0 ../LaserSharknado_bsp\libhal_bsp.a(alt_irq_handler.o)
 .text          0x00817298        0x0 ../LaserSharknado_bsp\libhal_bsp.a(alt_exception_entry.o)
 .text          0x00817298       0x14 f:/windowsstuff/12.0/nios2eds/bin/gnu/h-i686-mingw32/bin/../lib/gcc/nios2-elf/4.1.2/../../../../nios2-elf/lib\libc.a(lib_a-atexit.o)
                0x00817298                atexit
 .text          0x008172ac       0x38 f:/windowsstuff/12.0/nios2eds/bin/gnu/h-i686-mingw32/bin/../lib/gcc/nios2-elf/4.1.2/../../../../nios2-elf/lib\libc.a(lib_a-exit.o)
                0x008172ac                exit
 .text          0x008172e4       0x74 f:/windowsstuff/12.0/nios2eds/bin/gnu/h-i686-mingw32/bin/../lib/gcc/nios2-elf/4.1.2/../../../../nios2-elf/lib\libc.a(lib_a-memcmp.o)
                0x008172e4                memcmp
 .text          0x00817358      0x134 f:/windowsstuff/12.0/nios2eds/bin/gnu/h-i686-mingw32/bin/../lib/gcc/nios2-elf/4.1.2/../../../../nios2-elf/lib\libc.a(lib_a-__atexit.o)
                0x00817358                __register_exitproc
 .text          0x0081748c      0x1b4 f:/windowsstuff/12.0/nios2eds/bin/gnu/h-i686-mingw32/bin/../lib/gcc/nios2-elf/4.1.2/../../../../nios2-elf/lib\libc.a(lib_a-__call_atexit.o)
                0x00817490                __call_exitprocs
 .text          0x00817640       0x60 ../LaserSharknado_bsp\libhal_bsp.a(alt_exit.o)
                0x00817680                _exit
 *(.gnu.warning.*)
 *(.fini)
                0x008176a0                PROVIDE (__etext, ABSOLUTE (.))
                0x008176a0                PROVIDE (_etext, ABSOLUTE (.))
                0x008176a0                PROVIDE (etext, ABSOLUTE (.))
 *(.eh_frame_hdr)
                0x008176a0                . = ALIGN (0x4)
                0x008176a0                PROVIDE (__preinit_array_start, ABSOLUTE (.))
 *(.preinit_array)
                0x008176a0                PROVIDE (__preinit_array_end, ABSOLUTE (.))
                0x008176a0                PROVIDE (__init_array_start, ABSOLUTE (.))
 *(.init_array)
                0x008176a0                PROVIDE (__init_array_end, ABSOLUTE (.))
                0x008176a0                PROVIDE (__fini_array_start, ABSOLUTE (.))
 *(.fini_array)
                0x008176a0                PROVIDE (__fini_array_end, ABSOLUTE (.))
 *(.eh_frame)
 .eh_frame      0x008176a0       0x40 f:/windowsstuff/12.0/nios2eds/bin/gnu/h-i686-mingw32/bin/../lib/gcc/nios2-elf/4.1.2\libgcc.a(_udivdi3.o)
 .eh_frame      0x008176e0       0x2c f:/windowsstuff/12.0/nios2eds/bin/gnu/h-i686-mingw32/bin/../lib/gcc/nios2-elf/4.1.2\libgcc.a(_umoddi3.o)
                                 0x40 (size before relaxing)
 *(.gcc_except_table)
 *(.dynamic)
                0x0081770c                PROVIDE (__CTOR_LIST__, ABSOLUTE (.))
 *(.ctors)
 *(SORT(.ctors.*))
 .ctors.65535   0x0081770c        0x4 f:/windowsstuff/12.0/nios2eds/bin/gnu/h-i686-mingw32/bin/../lib/gcc/nios2-elf/4.1.2/../../../../nios2-elf/lib\libc.a(lib_a-__call_atexit.o)
                0x00817710                PROVIDE (__CTOR_END__, ABSOLUTE (.))
                0x00817710                PROVIDE (__DTOR_LIST__, ABSOLUTE (.))
 *(.dtors)
 *(SORT(.dtors.*))
                0x00817710                PROVIDE (__DTOR_END__, ABSOLUTE (.))
 *(.jcr)
                0x00817710                . = ALIGN (0x4)

.rodata         0x00817710      0xae4
                0x00817710                PROVIDE (__ram_rodata_start, ABSOLUTE (.))
                0x00817710                . = ALIGN (0x4)
 *(.rodata .rodata.* .gnu.linkonce.r.*)
 .rodata        0x00817710      0x178 obj/default/audio.o
 .rodata        0x00817888       0x8c obj/default/hello_world.o
 .rodata        0x00817914       0x94 obj/default/sd_card.o
 .rodata        0x008179a8      0x1ec obj/default/timer.o
 .rodata        0x00817b94       0x60 obj/default/vga.o
 .rodata        0x00817bf4      0x188 f:/windowsstuff/12.0/nios2eds/bin/gnu/h-i686-mingw32/bin/../lib/gcc/nios2-elf/4.1.2/../../../../nios2-elf/lib\libm.a(lib_a-e_rem_pio2.o)
 .rodata        0x00817d7c       0x50 f:/windowsstuff/12.0/nios2eds/bin/gnu/h-i686-mingw32/bin/../lib/gcc/nios2-elf/4.1.2/../../../../nios2-elf/lib\libm.a(lib_a-k_rem_pio2.o)
 .rodata        0x00817dcc       0x10 f:/windowsstuff/12.0/nios2eds/bin/gnu/h-i686-mingw32/bin/../lib/gcc/nios2-elf/4.1.2\libgcc.a(_thenan_sf.o)
                0x00817dcc                __thenan_sf
 .rodata        0x00817ddc       0x14 f:/windowsstuff/12.0/nios2eds/bin/gnu/h-i686-mingw32/bin/../lib/gcc/nios2-elf/4.1.2\libgcc.a(_thenan_df.o)
                0x00817ddc                __thenan_df
 .rodata        0x00817df0      0x100 f:/windowsstuff/12.0/nios2eds/bin/gnu/h-i686-mingw32/bin/../lib/gcc/nios2-elf/4.1.2\libgcc.a(_clz.o)
                0x00817df0                __clz_tab
 .rodata.str1.4
                0x00817ef0        0x2 f:/windowsstuff/12.0/nios2eds/bin/gnu/h-i686-mingw32/bin/../lib/gcc/nios2-elf/4.1.2/../../../../nios2-elf/lib\libc.a(lib_a-puts.o)
                                  0x4 (size before relaxing)
 *fill*         0x00817ef2        0x2 00
 .rodata.str1.4
                0x00817ef4       0x5e f:/windowsstuff/12.0/nios2eds/bin/gnu/h-i686-mingw32/bin/../lib/gcc/nios2-elf/4.1.2/../../../../nios2-elf/lib\libc.a(lib_a-vfprintf.o)
                                 0x60 (size before relaxing)
 .rodata        0x00817f52       0x20 f:/windowsstuff/12.0/nios2eds/bin/gnu/h-i686-mingw32/bin/../lib/gcc/nios2-elf/4.1.2/../../../../nios2-elf/lib\libc.a(lib_a-vfprintf.o)
 *fill*         0x00817f72        0x2 00
 .rodata.str1.4
                0x00817f74       0x10 f:/windowsstuff/12.0/nios2eds/bin/gnu/h-i686-mingw32/bin/../lib/gcc/nios2-elf/4.1.2/../../../../nios2-elf/lib\libc.a(lib_a-dtoa.o)
                                 0x14 (size before relaxing)
 .rodata.str1.4
                0x00817f84        0x2 f:/windowsstuff/12.0/nios2eds/bin/gnu/h-i686-mingw32/bin/../lib/gcc/nios2-elf/4.1.2/../../../../nios2-elf/lib\libc.a(lib_a-impure.o)
                                  0x4 (size before relaxing)
 *fill*         0x00817f86        0x2 00
 .rodata.str1.4
                0x00817f88       0x10 f:/windowsstuff/12.0/nios2eds/bin/gnu/h-i686-mingw32/bin/../lib/gcc/nios2-elf/4.1.2/../../../../nios2-elf/lib\libc.a(lib_a-locale.o)
                                 0x18 (size before relaxing)
 .rodata        0x00817f98       0x30 f:/windowsstuff/12.0/nios2eds/bin/gnu/h-i686-mingw32/bin/../lib/gcc/nios2-elf/4.1.2/../../../../nios2-elf/lib\libc.a(lib_a-locale.o)
 .rodata        0x00817fc8      0x124 f:/windowsstuff/12.0/nios2eds/bin/gnu/h-i686-mingw32/bin/../lib/gcc/nios2-elf/4.1.2/../../../../nios2-elf/lib\libc.a(lib_a-mprec.o)
                0x00817fc8                __mprec_tens
                0x00818090                __mprec_bigtens
                0x008180b8                __mprec_tinytens
 .rodata        0x008180ec        0xc ../LaserSharknado_bsp\libhal_bsp.a(alt_dev.o)
 .rodata        0x008180f8       0x14 ../LaserSharknado_bsp\libhal_bsp.a(alt_main.o)
 .rodata        0x0081810c       0xcc ../LaserSharknado_bsp\libhal_bsp.a(alt_sys_init.o)
 .rodata        0x008181d8       0x1c ../LaserSharknado_bsp\libhal_bsp.a(altera_up_avalon_video_character_buffer_with_dma.o)
 *(.rodata1)
                0x008181f4                . = ALIGN (0x4)
                0x008181f4                PROVIDE (__ram_rodata_end, ABSOLUTE (.))
                0x00817710                PROVIDE (__flash_rodata_start, LOADADDR (.rodata))

.rwdata         0x008181f4     0x1bbc load address 0x00819db0
                0x008181f4                PROVIDE (__ram_rwdata_start, ABSOLUTE (.))
                0x008181f4                . = ALIGN (0x4)
 *(.got.plt)
 *(.got)
 *(.data1)
 *(.data .data.* .gnu.linkonce.d.*)
 .data          0x008181f4        0x0 ../LaserSharknado_bsp/obj/HAL/src/crt0.o
 .data          0x008181f4        0x0 obj/default/audio.o
 .data          0x008181f4        0x0 obj/default/audio_up_hack.o
 .data          0x008181f4        0x0 obj/default/hello_world.o
 .data          0x008181f4        0x0 obj/default/player.o
 .data          0x008181f4        0x0 obj/default/sd_card.o
 .data          0x008181f4        0x0 obj/default/timer.o
 .data          0x008181f4        0x0 obj/default/vga.o
 .data          0x008181f4        0x0 f:/windowsstuff/12.0/nios2eds/bin/gnu/h-i686-mingw32/bin/../lib/gcc/nios2-elf/4.1.2/../../../../nios2-elf/lib\libm.a(lib_a-s_sin.o)
 .data          0x008181f4        0x0 f:/windowsstuff/12.0/nios2eds/bin/gnu/h-i686-mingw32/bin/../lib/gcc/nios2-elf/4.1.2/../../../../nios2-elf/lib\libm.a(lib_a-e_rem_pio2.o)
 .data          0x008181f4        0x0 f:/windowsstuff/12.0/nios2eds/bin/gnu/h-i686-mingw32/bin/../lib/gcc/nios2-elf/4.1.2/../../../../nios2-elf/lib\libm.a(lib_a-k_cos.o)
 .data          0x008181f4        0x0 f:/windowsstuff/12.0/nios2eds/bin/gnu/h-i686-mingw32/bin/../lib/gcc/nios2-elf/4.1.2/../../../../nios2-elf/lib\libm.a(lib_a-k_rem_pio2.o)
 .data          0x008181f4        0x0 f:/windowsstuff/12.0/nios2eds/bin/gnu/h-i686-mingw32/bin/../lib/gcc/nios2-elf/4.1.2/../../../../nios2-elf/lib\libm.a(lib_a-k_sin.o)
 .data          0x008181f4        0x0 f:/windowsstuff/12.0/nios2eds/bin/gnu/h-i686-mingw32/bin/../lib/gcc/nios2-elf/4.1.2/../../../../nios2-elf/lib\libm.a(lib_a-s_fabs.o)
 .data          0x008181f4        0x0 f:/windowsstuff/12.0/nios2eds/bin/gnu/h-i686-mingw32/bin/../lib/gcc/nios2-elf/4.1.2/../../../../nios2-elf/lib\libm.a(lib_a-s_floor.o)
 .data          0x008181f4        0x0 f:/windowsstuff/12.0/nios2eds/bin/gnu/h-i686-mingw32/bin/../lib/gcc/nios2-elf/4.1.2/../../../../nios2-elf/lib\libm.a(lib_a-s_scalbn.o)
 .data          0x008181f4        0x0 f:/windowsstuff/12.0/nios2eds/bin/gnu/h-i686-mingw32/bin/../lib/gcc/nios2-elf/4.1.2/../../../../nios2-elf/lib\libm.a(lib_a-s_copysign.o)
 .data          0x008181f4        0x0 f:/windowsstuff/12.0/nios2eds/bin/gnu/h-i686-mingw32/bin/../lib/gcc/nios2-elf/4.1.2\libgcc.a(_fixunsdfsi.o)
 .data          0x008181f4        0x0 f:/windowsstuff/12.0/nios2eds/bin/gnu/h-i686-mingw32/bin/../lib/gcc/nios2-elf/4.1.2\libgcc.a(_div_sf.o)
 .data          0x008181f4        0x0 f:/windowsstuff/12.0/nios2eds/bin/gnu/h-i686-mingw32/bin/../lib/gcc/nios2-elf/4.1.2\libgcc.a(_si_to_sf.o)
 .data          0x008181f4        0x0 f:/windowsstuff/12.0/nios2eds/bin/gnu/h-i686-mingw32/bin/../lib/gcc/nios2-elf/4.1.2\libgcc.a(_sf_to_df.o)
 .data          0x008181f4        0x0 f:/windowsstuff/12.0/nios2eds/bin/gnu/h-i686-mingw32/bin/../lib/gcc/nios2-elf/4.1.2\libgcc.a(_thenan_sf.o)
 .data          0x008181f4        0x0 f:/windowsstuff/12.0/nios2eds/bin/gnu/h-i686-mingw32/bin/../lib/gcc/nios2-elf/4.1.2\libgcc.a(_addsub_df.o)
 .data          0x008181f4        0x0 f:/windowsstuff/12.0/nios2eds/bin/gnu/h-i686-mingw32/bin/../lib/gcc/nios2-elf/4.1.2\libgcc.a(_mul_df.o)
 .data          0x008181f4        0x0 f:/windowsstuff/12.0/nios2eds/bin/gnu/h-i686-mingw32/bin/../lib/gcc/nios2-elf/4.1.2\libgcc.a(_div_df.o)
 .data          0x008181f4        0x0 f:/windowsstuff/12.0/nios2eds/bin/gnu/h-i686-mingw32/bin/../lib/gcc/nios2-elf/4.1.2\libgcc.a(_eq_df.o)
 .data          0x008181f4        0x0 f:/windowsstuff/12.0/nios2eds/bin/gnu/h-i686-mingw32/bin/../lib/gcc/nios2-elf/4.1.2\libgcc.a(_gt_df.o)
 .data          0x008181f4        0x0 f:/windowsstuff/12.0/nios2eds/bin/gnu/h-i686-mingw32/bin/../lib/gcc/nios2-elf/4.1.2\libgcc.a(_ge_df.o)
 .data          0x008181f4        0x0 f:/windowsstuff/12.0/nios2eds/bin/gnu/h-i686-mingw32/bin/../lib/gcc/nios2-elf/4.1.2\libgcc.a(_si_to_df.o)
 .data          0x008181f4        0x0 f:/windowsstuff/12.0/nios2eds/bin/gnu/h-i686-mingw32/bin/../lib/gcc/nios2-elf/4.1.2\libgcc.a(_df_to_si.o)
 .data          0x008181f4        0x0 f:/windowsstuff/12.0/nios2eds/bin/gnu/h-i686-mingw32/bin/../lib/gcc/nios2-elf/4.1.2\libgcc.a(_make_df.o)
 .data          0x008181f4        0x0 f:/windowsstuff/12.0/nios2eds/bin/gnu/h-i686-mingw32/bin/../lib/gcc/nios2-elf/4.1.2\libgcc.a(_thenan_df.o)
 .data          0x008181f4        0x0 f:/windowsstuff/12.0/nios2eds/bin/gnu/h-i686-mingw32/bin/../lib/gcc/nios2-elf/4.1.2\libgcc.a(lib2-divmod.o)
 .data          0x008181f4        0x0 f:/windowsstuff/12.0/nios2eds/bin/gnu/h-i686-mingw32/bin/../lib/gcc/nios2-elf/4.1.2\libgcc.a(_muldi3.o)
 .data          0x008181f4        0x0 f:/windowsstuff/12.0/nios2eds/bin/gnu/h-i686-mingw32/bin/../lib/gcc/nios2-elf/4.1.2\libgcc.a(_clzsi2.o)
 .data          0x008181f4        0x0 f:/windowsstuff/12.0/nios2eds/bin/gnu/h-i686-mingw32/bin/../lib/gcc/nios2-elf/4.1.2\libgcc.a(_pack_sf.o)
 .data          0x008181f4        0x0 f:/windowsstuff/12.0/nios2eds/bin/gnu/h-i686-mingw32/bin/../lib/gcc/nios2-elf/4.1.2\libgcc.a(_unpack_sf.o)
 .data          0x008181f4        0x0 f:/windowsstuff/12.0/nios2eds/bin/gnu/h-i686-mingw32/bin/../lib/gcc/nios2-elf/4.1.2\libgcc.a(_pack_df.o)
 .data          0x008181f4        0x0 f:/windowsstuff/12.0/nios2eds/bin/gnu/h-i686-mingw32/bin/../lib/gcc/nios2-elf/4.1.2\libgcc.a(_unpack_df.o)
 .data          0x008181f4        0x0 f:/windowsstuff/12.0/nios2eds/bin/gnu/h-i686-mingw32/bin/../lib/gcc/nios2-elf/4.1.2\libgcc.a(_fpcmp_parts_df.o)
 .data          0x008181f4        0x0 f:/windowsstuff/12.0/nios2eds/bin/gnu/h-i686-mingw32/bin/../lib/gcc/nios2-elf/4.1.2\libgcc.a(_clz.o)
 .data          0x008181f4        0x0 f:/windowsstuff/12.0/nios2eds/bin/gnu/h-i686-mingw32/bin/../lib/gcc/nios2-elf/4.1.2/../../../../nios2-elf/lib\libc.a(lib_a-malloc.o)
 .data          0x008181f4      0x408 f:/windowsstuff/12.0/nios2eds/bin/gnu/h-i686-mingw32/bin/../lib/gcc/nios2-elf/4.1.2/../../../../nios2-elf/lib\libc.a(lib_a-mallocr.o)
                0x008181f4                __malloc_av_
 .data          0x008185fc        0x0 f:/windowsstuff/12.0/nios2eds/bin/gnu/h-i686-mingw32/bin/../lib/gcc/nios2-elf/4.1.2/../../../../nios2-elf/lib\libc.a(lib_a-printf.o)
 .data          0x008185fc        0x0 f:/windowsstuff/12.0/nios2eds/bin/gnu/h-i686-mingw32/bin/../lib/gcc/nios2-elf/4.1.2/../../../../nios2-elf/lib\libc.a(lib_a-puts.o)
 .data          0x008185fc        0x0 f:/windowsstuff/12.0/nios2eds/bin/gnu/h-i686-mingw32/bin/../lib/gcc/nios2-elf/4.1.2/../../../../nios2-elf/lib\libc.a(lib_a-sbrkr.o)
 .data          0x008185fc        0x0 f:/windowsstuff/12.0/nios2eds/bin/gnu/h-i686-mingw32/bin/../lib/gcc/nios2-elf/4.1.2/../../../../nios2-elf/lib\libc.a(lib_a-strlen.o)
 .data          0x008185fc        0x0 f:/windowsstuff/12.0/nios2eds/bin/gnu/h-i686-mingw32/bin/../lib/gcc/nios2-elf/4.1.2/../../../../nios2-elf/lib\libc.a(lib_a-vfprintf.o)
 .data          0x008185fc        0x0 f:/windowsstuff/12.0/nios2eds/bin/gnu/h-i686-mingw32/bin/../lib/gcc/nios2-elf/4.1.2/../../../../nios2-elf/lib\libc.a(lib_a-wsetup.o)
 .data          0x008185fc        0x0 f:/windowsstuff/12.0/nios2eds/bin/gnu/h-i686-mingw32/bin/../lib/gcc/nios2-elf/4.1.2/../../../../nios2-elf/lib\libc.a(lib_a-dtoa.o)
 .data          0x008185fc        0x0 f:/windowsstuff/12.0/nios2eds/bin/gnu/h-i686-mingw32/bin/../lib/gcc/nios2-elf/4.1.2/../../../../nios2-elf/lib\libc.a(lib_a-fflush.o)
 .data          0x008185fc        0x0 f:/windowsstuff/12.0/nios2eds/bin/gnu/h-i686-mingw32/bin/../lib/gcc/nios2-elf/4.1.2/../../../../nios2-elf/lib\libc.a(lib_a-findfp.o)
 .data          0x008185fc        0x0 f:/windowsstuff/12.0/nios2eds/bin/gnu/h-i686-mingw32/bin/../lib/gcc/nios2-elf/4.1.2/../../../../nios2-elf/lib\libc.a(lib_a-freer.o)
 .data          0x008185fc        0x0 f:/windowsstuff/12.0/nios2eds/bin/gnu/h-i686-mingw32/bin/../lib/gcc/nios2-elf/4.1.2/../../../../nios2-elf/lib\libc.a(lib_a-fvwrite.o)
 .data          0x008185fc        0x0 f:/windowsstuff/12.0/nios2eds/bin/gnu/h-i686-mingw32/bin/../lib/gcc/nios2-elf/4.1.2/../../../../nios2-elf/lib\libc.a(lib_a-fwalk.o)
 .data          0x008185fc      0x400 f:/windowsstuff/12.0/nios2eds/bin/gnu/h-i686-mingw32/bin/../lib/gcc/nios2-elf/4.1.2/../../../../nios2-elf/lib\libc.a(lib_a-impure.o)
 .data          0x008189fc        0x0 f:/windowsstuff/12.0/nios2eds/bin/gnu/h-i686-mingw32/bin/../lib/gcc/nios2-elf/4.1.2/../../../../nios2-elf/lib\libc.a(lib_a-int_errno.o)
 .data          0x008189fc        0xc f:/windowsstuff/12.0/nios2eds/bin/gnu/h-i686-mingw32/bin/../lib/gcc/nios2-elf/4.1.2/../../../../nios2-elf/lib\libc.a(lib_a-locale.o)
                0x008189fc                __lc_ctype
 .data          0x00818a08        0x0 f:/windowsstuff/12.0/nios2eds/bin/gnu/h-i686-mingw32/bin/../lib/gcc/nios2-elf/4.1.2/../../../../nios2-elf/lib\libc.a(lib_a-makebuf.o)
 .data          0x00818a08        0x0 f:/windowsstuff/12.0/nios2eds/bin/gnu/h-i686-mingw32/bin/../lib/gcc/nios2-elf/4.1.2/../../../../nios2-elf/lib\libc.a(lib_a-memchr.o)
 .data          0x00818a08        0x0 f:/windowsstuff/12.0/nios2eds/bin/gnu/h-i686-mingw32/bin/../lib/gcc/nios2-elf/4.1.2/../../../../nios2-elf/lib\libc.a(lib_a-memcpy.o)
 .data          0x00818a08        0x0 f:/windowsstuff/12.0/nios2eds/bin/gnu/h-i686-mingw32/bin/../lib/gcc/nios2-elf/4.1.2/../../../../nios2-elf/lib\libc.a(lib_a-memmove.o)
 .data          0x00818a08        0x0 f:/windowsstuff/12.0/nios2eds/bin/gnu/h-i686-mingw32/bin/../lib/gcc/nios2-elf/4.1.2/../../../../nios2-elf/lib\libc.a(lib_a-memset.o)
 .data          0x00818a08        0x0 f:/windowsstuff/12.0/nios2eds/bin/gnu/h-i686-mingw32/bin/../lib/gcc/nios2-elf/4.1.2/../../../../nios2-elf/lib\libc.a(lib_a-mprec.o)
 .data          0x00818a08        0x0 f:/windowsstuff/12.0/nios2eds/bin/gnu/h-i686-mingw32/bin/../lib/gcc/nios2-elf/4.1.2/../../../../nios2-elf/lib\libc.a(lib_a-reallocr.o)
 .data          0x00818a08        0x0 f:/windowsstuff/12.0/nios2eds/bin/gnu/h-i686-mingw32/bin/../lib/gcc/nios2-elf/4.1.2/../../../../nios2-elf/lib\libc.a(lib_a-s_isinfd.o)
 .data          0x00818a08        0x0 f:/windowsstuff/12.0/nios2eds/bin/gnu/h-i686-mingw32/bin/../lib/gcc/nios2-elf/4.1.2/../../../../nios2-elf/lib\libc.a(lib_a-s_isnand.o)
 .data          0x00818a08        0x0 f:/windowsstuff/12.0/nios2eds/bin/gnu/h-i686-mingw32/bin/../lib/gcc/nios2-elf/4.1.2/../../../../nios2-elf/lib\libc.a(lib_a-stdio.o)
 .data          0x00818a08        0x0 f:/windowsstuff/12.0/nios2eds/bin/gnu/h-i686-mingw32/bin/../lib/gcc/nios2-elf/4.1.2/../../../../nios2-elf/lib\libc.a(lib_a-strcmp.o)
 .data          0x00818a08        0x0 f:/windowsstuff/12.0/nios2eds/bin/gnu/h-i686-mingw32/bin/../lib/gcc/nios2-elf/4.1.2/../../../../nios2-elf/lib\libc.a(lib_a-writer.o)
 .data          0x00818a08        0x0 f:/windowsstuff/12.0/nios2eds/bin/gnu/h-i686-mingw32/bin/../lib/gcc/nios2-elf/4.1.2/../../../../nios2-elf/lib\libc.a(lib_a-callocr.o)
 .data          0x00818a08        0x0 f:/windowsstuff/12.0/nios2eds/bin/gnu/h-i686-mingw32/bin/../lib/gcc/nios2-elf/4.1.2/../../../../nios2-elf/lib\libc.a(lib_a-closer.o)
 .data          0x00818a08        0x0 f:/windowsstuff/12.0/nios2eds/bin/gnu/h-i686-mingw32/bin/../lib/gcc/nios2-elf/4.1.2/../../../../nios2-elf/lib\libc.a(lib_a-fclose.o)
 .data          0x00818a08        0x0 f:/windowsstuff/12.0/nios2eds/bin/gnu/h-i686-mingw32/bin/../lib/gcc/nios2-elf/4.1.2/../../../../nios2-elf/lib\libc.a(lib_a-fstatr.o)
 .data          0x00818a08        0x0 f:/windowsstuff/12.0/nios2eds/bin/gnu/h-i686-mingw32/bin/../lib/gcc/nios2-elf/4.1.2/../../../../nios2-elf/lib\libc.a(lib_a-isattyr.o)
 .data          0x00818a08        0x0 f:/windowsstuff/12.0/nios2eds/bin/gnu/h-i686-mingw32/bin/../lib/gcc/nios2-elf/4.1.2/../../../../nios2-elf/lib\libc.a(lib_a-lseekr.o)
 .data          0x00818a08        0x0 f:/windowsstuff/12.0/nios2eds/bin/gnu/h-i686-mingw32/bin/../lib/gcc/nios2-elf/4.1.2/../../../../nios2-elf/lib\libc.a(lib_a-readr.o)
 .data          0x00818a08        0x0 f:/windowsstuff/12.0/nios2eds/bin/gnu/h-i686-mingw32/bin/../lib/gcc/nios2-elf/4.1.2\libgcc.a(_udivdi3.o)
 .data          0x00818a08        0x0 f:/windowsstuff/12.0/nios2eds/bin/gnu/h-i686-mingw32/bin/../lib/gcc/nios2-elf/4.1.2\libgcc.a(_umoddi3.o)
 .data          0x00818a08        0x0 f:/windowsstuff/12.0/nios2eds/bin/gnu/h-i686-mingw32/bin/../lib/gcc/nios2-elf/4.1.2\libgcc.a(_ne_df.o)
 .data          0x00818a08        0x0 f:/windowsstuff/12.0/nios2eds/bin/gnu/h-i686-mingw32/bin/../lib/gcc/nios2-elf/4.1.2\libgcc.a(_lt_df.o)
 .data          0x00818a08        0x0 f:/windowsstuff/12.0/nios2eds/bin/gnu/h-i686-mingw32/bin/../lib/gcc/nios2-elf/4.1.2\libgcc.a(_usi_to_df.o)
 .data          0x00818a08        0x0 ../LaserSharknado_bsp\libhal_bsp.a(alt_close.o)
 .data          0x00818a08      0x1a8 ../LaserSharknado_bsp\libhal_bsp.a(alt_dev.o)
                0x00818a08                alt_dev_null
                0x00818a30                alt_fd_list
 .data          0x00818bb0        0x0 ../LaserSharknado_bsp\libhal_bsp.a(alt_errno.o)
 .data          0x00818bb0        0x0 ../LaserSharknado_bsp\libhal_bsp.a(alt_fstat.o)
 .data          0x00818bb0        0x0 ../LaserSharknado_bsp\libhal_bsp.a(alt_isatty.o)
 .data          0x00818bb0        0x0 ../LaserSharknado_bsp\libhal_bsp.a(alt_load.o)
 .data          0x00818bb0        0x0 ../LaserSharknado_bsp\libhal_bsp.a(alt_lseek.o)
 .data          0x00818bb0        0x0 ../LaserSharknado_bsp\libhal_bsp.a(alt_main.o)
 .data          0x00818bb0        0x0 ../LaserSharknado_bsp\libhal_bsp.a(alt_malloc_lock.o)
 .data          0x00818bb0        0x0 ../LaserSharknado_bsp\libhal_bsp.a(alt_read.o)
 .data          0x00818bb0        0x0 ../LaserSharknado_bsp\libhal_bsp.a(alt_release_fd.o)
 .data          0x00818bb0        0x0 ../LaserSharknado_bsp\libhal_bsp.a(alt_sbrk.o)
 .data          0x00818bb0        0x0 ../LaserSharknado_bsp\libhal_bsp.a(alt_tick.o)
 .data          0x00818bb0        0x0 ../LaserSharknado_bsp\libhal_bsp.a(alt_usleep.o)
 .data          0x00818bb0        0x0 ../LaserSharknado_bsp\libhal_bsp.a(alt_write.o)
 .data          0x00818bb0     0x11b4 ../LaserSharknado_bsp\libhal_bsp.a(alt_sys_init.o)
 .data          0x00819d64        0x0 ../LaserSharknado_bsp\libhal_bsp.a(altera_avalon_jtag_uart_fd.o)
 .data          0x00819d64        0x0 ../LaserSharknado_bsp\libhal_bsp.a(altera_avalon_jtag_uart_init.o)
 .data          0x00819d64        0x0 ../LaserSharknado_bsp\libhal_bsp.a(altera_avalon_jtag_uart_ioctl.o)
 .data          0x00819d64        0x0 ../LaserSharknado_bsp\libhal_bsp.a(altera_avalon_jtag_uart_read.o)
 .data          0x00819d64        0x0 ../LaserSharknado_bsp\libhal_bsp.a(altera_avalon_jtag_uart_write.o)
 .data          0x00819d64        0x0 ../LaserSharknado_bsp\libhal_bsp.a(altera_avalon_timer_sc.o)
 .data          0x00819d64        0x0 ../LaserSharknado_bsp\libhal_bsp.a(altera_avalon_timer_ts.o)
 .data          0x00819d64        0x0 ../LaserSharknado_bsp\libhal_bsp.a(altera_avalon_timer_vars.o)
 .data          0x00819d64        0x0 ../LaserSharknado_bsp\libhal_bsp.a(altera_up_avalon_audio.o)
 .data          0x00819d64        0x0 ../LaserSharknado_bsp\libhal_bsp.a(altera_up_avalon_audio_and_video_config.o)
 .data          0x00819d64        0x0 ../LaserSharknado_bsp\libhal_bsp.a(altera_up_avalon_character_lcd.o)
 .data          0x00819d64        0x0 ../LaserSharknado_bsp\libhal_bsp.a(altera_up_avalon_video_character_buffer_with_dma.o)
 .data          0x00819d64        0x0 ../LaserSharknado_bsp\libhal_bsp.a(altera_up_avalon_video_pixel_buffer_dma.o)
 .data          0x00819d64        0x0 ../LaserSharknado_bsp\libhal_bsp.a(altera_up_sd_card_avalon_interface.o)
 .data          0x00819d64        0x0 ../LaserSharknado_bsp\libhal_bsp.a(alt_alarm_start.o)
 .data          0x00819d64        0x0 ../LaserSharknado_bsp\libhal_bsp.a(alt_busy_sleep.o)
 .data          0x00819d64        0x0 ../LaserSharknado_bsp\libhal_bsp.a(alt_dcache_flush_all.o)
 .data          0x00819d64        0x0 ../LaserSharknado_bsp\libhal_bsp.a(alt_dev_llist_insert.o)
 .data          0x00819d64        0x0 ../LaserSharknado_bsp\libhal_bsp.a(alt_do_ctors.o)
 .data          0x00819d64        0x0 ../LaserSharknado_bsp\libhal_bsp.a(alt_do_dtors.o)
 .data          0x00819d64        0x0 ../LaserSharknado_bsp\libhal_bsp.a(alt_find_dev.o)
 .data          0x00819d64        0x0 ../LaserSharknado_bsp\libhal_bsp.a(alt_icache_flush_all.o)
 .data          0x00819d64        0x0 ../LaserSharknado_bsp\libhal_bsp.a(alt_io_redirect.o)
 .data          0x00819d64        0x0 ../LaserSharknado_bsp\libhal_bsp.a(alt_irq_register.o)
 .data          0x00819d64        0x0 ../LaserSharknado_bsp\libhal_bsp.a(alt_irq_vars.o)
 .data          0x00819d64        0x0 ../LaserSharknado_bsp\libhal_bsp.a(alt_open.o)
 .data          0x00819d64        0x0 ../LaserSharknado_bsp\libhal_bsp.a(altera_nios2_qsys_irq.o)
 .data          0x00819d64        0x0 ../LaserSharknado_bsp\libhal_bsp.a(alt_find_file.o)
 .data          0x00819d64        0x0 ../LaserSharknado_bsp\libhal_bsp.a(alt_get_fd.o)
 .data          0x00819d64        0x0 ../LaserSharknado_bsp\libhal_bsp.a(alt_icache_flush.o)
 .data          0x00819d64        0x0 ../LaserSharknado_bsp\libhal_bsp.a(alt_irq_entry.o)
 .data          0x00819d64        0x0 ../LaserSharknado_bsp\libhal_bsp.a(alt_irq_handler.o)
 .data          0x00819d64        0x0 ../LaserSharknado_bsp\libhal_bsp.a(alt_exception_entry.o)
 .data          0x00819d64        0x0 f:/windowsstuff/12.0/nios2eds/bin/gnu/h-i686-mingw32/bin/../lib/gcc/nios2-elf/4.1.2/../../../../nios2-elf/lib\libc.a(lib_a-atexit.o)
 .data          0x00819d64        0x0 f:/windowsstuff/12.0/nios2eds/bin/gnu/h-i686-mingw32/bin/../lib/gcc/nios2-elf/4.1.2/../../../../nios2-elf/lib\libc.a(lib_a-exit.o)
 .data          0x00819d64        0x0 f:/windowsstuff/12.0/nios2eds/bin/gnu/h-i686-mingw32/bin/../lib/gcc/nios2-elf/4.1.2/../../../../nios2-elf/lib\libc.a(lib_a-memcmp.o)
 .data          0x00819d64        0x0 f:/windowsstuff/12.0/nios2eds/bin/gnu/h-i686-mingw32/bin/../lib/gcc/nios2-elf/4.1.2/../../../../nios2-elf/lib\libc.a(lib_a-__atexit.o)
 .data          0x00819d64        0x0 f:/windowsstuff/12.0/nios2eds/bin/gnu/h-i686-mingw32/bin/../lib/gcc/nios2-elf/4.1.2/../../../../nios2-elf/lib\libc.a(lib_a-__call_atexit.o)
 .data          0x00819d64        0x0 ../LaserSharknado_bsp\libhal_bsp.a(alt_exit.o)
                0x00821d64                _gp = ABSOLUTE ((. + 0x8000))
                0x00821d64                PROVIDE (gp, _gp)
 *(.rwdata .rwdata.*)
 *(.sdata .sdata.* .gnu.linkonce.s.*)
 .sdata         0x00819d64        0xc obj/default/audio.o
                0x00819d64                CONFIG_NAME
                0x00819d68                AUDIO_NAME
                0x00819d6c                toneLength
 .sdata         0x00819d70        0x8 f:/windowsstuff/12.0/nios2eds/bin/gnu/h-i686-mingw32/bin/../lib/gcc/nios2-elf/4.1.2/../../../../nios2-elf/lib\libc.a(lib_a-mallocr.o)
                0x00819d70                __malloc_trim_threshold
                0x00819d74                __malloc_sbrk_base
 .sdata         0x00819d78        0x8 f:/windowsstuff/12.0/nios2eds/bin/gnu/h-i686-mingw32/bin/../lib/gcc/nios2-elf/4.1.2/../../../../nios2-elf/lib\libc.a(lib_a-impure.o)
                0x00819d78                _impure_ptr
                0x00819d7c                _global_impure_ptr
 .sdata         0x00819d80        0x8 f:/windowsstuff/12.0/nios2eds/bin/gnu/h-i686-mingw32/bin/../lib/gcc/nios2-elf/4.1.2/../../../../nios2-elf/lib\libc.a(lib_a-locale.o)
                0x00819d80                __mb_cur_max
 .sdata         0x00819d88       0x14 ../LaserSharknado_bsp\libhal_bsp.a(alt_dev.o)
                0x00819d88                alt_fs_list
                0x00819d90                alt_dev_list
                0x00819d98                alt_max_fd
 .sdata         0x00819d9c        0x4 ../LaserSharknado_bsp\libhal_bsp.a(alt_errno.o)
                0x00819d9c                alt_errno
 .sdata         0x00819da0        0x4 ../LaserSharknado_bsp\libhal_bsp.a(alt_sbrk.o)
 .sdata         0x00819da4        0x8 ../LaserSharknado_bsp\libhal_bsp.a(alt_tick.o)
                0x00819da4                alt_alarm_list
 .sdata         0x00819dac        0x4 ../LaserSharknado_bsp\libhal_bsp.a(alt_irq_vars.o)
                0x00819dac                alt_priority_mask
 *(.sdata2 .sdata2.* .gnu.linkonce.s2.*)
                0x00819db0                . = ALIGN (0x4)
                0x00819db0                _edata = ABSOLUTE (.)
                0x00819db0                PROVIDE (edata, ABSOLUTE (.))
                0x00819db0                PROVIDE (__ram_rwdata_end, ABSOLUTE (.))
                0x00819db0                PROVIDE (__flash_rwdata_start, LOADADDR (.rwdata))

.bss            0x0081b96c      0xa90
                0x0081b96c                __bss_start = ABSOLUTE (.)
                0x0081b96c                PROVIDE (__sbss_start, ABSOLUTE (.))
                0x0081b96c                PROVIDE (___sbss_start, ABSOLUTE (.))
 *(.dynsbss)
 *(.sbss .sbss.* .gnu.linkonce.sb.*)
 .sbss          0x0081b96c        0xc obj/default/audio.o
                0x0081b96c                audio
                0x0081b970                config
                0x0081b974                DEBUG
 .sbss          0x0081b978        0xc obj/default/audio.o
                0x0081b978                laserBufferLength
                0x0081b97c                sdDev
                0x0081b980                laserBuffer
 .sbss          0x0081b984        0xc f:/windowsstuff/12.0/nios2eds/bin/gnu/h-i686-mingw32/bin/../lib/gcc/nios2-elf/4.1.2/../../../../nios2-elf/lib\libc.a(lib_a-mallocr.o)
                0x0081b984                __malloc_top_pad
                0x0081b988                __malloc_max_sbrked_mem
                0x0081b98c                __malloc_max_total_mem
 .sbss          0x0081b990        0x4 f:/windowsstuff/12.0/nios2eds/bin/gnu/h-i686-mingw32/bin/../lib/gcc/nios2-elf/4.1.2/../../../../nios2-elf/lib\libc.a(lib_a-int_errno.o)
                0x0081b990                errno
 .sbss          0x0081b994        0xc f:/windowsstuff/12.0/nios2eds/bin/gnu/h-i686-mingw32/bin/../lib/gcc/nios2-elf/4.1.2/../../../../nios2-elf/lib\libc.a(lib_a-locale.o)
                0x0081b994                __nlocale_changed
                0x0081b998                __mlocale_changed
                0x0081b99c                _PathLocale
 .sbss          0x0081b9a0        0xc ../LaserSharknado_bsp\libhal_bsp.a(alt_main.o)
                0x0081b9a0                alt_argc
                0x0081b9a4                alt_argv
                0x0081b9a8                alt_envp
 .sbss          0x0081b9ac        0x8 ../LaserSharknado_bsp\libhal_bsp.a(alt_tick.o)
                0x0081b9ac                _alt_tick_rate
                0x0081b9b0                _alt_nticks
 .sbss          0x0081b9b4        0x8 ../LaserSharknado_bsp\libhal_bsp.a(altera_avalon_timer_vars.o)
                0x0081b9b4                altera_avalon_timer_ts_base
                0x0081b9b8                altera_avalon_timer_ts_freq
 .sbss          0x0081b9bc       0x34 ../LaserSharknado_bsp\libhal_bsp.a(altera_up_sd_card_avalon_interface.o)
                0x0081b9bc                initialized
                0x0081b9c0                is_sd_card_formated_as_FAT16
                0x0081b9c4                aux_status_register
                0x0081b9c8                status_register
                0x0081b9cc                CSD_register_w0
                0x0081b9d0                command_register
                0x0081b9d4                command_argument_register
                0x0081b9d8                buffer_memory
                0x0081b9dc                fat_partition_offset_in_512_byte_sectors
                0x0081b9e0                fat_partition_size_in_512_byte_sectors
                0x0081b9e4                device_pointer
                0x0081b9e8                current_sector_modified
                0x0081b9ec                current_sector_index
 .sbss          0x0081b9f0        0x4 ../LaserSharknado_bsp\libhal_bsp.a(alt_irq_vars.o)
                0x0081b9f0                alt_irq_active
 *(.sbss2 .sbss2.* .gnu.linkonce.sb2.*)
 *(.scommon)
                0x0081b9f4                PROVIDE (__sbss_end, ABSOLUTE (.))
                0x0081b9f4                PROVIDE (___sbss_end, ABSOLUTE (.))
 *(.dynbss)
 *(.bss .bss.* .gnu.linkonce.b.*)
 .bss           0x0081b9f4        0x0 ../LaserSharknado_bsp/obj/HAL/src/crt0.o
 .bss           0x0081b9f4        0x0 obj/default/audio.o
 .bss           0x0081b9f4        0x0 obj/default/audio_up_hack.o
 .bss           0x0081b9f4        0x0 obj/default/hello_world.o
 .bss           0x0081b9f4        0x0 obj/default/player.o
 .bss           0x0081b9f4        0x0 obj/default/sd_card.o
 .bss           0x0081b9f4        0x0 obj/default/timer.o
 .bss           0x0081b9f4        0x0 obj/default/vga.o
 .bss           0x0081b9f4        0x0 f:/windowsstuff/12.0/nios2eds/bin/gnu/h-i686-mingw32/bin/../lib/gcc/nios2-elf/4.1.2/../../../../nios2-elf/lib\libm.a(lib_a-s_sin.o)
 .bss           0x0081b9f4        0x0 f:/windowsstuff/12.0/nios2eds/bin/gnu/h-i686-mingw32/bin/../lib/gcc/nios2-elf/4.1.2/../../../../nios2-elf/lib\libm.a(lib_a-e_rem_pio2.o)
 .bss           0x0081b9f4        0x0 f:/windowsstuff/12.0/nios2eds/bin/gnu/h-i686-mingw32/bin/../lib/gcc/nios2-elf/4.1.2/../../../../nios2-elf/lib\libm.a(lib_a-k_cos.o)
 .bss           0x0081b9f4        0x0 f:/windowsstuff/12.0/nios2eds/bin/gnu/h-i686-mingw32/bin/../lib/gcc/nios2-elf/4.1.2/../../../../nios2-elf/lib\libm.a(lib_a-k_rem_pio2.o)
 .bss           0x0081b9f4        0x0 f:/windowsstuff/12.0/nios2eds/bin/gnu/h-i686-mingw32/bin/../lib/gcc/nios2-elf/4.1.2/../../../../nios2-elf/lib\libm.a(lib_a-k_sin.o)
 .bss           0x0081b9f4        0x0 f:/windowsstuff/12.0/nios2eds/bin/gnu/h-i686-mingw32/bin/../lib/gcc/nios2-elf/4.1.2/../../../../nios2-elf/lib\libm.a(lib_a-s_fabs.o)
 .bss           0x0081b9f4        0x0 f:/windowsstuff/12.0/nios2eds/bin/gnu/h-i686-mingw32/bin/../lib/gcc/nios2-elf/4.1.2/../../../../nios2-elf/lib\libm.a(lib_a-s_floor.o)
 .bss           0x0081b9f4        0x0 f:/windowsstuff/12.0/nios2eds/bin/gnu/h-i686-mingw32/bin/../lib/gcc/nios2-elf/4.1.2/../../../../nios2-elf/lib\libm.a(lib_a-s_scalbn.o)
 .bss           0x0081b9f4        0x0 f:/windowsstuff/12.0/nios2eds/bin/gnu/h-i686-mingw32/bin/../lib/gcc/nios2-elf/4.1.2/../../../../nios2-elf/lib\libm.a(lib_a-s_copysign.o)
 .bss           0x0081b9f4        0x0 f:/windowsstuff/12.0/nios2eds/bin/gnu/h-i686-mingw32/bin/../lib/gcc/nios2-elf/4.1.2\libgcc.a(_fixunsdfsi.o)
 .bss           0x0081b9f4        0x0 f:/windowsstuff/12.0/nios2eds/bin/gnu/h-i686-mingw32/bin/../lib/gcc/nios2-elf/4.1.2\libgcc.a(_div_sf.o)
 .bss           0x0081b9f4        0x0 f:/windowsstuff/12.0/nios2eds/bin/gnu/h-i686-mingw32/bin/../lib/gcc/nios2-elf/4.1.2\libgcc.a(_si_to_sf.o)
 .bss           0x0081b9f4        0x0 f:/windowsstuff/12.0/nios2eds/bin/gnu/h-i686-mingw32/bin/../lib/gcc/nios2-elf/4.1.2\libgcc.a(_sf_to_df.o)
 .bss           0x0081b9f4        0x0 f:/windowsstuff/12.0/nios2eds/bin/gnu/h-i686-mingw32/bin/../lib/gcc/nios2-elf/4.1.2\libgcc.a(_thenan_sf.o)
 .bss           0x0081b9f4        0x0 f:/windowsstuff/12.0/nios2eds/bin/gnu/h-i686-mingw32/bin/../lib/gcc/nios2-elf/4.1.2\libgcc.a(_addsub_df.o)
 .bss           0x0081b9f4        0x0 f:/windowsstuff/12.0/nios2eds/bin/gnu/h-i686-mingw32/bin/../lib/gcc/nios2-elf/4.1.2\libgcc.a(_mul_df.o)
 .bss           0x0081b9f4        0x0 f:/windowsstuff/12.0/nios2eds/bin/gnu/h-i686-mingw32/bin/../lib/gcc/nios2-elf/4.1.2\libgcc.a(_div_df.o)
 .bss           0x0081b9f4        0x0 f:/windowsstuff/12.0/nios2eds/bin/gnu/h-i686-mingw32/bin/../lib/gcc/nios2-elf/4.1.2\libgcc.a(_eq_df.o)
 .bss           0x0081b9f4        0x0 f:/windowsstuff/12.0/nios2eds/bin/gnu/h-i686-mingw32/bin/../lib/gcc/nios2-elf/4.1.2\libgcc.a(_gt_df.o)
 .bss           0x0081b9f4        0x0 f:/windowsstuff/12.0/nios2eds/bin/gnu/h-i686-mingw32/bin/../lib/gcc/nios2-elf/4.1.2\libgcc.a(_ge_df.o)
 .bss           0x0081b9f4        0x0 f:/windowsstuff/12.0/nios2eds/bin/gnu/h-i686-mingw32/bin/../lib/gcc/nios2-elf/4.1.2\libgcc.a(_si_to_df.o)
 .bss           0x0081b9f4        0x0 f:/windowsstuff/12.0/nios2eds/bin/gnu/h-i686-mingw32/bin/../lib/gcc/nios2-elf/4.1.2\libgcc.a(_df_to_si.o)
 .bss           0x0081b9f4        0x0 f:/windowsstuff/12.0/nios2eds/bin/gnu/h-i686-mingw32/bin/../lib/gcc/nios2-elf/4.1.2\libgcc.a(_make_df.o)
 .bss           0x0081b9f4        0x0 f:/windowsstuff/12.0/nios2eds/bin/gnu/h-i686-mingw32/bin/../lib/gcc/nios2-elf/4.1.2\libgcc.a(_thenan_df.o)
 .bss           0x0081b9f4        0x0 f:/windowsstuff/12.0/nios2eds/bin/gnu/h-i686-mingw32/bin/../lib/gcc/nios2-elf/4.1.2\libgcc.a(lib2-divmod.o)
 .bss           0x0081b9f4        0x0 f:/windowsstuff/12.0/nios2eds/bin/gnu/h-i686-mingw32/bin/../lib/gcc/nios2-elf/4.1.2\libgcc.a(_muldi3.o)
 .bss           0x0081b9f4        0x0 f:/windowsstuff/12.0/nios2eds/bin/gnu/h-i686-mingw32/bin/../lib/gcc/nios2-elf/4.1.2\libgcc.a(_clzsi2.o)
 .bss           0x0081b9f4        0x0 f:/windowsstuff/12.0/nios2eds/bin/gnu/h-i686-mingw32/bin/../lib/gcc/nios2-elf/4.1.2\libgcc.a(_pack_sf.o)
 .bss           0x0081b9f4        0x0 f:/windowsstuff/12.0/nios2eds/bin/gnu/h-i686-mingw32/bin/../lib/gcc/nios2-elf/4.1.2\libgcc.a(_unpack_sf.o)
 .bss           0x0081b9f4        0x0 f:/windowsstuff/12.0/nios2eds/bin/gnu/h-i686-mingw32/bin/../lib/gcc/nios2-elf/4.1.2\libgcc.a(_pack_df.o)
 .bss           0x0081b9f4        0x0 f:/windowsstuff/12.0/nios2eds/bin/gnu/h-i686-mingw32/bin/../lib/gcc/nios2-elf/4.1.2\libgcc.a(_unpack_df.o)
 .bss           0x0081b9f4        0x0 f:/windowsstuff/12.0/nios2eds/bin/gnu/h-i686-mingw32/bin/../lib/gcc/nios2-elf/4.1.2\libgcc.a(_fpcmp_parts_df.o)
 .bss           0x0081b9f4        0x0 f:/windowsstuff/12.0/nios2eds/bin/gnu/h-i686-mingw32/bin/../lib/gcc/nios2-elf/4.1.2\libgcc.a(_clz.o)
 .bss           0x0081b9f4        0x0 f:/windowsstuff/12.0/nios2eds/bin/gnu/h-i686-mingw32/bin/../lib/gcc/nios2-elf/4.1.2/../../../../nios2-elf/lib\libc.a(lib_a-malloc.o)
 .bss           0x0081b9f4       0x28 f:/windowsstuff/12.0/nios2eds/bin/gnu/h-i686-mingw32/bin/../lib/gcc/nios2-elf/4.1.2/../../../../nios2-elf/lib\libc.a(lib_a-mallocr.o)
                0x0081b9f4                __malloc_current_mallinfo
 .bss           0x0081ba1c        0x0 f:/windowsstuff/12.0/nios2eds/bin/gnu/h-i686-mingw32/bin/../lib/gcc/nios2-elf/4.1.2/../../../../nios2-elf/lib\libc.a(lib_a-printf.o)
 .bss           0x0081ba1c        0x0 f:/windowsstuff/12.0/nios2eds/bin/gnu/h-i686-mingw32/bin/../lib/gcc/nios2-elf/4.1.2/../../../../nios2-elf/lib\libc.a(lib_a-puts.o)
 .bss           0x0081ba1c        0x0 f:/windowsstuff/12.0/nios2eds/bin/gnu/h-i686-mingw32/bin/../lib/gcc/nios2-elf/4.1.2/../../../../nios2-elf/lib\libc.a(lib_a-sbrkr.o)
 .bss           0x0081ba1c        0x0 f:/windowsstuff/12.0/nios2eds/bin/gnu/h-i686-mingw32/bin/../lib/gcc/nios2-elf/4.1.2/../../../../nios2-elf/lib\libc.a(lib_a-strlen.o)
 .bss           0x0081ba1c        0x0 f:/windowsstuff/12.0/nios2eds/bin/gnu/h-i686-mingw32/bin/../lib/gcc/nios2-elf/4.1.2/../../../../nios2-elf/lib\libc.a(lib_a-vfprintf.o)
 .bss           0x0081ba1c        0x0 f:/windowsstuff/12.0/nios2eds/bin/gnu/h-i686-mingw32/bin/../lib/gcc/nios2-elf/4.1.2/../../../../nios2-elf/lib\libc.a(lib_a-wsetup.o)
 .bss           0x0081ba1c        0x0 f:/windowsstuff/12.0/nios2eds/bin/gnu/h-i686-mingw32/bin/../lib/gcc/nios2-elf/4.1.2/../../../../nios2-elf/lib\libc.a(lib_a-dtoa.o)
 .bss           0x0081ba1c        0x0 f:/windowsstuff/12.0/nios2eds/bin/gnu/h-i686-mingw32/bin/../lib/gcc/nios2-elf/4.1.2/../../../../nios2-elf/lib\libc.a(lib_a-fflush.o)
 .bss           0x0081ba1c        0x0 f:/windowsstuff/12.0/nios2eds/bin/gnu/h-i686-mingw32/bin/../lib/gcc/nios2-elf/4.1.2/../../../../nios2-elf/lib\libc.a(lib_a-findfp.o)
 .bss           0x0081ba1c        0x0 f:/windowsstuff/12.0/nios2eds/bin/gnu/h-i686-mingw32/bin/../lib/gcc/nios2-elf/4.1.2/../../../../nios2-elf/lib\libc.a(lib_a-freer.o)
 .bss           0x0081ba1c        0x0 f:/windowsstuff/12.0/nios2eds/bin/gnu/h-i686-mingw32/bin/../lib/gcc/nios2-elf/4.1.2/../../../../nios2-elf/lib\libc.a(lib_a-fvwrite.o)
 .bss           0x0081ba1c        0x0 f:/windowsstuff/12.0/nios2eds/bin/gnu/h-i686-mingw32/bin/../lib/gcc/nios2-elf/4.1.2/../../../../nios2-elf/lib\libc.a(lib_a-fwalk.o)
 .bss           0x0081ba1c        0x0 f:/windowsstuff/12.0/nios2eds/bin/gnu/h-i686-mingw32/bin/../lib/gcc/nios2-elf/4.1.2/../../../../nios2-elf/lib\libc.a(lib_a-impure.o)
 .bss           0x0081ba1c        0x0 f:/windowsstuff/12.0/nios2eds/bin/gnu/h-i686-mingw32/bin/../lib/gcc/nios2-elf/4.1.2/../../../../nios2-elf/lib\libc.a(lib_a-int_errno.o)
 .bss           0x0081ba1c        0x0 f:/windowsstuff/12.0/nios2eds/bin/gnu/h-i686-mingw32/bin/../lib/gcc/nios2-elf/4.1.2/../../../../nios2-elf/lib\libc.a(lib_a-locale.o)
 .bss           0x0081ba1c        0x0 f:/windowsstuff/12.0/nios2eds/bin/gnu/h-i686-mingw32/bin/../lib/gcc/nios2-elf/4.1.2/../../../../nios2-elf/lib\libc.a(lib_a-makebuf.o)
 .bss           0x0081ba1c        0x0 f:/windowsstuff/12.0/nios2eds/bin/gnu/h-i686-mingw32/bin/../lib/gcc/nios2-elf/4.1.2/../../../../nios2-elf/lib\libc.a(lib_a-memchr.o)
 .bss           0x0081ba1c        0x0 f:/windowsstuff/12.0/nios2eds/bin/gnu/h-i686-mingw32/bin/../lib/gcc/nios2-elf/4.1.2/../../../../nios2-elf/lib\libc.a(lib_a-memcpy.o)
 .bss           0x0081ba1c        0x0 f:/windowsstuff/12.0/nios2eds/bin/gnu/h-i686-mingw32/bin/../lib/gcc/nios2-elf/4.1.2/../../../../nios2-elf/lib\libc.a(lib_a-memmove.o)
 .bss           0x0081ba1c        0x0 f:/windowsstuff/12.0/nios2eds/bin/gnu/h-i686-mingw32/bin/../lib/gcc/nios2-elf/4.1.2/../../../../nios2-elf/lib\libc.a(lib_a-memset.o)
 .bss           0x0081ba1c        0x0 f:/windowsstuff/12.0/nios2eds/bin/gnu/h-i686-mingw32/bin/../lib/gcc/nios2-elf/4.1.2/../../../../nios2-elf/lib\libc.a(lib_a-mprec.o)
 .bss           0x0081ba1c        0x0 f:/windowsstuff/12.0/nios2eds/bin/gnu/h-i686-mingw32/bin/../lib/gcc/nios2-elf/4.1.2/../../../../nios2-elf/lib\libc.a(lib_a-reallocr.o)
 .bss           0x0081ba1c        0x0 f:/windowsstuff/12.0/nios2eds/bin/gnu/h-i686-mingw32/bin/../lib/gcc/nios2-elf/4.1.2/../../../../nios2-elf/lib\libc.a(lib_a-s_isinfd.o)
 .bss           0x0081ba1c        0x0 f:/windowsstuff/12.0/nios2eds/bin/gnu/h-i686-mingw32/bin/../lib/gcc/nios2-elf/4.1.2/../../../../nios2-elf/lib\libc.a(lib_a-s_isnand.o)
 .bss           0x0081ba1c        0x0 f:/windowsstuff/12.0/nios2eds/bin/gnu/h-i686-mingw32/bin/../lib/gcc/nios2-elf/4.1.2/../../../../nios2-elf/lib\libc.a(lib_a-stdio.o)
 .bss           0x0081ba1c        0x0 f:/windowsstuff/12.0/nios2eds/bin/gnu/h-i686-mingw32/bin/../lib/gcc/nios2-elf/4.1.2/../../../../nios2-elf/lib\libc.a(lib_a-strcmp.o)
 .bss           0x0081ba1c        0x0 f:/windowsstuff/12.0/nios2eds/bin/gnu/h-i686-mingw32/bin/../lib/gcc/nios2-elf/4.1.2/../../../../nios2-elf/lib\libc.a(lib_a-writer.o)
 .bss           0x0081ba1c        0x0 f:/windowsstuff/12.0/nios2eds/bin/gnu/h-i686-mingw32/bin/../lib/gcc/nios2-elf/4.1.2/../../../../nios2-elf/lib\libc.a(lib_a-callocr.o)
 .bss           0x0081ba1c        0x0 f:/windowsstuff/12.0/nios2eds/bin/gnu/h-i686-mingw32/bin/../lib/gcc/nios2-elf/4.1.2/../../../../nios2-elf/lib\libc.a(lib_a-closer.o)
 .bss           0x0081ba1c        0x0 f:/windowsstuff/12.0/nios2eds/bin/gnu/h-i686-mingw32/bin/../lib/gcc/nios2-elf/4.1.2/../../../../nios2-elf/lib\libc.a(lib_a-fclose.o)
 .bss           0x0081ba1c        0x0 f:/windowsstuff/12.0/nios2eds/bin/gnu/h-i686-mingw32/bin/../lib/gcc/nios2-elf/4.1.2/../../../../nios2-elf/lib\libc.a(lib_a-fstatr.o)
 .bss           0x0081ba1c        0x0 f:/windowsstuff/12.0/nios2eds/bin/gnu/h-i686-mingw32/bin/../lib/gcc/nios2-elf/4.1.2/../../../../nios2-elf/lib\libc.a(lib_a-isattyr.o)
 .bss           0x0081ba1c        0x0 f:/windowsstuff/12.0/nios2eds/bin/gnu/h-i686-mingw32/bin/../lib/gcc/nios2-elf/4.1.2/../../../../nios2-elf/lib\libc.a(lib_a-lseekr.o)
 .bss           0x0081ba1c        0x0 f:/windowsstuff/12.0/nios2eds/bin/gnu/h-i686-mingw32/bin/../lib/gcc/nios2-elf/4.1.2/../../../../nios2-elf/lib\libc.a(lib_a-readr.o)
 .bss           0x0081ba1c        0x0 f:/windowsstuff/12.0/nios2eds/bin/gnu/h-i686-mingw32/bin/../lib/gcc/nios2-elf/4.1.2\libgcc.a(_udivdi3.o)
 .bss           0x0081ba1c        0x0 f:/windowsstuff/12.0/nios2eds/bin/gnu/h-i686-mingw32/bin/../lib/gcc/nios2-elf/4.1.2\libgcc.a(_umoddi3.o)
 .bss           0x0081ba1c        0x0 f:/windowsstuff/12.0/nios2eds/bin/gnu/h-i686-mingw32/bin/../lib/gcc/nios2-elf/4.1.2\libgcc.a(_ne_df.o)
 .bss           0x0081ba1c        0x0 f:/windowsstuff/12.0/nios2eds/bin/gnu/h-i686-mingw32/bin/../lib/gcc/nios2-elf/4.1.2\libgcc.a(_lt_df.o)
 .bss           0x0081ba1c        0x0 f:/windowsstuff/12.0/nios2eds/bin/gnu/h-i686-mingw32/bin/../lib/gcc/nios2-elf/4.1.2\libgcc.a(_usi_to_df.o)
 .bss           0x0081ba1c        0x0 ../LaserSharknado_bsp\libhal_bsp.a(alt_close.o)
 .bss           0x0081ba1c        0x0 ../LaserSharknado_bsp\libhal_bsp.a(alt_dev.o)
 .bss           0x0081ba1c        0x0 ../LaserSharknado_bsp\libhal_bsp.a(alt_errno.o)
 .bss           0x0081ba1c        0x0 ../LaserSharknado_bsp\libhal_bsp.a(alt_fstat.o)
 .bss           0x0081ba1c        0x0 ../LaserSharknado_bsp\libhal_bsp.a(alt_isatty.o)
 .bss           0x0081ba1c        0x0 ../LaserSharknado_bsp\libhal_bsp.a(alt_load.o)
 .bss           0x0081ba1c        0x0 ../LaserSharknado_bsp\libhal_bsp.a(alt_lseek.o)
 .bss           0x0081ba1c        0x0 ../LaserSharknado_bsp\libhal_bsp.a(alt_main.o)
 .bss           0x0081ba1c        0x0 ../LaserSharknado_bsp\libhal_bsp.a(alt_malloc_lock.o)
 .bss           0x0081ba1c        0x0 ../LaserSharknado_bsp\libhal_bsp.a(alt_read.o)
 .bss           0x0081ba1c        0x0 ../LaserSharknado_bsp\libhal_bsp.a(alt_release_fd.o)
 .bss           0x0081ba1c        0x0 ../LaserSharknado_bsp\libhal_bsp.a(alt_sbrk.o)
 .bss           0x0081ba1c        0x0 ../LaserSharknado_bsp\libhal_bsp.a(alt_tick.o)
 .bss           0x0081ba1c        0x0 ../LaserSharknado_bsp\libhal_bsp.a(alt_usleep.o)
 .bss           0x0081ba1c        0x0 ../LaserSharknado_bsp\libhal_bsp.a(alt_write.o)
 .bss           0x0081ba1c        0x0 ../LaserSharknado_bsp\libhal_bsp.a(alt_sys_init.o)
 .bss           0x0081ba1c        0x0 ../LaserSharknado_bsp\libhal_bsp.a(altera_avalon_jtag_uart_fd.o)
 .bss           0x0081ba1c        0x0 ../LaserSharknado_bsp\libhal_bsp.a(altera_avalon_jtag_uart_init.o)
 .bss           0x0081ba1c        0x0 ../LaserSharknado_bsp\libhal_bsp.a(altera_avalon_jtag_uart_ioctl.o)
 .bss           0x0081ba1c        0x0 ../LaserSharknado_bsp\libhal_bsp.a(altera_avalon_jtag_uart_read.o)
 .bss           0x0081ba1c        0x0 ../LaserSharknado_bsp\libhal_bsp.a(altera_avalon_jtag_uart_write.o)
 .bss           0x0081ba1c        0x0 ../LaserSharknado_bsp\libhal_bsp.a(altera_avalon_timer_sc.o)
 .bss           0x0081ba1c        0x0 ../LaserSharknado_bsp\libhal_bsp.a(altera_avalon_timer_ts.o)
 .bss           0x0081ba1c        0x0 ../LaserSharknado_bsp\libhal_bsp.a(altera_avalon_timer_vars.o)
 .bss           0x0081ba1c        0x0 ../LaserSharknado_bsp\libhal_bsp.a(altera_up_avalon_audio.o)
 .bss           0x0081ba1c        0x0 ../LaserSharknado_bsp\libhal_bsp.a(altera_up_avalon_audio_and_video_config.o)
 .bss           0x0081ba1c        0x0 ../LaserSharknado_bsp\libhal_bsp.a(altera_up_avalon_character_lcd.o)
 .bss           0x0081ba1c        0x0 ../LaserSharknado_bsp\libhal_bsp.a(altera_up_avalon_video_character_buffer_with_dma.o)
 .bss           0x0081ba1c        0x0 ../LaserSharknado_bsp\libhal_bsp.a(altera_up_avalon_video_pixel_buffer_dma.o)
 .bss           0x0081ba1c        0x0 ../LaserSharknado_bsp\libhal_bsp.a(altera_up_sd_card_avalon_interface.o)
 .bss           0x0081ba1c        0x0 ../LaserSharknado_bsp\libhal_bsp.a(alt_alarm_start.o)
 .bss           0x0081ba1c        0x0 ../LaserSharknado_bsp\libhal_bsp.a(alt_busy_sleep.o)
 .bss           0x0081ba1c        0x0 ../LaserSharknado_bsp\libhal_bsp.a(alt_dcache_flush_all.o)
 .bss           0x0081ba1c        0x0 ../LaserSharknado_bsp\libhal_bsp.a(alt_dev_llist_insert.o)
 .bss           0x0081ba1c        0x0 ../LaserSharknado_bsp\libhal_bsp.a(alt_do_ctors.o)
 .bss           0x0081ba1c        0x0 ../LaserSharknado_bsp\libhal_bsp.a(alt_do_dtors.o)
 .bss           0x0081ba1c        0x0 ../LaserSharknado_bsp\libhal_bsp.a(alt_find_dev.o)
 .bss           0x0081ba1c        0x0 ../LaserSharknado_bsp\libhal_bsp.a(alt_icache_flush_all.o)
 .bss           0x0081ba1c        0x0 ../LaserSharknado_bsp\libhal_bsp.a(alt_io_redirect.o)
 .bss           0x0081ba1c        0x0 ../LaserSharknado_bsp\libhal_bsp.a(alt_irq_register.o)
 .bss           0x0081ba1c        0x0 ../LaserSharknado_bsp\libhal_bsp.a(alt_irq_vars.o)
 .bss           0x0081ba1c        0x0 ../LaserSharknado_bsp\libhal_bsp.a(alt_open.o)
 .bss           0x0081ba1c        0x0 ../LaserSharknado_bsp\libhal_bsp.a(altera_nios2_qsys_irq.o)
 .bss           0x0081ba1c        0x0 ../LaserSharknado_bsp\libhal_bsp.a(alt_find_file.o)
 .bss           0x0081ba1c        0x0 ../LaserSharknado_bsp\libhal_bsp.a(alt_get_fd.o)
 .bss           0x0081ba1c        0x0 ../LaserSharknado_bsp\libhal_bsp.a(alt_icache_flush.o)
 .bss           0x0081ba1c        0x0 ../LaserSharknado_bsp\libhal_bsp.a(alt_irq_entry.o)
 .bss           0x0081ba1c        0x0 ../LaserSharknado_bsp\libhal_bsp.a(alt_irq_handler.o)
 .bss           0x0081ba1c        0x0 ../LaserSharknado_bsp\libhal_bsp.a(alt_exception_entry.o)
 .bss           0x0081ba1c        0x0 f:/windowsstuff/12.0/nios2eds/bin/gnu/h-i686-mingw32/bin/../lib/gcc/nios2-elf/4.1.2/../../../../nios2-elf/lib\libc.a(lib_a-atexit.o)
 .bss           0x0081ba1c        0x0 f:/windowsstuff/12.0/nios2eds/bin/gnu/h-i686-mingw32/bin/../lib/gcc/nios2-elf/4.1.2/../../../../nios2-elf/lib\libc.a(lib_a-exit.o)
 .bss           0x0081ba1c        0x0 f:/windowsstuff/12.0/nios2eds/bin/gnu/h-i686-mingw32/bin/../lib/gcc/nios2-elf/4.1.2/../../../../nios2-elf/lib\libc.a(lib_a-memcmp.o)
 .bss           0x0081ba1c        0x0 f:/windowsstuff/12.0/nios2eds/bin/gnu/h-i686-mingw32/bin/../lib/gcc/nios2-elf/4.1.2/../../../../nios2-elf/lib\libc.a(lib_a-__atexit.o)
 .bss           0x0081ba1c        0x0 f:/windowsstuff/12.0/nios2eds/bin/gnu/h-i686-mingw32/bin/../lib/gcc/nios2-elf/4.1.2/../../../../nios2-elf/lib\libc.a(lib_a-__call_atexit.o)
 .bss           0x0081ba1c        0x0 ../LaserSharknado_bsp\libhal_bsp.a(alt_exit.o)
 *(COMMON)
 COMMON         0x0081ba1c      0x1e8 obj/default/audio.o
                0x0081ba1c                tone
 COMMON         0x0081bc04      0x568 ../LaserSharknado_bsp\libhal_bsp.a(altera_up_sd_card_avalon_interface.o)
                0x0081bc04                search_data
                0x0081bc18                boot_sector_data
                0x0081bc6c                active_files
 COMMON         0x0081c16c      0x100 ../LaserSharknado_bsp\libhal_bsp.a(alt_irq_handler.o)
                0x0081c16c                alt_irq
 COMMON         0x0081c26c      0x190 f:/windowsstuff/12.0/nios2eds/bin/gnu/h-i686-mingw32/bin/../lib/gcc/nios2-elf/4.1.2/../../../../nios2-elf/lib\libc.a(lib_a-atexit.o)
                0x0081c26c                _atexit0
                0x0081c3fc                . = ALIGN (0x4)
                0x0081c3fc                __bss_end = ABSOLUTE (.)

.sdram_0        0x0081c3fc        0x0
                0x0081c3fc                PROVIDE (_alt_partition_sdram_0_start, ABSOLUTE (.))
 *(.sdram_0. sdram_0.*)
                0x0081c3fc                . = ALIGN (0x4)
                0x0081c3fc                PROVIDE (_alt_partition_sdram_0_end, ABSOLUTE (.))
                0x0081c3fc                _end = ABSOLUTE (.)
                0x0081c3fc                end = ABSOLUTE (.)
                0x0081c3fc                __alt_stack_base = ABSOLUTE (.)
                0x0081c3fc                PROVIDE (_alt_partition_sdram_0_load_addr, LOADADDR (.sdram_0))

.stab
 *(.stab)

.stabstr
 *(.stabstr)

.stab.excl
 *(.stab.excl)

.stab.exclstr
 *(.stab.exclstr)

.stab.index
 *(.stab.index)

.stab.indexstr
 *(.stab.indexstr)

.comment        0x00000000       0x26
 *(.comment)
 .comment       0x00000000       0x26 obj/default/audio.o
                                 0x27 (size before relaxing)
 .comment       0x00000000       0x27 obj/default/audio_up_hack.o
 .comment       0x00000000       0x27 obj/default/hello_world.o
 .comment       0x00000000       0x27 obj/default/player.o
 .comment       0x00000000       0x27 obj/default/sd_card.o
 .comment       0x00000000       0x27 obj/default/timer.o
 .comment       0x00000000       0x27 obj/default/vga.o
 .comment       0x00000000       0x27 f:/windowsstuff/12.0/nios2eds/bin/gnu/h-i686-mingw32/bin/../lib/gcc/nios2-elf/4.1.2/../../../../nios2-elf/lib\libm.a(lib_a-s_sin.o)
 .comment       0x00000000       0x27 f:/windowsstuff/12.0/nios2eds/bin/gnu/h-i686-mingw32/bin/../lib/gcc/nios2-elf/4.1.2/../../../../nios2-elf/lib\libm.a(lib_a-e_rem_pio2.o)
 .comment       0x00000000       0x27 f:/windowsstuff/12.0/nios2eds/bin/gnu/h-i686-mingw32/bin/../lib/gcc/nios2-elf/4.1.2/../../../../nios2-elf/lib\libm.a(lib_a-k_cos.o)
 .comment       0x00000000       0x27 f:/windowsstuff/12.0/nios2eds/bin/gnu/h-i686-mingw32/bin/../lib/gcc/nios2-elf/4.1.2/../../../../nios2-elf/lib\libm.a(lib_a-k_rem_pio2.o)
 .comment       0x00000000       0x27 f:/windowsstuff/12.0/nios2eds/bin/gnu/h-i686-mingw32/bin/../lib/gcc/nios2-elf/4.1.2/../../../../nios2-elf/lib\libm.a(lib_a-k_sin.o)
 .comment       0x00000000       0x27 f:/windowsstuff/12.0/nios2eds/bin/gnu/h-i686-mingw32/bin/../lib/gcc/nios2-elf/4.1.2/../../../../nios2-elf/lib\libm.a(lib_a-s_fabs.o)
 .comment       0x00000000       0x27 f:/windowsstuff/12.0/nios2eds/bin/gnu/h-i686-mingw32/bin/../lib/gcc/nios2-elf/4.1.2/../../../../nios2-elf/lib\libm.a(lib_a-s_floor.o)
 .comment       0x00000000       0x27 f:/windowsstuff/12.0/nios2eds/bin/gnu/h-i686-mingw32/bin/../lib/gcc/nios2-elf/4.1.2/../../../../nios2-elf/lib\libm.a(lib_a-s_scalbn.o)
 .comment       0x00000000       0x27 f:/windowsstuff/12.0/nios2eds/bin/gnu/h-i686-mingw32/bin/../lib/gcc/nios2-elf/4.1.2/../../../../nios2-elf/lib\libm.a(lib_a-s_copysign.o)
 .comment       0x00000000       0x27 f:/windowsstuff/12.0/nios2eds/bin/gnu/h-i686-mingw32/bin/../lib/gcc/nios2-elf/4.1.2\libgcc.a(_fixunsdfsi.o)
 .comment       0x00000000       0x27 f:/windowsstuff/12.0/nios2eds/bin/gnu/h-i686-mingw32/bin/../lib/gcc/nios2-elf/4.1.2\libgcc.a(_div_sf.o)
 .comment       0x00000000       0x27 f:/windowsstuff/12.0/nios2eds/bin/gnu/h-i686-mingw32/bin/../lib/gcc/nios2-elf/4.1.2\libgcc.a(_si_to_sf.o)
 .comment       0x00000000       0x27 f:/windowsstuff/12.0/nios2eds/bin/gnu/h-i686-mingw32/bin/../lib/gcc/nios2-elf/4.1.2\libgcc.a(_sf_to_df.o)
 .comment       0x00000000       0x27 f:/windowsstuff/12.0/nios2eds/bin/gnu/h-i686-mingw32/bin/../lib/gcc/nios2-elf/4.1.2\libgcc.a(_thenan_sf.o)
 .comment       0x00000000       0x27 f:/windowsstuff/12.0/nios2eds/bin/gnu/h-i686-mingw32/bin/../lib/gcc/nios2-elf/4.1.2\libgcc.a(_addsub_df.o)
 .comment       0x00000000       0x27 f:/windowsstuff/12.0/nios2eds/bin/gnu/h-i686-mingw32/bin/../lib/gcc/nios2-elf/4.1.2\libgcc.a(_mul_df.o)
 .comment       0x00000000       0x27 f:/windowsstuff/12.0/nios2eds/bin/gnu/h-i686-mingw32/bin/../lib/gcc/nios2-elf/4.1.2\libgcc.a(_div_df.o)
 .comment       0x00000000       0x27 f:/windowsstuff/12.0/nios2eds/bin/gnu/h-i686-mingw32/bin/../lib/gcc/nios2-elf/4.1.2\libgcc.a(_eq_df.o)
 .comment       0x00000000       0x27 f:/windowsstuff/12.0/nios2eds/bin/gnu/h-i686-mingw32/bin/../lib/gcc/nios2-elf/4.1.2\libgcc.a(_gt_df.o)
 .comment       0x00000000       0x27 f:/windowsstuff/12.0/nios2eds/bin/gnu/h-i686-mingw32/bin/../lib/gcc/nios2-elf/4.1.2\libgcc.a(_ge_df.o)