Archive member included because of file (symbol)

c:/altera/12.0sp2/nios2eds/bin/gnu/h-i686-mingw32/bin/../lib/gcc/nios2-elf/4.1.2/../../../../nios2-elf/lib\libm.a(lib_a-s_sin.o)
                              obj/default/audio.o (sin)
c:/altera/12.0sp2/nios2eds/bin/gnu/h-i686-mingw32/bin/../lib/gcc/nios2-elf/4.1.2/../../../../nios2-elf/lib\libm.a(lib_a-e_rem_pio2.o)
                              c:/altera/12.0sp2/nios2eds/bin/gnu/h-i686-mingw32/bin/../lib/gcc/nios2-elf/4.1.2/../../../../nios2-elf/lib\libm.a(lib_a-s_sin.o) (__ieee754_rem_pio2)
c:/altera/12.0sp2/nios2eds/bin/gnu/h-i686-mingw32/bin/../lib/gcc/nios2-elf/4.1.2/../../../../nios2-elf/lib\libm.a(lib_a-k_cos.o)
                              c:/altera/12.0sp2/nios2eds/bin/gnu/h-i686-mingw32/bin/../lib/gcc/nios2-elf/4.1.2/../../../../nios2-elf/lib\libm.a(lib_a-s_sin.o) (__kernel_cos)
c:/altera/12.0sp2/nios2eds/bin/gnu/h-i686-mingw32/bin/../lib/gcc/nios2-elf/4.1.2/../../../../nios2-elf/lib\libm.a(lib_a-k_rem_pio2.o)
                              c:/altera/12.0sp2/nios2eds/bin/gnu/h-i686-mingw32/bin/../lib/gcc/nios2-elf/4.1.2/../../../../nios2-elf/lib\libm.a(lib_a-e_rem_pio2.o) (__kernel_rem_pio2)
c:/altera/12.0sp2/nios2eds/bin/gnu/h-i686-mingw32/bin/../lib/gcc/nios2-elf/4.1.2/../../../../nios2-elf/lib\libm.a(lib_a-k_sin.o)
                              c:/altera/12.0sp2/nios2eds/bin/gnu/h-i686-mingw32/bin/../lib/gcc/nios2-elf/4.1.2/../../../../nios2-elf/lib\libm.a(lib_a-s_sin.o) (__kernel_sin)
c:/altera/12.0sp2/nios2eds/bin/gnu/h-i686-mingw32/bin/../lib/gcc/nios2-elf/4.1.2/../../../../nios2-elf/lib\libm.a(lib_a-s_fabs.o)
                              c:/altera/12.0sp2/nios2eds/bin/gnu/h-i686-mingw32/bin/../lib/gcc/nios2-elf/4.1.2/../../../../nios2-elf/lib\libm.a(lib_a-e_rem_pio2.o) (fabs)
c:/altera/12.0sp2/nios2eds/bin/gnu/h-i686-mingw32/bin/../lib/gcc/nios2-elf/4.1.2/../../../../nios2-elf/lib\libm.a(lib_a-s_floor.o)
                              c:/altera/12.0sp2/nios2eds/bin/gnu/h-i686-mingw32/bin/../lib/gcc/nios2-elf/4.1.2/../../../../nios2-elf/lib\libm.a(lib_a-k_rem_pio2.o) (floor)
c:/altera/12.0sp2/nios2eds/bin/gnu/h-i686-mingw32/bin/../lib/gcc/nios2-elf/4.1.2/../../../../nios2-elf/lib\libm.a(lib_a-s_scalbn.o)
                              c:/altera/12.0sp2/nios2eds/bin/gnu/h-i686-mingw32/bin/../lib/gcc/nios2-elf/4.1.2/../../../../nios2-elf/lib\libm.a(lib_a-k_rem_pio2.o) (scalbn)
c:/altera/12.0sp2/nios2eds/bin/gnu/h-i686-mingw32/bin/../lib/gcc/nios2-elf/4.1.2/../../../../nios2-elf/lib\libm.a(lib_a-s_copysign.o)
                              c:/altera/12.0sp2/nios2eds/bin/gnu/h-i686-mingw32/bin/../lib/gcc/nios2-elf/4.1.2/../../../../nios2-elf/lib\libm.a(lib_a-s_scalbn.o) (copysign)
c:/altera/12.0sp2/nios2eds/bin/gnu/h-i686-mingw32/bin/../lib/gcc/nios2-elf/4.1.2\libgcc.a(_fixunsdfsi.o)
                              obj/default/audio.o (__fixunsdfsi)
c:/altera/12.0sp2/nios2eds/bin/gnu/h-i686-mingw32/bin/../lib/gcc/nios2-elf/4.1.2\libgcc.a(_div_sf.o)
                              obj/default/timer.o (__divsf3)
c:/altera/12.0sp2/nios2eds/bin/gnu/h-i686-mingw32/bin/../lib/gcc/nios2-elf/4.1.2\libgcc.a(_si_to_sf.o)
                              obj/default/audio.o (__floatsisf)
c:/altera/12.0sp2/nios2eds/bin/gnu/h-i686-mingw32/bin/../lib/gcc/nios2-elf/4.1.2\libgcc.a(_sf_to_df.o)
                              obj/default/audio.o (__extendsfdf2)
c:/altera/12.0sp2/nios2eds/bin/gnu/h-i686-mingw32/bin/../lib/gcc/nios2-elf/4.1.2\libgcc.a(_thenan_sf.o)
                              c:/altera/12.0sp2/nios2eds/bin/gnu/h-i686-mingw32/bin/../lib/gcc/nios2-elf/4.1.2\libgcc.a(_div_sf.o) (__thenan_sf)
c:/altera/12.0sp2/nios2eds/bin/gnu/h-i686-mingw32/bin/../lib/gcc/nios2-elf/4.1.2\libgcc.a(_addsub_df.o)
                              c:/altera/12.0sp2/nios2eds/bin/gnu/h-i686-mingw32/bin/../lib/gcc/nios2-elf/4.1.2/../../../../nios2-elf/lib\libm.a(lib_a-s_sin.o) (__subdf3)
c:/altera/12.0sp2/nios2eds/bin/gnu/h-i686-mingw32/bin/../lib/gcc/nios2-elf/4.1.2\libgcc.a(_mul_df.o)
                              obj/default/audio.o (__muldf3)
c:/altera/12.0sp2/nios2eds/bin/gnu/h-i686-mingw32/bin/../lib/gcc/nios2-elf/4.1.2\libgcc.a(_div_df.o)
                              obj/default/audio.o (__divdf3)
c:/altera/12.0sp2/nios2eds/bin/gnu/h-i686-mingw32/bin/../lib/gcc/nios2-elf/4.1.2\libgcc.a(_eq_df.o)
                              c:/altera/12.0sp2/nios2eds/bin/gnu/h-i686-mingw32/bin/../lib/gcc/nios2-elf/4.1.2/../../../../nios2-elf/lib\libm.a(lib_a-e_rem_pio2.o) (__eqdf2)
c:/altera/12.0sp2/nios2eds/bin/gnu/h-i686-mingw32/bin/../lib/gcc/nios2-elf/4.1.2\libgcc.a(_gt_df.o)
                              c:/altera/12.0sp2/nios2eds/bin/gnu/h-i686-mingw32/bin/../lib/gcc/nios2-elf/4.1.2/../../../../nios2-elf/lib\libm.a(lib_a-s_floor.o) (__gtdf2)
c:/altera/12.0sp2/nios2eds/bin/gnu/h-i686-mingw32/bin/../lib/gcc/nios2-elf/4.1.2\libgcc.a(_ge_df.o)
[...]
Memory Configuration

Name             Origin             Length             Attributes
reset            0x00800000         0x00000020
sdram_0          0x00800020         0x007fffe0
*default*        0x00000000         0xffffffff

Linker script and memory map

LOAD ../LaserSharknado_bsp/obj/HAL/src/crt0.o
LOAD obj/default/audio.o
LOAD obj/default/audio_up_hack.o
LOAD obj/default/hello_world.o
LOAD obj/default/player.o
LOAD obj/default/sd_card.o
LOAD obj/default/timer.o
LOAD obj/default/vga.o
LOAD c:/altera/12.0sp2/nios2eds/bin/gnu/h-i686-mingw32/bin/../lib/gcc/nios2-elf/4.1.2/../../../../nios2-elf/lib\libstdc++.a
LOAD c:/altera/12.0sp2/nios2eds/bin/gnu/h-i686-mingw32/bin/../lib/gcc/nios2-elf/4.1.2/../../../../nios2-elf/lib\libm.a
LOAD c:/altera/12.0sp2/nios2eds/bin/gnu/h-i686-mingw32/bin/../lib/gcc/nios2-elf/4.1.2\libgcc.a
START GROUP
LOAD c:/altera/12.0sp2/nios2eds/bin/gnu/h-i686-mingw32/bin/../lib/gcc/nios2-elf/4.1.2/../../../../nios2-elf/lib\libc.a
LOAD c:/altera/12.0sp2/nios2eds/bin/gnu/h-i686-mingw32/bin/../lib/gcc/nios2-elf/4.1.2\libgcc.a
LOAD ../LaserSharknado_bsp\libhal_bsp.a
END GROUP
LOAD c:/altera/12.0sp2/nios2eds/bin/gnu/h-i686-mingw32/bin/../lib/gcc/nios2-elf/4.1.2\libgcc.a
                0x00800000                __alt_mem_sdram_0 = 0x800000

.entry          0x00800000       0x20
 *(.entry)
 .entry         0x00800000       0x20 ../LaserSharknado_bsp/obj/HAL/src/crt0.o
                0x00800000                __reset

.exceptions     0x00800020      0x198
                0x00800020                PROVIDE (__ram_exceptions_start, ABSOLUTE (.))
                0x00800020                . = ALIGN (0x20)
 *(.irq)
 *(.exceptions.entry.label)
 .exceptions.entry.label
                0x00800020        0x0 ../LaserSharknado_bsp\libhal_bsp.a(alt_irq_entry.o)
                0x00800020                alt_irq_entry
 .exceptions.entry.label
                0x00800020        0x0 ../LaserSharknado_bsp\libhal_bsp.a(alt_exception_entry.o)
                0x00800020                alt_exception
 *(.exceptions.entry.user)
 *(.exceptions.entry)
 .exceptions.entry
                0x00800020       0x54 ../LaserSharknado_bsp\libhal_bsp.a(alt_exception_entry.o)
 *(.exceptions.irqtest.user)
 *(.exceptions.irqtest)
 .exceptions.irqtest
                0x00800074       0x10 ../LaserSharknado_bsp\libhal_bsp.a(alt_irq_entry.o)
 *(.exceptions.irqhandler.user)
 *(.exceptions.irqhandler)
 .exceptions.irqhandler
                0x00800084        0x4 ../LaserSharknado_bsp\libhal_bsp.a(alt_irq_entry.o)
 *(.exceptions.irqreturn.user)
 *(.exceptions.irqreturn)
 .exceptions.irqreturn
                0x00800088        0x4 ../LaserSharknado_bsp\libhal_bsp.a(alt_irq_entry.o)
 *(.exceptions.notirq.label)
 .exceptions.notirq.label
                0x0080008c        0x0 ../LaserSharknado_bsp\libhal_bsp.a(alt_irq_entry.o)
 *(.exceptions.notirq.user)
 *(.exceptions.notirq)
 .exceptions.notirq
                0x0080008c        0x8 ../LaserSharknado_bsp\libhal_bsp.a(alt_exception_entry.o)
 *(.exceptions.soft.user)
 *(.exceptions.soft)
 *(.exceptions.unknown.user)
 *(.exceptions.unknown)
 .exceptions.unknown
                0x00800094        0x4 ../LaserSharknado_bsp\libhal_bsp.a(alt_exception_entry.o)
 *(.exceptions.exit.label)
 .exceptions.exit.label
                0x00800098        0x0 ../LaserSharknado_bsp\libhal_bsp.a(alt_irq_entry.o)
 .exceptions.exit.label
                0x00800098        0x0 ../LaserSharknado_bsp\libhal_bsp.a(alt_exception_entry.o)
 *(.exceptions.exit.user)
 *(.exceptions.exit)
 .exceptions.exit
                0x00800098       0x54 ../LaserSharknado_bsp\libhal_bsp.a(alt_exception_entry.o)
 *(.exceptions)
 .exceptions    0x008000ec       0xcc ../LaserSharknado_bsp\libhal_bsp.a(alt_irq_handler.o)
                0x008000ec                alt_irq_handler
                0x008001b8                PROVIDE (__ram_exceptions_end, ABSOLUTE (.))
                0x00800020                PROVIDE (__flash_exceptions_start, LOADADDR (.exceptions))

.text           0x008001b8    0x17784
                0x008001b8                PROVIDE (stext, ABSOLUTE (.))
 *(.interp)
 *(.hash)
 *(.dynsym)
 *(.dynstr)
 *(.gnu.version)
 *(.gnu.version_d)
 *(.gnu.version_r)
 *(.rel.init)
 *(.rela.init)
 *(.rel.text .rel.text.* .rel.gnu.linkonce.t.*)
 *(.rela.text .rela.text.* .rela.gnu.linkonce.t.*)
 *(.rel.fini)
 *(.rela.fini)
 *(.rel.rodata .rel.rodata.* .rel.gnu.linkonce.r.*)
 *(.rela.rodata .rela.rodata.* .rela.gnu.linkonce.r.*)
 *(.rel.data .rel.data.* .rel.gnu.linkonce.d.*)
 *(.rela.data .rela.data.* .rela.gnu.linkonce.d.*)
 *(.rel.tdata .rel.tdata.* .rel.gnu.linkonce.td.*)
 *(.rela.tdata .rela.tdata.* .rela.gnu.linkonce.td.*)
 *(.rel.tbss .rel.tbss.* .rel.gnu.linkonce.tb.*)
 *(.rela.tbss .rela.tbss.* .rela.gnu.linkonce.tb.*)
 *(.rel.ctors)
 *(.rela.ctors)
 *(.rel.dtors)
 *(.rela.dtors)
 *(.rel.got)
 *(.rela.got)
 *(.rel.sdata .rel.sdata.* .rel.gnu.linkonce.s.*)
 *(.rela.sdata .rela.sdata.* .rela.gnu.linkonce.s.*)
 *(.rel.sbss .rel.sbss.* .rel.gnu.linkonce.sb.*)
 *(.rela.sbss .rela.sbss.* .rela.gnu.linkonce.sb.*)
 *(.rel.sdata2 .rel.sdata2.* .rel.gnu.linkonce.s2.*)
 *(.rela.sdata2 .rela.sdata2.* .rela.gnu.linkonce.s2.*)
 *(.rel.sbss2 .rel.sbss2.* .rel.gnu.linkonce.sb2.*)
 *(.rela.sbss2 .rela.sbss2.* .rela.gnu.linkonce.sb2.*)
 *(.rel.bss .rel.bss.* .rel.gnu.linkonce.b.*)
 *(.rela.bss .rela.bss.* .rela.gnu.linkonce.b.*)
 *(.rel.plt)
 *(.rela.plt)
 *(.rel.dyn)
 *(.init)
 *(.plt)
 *(.text .stub .text.* .gnu.linkonce.t.*)
 .text          0x008001b8       0x4c ../LaserSharknado_bsp/obj/HAL/src/crt0.o
                0x008001b8                _start
 .text          0x00800204      0x924 obj/default/audio.o
                0x00800204                setupAudio
                0x008004a0                playAudioMono
                0x008004f4                playAudio
                0x00800584                audioTest
                0x00800724                testTone
                0x008007f8                playLaser1
                0x00800904                readWavFile
                0x00800a10                playLaser
 .text          0x00800b28        0x0 obj/default/audio_up_hack.o
 .text          0x00800b28       0xe0 obj/default/hello_world.o
                0x00800b28                main
 .text          0x00800c08        0x0 obj/default/player.o
 .text          0x00800c08      0x374 obj/default/sd_card.o
                0x00800c08                openSdCard
                0x00800c68                openFile
                0x00800ca8                closeFile
                0x00800cd8                readByte
                0x00800d0c                readWord
                0x00800da0                readDWord
                0x00800e74                getWavFileLength
                0x00800f2c                readPastWavHeader
 .text          0x00800f7c      0x360 obj/default/timer.o
                0x00800f7c                timer_test
                0x0080120c                setHardwareTimerPeriod
                0x00801254                isHardwareTimerRunning
                0x00801288                hasHardwareTimerExpired
                0x008012b0                startHardwareTimer
 .text          0x008012dc      0x224 obj/default/vga.o
                0x008012dc                setUp
                0x00801338                clearScreen
                0x00801388                drawLine
                0x00801450                printLine
                0x008014a4                drawBox
 .text          0x00801500      0x16c c:/altera/12.0sp2/nios2eds/bin/gnu/h-i686-mingw32/bin/../lib/gcc/nios2-elf/4.1.2/../../../../nios2-elf/lib\libm.a(lib_a-s_sin.o)
                0x00801500                sin
 .text          0x0080166c      0x828 c:/altera/12.0sp2/nios2eds/bin/gnu/h-i686-mingw32/bin/../lib/gcc/nios2-elf/4.1.2/../../../../nios2-elf/lib\libm.a(lib_a-e_rem_pio2.o)
                0x0080166c                __ieee754_rem_pio2
 .text          0x00801e94      0x52c c:/altera/12.0sp2/nios2eds/bin/gnu/h-i686-mingw32/bin/../lib/gcc/nios2-elf/4.1.2/../../../../nios2-elf/lib\libm.a(lib_a-k_cos.o)
                0x00801e94                __kernel_cos
 .text          0x008023c0      0xe7c c:/altera/12.0sp2/nios2eds/bin/gnu/h-i686-mingw32/bin/../lib/gcc/nios2-elf/4.1.2/../../../../nios2-elf/lib\libm.a(lib_a-k_rem_pio2.o)
                0x008023c0                __kernel_rem_pio2
 .text          0x0080323c      0x318 c:/altera/12.0sp2/nios2eds/bin/gnu/h-i686-mingw32/bin/../lib/gcc/nios2-elf/4.1.2/../../../../nios2-elf/lib\libm.a(lib_a-k_sin.o)
                0x0080323c                __kernel_sin
 .text          0x00803554       0x18 c:/altera/12.0sp2/nios2eds/bin/gnu/h-i686-mingw32/bin/../lib/gcc/nios2-elf/4.1.2/../../../../nios2-elf/lib\libm.a(lib_a-s_fabs.o)
                0x00803554                fabs
 .text          0x0080356c      0x224 c:/altera/12.0sp2/nios2eds/bin/gnu/h-i686-mingw32/bin/../lib/gcc/nios2-elf/4.1.2/../../../../nios2-elf/lib\libm.a(lib_a-s_floor.o)
                0x0080356c                floor
 .text          0x00803790      0x1e0 c:/altera/12.0sp2/nios2eds/bin/gnu/h-i686-mingw32/bin/../lib/gcc/nios2-elf/4.1.2/../../../../nios2-elf/lib\libm.a(lib_a-s_scalbn.o)
                0x00803790                scalbn
 .text          0x00803970       0x24 c:/altera/12.0sp2/nios2eds/bin/gnu/h-i686-mingw32/bin/../lib/gcc/nios2-elf/4.1.2/../../../../nios2-elf/lib\libm.a(lib_a-s_copysign.o)
                0x00803970                copysign
 .text          0x00803994       0xa4 c:/altera/12.0sp2/nios2eds/bin/gnu/h-i686-mingw32/bin/../lib/gcc/nios2-elf/4.1.2\libgcc.a(_fixunsdfsi.o)
                0x00803994                __fixunsdfsi
 .text          0x00803a38      0x174 c:/altera/12.0sp2/nios2eds/bin/gnu/h-i686-mingw32/bin/../lib/gcc/nios2-elf/4.1.2\libgcc.a(_div_sf.o)
                0x00803a38                __divsf3
 .text          0x00803bac       0x98 c:/altera/12.0sp2/nios2eds/bin/gnu/h-i686-mingw32/bin/../lib/gcc/nios2-elf/4.1.2\libgcc.a(_si_to_sf.o)
                0x00803bac                __floatsisf
 .text          0x00803c44       0x54 c:/altera/12.0sp2/nios2eds/bin/gnu/h-i686-mingw32/bin/../lib/gcc/nios2-elf/4.1.2\libgcc.a(_sf_to_df.o)
                0x00803c44                __extendsfdf2
 .text          0x00803c98        0x0 c:/altera/12.0sp2/nios2eds/bin/gnu/h-i686-mingw32/bin/../lib/gcc/nios2-elf/4.1.2\libgcc.a(_thenan_sf.o)
 .text          0x00803c98      0x504 c:/altera/12.0sp2/nios2eds/bin/gnu/h-i686-mingw32/bin/../lib/gcc/nios2-elf/4.1.2\libgcc.a(_addsub_df.o)
                0x008040a8                __subdf3
                0x00804128                __adddf3
 .text          0x0080419c      0x3c4 c:/altera/12.0sp2/nios2eds/bin/gnu/h-i686-mingw32/bin/../lib/gcc/nios2-elf/4.1.2\libgcc.a(_mul_df.o)
                0x0080419c                __muldf3
 .text          0x00804560      0x258 c:/altera/12.0sp2/nios2eds/bin/gnu/h-i686-mingw32/bin/../lib/gcc/nios2-elf/4.1.2\libgcc.a(_div_df.o)
                0x00804560                __divdf3
 .text          0x008047b8       0x88 c:/altera/12.0sp2/nios2eds/bin/gnu/h-i686-mingw32/bin/../lib/gcc/nios2-elf/4.1.2\libgcc.a(_eq_df.o)
                0x008047b8                __eqdf2
 .text          0x00804840       0x88 c:/altera/12.0sp2/nios2eds/bin/gnu/h-i686-mingw32/bin/../lib/gcc/nios2-elf/4.1.2\libgcc.a(_gt_df.o)
                0x00804840                __gtdf2
 .text          0x008048c8       0x88 c:/altera/12.0sp2/nios2eds/bin/gnu/h-i686-mingw32/bin/../lib/gcc/nios2-elf/4.1.2\libgcc.a(_ge_df.o)
                0x008048c8                __gedf2
 .text          0x00804950       0xf8 c:/altera/12.0sp2/nios2eds/bin/gnu/h-i686-mingw32/bin/../lib/gcc/nios2-elf/4.1.2\libgcc.a(_si_to_df.o)
                0x00804950                __floatsidf
 .text          0x00804a48       0xd8 c:/altera/12.0sp2/nios2eds/bin/gnu/h-i686-mingw32/bin/../lib/gcc/nios2-elf/4.1.2\libgcc.a(_df_to_si.o)
                0x00804a48                __fixdfsi
 .text          0x00804b20       0x38 c:/altera/12.0sp2/nios2eds/bin/gnu/h-i686-mingw32/bin/../lib/gcc/nios2-elf/4.1.2\libgcc.a(_make_df.o)
                0x00804b20                __make_dp
 .text          0x00804b58        0x0 c:/altera/12.0sp2/nios2eds/bin/gnu/h-i686-mingw32/bin/../lib/gcc/nios2-elf/4.1.2\libgcc.a(_thenan_df.o)
 .text          0x00804b58      0x14c c:/altera/12.0sp2/nios2eds/bin/gnu/h-i686-mingw32/bin/../lib/gcc/nios2-elf/4.1.2\libgcc.a(lib2-divmod.o)
                0x00804bd4                __divsi3
                0x00804c34                __modsi3
                0x00804c94                __udivsi3
                0x00804c9c                __umodsi3
 .text          0x00804ca4       0x98 c:/altera/12.0sp2/nios2eds/bin/gnu/h-i686-mingw32/bin/../lib/gcc/nios2-elf/4.1.2\libgcc.a(_muldi3.o)
                0x00804ca4                __muldi3
 .text          0x00804d3c       0x80 c:/altera/12.0sp2/nios2eds/bin/gnu/h-i686-mingw32/bin/../lib/gcc/nios2-elf/4.1.2\libgcc.a(_clzsi2.o)
                0x00804d3c                __clzsi2
 .text          0x00804dbc      0x160 c:/altera/12.0sp2/nios2eds/bin/gnu/h-i686-mingw32/bin/../lib/gcc/nios2-elf/4.1.2\libgcc.a(_pack_sf.o)
                0x00804dbc                __pack_f
 .text          0x00804f1c       0xc8 c:/altera/12.0sp2/nios2eds/bin/gnu/h-i686-mingw32/bin/../lib/gcc/nios2-elf/4.1.2\libgcc.a(_unpack_sf.o)
                0x00804f1c                __unpack_f
 .text          0x00804fe4      0x314 c:/altera/12.0sp2/nios2eds/bin/gnu/h-i686-mingw32/bin/../lib/gcc/nios2-elf/4.1.2\libgcc.a(_pack_df.o)
                0x00804fe4                __pack_d
 .text          0x008052f8      0x138 c:/altera/12.0sp2/nios2eds/bin/gnu/h-i686-mingw32/bin/../lib/gcc/nios2-elf/4.1.2\libgcc.a(_unpack_df.o)
                0x008052f8                __unpack_d
 .text          0x00805430       0xc8 c:/altera/12.0sp2/nios2eds/bin/gnu/h-i686-mingw32/bin/../lib/gcc/nios2-elf/4.1.2\libgcc.a(_fpcmp_parts_df.o)
                0x00805430                __fpcmp_parts_d
 .text          0x008054f8        0x0 c:/altera/12.0sp2/nios2eds/bin/gnu/h-i686-mingw32/bin/../lib/gcc/nios2-elf/4.1.2\libgcc.a(_clz.o)
 .text          0x008054f8       0x28 c:/altera/12.0sp2/nios2eds/bin/gnu/h-i686-mingw32/bin/../lib/gcc/nios2-elf/4.1.2/../../../../nios2-elf/lib\libc.a(lib_a-malloc.o)
                0x008054f8                free
                0x0080550c                malloc
 .text          0x00805520      0x740 c:/altera/12.0sp2/nios2eds/bin/gnu/h-i686-mingw32/bin/../lib/gcc/nios2-elf/4.1.2/../../../../nios2-elf/lib\libc.a(lib_a-mallocr.o)
                0x00805520                _malloc_r
 .text          0x00805c60       0x78 c:/altera/12.0sp2/nios2eds/bin/gnu/h-i686-mingw32/bin/../lib/gcc/nios2-elf/4.1.2/../../../../nios2-elf/lib\libc.a(lib_a-printf.o)
                0x00805c60                printf
                0x00805ca4                _printf_r
 .text          0x00805cd8       0xb4 c:/altera/12.0sp2/nios2eds/bin/gnu/h-i686-mingw32/bin/../lib/gcc/nios2-elf/4.1.2/../../../../nios2-elf/lib\libc.a(lib_a-puts.o)
                0x00805cd8                _puts_r
                0x00805d78                puts
 .text          0x00805d8c       0x70 c:/altera/12.0sp2/nios2eds/bin/gnu/h-i686-mingw32/bin/../lib/gcc/nios2-elf/4.1.2/../../../../nios2-elf/lib\libc.a(lib_a-sbrkr.o)
                0x00805d8c                _sbrk_r
 .text          0x00805dfc       0x74 c:/altera/12.0sp2/nios2eds/bin/gnu/h-i686-mingw32/bin/../lib/gcc/nios2-elf/4.1.2/../../../../nios2-elf/lib\libc.a(lib_a-strlen.o)
                0x00805dfc                strlen
 .text          0x00805e70     0x1f28 c:/altera/12.0sp2/nios2eds/bin/gnu/h-i686-mingw32/bin/../lib/gcc/nios2-elf/4.1.2/../../../../nios2-elf/lib\libc.a(lib_a-vfprintf.o)
                0x00805ec8                ___vfprintf_internal_r
                0x00807d74                __vfprintf_internal
 .text          0x00807d98      0x13c c:/altera/12.0sp2/nios2eds/bin/gnu/h-i686-mingw32/bin/../lib/gcc/nios2-elf/4.1.2/../../../../nios2-elf/lib\libc.a(lib_a-wsetup.o)
                0x00807d98                __swsetup_r
 .text          0x00807ed4     0x17cc c:/altera/12.0sp2/nios2eds/bin/gnu/h-i686-mingw32/bin/../lib/gcc/nios2-elf/4.1.2/../../../../nios2-elf/lib\libc.a(lib_a-dtoa.o)
                0x008080ec                _dtoa_r
 .text          0x008096a0      0x230 c:/altera/12.0sp2/nios2eds/bin/gnu/h-i686-mingw32/bin/../lib/gcc/nios2-elf/4.1.2/../../../../nios2-elf/lib\libc.a(lib_a-fflush.o)
                0x008096a0                _fflush_r
                0x0080989c                fflush
 .text          0x008098d0      0x2c0 c:/altera/12.0sp2/nios2eds/bin/gnu/h-i686-mingw32/bin/../lib/gcc/nios2-elf/4.1.2/../../../../nios2-elf/lib\libc.a(lib_a-findfp.o)
                0x00809928                __sfp_lock_acquire
                0x0080992c                __sfp_lock_release
                0x00809930                __sinit_lock_acquire
                0x00809934                __sinit_lock_release
                0x00809938                __sinit
                0x008099ec                __fp_unlock_all
                0x00809a04                __fp_lock_all
                0x00809a1c                _cleanup_r
                0x00809a28                _cleanup
                0x00809a38                __sfmoreglue
                0x00809aa0                __sfp
 .text          0x00809b90      0x440 c:/altera/12.0sp2/nios2eds/bin/gnu/h-i686-mingw32/bin/../lib/gcc/nios2-elf/4.1.2/../../../../nios2-elf/lib\libc.a(lib_a-freer.o)
                0x00809b90                _malloc_trim_r
                0x00809cbc                _free_r
 .text          0x00809fd0      0x49c c:/altera/12.0sp2/nios2eds/bin/gnu/h-i686-mingw32/bin/../lib/gcc/nios2-elf/4.1.2/../../../../nios2-elf/lib\libc.a(lib_a-fvwrite.o)
                0x00809fd0                __sfvwrite_r
 .text          0x0080a46c      0x180 c:/altera/12.0sp2/nios2eds/bin/gnu/h-i686-mingw32/bin/../lib/gcc/nios2-elf/4.1.2/../../../../nios2-elf/lib\libc.a(lib_a-fwalk.o)
                0x0080a46c                _fwalk_reent
                0x0080a534                _fwalk
 .text          0x0080a5ec        0x0 c:/altera/12.0sp2/nios2eds/bin/gnu/h-i686-mingw32/bin/../lib/gcc/nios2-elf/4.1.2/../../../../nios2-elf/lib\libc.a(lib_a-impure.o)
 .text          0x0080a5ec        0x0 c:/altera/12.0sp2/nios2eds/bin/gnu/h-i686-mingw32/bin/../lib/gcc/nios2-elf/4.1.2/../../../../nios2-elf/lib\libc.a(lib_a-int_errno.o)
 .text          0x0080a5ec       0xc4 c:/altera/12.0sp2/nios2eds/bin/gnu/h-i686-mingw32/bin/../lib/gcc/nios2-elf/4.1.2/../../../../nios2-elf/lib\libc.a(lib_a-locale.o)
                0x0080a5ec                __locale_charset
                0x0080a5f4                _localeconv_r
                0x0080a600                localeconv
                0x0080a610                _setlocale_r
                0x0080a694                setlocale
 .text          0x0080a6b0      0x194 c:/altera/12.0sp2/nios2eds/bin/gnu/h-i686-mingw32/bin/../lib/gcc/nios2-elf/4.1.2/../../../../nios2-elf/lib\libc.a(lib_a-makebuf.o)
                0x0080a6b0                __smakebuf_r
 .text          0x0080a844       0xe4 c:/altera/12.0sp2/nios2eds/bin/gnu/h-i686-mingw32/bin/../lib/gcc/nios2-elf/4.1.2/../../../../nios2-elf/lib\libc.a(lib_a-memchr.o)
                0x0080a844                memchr
 .text          0x0080a928       0xa0 c:/altera/12.0sp2/nios2eds/bin/gnu/h-i686-mingw32/bin/../lib/gcc/nios2-elf/4.1.2/../../../../nios2-elf/lib\libc.a(lib_a-memcpy.o)
                0x0080a928                memcpy
 .text          0x0080a9c8       0xe0 c:/altera/12.0sp2/nios2eds/bin/gnu/h-i686-mingw32/bin/../lib/gcc/nios2-elf/4.1.2/../../../../nios2-elf/lib\libc.a(lib_a-memmove.o)
                0x0080a9c8                memmove
 .text          0x0080aaa8       0x98 c:/altera/12.0sp2/nios2eds/bin/gnu/h-i686-mingw32/bin/../lib/gcc/nios2-elf/4.1.2/../../../../nios2-elf/lib\libc.a(lib_a-memset.o)
                0x0080aaa8                memset
 .text          0x0080ab40      0xff4 c:/altera/12.0sp2/nios2eds/bin/gnu/h-i686-mingw32/bin/../lib/gcc/nios2-elf/4.1.2/../../../../nios2-elf/lib\libc.a(lib_a-mprec.o)
                0x0080ab40                _Bfree
                0x0080ab68                __hi0bits
                0x0080abd8                __lo0bits
                0x0080ac9c                __mcmp
                0x0080acfc                __ulp
                0x0080ad7c                __b2d
                0x0080ae9c                __ratio
                0x0080af4c                _mprec_log10
                0x0080afe0                __copybits
                0x0080b038                __any_on
                0x0080b0c0                _Balloc
                0x0080b17c                __d2b
                0x0080b2f8                __mdiff
                0x0080b484                __lshift
                0x0080b5d0                __multiply
                0x0080b7b8                __i2b
                0x0080b7f4                __multadd
                0x0080b8f4                __pow5mult
                0x0080ba14                __s2b
 .text          0x0080bb34      0x5f4 c:/altera/12.0sp2/nios2eds/bin/gnu/h-i686-mingw32/bin/../lib/gcc/nios2-elf/4.1.2/../../../../nios2-elf/lib\libc.a(lib_a-reallocr.o)
                0x0080bb34                _realloc_r
 .text          0x0080c128       0x40 c:/altera/12.0sp2/nios2eds/bin/gnu/h-i686-mingw32/bin/../lib/gcc/nios2-elf/4.1.2/../../../../nios2-elf/lib\libc.a(lib_a-s_isinfd.o)
                0x0080c128                __isinfd
 .text          0x0080c168       0x30 c:/altera/12.0sp2/nios2eds/bin/gnu/h-i686-mingw32/bin/../lib/gcc/nios2-elf/4.1.2/../../../../nios2-elf/lib\libc.a(lib_a-s_isnand.o)
                0x0080c168                __isnand
 .text          0x0080c198      0x14c c:/altera/12.0sp2/nios2eds/bin/gnu/h-i686-mingw32/bin/../lib/gcc/nios2-elf/4.1.2/../../../../nios2-elf/lib\libc.a(lib_a-stdio.o)
                0x0080c198                __sclose
                0x0080c1a0                __sseek
                0x0080c208                __swrite
                0x0080c284                __sread
 .text          0x0080c2e4       0xbc c:/altera/12.0sp2/nios2eds/bin/gnu/h-i686-mingw32/bin/../lib/gcc/nios2-elf/4.1.2/../../../../nios2-elf/lib\libc.a(lib_a-strcmp.o)
                0x0080c2e4                strcmp
 .text          0x0080c3a0       0x78 c:/altera/12.0sp2/nios2eds/bin/gnu/h-i686-mingw32/bin/../lib/gcc/nios2-elf/4.1.2/../../../../nios2-elf/lib\libc.a(lib_a-writer.o)
                0x0080c3a0                _write_r
 .text          0x0080c418       0xb4 c:/altera/12.0sp2/nios2eds/bin/gnu/h-i686-mingw32/bin/../lib/gcc/nios2-elf/4.1.2/../../../../nios2-elf/lib\libc.a(lib_a-callocr.o)
                0x0080c418                _calloc_r
 .text          0x0080c4cc       0x70 c:/altera/12.0sp2/nios2eds/bin/gnu/h-i686-mingw32/bin/../lib/gcc/nios2-elf/4.1.2/../../../../nios2-elf/lib\libc.a(lib_a-closer.o)
                0x0080c4cc                _close_r
 .text          0x0080c53c      0x124 c:/altera/12.0sp2/nios2eds/bin/gnu/h-i686-mingw32/bin/../lib/gcc/nios2-elf/4.1.2/../../../../nios2-elf/lib\libc.a(lib_a-fclose.o)
                0x0080c53c                _fclose_r
                0x0080c64c                fclose
 .text          0x0080c660       0x74 c:/altera/12.0sp2/nios2eds/bin/gnu/h-i686-mingw32/bin/../lib/gcc/nios2-elf/4.1.2/../../../../nios2-elf/lib\libc.a(lib_a-fstatr.o)
                0x0080c660                _fstat_r
 .text          0x0080c6d4       0x70 c:/altera/12.0sp2/nios2eds/bin/gnu/h-i686-mingw32/bin/../lib/gcc/nios2-elf/4.1.2/../../../../nios2-elf/lib\libc.a(lib_a-isattyr.o)
                0x0080c6d4                _isatty_r
 .text          0x0080c744       0x78 c:/altera/12.0sp2/nios2eds/bin/gnu/h-i686-mingw32/bin/../lib/gcc/nios2-elf/4.1.2/../../../../nios2-elf/lib\libc.a(lib_a-lseekr.o)
                0x0080c744                _lseek_r
 .text          0x0080c7bc       0x78 c:/altera/12.0sp2/nios2eds/bin/gnu/h-i686-mingw32/bin/../lib/gcc/nios2-elf/4.1.2/../../../../nios2-elf/lib\libc.a(lib_a-readr.o)
                0x0080c7bc                _read_r
 .text          0x0080c834      0x5dc c:/altera/12.0sp2/nios2eds/bin/gnu/h-i686-mingw32/bin/../lib/gcc/nios2-elf/4.1.2\libgcc.a(_udivdi3.o)
                0x0080c834                __udivdi3
 .text          0x0080ce10      0x5b0 c:/altera/12.0sp2/nios2eds/bin/gnu/h-i686-mingw32/bin/../lib/gcc/nios2-elf/4.1.2\libgcc.a(_umoddi3.o)
                0x0080ce10                __umoddi3
 .text          0x0080d3c0       0x88 c:/altera/12.0sp2/nios2eds/bin/gnu/h-i686-mingw32/bin/../lib/gcc/nios2-elf/4.1.2\libgcc.a(_ne_df.o)
                0x0080d3c0                __nedf2
 .text          0x0080d448       0x88 c:/altera/12.0sp2/nios2eds/bin/gnu/h-i686-mingw32/bin/../lib/gcc/nios2-elf/4.1.2\libgcc.a(_lt_df.o)
                0x0080d448                __ltdf2
 .text          0x0080d4d0      0x194 c:/altera/12.0sp2/nios2eds/bin/gnu/h-i686-mingw32/bin/../lib/gcc/nios2-elf/4.1.2\libgcc.a(_usi_to_df.o)
                0x0080d4d0                __floatunsidf
 .text          0x0080d664      0x15c ../LaserSharknado_bsp\libhal_bsp.a(alt_close.o)
                0x0080d664                close
 .text          0x0080d7c0       0x2c ../LaserSharknado_bsp\libhal_bsp.a(alt_dev.o)
 .text          0x0080d7ec        0x0 ../LaserSharknado_bsp\libhal_bsp.a(alt_errno.o)
 .text          0x0080d7ec      0x134 ../LaserSharknado_bsp\libhal_bsp.a(alt_fstat.o)
                0x0080d7ec                fstat
 .text          0x0080d920      0x1c0 ../LaserSharknado_bsp\libhal_bsp.a(alt_irq_register.o)
                0x0080d920                alt_irq_register
 .text          0x0080dae0        0x0 ../LaserSharknado_bsp\libhal_bsp.a(alt_irq_vars.o)
 .text          0x0080dae0      0x120 ../LaserSharknado_bsp\libhal_bsp.a(alt_isatty.o)
                0x0080dae0                isatty
 .text          0x0080dc00       0xec ../LaserSharknado_bsp\libhal_bsp.a(alt_load.o)
                0x0080dc00                alt_load
 .text          0x0080dcec      0x150 ../LaserSharknado_bsp\libhal_bsp.a(alt_lseek.o)
                0x0080dcec                lseek
 .text          0x0080de3c       0x6c ../LaserSharknado_bsp\libhal_bsp.a(alt_main.o)
                0x0080de3c                alt_main
 .text          0x0080dea8       0x40 ../LaserSharknado_bsp\libhal_bsp.a(alt_malloc_lock.o)
                0x0080dea8                __malloc_lock
                0x0080dec8                __malloc_unlock
 .text          0x0080dee8      0x180 ../LaserSharknado_bsp\libhal_bsp.a(alt_read.o)
                0x0080dee8                read
 .text          0x0080e068       0x60 ../LaserSharknado_bsp\libhal_bsp.a(alt_release_fd.o)
                0x0080e068                alt_release_fd
 .text          0x0080e0c8       0xbc ../LaserSharknado_bsp\libhal_bsp.a(alt_sbrk.o)
                0x0080e0c8                sbrk
 .text          0x0080e184      0x1a4 ../LaserSharknado_bsp\libhal_bsp.a(alt_tick.o)
                0x0080e184                alt_alarm_stop
                0x0080e21c                alt_tick
 .text          0x0080e328       0x30 ../LaserSharknado_bsp\libhal_bsp.a(alt_usleep.o)
                0x0080e328                usleep
 .text          0x0080e358      0x180 ../LaserSharknado_bsp\libhal_bsp.a(alt_write.o)
                0x0080e358                write
 .text          0x0080e4d8      0x3e0 ../LaserSharknado_bsp\libhal_bsp.a(alt_sys_init.o)
                0x0080e4d8                alt_irq_init
                0x0080e50c                alt_sys_init
 .text          0x0080e8b8      0x148 ../LaserSharknado_bsp\libhal_bsp.a(altera_avalon_jtag_uart_fd.o)
                0x0080e8b8                altera_avalon_jtag_uart_read_fd
                0x0080e910                altera_avalon_jtag_uart_write_fd
                0x0080e968                altera_avalon_jtag_uart_close_fd
                0x0080e9b0                altera_avalon_jtag_uart_ioctl_fd
 .text          0x0080ea00      0x408 ../LaserSharknado_bsp\libhal_bsp.a(altera_avalon_jtag_uart_init.o)
                0x0080ea00                altera_avalon_jtag_uart_init
                0x0080ed94                altera_avalon_jtag_uart_close
 .text          0x0080ee08       0xf4 ../LaserSharknado_bsp\libhal_bsp.a(altera_avalon_jtag_uart_ioctl.o)
                0x0080ee08                altera_avalon_jtag_uart_ioctl
 .text          0x0080eefc      0x224 ../LaserSharknado_bsp\libhal_bsp.a(altera_avalon_jtag_uart_read.o)
                0x0080eefc                altera_avalon_jtag_uart_read
 .text          0x0080f120      0x240 ../LaserSharknado_bsp\libhal_bsp.a(altera_avalon_jtag_uart_write.o)
                0x0080f120                altera_avalon_jtag_uart_write
 .text          0x0080f360       0xfc ../LaserSharknado_bsp\libhal_bsp.a(altera_avalon_timer_sc.o)
                0x0080f3d4                alt_avalon_timer_sc_init
 .text          0x0080f45c      0x168 ../LaserSharknado_bsp\libhal_bsp.a(altera_avalon_timer_ts.o)
                0x0080f45c                alt_timestamp_start
                0x0080f500                alt_timestamp
                0x0080f59c                alt_timestamp_freq
 .text          0x0080f5c4        0x0 ../LaserSharknado_bsp\libhal_bsp.a(altera_avalon_timer_vars.o)
 .text          0x0080f5c4      0x80c ../LaserSharknado_bsp\libhal_bsp.a(altera_up_avalon_audio.o)
                0x0080f5c4                alt_up_audio_open_dev
                0x0080f604                alt_up_audio_enable_read_interrupt
                0x0080f650                alt_up_audio_disable_read_interrupt
                0x0080f6a0                alt_up_audio_enable_write_interrupt
                0x0080f6ec                alt_up_audio_disable_write_interrupt
                0x0080f73c                alt_up_audio_read_interrupt_pending
                0x0080f778                alt_up_audio_write_interrupt_pending
                0x0080f7b4                alt_up_audio_reset_audio_core
                0x0080f83c                alt_up_audio_read_fifo_avail
                0x0080f8ac                alt_up_audio_record_r
                0x0080f91c                alt_up_audio_record_l
                0x0080f98c                alt_up_audio_write_fifo_space
                0x0080fa00                alt_up_audio_play_r
                0x0080fa70                alt_up_audio_play_l
                0x0080fae0                alt_up_audio_read_fifo
                0x0080fbe4                alt_up_audio_write_fifo
                0x0080fd10                alt_up_audio_read_fifo_head
                0x0080fd70                alt_up_audio_write_fifo_head
 .text          0x0080fdd0      0x788 ../LaserSharknado_bsp\libhal_bsp.a(altera_up_avalon_audio_and_video_config.o)
                0x0080fdd0                alt_up_av_config_open_dev
                0x0080fe34                alt_up_av_config_write_data
                0x0080fe98                alt_up_av_config_read_data
                0x0080ff24                alt_up_av_config_reset
                0x0080ff5c                alt_up_av_config_enable_interrupt
                0x0080ff94                alt_up_av_config_disable_interrupt
                0x0080ffc4                alt_up_av_config_read_acknowledge
                0x0081002c                alt_up_av_config_read_ready
                0x00810064                alt_up_av_config_write_audio_cfg_register
                0x00810110                alt_up_av_config_read_video_cfg_register
                0x00810208                alt_up_av_config_write_video_cfg_register
                0x00810300                alt_up_av_config_read_DC2_cfg_register
                0x00810364                alt_up_av_config_write_DC2_cfg_register
                0x008103c8                alt_up_av_config_read_D5M_cfg_register
                0x0081042c                alt_up_av_config_write_D5M_cfg_register
                0x00810490                alt_up_av_config_read_LTM_cfg_register
                0x008104f4                alt_up_av_config_write_LTM_cfg_register
 .text          0x00810558      0x530 ../LaserSharknado_bsp\libhal_bsp.a(altera_up_avalon_character_lcd.o)
                0x00810558                get_DDRAM_addr
                0x008105d4                alt_up_character_lcd_send_cmd
                0x00810608                alt_up_character_lcd_init
                0x0081063c                alt_up_character_lcd_open_dev
                0x0081067c                alt_up_character_lcd_write
                0x008106f4                alt_up_character_lcd_string
                0x0081076c                alt_up_character_lcd_write_fd
                0x008107b8                alt_up_character_lcd_set_cursor_pos
                0x00810830                alt_up_character_lcd_shift_cursor
                0x008108e0                alt_up_character_lcd_shift_display
                0x00810990                alt_up_character_lcd_erase_pos
                0x00810a20                alt_up_character_lcd_cursor_off
                0x00810a54                alt_up_character_lcd_cursor_blink_on
 .text          0x00810a88      0x304 ../LaserSharknado_bsp\libhal_bsp.a(altera_up_avalon_video_character_buffer_with_dma.o)
                0x00810a88                alt_up_char_buffer_init
                0x00810b0c                alt_up_char_buffer_open_dev
                0x00810b4c                alt_up_char_buffer_draw
                0x00810c1c                alt_up_char_buffer_string
                0x00810d30                alt_up_char_buffer_clear
 .text          0x00810d8c     0x156c ../LaserSharknado_bsp\libhal_bsp.a(altera_up_avalon_video_pixel_buffer_dma.o)
                0x00810d8c                alt_up_pixel_buffer_dma_open_dev
                0x00810dcc                alt_up_pixel_buffer_dma_draw
                0x00810f6c                alt_up_pixel_buffer_dma_change_back_buffer_address
                0x00810fc4                alt_up_pixel_buffer_dma_swap_buffers
                0x0081101c                alt_up_pixel_buffer_dma_check_swap_buffers_status
                0x00811050                alt_up_pixel_buffer_dma_clear_screen
                0x008111b4                alt_up_pixel_buffer_dma_draw_box
                0x008116a8                alt_up_pixel_buffer_dma_draw_hline
                0x008119f8                alt_up_pixel_buffer_dma_draw_vline
                0x00811dc8                alt_up_pixel_buffer_dma_draw_rectangle
                0x00811e8c                helper_plot_pixel
                0x00811f5c                alt_up_pixel_buffer_dma_draw_line
 .text          0x008122f8     0x45c0 ../LaserSharknado_bsp\libhal_bsp.a(altera_up_sd_card_avalon_interface.o)
                0x008122f8                Write_Sector_Data
                0x008123c0                Save_Modified_Sector
                0x00812410                Read_Sector_Data
                0x0081250c                get_cluster_flag
                0x008125c4                mark_cluster
                0x008126a8                Check_for_Master_Boot_Record
                0x00812858                Read_File_Record_At_Offset
                0x00812adc                Write_File_Record_At_Offset
                0x00812d94                Check_for_DOS_FAT
                0x008133dc                Look_for_FAT16
                0x008134e0                filename_to_upper_case
                0x008135b0                check_file_name_for_FAT16_compliance
                0x00813840                get_dir_divider_location
                0x00813900                match_file_record_to_name_ext
                0x00813bec                get_home_directory_cluster_for_file
                0x00814100                find_file_in_directory
                0x00814564                find_first_empty_cluster
                0x00814708                find_first_empty_record_in_a_subdirectory
                0x00814954                find_first_empty_record_in_root_directory
                0x00814a80                convert_filename_to_name_extension
                0x00814c38                create_file
                0x00814f0c                copy_file_record_name_to_string
                0x00815060                alt_up_sd_card_open_dev
                0x00815124                alt_up_sd_card_is_Present
                0x008151ec                alt_up_sd_card_is_FAT16
                0x00815260                alt_up_sd_card_find_first
                0x00815334                alt_up_sd_card_find_next
                0x008156e4                alt_up_sd_card_fopen
                0x00815a8c                alt_up_sd_card_set_attributes
                0x00815b1c                alt_up_sd_card_get_attributes
                0x00815ba8                alt_up_sd_card_read
                0x00815f3c                alt_up_sd_card_write
                0x00816560                alt_up_sd_card_fclose
                0x0081672c                Read_Sector_Data_CRC
                0x00816828                Read_Sector_Data_Attempt_CRC
 .text          0x008168b8      0x154 ../LaserSharknado_bsp\libhal_bsp.a(alt_alarm_start.o)
                0x008168b8                alt_alarm_start
 .text          0x00816a0c      0x14c ../LaserSharknado_bsp\libhal_bsp.a(alt_busy_sleep.o)
                0x00816a0c                alt_busy_sleep
 .text          0x00816b58       0x44 ../LaserSharknado_bsp\libhal_bsp.a(alt_dcache_flush_all.o)
                0x00816b58                alt_dcache_flush_all
 .text          0x00816b9c      0x114 ../LaserSharknado_bsp\libhal_bsp.a(alt_dev_llist_insert.o)
                0x00816b9c                alt_dev_llist_insert
 .text          0x00816cb0       0x64 ../LaserSharknado_bsp\libhal_bsp.a(alt_do_ctors.o)
                0x00816cb0                _do_ctors
 .text          0x00816d14       0x64 ../LaserSharknado_bsp\libhal_bsp.a(alt_do_dtors.o)
                0x00816d14                _do_dtors
 .text          0x00816d78       0x94 ../LaserSharknado_bsp\libhal_bsp.a(alt_find_dev.o)
                0x00816d78                alt_find_dev
 .text          0x00816e0c       0x30 ../LaserSharknado_bsp\libhal_bsp.a(alt_icache_flush_all.o)
                0x00816e0c                alt_icache_flush_all
 .text          0x00816e3c      0x13c ../LaserSharknado_bsp\libhal_bsp.a(alt_io_redirect.o)
                0x00816f00                alt_io_redirect
 .text          0x00816f78        0x0 ../LaserSharknado_bsp\libhal_bsp.a(alt_irq_entry.o)
 .text          0x00816f78        0x0 ../LaserSharknado_bsp\libhal_bsp.a(alt_irq_handler.o)
 .text          0x00816f78      0x2c4 ../LaserSharknado_bsp\libhal_bsp.a(alt_open.o)
                0x00817054                open
 .text          0x0081723c       0x20 ../LaserSharknado_bsp\libhal_bsp.a(altera_nios2_qsys_irq.o)
                0x0081723c                altera_nios2_qsys_irq_init
 .text          0x0081725c        0x0 ../LaserSharknado_bsp\libhal_bsp.a(alt_exception_entry.o)
 .text          0x0081725c      0x120 ../LaserSharknado_bsp\libhal_bsp.a(alt_find_file.o)
                0x0081725c                alt_find_file
 .text          0x0081737c       0xb8 ../LaserSharknado_bsp\libhal_bsp.a(alt_get_fd.o)
                0x0081737c                alt_get_fd
 .text          0x00817434       0x90 ../LaserSharknado_bsp\libhal_bsp.a(alt_icache_flush.o)
                0x00817434                alt_icache_flush
 .text          0x008174c4       0x14 c:/altera/12.0sp2/nios2eds/bin/gnu/h-i686-mingw32/bin/../lib/gcc/nios2-elf/4.1.2/../../../../nios2-elf/lib\libc.a(lib_a-atexit.o)
                0x008174c4                atexit
 .text          0x008174d8       0x38 c:/altera/12.0sp2/nios2eds/bin/gnu/h-i686-mingw32/bin/../lib/gcc/nios2-elf/4.1.2/../../../../nios2-elf/lib\libc.a(lib_a-exit.o)
                0x008174d8                exit
 .text          0x00817510       0x74 c:/altera/12.0sp2/nios2eds/bin/gnu/h-i686-mingw32/bin/../lib/gcc/nios2-elf/4.1.2/../../../../nios2-elf/lib\libc.a(lib_a-memcmp.o)
                0x00817510                memcmp
 .text          0x00817584      0x134 c:/altera/12.0sp2/nios2eds/bin/gnu/h-i686-mingw32/bin/../lib/gcc/nios2-elf/4.1.2/../../../../nios2-elf/lib\libc.a(lib_a-__atexit.o)
                0x00817584                __register_exitproc
 .text          0x008176b8      0x1b4 c:/altera/12.0sp2/nios2eds/bin/gnu/h-i686-mingw32/bin/../lib/gcc/nios2-elf/4.1.2/../../../../nios2-elf/lib\libc.a(lib_a-__call_atexit.o)
                0x008176bc                __call_exitprocs
 .text          0x0081786c       0x60 ../LaserSharknado_bsp\libhal_bsp.a(alt_exit.o)
                0x008178ac                _exit
 *(.gnu.warning.*)
 *(.fini)
                0x008178cc                PROVIDE (__etext, ABSOLUTE (.))
                0x008178cc                PROVIDE (_etext, ABSOLUTE (.))
                0x008178cc                PROVIDE (etext, ABSOLUTE (.))
 *(.eh_frame_hdr)
                0x008178cc                . = ALIGN (0x4)
                0x008178cc                PROVIDE (__preinit_array_start, ABSOLUTE (.))
 *(.preinit_array)
                0x008178cc                PROVIDE (__preinit_array_end, ABSOLUTE (.))
                0x008178cc                PROVIDE (__init_array_start, ABSOLUTE (.))
 *(.init_array)
                0x008178cc                PROVIDE (__init_array_end, ABSOLUTE (.))
                0x008178cc                PROVIDE (__fini_array_start, ABSOLUTE (.))
 *(.fini_array)
                0x008178cc                PROVIDE (__fini_array_end, ABSOLUTE (.))
 *(.eh_frame)
 .eh_frame      0x008178cc       0x40 c:/altera/12.0sp2/nios2eds/bin/gnu/h-i686-mingw32/bin/../lib/gcc/nios2-elf/4.1.2\libgcc.a(_udivdi3.o)
 .eh_frame      0x0081790c       0x2c c:/altera/12.0sp2/nios2eds/bin/gnu/h-i686-mingw32/bin/../lib/gcc/nios2-elf/4.1.2\libgcc.a(_umoddi3.o)
                                 0x40 (size before relaxing)
 *(.gcc_except_table)
 *(.dynamic)
                0x00817938                PROVIDE (__CTOR_LIST__, ABSOLUTE (.))
 *(.ctors)
 *(SORT(.ctors.*))
 .ctors.65535   0x00817938        0x4 c:/altera/12.0sp2/nios2eds/bin/gnu/h-i686-mingw32/bin/../lib/gcc/nios2-elf/4.1.2/../../../../nios2-elf/lib\libc.a(lib_a-__call_atexit.o)
                0x0081793c                PROVIDE (__CTOR_END__, ABSOLUTE (.))
                0x0081793c                PROVIDE (__DTOR_LIST__, ABSOLUTE (.))
 *(.dtors)
 *(SORT(.dtors.*))
                0x0081793c                PROVIDE (__DTOR_END__, ABSOLUTE (.))
 *(.jcr)
                0x0081793c                . = ALIGN (0x4)

.rodata         0x0081793c      0xb7c
                0x0081793c                PROVIDE (__ram_rodata_start, ABSOLUTE (.))
                0x0081793c                . = ALIGN (0x4)
 *(.rodata .rodata.* .gnu.linkonce.r.*)
 .rodata        0x0081793c      0x210 obj/default/audio.o
 .rodata        0x00817b4c       0x8c obj/default/hello_world.o
 .rodata        0x00817bd8       0x94 obj/default/sd_card.o
 .rodata        0x00817c6c      0x1ec obj/default/timer.o
 .rodata        0x00817e58       0x60 obj/default/vga.o
 .rodata        0x00817eb8      0x188 c:/altera/12.0sp2/nios2eds/bin/gnu/h-i686-mingw32/bin/../lib/gcc/nios2-elf/4.1.2/../../../../nios2-elf/lib\libm.a(lib_a-e_rem_pio2.o)
 .rodata        0x00818040       0x50 c:/altera/12.0sp2/nios2eds/bin/gnu/h-i686-mingw32/bin/../lib/gcc/nios2-elf/4.1.2/../../../../nios2-elf/lib\libm.a(lib_a-k_rem_pio2.o)
 .rodata        0x00818090       0x10 c:/altera/12.0sp2/nios2eds/bin/gnu/h-i686-mingw32/bin/../lib/gcc/nios2-elf/4.1.2\libgcc.a(_thenan_sf.o)
                0x00818090                __thenan_sf
 .rodata        0x008180a0       0x14 c:/altera/12.0sp2/nios2eds/bin/gnu/h-i686-mingw32/bin/../lib/gcc/nios2-elf/4.1.2\libgcc.a(_thenan_df.o)
                0x008180a0                __thenan_df
 .rodata        0x008180b4      0x100 c:/altera/12.0sp2/nios2eds/bin/gnu/h-i686-mingw32/bin/../lib/gcc/nios2-elf/4.1.2\libgcc.a(_clz.o)
                0x008180b4                __clz_tab
 .rodata.str1.4
                0x008181b4        0x2 c:/altera/12.0sp2/nios2eds/bin/gnu/h-i686-mingw32/bin/../lib/gcc/nios2-elf/4.1.2/../../../../nios2-elf/lib\libc.a(lib_a-puts.o)
                                  0x4 (size before relaxing)
 *fill*         0x008181b6        0x2 00
 .rodata.str1.4
                0x008181b8       0x5e c:/altera/12.0sp2/nios2eds/bin/gnu/h-i686-mingw32/bin/../lib/gcc/nios2-elf/4.1.2/../../../../nios2-elf/lib\libc.a(lib_a-vfprintf.o)
                                 0x60 (size before relaxing)
 .rodata        0x00818216       0x20 c:/altera/12.0sp2/nios2eds/bin/gnu/h-i686-mingw32/bin/../lib/gcc/nios2-elf/4.1.2/../../../../nios2-elf/lib\libc.a(lib_a-vfprintf.o)
 *fill*         0x00818236        0x2 00
 .rodata.str1.4
                0x00818238       0x10 c:/altera/12.0sp2/nios2eds/bin/gnu/h-i686-mingw32/bin/../lib/gcc/nios2-elf/4.1.2/../../../../nios2-elf/lib\libc.a(lib_a-dtoa.o)
                                 0x14 (size before relaxing)
 .rodata.str1.4
                0x00818248        0x2 c:/altera/12.0sp2/nios2eds/bin/gnu/h-i686-mingw32/bin/../lib/gcc/nios2-elf/4.1.2/../../../../nios2-elf/lib\libc.a(lib_a-impure.o)
                                  0x4 (size before relaxing)
 *fill*         0x0081824a        0x2 00
 .rodata.str1.4
                0x0081824c       0x10 c:/altera/12.0sp2/nios2eds/bin/gnu/h-i686-mingw32/bin/../lib/gcc/nios2-elf/4.1.2/../../../../nios2-elf/lib\libc.a(lib_a-locale.o)
                                 0x18 (size before relaxing)
 .rodata        0x0081825c       0x30 c:/altera/12.0sp2/nios2eds/bin/gnu/h-i686-mingw32/bin/../lib/gcc/nios2-elf/4.1.2/../../../../nios2-elf/lib\libc.a(lib_a-locale.o)
 .rodata        0x0081828c      0x124 c:/altera/12.0sp2/nios2eds/bin/gnu/h-i686-mingw32/bin/../lib/gcc/nios2-elf/4.1.2/../../../../nios2-elf/lib\libc.a(lib_a-mprec.o)
                0x0081828c                __mprec_tens
                0x00818354                __mprec_bigtens
                0x0081837c                __mprec_tinytens
 .rodata        0x008183b0        0xc ../LaserSharknado_bsp\libhal_bsp.a(alt_dev.o)
 .rodata        0x008183bc       0x14 ../LaserSharknado_bsp\libhal_bsp.a(alt_main.o)
 .rodata        0x008183d0       0xcc ../LaserSharknado_bsp\libhal_bsp.a(alt_sys_init.o)
 .rodata        0x0081849c       0x1c ../LaserSharknado_bsp\libhal_bsp.a(altera_up_avalon_video_character_buffer_with_dma.o)
 *(.rodata1)
                0x008184b8                . = ALIGN (0x4)
                0x008184b8                PROVIDE (__ram_rodata_end, ABSOLUTE (.))
                0x0081793c                PROVIDE (__flash_rodata_start, LOADADDR (.rodata))

.rwdata         0x008184b8     0x1bc0 load address 0x0081a078
                0x008184b8                PROVIDE (__ram_rwdata_start, ABSOLUTE (.))
                0x008184b8                . = ALIGN (0x4)
 *(.got.plt)
 *(.got)
 *(.data1)
 *(.data .data.* .gnu.linkonce.d.*)
 .data          0x008184b8        0x0 ../LaserSharknado_bsp/obj/HAL/src/crt0.o
 .data          0x008184b8        0x0 obj/default/audio.o
 .data          0x008184b8        0x0 obj/default/audio_up_hack.o
 .data          0x008184b8        0x0 obj/default/hello_world.o
 .data          0x008184b8        0x0 obj/default/player.o
 .data          0x008184b8        0x0 obj/default/sd_card.o
 .data          0x008184b8        0x0 obj/default/timer.o
 .data          0x008184b8        0x0 obj/default/vga.o
 .data          0x008184b8        0x0 c:/altera/12.0sp2/nios2eds/bin/gnu/h-i686-mingw32/bin/../lib/gcc/nios2-elf/4.1.2/../../../../nios2-elf/lib\libm.a(lib_a-s_sin.o)
 .data          0x008184b8        0x0 c:/altera/12.0sp2/nios2eds/bin/gnu/h-i686-mingw32/bin/../lib/gcc/nios2-elf/4.1.2/../../../../nios2-elf/lib\libm.a(lib_a-e_rem_pio2.o)
 .data          0x008184b8        0x0 c:/altera/12.0sp2/nios2eds/bin/gnu/h-i686-mingw32/bin/../lib/gcc/nios2-elf/4.1.2/../../../../nios2-elf/lib\libm.a(lib_a-k_cos.o)
 .data          0x008184b8        0x0 c:/altera/12.0sp2/nios2eds/bin/gnu/h-i686-mingw32/bin/../lib/gcc/nios2-elf/4.1.2/../../../../nios2-elf/lib\libm.a(lib_a-k_rem_pio2.o)
 .data          0x008184b8        0x0 c:/altera/12.0sp2/nios2eds/bin/gnu/h-i686-mingw32/bin/../lib/gcc/nios2-elf/4.1.2/../../../../nios2-elf/lib\libm.a(lib_a-k_sin.o)
 .data          0x008184b8        0x0 c:/altera/12.0sp2/nios2eds/bin/gnu/h-i686-mingw32/bin/../lib/gcc/nios2-elf/4.1.2/../../../../nios2-elf/lib\libm.a(lib_a-s_fabs.o)
 .data          0x008184b8        0x0 c:/altera/12.0sp2/nios2eds/bin/gnu/h-i686-mingw32/bin/../lib/gcc/nios2-elf/4.1.2/../../../../nios2-elf/lib\libm.a(lib_a-s_floor.o)
 .data          0x008184b8        0x0 c:/altera/12.0sp2/nios2eds/bin/gnu/h-i686-mingw32/bin/../lib/gcc/nios2-elf/4.1.2/../../../../nios2-elf/lib\libm.a(lib_a-s_scalbn.o)
 .data          0x008184b8        0x0 c:/altera/12.0sp2/nios2eds/bin/gnu/h-i686-mingw32/bin/../lib/gcc/nios2-elf/4.1.2/../../../../nios2-elf/lib\libm.a(lib_a-s_copysign.o)
 .data          0x008184b8        0x0 c:/altera/12.0sp2/nios2eds/bin/gnu/h-i686-mingw32/bin/../lib/gcc/nios2-elf/4.1.2\libgcc.a(_fixunsdfsi.o)
 .data          0x008184b8        0x0 c:/altera/12.0sp2/nios2eds/bin/gnu/h-i686-mingw32/bin/../lib/gcc/nios2-elf/4.1.2\libgcc.a(_div_sf.o)
 .data          0x008184b8        0x0 c:/altera/12.0sp2/nios2eds/bin/gnu/h-i686-mingw32/bin/../lib/gcc/nios2-elf/4.1.2\libgcc.a(_si_to_sf.o)
 .data          0x008184b8        0x0 c:/altera/12.0sp2/nios2eds/bin/gnu/h-i686-mingw32/bin/../lib/gcc/nios2-elf/4.1.2\libgcc.a(_sf_to_df.o)
 .data          0x008184b8        0x0 c:/altera/12.0sp2/nios2eds/bin/gnu/h-i686-mingw32/bin/../lib/gcc/nios2-elf/4.1.2\libgcc.a(_thenan_sf.o)
 .data          0x008184b8        0x0 c:/altera/12.0sp2/nios2eds/bin/gnu/h-i686-mingw32/bin/../lib/gcc/nios2-elf/4.1.2\libgcc.a(_addsub_df.o)
 .data          0x008184b8        0x0 c:/altera/12.0sp2/nios2eds/bin/gnu/h-i686-mingw32/bin/../lib/gcc/nios2-elf/4.1.2\libgcc.a(_mul_df.o)
 .data          0x008184b8        0x0 c:/altera/12.0sp2/nios2eds/bin/gnu/h-i686-mingw32/bin/../lib/gcc/nios2-elf/4.1.2\libgcc.a(_div_df.o)
 .data          0x008184b8        0x0 c:/altera/12.0sp2/nios2eds/bin/gnu/h-i686-mingw32/bin/../lib/gcc/nios2-elf/4.1.2\libgcc.a(_eq_df.o)
 .data          0x008184b8        0x0 c:/altera/12.0sp2/nios2eds/bin/gnu/h-i686-mingw32/bin/../lib/gcc/nios2-elf/4.1.2\libgcc.a(_gt_df.o)
 .data          0x008184b8        0x0 c:/altera/12.0sp2/nios2eds/bin/gnu/h-i686-mingw32/bin/../lib/gcc/nios2-elf/4.1.2\libgcc.a(_ge_df.o)
 .data          0x008184b8        0x0 c:/altera/12.0sp2/nios2eds/bin/gnu/h-i686-mingw32/bin/../lib/gcc/nios2-elf/4.1.2\libgcc.a(_si_to_df.o)
 .data          0x008184b8        0x0 c:/altera/12.0sp2/nios2eds/bin/gnu/h-i686-mingw32/bin/../lib/gcc/nios2-elf/4.1.2\libgcc.a(_df_to_si.o)
 .data          0x008184b8        0x0 c:/altera/12.0sp2/nios2eds/bin/gnu/h-i686-mingw32/bin/../lib/gcc/nios2-elf/4.1.2\libgcc.a(_make_df.o)
 .data          0x008184b8        0x0 c:/altera/12.0sp2/nios2eds/bin/gnu/h-i686-mingw32/bin/../lib/gcc/nios2-elf/4.1.2\libgcc.a(_thenan_df.o)
 .data          0x008184b8        0x0 c:/altera/12.0sp2/nios2eds/bin/gnu/h-i686-mingw32/bin/../lib/gcc/nios2-elf/4.1.2\libgcc.a(lib2-divmod.o)
 .data          0x008184b8        0x0 c:/altera/12.0sp2/nios2eds/bin/gnu/h-i686-mingw32/bin/../lib/gcc/nios2-elf/4.1.2\libgcc.a(_muldi3.o)
 .data          0x008184b8        0x0 c:/altera/12.0sp2/nios2eds/bin/gnu/h-i686-mingw32/bin/../lib/gcc/nios2-elf/4.1.2\libgcc.a(_clzsi2.o)
 .data          0x008184b8        0x0 c:/altera/12.0sp2/nios2eds/bin/gnu/h-i686-mingw32/bin/../lib/gcc/nios2-elf/4.1.2\libgcc.a(_pack_sf.o)
 .data          0x008184b8        0x0 c:/altera/12.0sp2/nios2eds/bin/gnu/h-i686-mingw32/bin/../lib/gcc/nios2-elf/4.1.2\libgcc.a(_unpack_sf.o)
 .data          0x008184b8        0x0 c:/altera/12.0sp2/nios2eds/bin/gnu/h-i686-mingw32/bin/../lib/gcc/nios2-elf/4.1.2\libgcc.a(_pack_df.o)
 .data          0x008184b8        0x0 c:/altera/12.0sp2/nios2eds/bin/gnu/h-i686-mingw32/bin/../lib/gcc/nios2-elf/4.1.2\libgcc.a(_unpack_df.o)
 .data          0x008184b8        0x0 c:/altera/12.0sp2/nios2eds/bin/gnu/h-i686-mingw32/bin/../lib/gcc/nios2-elf/4.1.2\libgcc.a(_fpcmp_parts_df.o)
 .data          0x008184b8        0x0 c:/altera/12.0sp2/nios2eds/bin/gnu/h-i686-mingw32/bin/../lib/gcc/nios2-elf/4.1.2\libgcc.a(_clz.o)
 .data          0x008184b8        0x0 c:/altera/12.0sp2/nios2eds/bin/gnu/h-i686-mingw32/bin/../lib/gcc/nios2-elf/4.1.2/../../../../nios2-elf/lib\libc.a(lib_a-malloc.o)
 .data          0x008184b8      0x408 c:/altera/12.0sp2/nios2eds/bin/gnu/h-i686-mingw32/bin/../lib/gcc/nios2-elf/4.1.2/../../../../nios2-elf/lib\libc.a(lib_a-mallocr.o)
                0x008184b8                __malloc_av_
 .data          0x008188c0        0x0 c:/altera/12.0sp2/nios2eds/bin/gnu/h-i686-mingw32/bin/../lib/gcc/nios2-elf/4.1.2/../../../../nios2-elf/lib\libc.a(lib_a-printf.o)
 .data          0x008188c0        0x0 c:/altera/12.0sp2/nios2eds/bin/gnu/h-i686-mingw32/bin/../lib/gcc/nios2-elf/4.1.2/../../../../nios2-elf/lib\libc.a(lib_a-puts.o)
 .data          0x008188c0        0x0 c:/altera/12.0sp2/nios2eds/bin/gnu/h-i686-mingw32/bin/../lib/gcc/nios2-elf/4.1.2/../../../../nios2-elf/lib\libc.a(lib_a-sbrkr.o)
 .data          0x008188c0        0x0 c:/altera/12.0sp2/nios2eds/bin/gnu/h-i686-mingw32/bin/../lib/gcc/nios2-elf/4.1.2/../../../../nios2-elf/lib\libc.a(lib_a-strlen.o)
 .data          0x008188c0        0x0 c:/altera/12.0sp2/nios2eds/bin/gnu/h-i686-mingw32/bin/../lib/gcc/nios2-elf/4.1.2/../../../../nios2-elf/lib\libc.a(lib_a-vfprintf.o)
 .data          0x008188c0        0x0 c:/altera/12.0sp2/nios2eds/bin/gnu/h-i686-mingw32/bin/../lib/gcc/nios2-elf/4.1.2/../../../../nios2-elf/lib\libc.a(lib_a-wsetup.o)
 .data          0x008188c0        0x0 c:/altera/12.0sp2/nios2eds/bin/gnu/h-i686-mingw32/bin/../lib/gcc/nios2-elf/4.1.2/../../../../nios2-elf/lib\libc.a(lib_a-dtoa.o)
 .data          0x008188c0        0x0 c:/altera/12.0sp2/nios2eds/bin/gnu/h-i686-mingw32/bin/../lib/gcc/nios2-elf/4.1.2/../../../../nios2-elf/lib\libc.a(lib_a-fflush.o)
 .data          0x008188c0        0x0 c:/altera/12.0sp2/nios2eds/bin/gnu/h-i686-mingw32/bin/../lib/gcc/nios2-elf/4.1.2/../../../../nios2-elf/lib\libc.a(lib_a-findfp.o)
 .data          0x008188c0        0x0 c:/altera/12.0sp2/nios2eds/bin/gnu/h-i686-mingw32/bin/../lib/gcc/nios2-elf/4.1.2/../../../../nios2-elf/lib\libc.a(lib_a-freer.o)
 .data          0x008188c0        0x0 c:/altera/12.0sp2/nios2eds/bin/gnu/h-i686-mingw32/bin/../lib/gcc/nios2-elf/4.1.2/../../../../nios2-elf/lib\libc.a(lib_a-fvwrite.o)
 .data          0x008188c0        0x0 c:/altera/12.0sp2/nios2eds/bin/gnu/h-i686-mingw32/bin/../lib/gcc/nios2-elf/4.1.2/../../../../nios2-elf/lib\libc.a(lib_a-fwalk.o)
 .data          0x008188c0      0x400 c:/altera/12.0sp2/nios2eds/bin/gnu/h-i686-mingw32/bin/../lib/gcc/nios2-elf/4.1.2/../../../../nios2-elf/lib\libc.a(lib_a-impure.o)
 .data          0x00818cc0        0x0 c:/altera/12.0sp2/nios2eds/bin/gnu/h-i686-mingw32/bin/../lib/gcc/nios2-elf/4.1.2/../../../../nios2-elf/lib\libc.a(lib_a-int_errno.o)
 .data          0x00818cc0        0xc c:/altera/12.0sp2/nios2eds/bin/gnu/h-i686-mingw32/bin/../lib/gcc/nios2-elf/4.1.2/../../../../nios2-elf/lib\libc.a(lib_a-locale.o)
                0x00818cc0                __lc_ctype
 .data          0x00818ccc        0x0 c:/altera/12.0sp2/nios2eds/bin/gnu/h-i686-mingw32/bin/../lib/gcc/nios2-elf/4.1.2/../../../../nios2-elf/lib\libc.a(lib_a-makebuf.o)
 .data          0x00818ccc        0x0 c:/altera/12.0sp2/nios2eds/bin/gnu/h-i686-mingw32/bin/../lib/gcc/nios2-elf/4.1.2/../../../../nios2-elf/lib\libc.a(lib_a-memchr.o)
 .data          0x00818ccc        0x0 c:/altera/12.0sp2/nios2eds/bin/gnu/h-i686-mingw32/bin/../lib/gcc/nios2-elf/4.1.2/../../../../nios2-elf/lib\libc.a(lib_a-memcpy.o)
 .data          0x00818ccc        0x0 c:/altera/12.0sp2/nios2eds/bin/gnu/h-i686-mingw32/bin/../lib/gcc/nios2-elf/4.1.2/../../../../nios2-elf/lib\libc.a(lib_a-memmove.o)
 .data          0x00818ccc        0x0 c:/altera/12.0sp2/nios2eds/bin/gnu/h-i686-mingw32/bin/../lib/gcc/nios2-elf/4.1.2/../../../../nios2-elf/lib\libc.a(lib_a-memset.o)
 .data          0x00818ccc        0x0 c:/altera/12.0sp2/nios2eds/bin/gnu/h-i686-mingw32/bin/../lib/gcc/nios2-elf/4.1.2/../../../../nios2-elf/lib\libc.a(lib_a-mprec.o)
 .data          0x00818ccc        0x0 c:/altera/12.0sp2/nios2eds/bin/gnu/h-i686-mingw32/bin/../lib/gcc/nios2-elf/4.1.2/../../../../nios2-elf/lib\libc.a(lib_a-reallocr.o)
 .data          0x00818ccc        0x0 c:/altera/12.0sp2/nios2eds/bin/gnu/h-i686-mingw32/bin/../lib/gcc/nios2-elf/4.1.2/../../../../nios2-elf/lib\libc.a(lib_a-s_isinfd.o)
 .data          0x00818ccc        0x0 c:/altera/12.0sp2/nios2eds/bin/gnu/h-i686-mingw32/bin/../lib/gcc/nios2-elf/4.1.2/../../../../nios2-elf/lib\libc.a(lib_a-s_isnand.o)
 .data          0x00818ccc        0x0 c:/altera/12.0sp2/nios2eds/bin/gnu/h-i686-mingw32/bin/../lib/gcc/nios2-elf/4.1.2/../../../../nios2-elf/lib\libc.a(lib_a-stdio.o)
 .data          0x00818ccc        0x0 c:/altera/12.0sp2/nios2eds/bin/gnu/h-i686-mingw32/bin/../lib/gcc/nios2-elf/4.1.2/../../../../nios2-elf/lib\libc.a(lib_a-strcmp.o)
 .data          0x00818ccc        0x0 c:/altera/12.0sp2/nios2eds/bin/gnu/h-i686-mingw32/bin/../lib/gcc/nios2-elf/4.1.2/../../../../nios2-elf/lib\libc.a(lib_a-writer.o)
 .data          0x00818ccc        0x0 c:/altera/12.0sp2/nios2eds/bin/gnu/h-i686-mingw32/bin/../lib/gcc/nios2-elf/4.1.2/../../../../nios2-elf/lib\libc.a(lib_a-callocr.o)
 .data          0x00818ccc        0x0 c:/altera/12.0sp2/nios2eds/bin/gnu/h-i686-mingw32/bin/../lib/gcc/nios2-elf/4.1.2/../../../../nios2-elf/lib\libc.a(lib_a-closer.o)
 .data          0x00818ccc        0x0 c:/altera/12.0sp2/nios2eds/bin/gnu/h-i686-mingw32/bin/../lib/gcc/nios2-elf/4.1.2/../../../../nios2-elf/lib\libc.a(lib_a-fclose.o)
 .data          0x00818ccc        0x0 c:/altera/12.0sp2/nios2eds/bin/gnu/h-i686-mingw32/bin/../lib/gcc/nios2-elf/4.1.2/../../../../nios2-elf/lib\libc.a(lib_a-fstatr.o)
 .data          0x00818ccc        0x0 c:/altera/12.0sp2/nios2eds/bin/gnu/h-i686-mingw32/bin/../lib/gcc/nios2-elf/4.1.2/../../../../nios2-elf/lib\libc.a(lib_a-isattyr.o)
 .data          0x00818ccc        0x0 c:/altera/12.0sp2/nios2eds/bin/gnu/h-i686-mingw32/bin/../lib/gcc/nios2-elf/4.1.2/../../../../nios2-elf/lib\libc.a(lib_a-lseekr.o)
 .data          0x00818ccc        0x0 c:/altera/12.0sp2/nios2eds/bin/gnu/h-i686-mingw32/bin/../lib/gcc/nios2-elf/4.1.2/../../../../nios2-elf/lib\libc.a(lib_a-readr.o)
 .data          0x00818ccc        0x0 c:/altera/12.0sp2/nios2eds/bin/gnu/h-i686-mingw32/bin/../lib/gcc/nios2-elf/4.1.2\libgcc.a(_udivdi3.o)
 .data          0x00818ccc        0x0 c:/altera/12.0sp2/nios2eds/bin/gnu/h-i686-mingw32/bin/../lib/gcc/nios2-elf/4.1.2\libgcc.a(_umoddi3.o)
 .data          0x00818ccc        0x0 c:/altera/12.0sp2/nios2eds/bin/gnu/h-i686-mingw32/bin/../lib/gcc/nios2-elf/4.1.2\libgcc.a(_ne_df.o)
 .data          0x00818ccc        0x0 c:/altera/12.0sp2/nios2eds/bin/gnu/h-i686-mingw32/bin/../lib/gcc/nios2-elf/4.1.2\libgcc.a(_lt_df.o)
 .data          0x00818ccc        0x0 c:/altera/12.0sp2/nios2eds/bin/gnu/h-i686-mingw32/bin/../lib/gcc/nios2-elf/4.1.2\libgcc.a(_usi_to_df.o)
 .data          0x00818ccc        0x0 ../LaserSharknado_bsp\libhal_bsp.a(alt_close.o)
 .data          0x00818ccc      0x1a8 ../LaserSharknado_bsp\libhal_bsp.a(alt_dev.o)
                0x00818ccc                alt_dev_null
                0x00818cf4                alt_fd_list
 .data          0x00818e74        0x0 ../LaserSharknado_bsp\libhal_bsp.a(alt_errno.o)
 .data          0x00818e74        0x0 ../LaserSharknado_bsp\libhal_bsp.a(alt_fstat.o)
 .data          0x00818e74        0x0 ../LaserSharknado_bsp\libhal_bsp.a(alt_irq_register.o)
 .data          0x00818e74        0x0 ../LaserSharknado_bsp\libhal_bsp.a(alt_irq_vars.o)
 .data          0x00818e74        0x0 ../LaserSharknado_bsp\libhal_bsp.a(alt_isatty.o)
 .data          0x00818e74        0x0 ../LaserSharknado_bsp\libhal_bsp.a(alt_load.o)
 .data          0x00818e74        0x0 ../LaserSharknado_bsp\libhal_bsp.a(alt_lseek.o)
 .data          0x00818e74        0x0 ../LaserSharknado_bsp\libhal_bsp.a(alt_main.o)
 .data          0x00818e74        0x0 ../LaserSharknado_bsp\libhal_bsp.a(alt_malloc_lock.o)
 .data          0x00818e74        0x0 ../LaserSharknado_bsp\libhal_bsp.a(alt_read.o)
 .data          0x00818e74        0x0 ../LaserSharknado_bsp\libhal_bsp.a(alt_release_fd.o)
 .data          0x00818e74        0x0 ../LaserSharknado_bsp\libhal_bsp.a(alt_sbrk.o)
 .data          0x00818e74        0x0 ../LaserSharknado_bsp\libhal_bsp.a(alt_tick.o)
 .data          0x00818e74        0x0 ../LaserSharknado_bsp\libhal_bsp.a(alt_usleep.o)
 .data          0x00818e74        0x0 ../LaserSharknado_bsp\libhal_bsp.a(alt_write.o)
 .data          0x00818e74     0x11b4 ../LaserSharknado_bsp\libhal_bsp.a(alt_sys_init.o)
 .data          0x0081a028        0x0 ../LaserSharknado_bsp\libhal_bsp.a(altera_avalon_jtag_uart_fd.o)
 .data          0x0081a028        0x0 ../LaserSharknado_bsp\libhal_bsp.a(altera_avalon_jtag_uart_init.o)
 .data          0x0081a028        0x0 ../LaserSharknado_bsp\libhal_bsp.a(altera_avalon_jtag_uart_ioctl.o)
 .data          0x0081a028        0x0 ../LaserSharknado_bsp\libhal_bsp.a(altera_avalon_jtag_uart_read.o)
 .data          0x0081a028        0x0 ../LaserSharknado_bsp\libhal_bsp.a(altera_avalon_jtag_uart_write.o)
 .data          0x0081a028        0x0 ../LaserSharknado_bsp\libhal_bsp.a(altera_avalon_timer_sc.o)
 .data          0x0081a028        0x0 ../LaserSharknado_bsp\libhal_bsp.a(altera_avalon_timer_ts.o)
 .data          0x0081a028        0x0 ../LaserSharknado_bsp\libhal_bsp.a(altera_avalon_timer_vars.o)
 .data          0x0081a028        0x0 ../LaserSharknado_bsp\libhal_bsp.a(altera_up_avalon_audio.o)
 .data          0x0081a028        0x0 ../LaserSharknado_bsp\libhal_bsp.a(altera_up_avalon_audio_and_video_config.o)
 .data          0x0081a028        0x0 ../LaserSharknado_bsp\libhal_bsp.a(altera_up_avalon_character_lcd.o)
 .data          0x0081a028        0x0 ../LaserSharknado_bsp\libhal_bsp.a(altera_up_avalon_video_character_buffer_with_dma.o)
 .data          0x0081a028        0x0 ../LaserSharknado_bsp\libhal_bsp.a(altera_up_avalon_video_pixel_buffer_dma.o)
 .data          0x0081a028        0x0 ../LaserSharknado_bsp\libhal_bsp.a(altera_up_sd_card_avalon_interface.o)
 .data          0x0081a028        0x0 ../LaserSharknado_bsp\libhal_bsp.a(alt_alarm_start.o)
 .data          0x0081a028        0x0 ../LaserSharknado_bsp\libhal_bsp.a(alt_busy_sleep.o)
 .data          0x0081a028        0x0 ../LaserSharknado_bsp\libhal_bsp.a(alt_dcache_flush_all.o)
 .data          0x0081a028        0x0 ../LaserSharknado_bsp\libhal_bsp.a(alt_dev_llist_insert.o)
 .data          0x0081a028        0x0 ../LaserSharknado_bsp\libhal_bsp.a(alt_do_ctors.o)
 .data          0x0081a028        0x0 ../LaserSharknado_bsp\libhal_bsp.a(alt_do_dtors.o)
 .data          0x0081a028        0x0 ../LaserSharknado_bsp\libhal_bsp.a(alt_find_dev.o)
 .data          0x0081a028        0x0 ../LaserSharknado_bsp\libhal_bsp.a(alt_icache_flush_all.o)
 .data          0x0081a028        0x0 ../LaserSharknado_bsp\libhal_bsp.a(alt_io_redirect.o)
 .data          0x0081a028        0x0 ../LaserSharknado_bsp\libhal_bsp.a(alt_irq_entry.o)
 .data          0x0081a028        0x0 ../LaserSharknado_bsp\libhal_bsp.a(alt_irq_handler.o)
 .data          0x0081a028        0x0 ../LaserSharknado_bsp\libhal_bsp.a(alt_open.o)
 .data          0x0081a028        0x0 ../LaserSharknado_bsp\libhal_bsp.a(altera_nios2_qsys_irq.o)
 .data          0x0081a028        0x0 ../LaserSharknado_bsp\libhal_bsp.a(alt_exception_entry.o)
 .data          0x0081a028        0x0 ../LaserSharknado_bsp\libhal_bsp.a(alt_find_file.o)
 .data          0x0081a028        0x0 ../LaserSharknado_bsp\libhal_bsp.a(alt_get_fd.o)
 .data          0x0081a028        0x0 ../LaserSharknado_bsp\libhal_bsp.a(alt_icache_flush.o)
 .data          0x0081a028        0x0 c:/altera/12.0sp2/nios2eds/bin/gnu/h-i686-mingw32/bin/../lib/gcc/nios2-elf/4.1.2/../../../../nios2-elf/lib\libc.a(lib_a-atexit.o)
 .data          0x0081a028        0x0 c:/altera/12.0sp2/nios2eds/bin/gnu/h-i686-mingw32/bin/../lib/gcc/nios2-elf/4.1.2/../../../../nios2-elf/lib\libc.a(lib_a-exit.o)
 .data          0x0081a028        0x0 c:/altera/12.0sp2/nios2eds/bin/gnu/h-i686-mingw32/bin/../lib/gcc/nios2-elf/4.1.2/../../../../nios2-elf/lib\libc.a(lib_a-memcmp.o)
 .data          0x0081a028        0x0 c:/altera/12.0sp2/nios2eds/bin/gnu/h-i686-mingw32/bin/../lib/gcc/nios2-elf/4.1.2/../../../../nios2-elf/lib\libc.a(lib_a-__atexit.o)
 .data          0x0081a028        0x0 c:/altera/12.0sp2/nios2eds/bin/gnu/h-i686-mingw32/bin/../lib/gcc/nios2-elf/4.1.2/../../../../nios2-elf/lib\libc.a(lib_a-__call_atexit.o)
 .data          0x0081a028        0x0 ../LaserSharknado_bsp\libhal_bsp.a(alt_exit.o)
                0x00822028                _gp = ABSOLUTE ((. + 0x8000))
                0x00822028                PROVIDE (gp, _gp)
 *(.rwdata .rwdata.*)
 *(.sdata .sdata.* .gnu.linkonce.s.*)
 .sdata         0x0081a028       0x10 obj/default/audio.o
                0x0081a028                CONFIG_NAME
                0x0081a02c                AUDIO_NAME
                0x0081a030                DEBUG
                0x0081a034                toneLength
 .sdata         0x0081a038        0x8 c:/altera/12.0sp2/nios2eds/bin/gnu/h-i686-mingw32/bin/../lib/gcc/nios2-elf/4.1.2/../../../../nios2-elf/lib\libc.a(lib_a-mallocr.o)
                0x0081a038                __malloc_trim_threshold
                0x0081a03c                __malloc_sbrk_base
 .sdata         0x0081a040        0x8 c:/altera/12.0sp2/nios2eds/bin/gnu/h-i686-mingw32/bin/../lib/gcc/nios2-elf/4.1.2/../../../../nios2-elf/lib\libc.a(lib_a-impure.o)
                0x0081a040                _impure_ptr
                0x0081a044                _global_impure_ptr
 .sdata         0x0081a048        0x8 c:/altera/12.0sp2/nios2eds/bin/gnu/h-i686-mingw32/bin/../lib/gcc/nios2-elf/4.1.2/../../../../nios2-elf/lib\libc.a(lib_a-locale.o)
                0x0081a048                __mb_cur_max
 .sdata         0x0081a050       0x14 ../LaserSharknado_bsp\libhal_bsp.a(alt_dev.o)
                0x0081a050                alt_fs_list
                0x0081a058                alt_dev_list
                0x0081a060                alt_max_fd
 .sdata         0x0081a064        0x4 ../LaserSharknado_bsp\libhal_bsp.a(alt_errno.o)
                0x0081a064                alt_errno
 .sdata         0x0081a068        0x4 ../LaserSharknado_bsp\libhal_bsp.a(alt_irq_vars.o)
                0x0081a068                alt_priority_mask
 .sdata         0x0081a06c        0x4 ../LaserSharknado_bsp\libhal_bsp.a(alt_sbrk.o)
 .sdata         0x0081a070        0x8 ../LaserSharknado_bsp\libhal_bsp.a(alt_tick.o)
                0x0081a070                alt_alarm_list
 *(.sdata2 .sdata2.* .gnu.linkonce.s2.*)
                0x0081a078                . = ALIGN (0x4)
                0x0081a078                _edata = ABSOLUTE (.)
                0x0081a078                PROVIDE (edata, ABSOLUTE (.))
                0x0081a078                PROVIDE (__ram_rwdata_end, ABSOLUTE (.))
                0x0081a078                PROVIDE (__flash_rwdata_start, LOADADDR (.rwdata))

.bss            0x0081bc38      0xa94
                0x0081bc38                __bss_start = ABSOLUTE (.)
                0x0081bc38                PROVIDE (__sbss_start, ABSOLUTE (.))
                0x0081bc38                PROVIDE (___sbss_start, ABSOLUTE (.))
 *(.dynsbss)
 *(.sbss .sbss.* .gnu.linkonce.sb.*)
 .sbss          0x0081bc38        0x8 obj/default/audio.o
                0x0081bc38                audio
                0x0081bc3c                config
 .sbss          0x0081bc40       0x14 obj/default/audio.o
                0x0081bc40                laserFileWordLength
                0x0081bc44                laserBufferLength
                0x0081bc48                sdDev
                0x0081bc4c                laserCursor
                0x0081bc50                laserBuffer
 .sbss          0x0081bc54        0xc c:/altera/12.0sp2/nios2eds/bin/gnu/h-i686-mingw32/bin/../lib/gcc/nios2-elf/4.1.2/../../../../nios2-elf/lib\libc.a(lib_a-mallocr.o)
                0x0081bc54                __malloc_top_pad
                0x0081bc58                __malloc_max_sbrked_mem
                0x0081bc5c                __malloc_max_total_mem
 .sbss          0x0081bc60        0x4 c:/altera/12.0sp2/nios2eds/bin/gnu/h-i686-mingw32/bin/../lib/gcc/nios2-elf/4.1.2/../../../../nios2-elf/lib\libc.a(lib_a-int_errno.o)
                0x0081bc60                errno
 .sbss          0x0081bc64        0xc c:/altera/12.0sp2/nios2eds/bin/gnu/h-i686-mingw32/bin/../lib/gcc/nios2-elf/4.1.2/../../../../nios2-elf/lib\libc.a(lib_a-locale.o)
                0x0081bc64                __nlocale_changed
                0x0081bc68                __mlocale_changed
                0x0081bc6c                _PathLocale
 .sbss          0x0081bc70        0x4 ../LaserSharknado_bsp\libhal_bsp.a(alt_irq_vars.o)
                0x0081bc70                alt_irq_active
 .sbss          0x0081bc74        0xc ../LaserSharknado_bsp\libhal_bsp.a(alt_main.o)
                0x0081bc74                alt_argc
                0x0081bc78                alt_argv
                0x0081bc7c                alt_envp
 .sbss          0x0081bc80        0x8 ../LaserSharknado_bsp\libhal_bsp.a(alt_tick.o)
                0x0081bc80                _alt_tick_rate
                0x0081bc84                _alt_nticks
 .sbss          0x0081bc88        0x8 ../LaserSharknado_bsp\libhal_bsp.a(altera_avalon_timer_vars.o)
                0x0081bc88                altera_avalon_timer_ts_base
                0x0081bc8c                altera_avalon_timer_ts_freq
 .sbss          0x0081bc90       0x34 ../LaserSharknado_bsp\libhal_bsp.a(altera_up_sd_card_avalon_interface.o)
                0x0081bc90                initialized
                0x0081bc94                is_sd_card_formated_as_FAT16
                0x0081bc98                aux_status_register
                0x0081bc9c                status_register
                0x0081bca0                CSD_register_w0
                0x0081bca4                command_register
                0x0081bca8                command_argument_register
                0x0081bcac                buffer_memory
                0x0081bcb0                fat_partition_offset_in_512_byte_sectors
                0x0081bcb4                fat_partition_size_in_512_byte_sectors
                0x0081bcb8                device_pointer
                0x0081bcbc                current_sector_modified
                0x0081bcc0                current_sector_index
 *(.sbss2 .sbss2.* .gnu.linkonce.sb2.*)
 *(.scommon)
                0x0081bcc4                PROVIDE (__sbss_end, ABSOLUTE (.))
                0x0081bcc4                PROVIDE (___sbss_end, ABSOLUTE (.))
 *(.dynbss)
 *(.bss .bss.* .gnu.linkonce.b.*)
 .bss           0x0081bcc4        0x0 ../LaserSharknado_bsp/obj/HAL/src/crt0.o
 .bss           0x0081bcc4        0x0 obj/default/audio.o
 .bss           0x0081bcc4        0x0 obj/default/audio_up_hack.o
 .bss           0x0081bcc4        0x0 obj/default/hello_world.o
 .bss           0x0081bcc4        0x0 obj/default/player.o
 .bss           0x0081bcc4        0x0 obj/default/sd_card.o
 .bss           0x0081bcc4        0x0 obj/default/timer.o
 .bss           0x0081bcc4        0x0 obj/default/vga.o
 .bss           0x0081bcc4        0x0 c:/altera/12.0sp2/nios2eds/bin/gnu/h-i686-mingw32/bin/../lib/gcc/nios2-elf/4.1.2/../../../../nios2-elf/lib\libm.a(lib_a-s_sin.o)
 .bss           0x0081bcc4        0x0 c:/altera/12.0sp2/nios2eds/bin/gnu/h-i686-mingw32/bin/../lib/gcc/nios2-elf/4.1.2/../../../../nios2-elf/lib\libm.a(lib_a-e_rem_pio2.o)
 .bss           0x0081bcc4        0x0 c:/altera/12.0sp2/nios2eds/bin/gnu/h-i686-mingw32/bin/../lib/gcc/nios2-elf/4.1.2/../../../../nios2-elf/lib\libm.a(lib_a-k_cos.o)
 .bss           0x0081bcc4        0x0 c:/altera/12.0sp2/nios2eds/bin/gnu/h-i686-mingw32/bin/../lib/gcc/nios2-elf/4.1.2/../../../../nios2-elf/lib\libm.a(lib_a-k_rem_pio2.o)
 .bss           0x0081bcc4        0x0 c:/altera/12.0sp2/nios2eds/bin/gnu/h-i686-mingw32/bin/../lib/gcc/nios2-elf/4.1.2/../../../../nios2-elf/lib\libm.a(lib_a-k_sin.o)
 .bss           0x0081bcc4        0x0 c:/altera/12.0sp2/nios2eds/bin/gnu/h-i686-mingw32/bin/../lib/gcc/nios2-elf/4.1.2/../../../../nios2-elf/lib\libm.a(lib_a-s_fabs.o)
 .bss           0x0081bcc4        0x0 c:/altera/12.0sp2/nios2eds/bin/gnu/h-i686-mingw32/bin/../lib/gcc/nios2-elf/4.1.2/../../../../nios2-elf/lib\libm.a(lib_a-s_floor.o)
 .bss           0x0081bcc4        0x0 c:/altera/12.0sp2/nios2eds/bin/gnu/h-i686-mingw32/bin/../lib/gcc/nios2-elf/4.1.2/../../../../nios2-elf/lib\libm.a(lib_a-s_scalbn.o)
 .bss           0x0081bcc4        0x0 c:/altera/12.0sp2/nios2eds/bin/gnu/h-i686-mingw32/bin/../lib/gcc/nios2-elf/4.1.2/../../../../nios2-elf/lib\libm.a(lib_a-s_copysign.o)
 .bss           0x0081bcc4        0x0 c:/altera/12.0sp2/nios2eds/bin/gnu/h-i686-mingw32/bin/../lib/gcc/nios2-elf/4.1.2\libgcc.a(_fixunsdfsi.o)
 .bss           0x0081bcc4        0x0 c:/altera/12.0sp2/nios2eds/bin/gnu/h-i686-mingw32/bin/../lib/gcc/nios2-elf/4.1.2\libgcc.a(_div_sf.o)
 .bss           0x0081bcc4        0x0 c:/altera/12.0sp2/nios2eds/bin/gnu/h-i686-mingw32/bin/../lib/gcc/nios2-elf/4.1.2\libgcc.a(_si_to_sf.o)
 .bss           0x0081bcc4        0x0 c:/altera/12.0sp2/nios2eds/bin/gnu/h-i686-mingw32/bin/../lib/gcc/nios2-elf/4.1.2\libgcc.a(_sf_to_df.o)
 .bss           0x0081bcc4        0x0 c:/altera/12.0sp2/nios2eds/bin/gnu/h-i686-mingw32/bin/../lib/gcc/nios2-elf/4.1.2\libgcc.a(_thenan_sf.o)
 .bss           0x0081bcc4        0x0 c:/altera/12.0sp2/nios2eds/bin/gnu/h-i686-mingw32/bin/../lib/gcc/nios2-elf/4.1.2\libgcc.a(_addsub_df.o)
 .bss           0x0081bcc4        0x0 c:/altera/12.0sp2/nios2eds/bin/gnu/h-i686-mingw32/bin/../lib/gcc/nios2-elf/4.1.2\libgcc.a(_mul_df.o)
 .bss           0x0081bcc4        0x0 c:/altera/12.0sp2/nios2eds/bin/gnu/h-i686-mingw32/bin/../lib/gcc/nios2-elf/4.1.2\libgcc.a(_div_df.o)
 .bss           0x0081bcc4        0x0 c:/altera/12.0sp2/nios2eds/bin/gnu/h-i686-mingw32/bin/../lib/gcc/nios2-elf/4.1.2\libgcc.a(_eq_df.o)
 .bss           0x0081bcc4        0x0 c:/altera/12.0sp2/nios2eds/bin/gnu/h-i686-mingw32/bin/../lib/gcc/nios2-elf/4.1.2\libgcc.a(_gt_df.o)
 .bss           0x0081bcc4        0x0 c:/altera/12.0sp2/nios2eds/bin/gnu/h-i686-mingw32/bin/../lib/gcc/nios2-elf/4.1.2\libgcc.a(_ge_df.o)
 .bss           0x0081bcc4        0x0 c:/altera/12.0sp2/nios2eds/bin/gnu/h-i686-mingw32/bin/../lib/gcc/nios2-elf/4.1.2\libgcc.a(_si_to_df.o)
 .bss           0x0081bcc4        0x0 c:/altera/12.0sp2/nios2eds/bin/gnu/h-i686-mingw32/bin/../lib/gcc/nios2-elf/4.1.2\libgcc.a(_df_to_si.o)
 .bss           0x0081bcc4        0x0 c:/altera/12.0sp2/nios2eds/bin/gnu/h-i686-mingw32/bin/../lib/gcc/nios2-elf/4.1.2\libgcc.a(_make_df.o)
 .bss           0x0081bcc4        0x0 c:/altera/12.0sp2/nios2eds/bin/gnu/h-i686-mingw32/bin/../lib/gcc/nios2-elf/4.1.2\libgcc.a(_thenan_df.o)
 .bss           0x0081bcc4        0x0 c:/altera/12.0sp2/nios2eds/bin/gnu/h-i686-mingw32/bin/../lib/gcc/nios2-elf/4.1.2\libgcc.a(lib2-divmod.o)
 .bss           0x0081bcc4        0x0 c:/altera/12.0sp2/nios2eds/bin/gnu/h-i686-mingw32/bin/../lib/gcc/nios2-elf/4.1.2\libgcc.a(_muldi3.o)
 .bss           0x0081bcc4        0x0 c:/altera/12.0sp2/nios2eds/bin/gnu/h-i686-mingw32/bin/../lib/gcc/nios2-elf/4.1.2\libgcc.a(_clzsi2.o)
 .bss           0x0081bcc4        0x0 c:/altera/12.0sp2/nios2eds/bin/gnu/h-i686-mingw32/bin/../lib/gcc/nios2-elf/4.1.2\libgcc.a(_pack_sf.o)
 .bss           0x0081bcc4        0x0 c:/altera/12.0sp2/nios2eds/bin/gnu/h-i686-mingw32/bin/../lib/gcc/nios2-elf/4.1.2\libgcc.a(_unpack_sf.o)
 .bss           0x0081bcc4        0x0 c:/altera/12.0sp2/nios2eds/bin/gnu/h-i686-mingw32/bin/../lib/gcc/nios2-elf/4.1.2\libgcc.a(_pack_df.o)
 .bss           0x0081bcc4        0x0 c:/altera/12.0sp2/nios2eds/bin/gnu/h-i686-mingw32/bin/../lib/gcc/nios2-elf/4.1.2\libgcc.a(_unpack_df.o)
 .bss           0x0081bcc4        0x0 c:/altera/12.0sp2/nios2eds/bin/gnu/h-i686-mingw32/bin/../lib/gcc/nios2-elf/4.1.2\libgcc.a(_fpcmp_parts_df.o)
 .bss           0x0081bcc4        0x0 c:/altera/12.0sp2/nios2eds/bin/gnu/h-i686-mingw32/bin/../lib/gcc/nios2-elf/4.1.2\libgcc.a(_clz.o)
 .bss           0x0081bcc4        0x0 c:/altera/12.0sp2/nios2eds/bin/gnu/h-i686-mingw32/bin/../lib/gcc/nios2-elf/4.1.2/../../../../nios2-elf/lib\libc.a(lib_a-malloc.o)
 .bss           0x0081bcc4       0x28 c:/altera/12.0sp2/nios2eds/bin/gnu/h-i686-mingw32/bin/../lib/gcc/nios2-elf/4.1.2/../../../../nios2-elf/lib\libc.a(lib_a-mallocr.o)
                0x0081bcc4                __malloc_current_mallinfo
 .bss           0x0081bcec        0x0 c:/altera/12.0sp2/nios2eds/bin/gnu/h-i686-mingw32/bin/../lib/gcc/nios2-elf/4.1.2/../../../../nios2-elf/lib\libc.a(lib_a-printf.o)
 .bss           0x0081bcec        0x0 c:/altera/12.0sp2/nios2eds/bin/gnu/h-i686-mingw32/bin/../lib/gcc/nios2-elf/4.1.2/../../../../nios2-elf/lib\libc.a(lib_a-puts.o)
 .bss           0x0081bcec        0x0 c:/altera/12.0sp2/nios2eds/bin/gnu/h-i686-mingw32/bin/../lib/gcc/nios2-elf/4.1.2/../../../../nios2-elf/lib\libc.a(lib_a-sbrkr.o)
 .bss           0x0081bcec        0x0 c:/altera/12.0sp2/nios2eds/bin/gnu/h-i686-mingw32/bin/../lib/gcc/nios2-elf/4.1.2/../../../../nios2-elf/lib\libc.a(lib_a-strlen.o)
 .bss           0x0081bcec        0x0 c:/altera/12.0sp2/nios2eds/bin/gnu/h-i686-mingw32/bin/../lib/gcc/nios2-elf/4.1.2/../../../../nios2-elf/lib\libc.a(lib_a-vfprintf.o)
 .bss           0x0081bcec        0x0 c:/altera/12.0sp2/nios2eds/bin/gnu/h-i686-mingw32/bin/../lib/gcc/nios2-elf/4.1.2/../../../../nios2-elf/lib\libc.a(lib_a-wsetup.o)
 .bss           0x0081bcec        0x0 c:/altera/12.0sp2/nios2eds/bin/gnu/h-i686-mingw32/bin/../lib/gcc/nios2-elf/4.1.2/../../../../nios2-elf/lib\libc.a(lib_a-dtoa.o)
 .bss           0x0081bcec        0x0 c:/altera/12.0sp2/nios2eds/bin/gnu/h-i686-mingw32/bin/../lib/gcc/nios2-elf/4.1.2/../../../../nios2-elf/lib\libc.a(lib_a-fflush.o)
 .bss           0x0081bcec        0x0 c:/altera/12.0sp2/nios2eds/bin/gnu/h-i686-mingw32/bin/../lib/gcc/nios2-elf/4.1.2/../../../../nios2-elf/lib\libc.a(lib_a-findfp.o)
 .bss           0x0081bcec        0x0 c:/altera/12.0sp2/nios2eds/bin/gnu/h-i686-mingw32/bin/../lib/gcc/nios2-elf/4.1.2/../../../../nios2-elf/lib\libc.a(lib_a-freer.o)
 .bss           0x0081bcec        0x0 c:/altera/12.0sp2/nios2eds/bin/gnu/h-i686-mingw32/bin/../lib/gcc/nios2-elf/4.1.2/../../../../nios2-elf/lib\libc.a(lib_a-fvwrite.o)
 .bss           0x0081bcec        0x0 c:/altera/12.0sp2/nios2eds/bin/gnu/h-i686-mingw32/bin/../lib/gcc/nios2-elf/4.1.2/../../../../nios2-elf/lib\libc.a(lib_a-fwalk.o)
 .bss           0x0081bcec        0x0 c:/altera/12.0sp2/nios2eds/bin/gnu/h-i686-mingw32/bin/../lib/gcc/nios2-elf/4.1.2/../../../../nios2-elf/lib\libc.a(lib_a-impure.o)
 .bss           0x0081bcec        0x0 c:/altera/12.0sp2/nios2eds/bin/gnu/h-i686-mingw32/bin/../lib/gcc/nios2-elf/4.1.2/../../../../nios2-elf/lib\libc.a(lib_a-int_errno.o)
 .bss           0x0081bcec        0x0 c:/altera/12.0sp2/nios2eds/bin/gnu/h-i686-mingw32/bin/../lib/gcc/nios2-elf/4.1.2/../../../../nios2-elf/lib\libc.a(lib_a-locale.o)
 .bss           0x0081bcec        0x0 c:/altera/12.0sp2/nios2eds/bin/gnu/h-i686-mingw32/bin/../lib/gcc/nios2-elf/4.1.2/../../../../nios2-elf/lib\libc.a(lib_a-makebuf.o)
 .bss           0x0081bcec        0x0 c:/altera/12.0sp2/nios2eds/bin/gnu/h-i686-mingw32/bin/../lib/gcc/nios2-elf/4.1.2/../../../../nios2-elf/lib\libc.a(lib_a-memchr.o)
 .bss           0x0081bcec        0x0 c:/altera/12.0sp2/nios2eds/bin/gnu/h-i686-mingw32/bin/../lib/gcc/nios2-elf/4.1.2/../../../../nios2-elf/lib\libc.a(lib_a-memcpy.o)
 .bss           0x0081bcec        0x0 c:/altera/12.0sp2/nios2eds/bin/gnu/h-i686-mingw32/bin/../lib/gcc/nios2-elf/4.1.2/../../../../nios2-elf/lib\libc.a(lib_a-memmove.o)
 .bss           0x0081bcec        0x0 c:/altera/12.0sp2/nios2eds/bin/gnu/h-i686-mingw32/bin/../lib/gcc/nios2-elf/4.1.2/../../../../nios2-elf/lib\libc.a(lib_a-memset.o)
 .bss           0x0081bcec        0x0 c:/altera/12.0sp2/nios2eds/bin/gnu/h-i686-mingw32/bin/../lib/gcc/nios2-elf/4.1.2/../../../../nios2-elf/lib\libc.a(lib_a-mprec.o)
 .bss           0x0081bcec        0x0 c:/altera/12.0sp2/nios2eds/bin/gnu/h-i686-mingw32/bin/../lib/gcc/nios2-elf/4.1.2/../../../../nios2-elf/lib\libc.a(lib_a-reallocr.o)
 .bss           0x0081bcec        0x0 c:/altera/12.0sp2/nios2eds/bin/gnu/h-i686-mingw32/bin/../lib/gcc/nios2-elf/4.1.2/../../../../nios2-elf/lib\libc.a(lib_a-s_isinfd.o)
 .bss           0x0081bcec        0x0 c:/altera/12.0sp2/nios2eds/bin/gnu/h-i686-mingw32/bin/../lib/gcc/nios2-elf/4.1.2/../../../../nios2-elf/lib\libc.a(lib_a-s_isnand.o)
 .bss           0x0081bcec        0x0 c:/altera/12.0sp2/nios2eds/bin/gnu/h-i686-mingw32/bin/../lib/gcc/nios2-elf/4.1.2/../../../../nios2-elf/lib\libc.a(lib_a-stdio.o)
 .bss           0x0081bcec        0x0 c:/altera/12.0sp2/nios2eds/bin/gnu/h-i686-mingw32/bin/../lib/gcc/nios2-elf/4.1.2/../../../../nios2-elf/lib\libc.a(lib_a-strcmp.o)
 .bss           0x0081bcec        0x0 c:/altera/12.0sp2/nios2eds/bin/gnu/h-i686-mingw32/bin/../lib/gcc/nios2-elf/4.1.2/../../../../nios2-elf/lib\libc.a(lib_a-writer.o)
 .bss           0x0081bcec        0x0 c:/altera/12.0sp2/nios2eds/bin/gnu/h-i686-mingw32/bin/../lib/gcc/nios2-elf/4.1.2/../../../../nios2-elf/lib\libc.a(lib_a-callocr.o)
 .bss           0x0081bcec        0x0 c:/altera/12.0sp2/nios2eds/bin/gnu/h-i686-mingw32/bin/../lib/gcc/nios2-elf/4.1.2/../../../../nios2-elf/lib\libc.a(lib_a-closer.o)
 .bss           0x0081bcec        0x0 c:/altera/12.0sp2/nios2eds/bin/gnu/h-i686-mingw32/bin/../lib/gcc/nios2-elf/4.1.2/../../../../nios2-elf/lib\libc.a(lib_a-fclose.o)
 .bss           0x0081bcec        0x0 c:/altera/12.0sp2/nios2eds/bin/gnu/h-i686-mingw32/bin/../lib/gcc/nios2-elf/4.1.2/../../../../nios2-elf/lib\libc.a(lib_a-fstatr.o)
 .bss           0x0081bcec        0x0 c:/altera/12.0sp2/nios2eds/bin/gnu/h-i686-mingw32/bin/../lib/gcc/nios2-elf/4.1.2/../../../../nios2-elf/lib\libc.a(lib_a-isattyr.o)
 .bss           0x0081bcec        0x0 c:/altera/12.0sp2/nios2eds/bin/gnu/h-i686-mingw32/bin/../lib/gcc/nios2-elf/4.1.2/../../../../nios2-elf/lib\libc.a(lib_a-lseekr.o)
 .bss           0x0081bcec        0x0 c:/altera/12.0sp2/nios2eds/bin/gnu/h-i686-mingw32/bin/../lib/gcc/nios2-elf/4.1.2/../../../../nios2-elf/lib\libc.a(lib_a-readr.o)
 .bss           0x0081bcec        0x0 c:/altera/12.0sp2/nios2eds/bin/gnu/h-i686-mingw32/bin/../lib/gcc/nios2-elf/4.1.2\libgcc.a(_udivdi3.o)
 .bss           0x0081bcec        0x0 c:/altera/12.0sp2/nios2eds/bin/gnu/h-i686-mingw32/bin/../lib/gcc/nios2-elf/4.1.2\libgcc.a(_umoddi3.o)
 .bss           0x0081bcec        0x0 c:/altera/12.0sp2/nios2eds/bin/gnu/h-i686-mingw32/bin/../lib/gcc/nios2-elf/4.1.2\libgcc.a(_ne_df.o)
 .bss           0x0081bcec        0x0 c:/altera/12.0sp2/nios2eds/bin/gnu/h-i686-mingw32/bin/../lib/gcc/nios2-elf/4.1.2\libgcc.a(_lt_df.o)
 .bss           0x0081bcec        0x0 c:/altera/12.0sp2/nios2eds/bin/gnu/h-i686-mingw32/bin/../lib/gcc/nios2-elf/4.1.2\libgcc.a(_usi_to_df.o)
 .bss           0x0081bcec        0x0 ../LaserSharknado_bsp\libhal_bsp.a(alt_close.o)
 .bss           0x0081bcec        0x0 ../LaserSharknado_bsp\libhal_bsp.a(alt_dev.o)
 .bss           0x0081bcec        0x0 ../LaserSharknado_bsp\libhal_bsp.a(alt_errno.o)
 .bss           0x0081bcec        0x0 ../LaserSharknado_bsp\libhal_bsp.a(alt_fstat.o)
 .bss           0x0081bcec        0x0 ../LaserSharknado_bsp\libhal_bsp.a(alt_irq_register.o)
 .bss           0x0081bcec        0x0 ../LaserSharknado_bsp\libhal_bsp.a(alt_irq_vars.o)
 .bss           0x0081bcec        0x0 ../LaserSharknado_bsp\libhal_bsp.a(alt_isatty.o)
 .bss           0x0081bcec        0x0 ../LaserSharknado_bsp\libhal_bsp.a(alt_load.o)
 .bss           0x0081bcec        0x0 ../LaserSharknado_bsp\libhal_bsp.a(alt_lseek.o)
 .bss           0x0081bcec        0x0 ../LaserSharknado_bsp\libhal_bsp.a(alt_main.o)
 .bss           0x0081bcec        0x0 ../LaserSharknado_bsp\libhal_bsp.a(alt_malloc_lock.o)
 .bss           0x0081bcec        0x0 ../LaserSharknado_bsp\libhal_bsp.a(alt_read.o)
 .bss           0x0081bcec        0x0 ../LaserSharknado_bsp\libhal_bsp.a(alt_release_fd.o)
 .bss           0x0081bcec        0x0 ../LaserSharknado_bsp\libhal_bsp.a(alt_sbrk.o)
 .bss           0x0081bcec        0x0 ../LaserSharknado_bsp\libhal_bsp.a(alt_tick.o)
 .bss           0x0081bcec        0x0 ../LaserSharknado_bsp\libhal_bsp.a(alt_usleep.o)
 .bss           0x0081bcec        0x0 ../LaserSharknado_bsp\libhal_bsp.a(alt_write.o)
 .bss           0x0081bcec        0x0 ../LaserSharknado_bsp\libhal_bsp.a(alt_sys_init.o)
 .bss           0x0081bcec        0x0 ../LaserSharknado_bsp\libhal_bsp.a(altera_avalon_jtag_uart_fd.o)
 .bss           0x0081bcec        0x0 ../LaserSharknado_bsp\libhal_bsp.a(altera_avalon_jtag_uart_init.o)
 .bss           0x0081bcec        0x0 ../LaserSharknado_bsp\libhal_bsp.a(altera_avalon_jtag_uart_ioctl.o)
 .bss           0x0081bcec        0x0 ../LaserSharknado_bsp\libhal_bsp.a(altera_avalon_jtag_uart_read.o)
 .bss           0x0081bcec        0x0 ../LaserSharknado_bsp\libhal_bsp.a(altera_avalon_jtag_uart_write.o)
 .bss           0x0081bcec        0x0 ../LaserSharknado_bsp\libhal_bsp.a(altera_avalon_timer_sc.o)
 .bss           0x0081bcec        0x0 ../LaserSharknado_bsp\libhal_bsp.a(altera_avalon_timer_ts.o)
 .bss           0x0081bcec        0x0 ../LaserSharknado_bsp\libhal_bsp.a(altera_avalon_timer_vars.o)
 .bss           0x0081bcec        0x0 ../LaserSharknado_bsp\libhal_bsp.a(altera_up_avalon_audio.o)
 .bss           0x0081bcec        0x0 ../LaserSharknado_bsp\libhal_bsp.a(altera_up_avalon_audio_and_video_config.o)
 .bss           0x0081bcec        0x0 ../LaserSharknado_bsp\libhal_bsp.a(altera_up_avalon_character_lcd.o)
 .bss           0x0081bcec        0x0 ../LaserSharknado_bsp\libhal_bsp.a(altera_up_avalon_video_character_buffer_with_dma.o)
 .bss           0x0081bcec        0x0 ../LaserSharknado_bsp\libhal_bsp.a(altera_up_avalon_video_pixel_buffer_dma.o)
 .bss           0x0081bcec        0x0 ../LaserSharknado_bsp\libhal_bsp.a(altera_up_sd_card_avalon_interface.o)
 .bss           0x0081bcec        0x0 ../LaserSharknado_bsp\libhal_bsp.a(alt_alarm_start.o)
 .bss           0x0081bcec        0x0 ../LaserSharknado_bsp\libhal_bsp.a(alt_busy_sleep.o)
 .bss           0x0081bcec        0x0 ../LaserSharknado_bsp\libhal_bsp.a(alt_dcache_flush_all.o)
 .bss           0x0081bcec        0x0 ../LaserSharknado_bsp\libhal_bsp.a(alt_dev_llist_insert.o)
 .bss           0x0081bcec        0x0 ../LaserSharknado_bsp\libhal_bsp.a(alt_do_ctors.o)
 .bss           0x0081bcec        0x0 ../LaserSharknado_bsp\libhal_bsp.a(alt_do_dtors.o)
 .bss           0x0081bcec        0x0 ../LaserSharknado_bsp\libhal_bsp.a(alt_find_dev.o)
 .bss           0x0081bcec        0x0 ../LaserSharknado_bsp\libhal_bsp.a(alt_icache_flush_all.o)
 .bss           0x0081bcec        0x0 ../LaserSharknado_bsp\libhal_bsp.a(alt_io_redirect.o)
 .bss           0x0081bcec        0x0 ../LaserSharknado_bsp\libhal_bsp.a(alt_irq_entry.o)
 .bss           0x0081bcec        0x0 ../LaserSharknado_bsp\libhal_bsp.a(alt_irq_handler.o)
 .bss           0x0081bcec        0x0 ../LaserSharknado_bsp\libhal_bsp.a(alt_open.o)
 .bss           0x0081bcec        0x0 ../LaserSharknado_bsp\libhal_bsp.a(altera_nios2_qsys_irq.o)
 .bss           0x0081bcec        0x0 ../LaserSharknado_bsp\libhal_bsp.a(alt_exception_entry.o)
 .bss           0x0081bcec        0x0 ../LaserSharknado_bsp\libhal_bsp.a(alt_find_file.o)
 .bss           0x0081bcec        0x0 ../LaserSharknado_bsp\libhal_bsp.a(alt_get_fd.o)
 .bss           0x0081bcec        0x0 ../LaserSharknado_bsp\libhal_bsp.a(alt_icache_flush.o)
 .bss           0x0081bcec        0x0 c:/altera/12.0sp2/nios2eds/bin/gnu/h-i686-mingw32/bin/../lib/gcc/nios2-elf/4.1.2/../../../../nios2-elf/lib\libc.a(lib_a-atexit.o)
 .bss           0x0081bcec        0x0 c:/altera/12.0sp2/nios2eds/bin/gnu/h-i686-mingw32/bin/../lib/gcc/nios2-elf/4.1.2/../../../../nios2-elf/lib\libc.a(lib_a-exit.o)
 .bss           0x0081bcec        0x0 c:/altera/12.0sp2/nios2eds/bin/gnu/h-i686-mingw32/bin/../lib/gcc/nios2-elf/4.1.2/../../../../nios2-elf/lib\libc.a(lib_a-memcmp.o)
 .bss           0x0081bcec        0x0 c:/altera/12.0sp2/nios2eds/bin/gnu/h-i686-mingw32/bin/../lib/gcc/nios2-elf/4.1.2/../../../../nios2-elf/lib\libc.a(lib_a-__atexit.o)
 .bss           0x0081bcec        0x0 c:/altera/12.0sp2/nios2eds/bin/gnu/h-i686-mingw32/bin/../lib/gcc/nios2-elf/4.1.2/../../../../nios2-elf/lib\libc.a(lib_a-__call_atexit.o)
 .bss           0x0081bcec        0x0 ../LaserSharknado_bsp\libhal_bsp.a(alt_exit.o)
 *(COMMON)
 COMMON         0x0081bcec      0x1e8 obj/default/audio.o
                0x0081bcec                tone
 COMMON         0x0081bed4      0x568 ../LaserSharknado_bsp\libhal_bsp.a(altera_up_sd_card_avalon_interface.o)
                0x0081bed4                search_data
                0x0081bee8                boot_sector_data
                0x0081bf3c                active_files
 COMMON         0x0081c43c      0x100 ../LaserSharknado_bsp\libhal_bsp.a(alt_irq_handler.o)
                0x0081c43c                alt_irq
 COMMON         0x0081c53c      0x190 c:/altera/12.0sp2/nios2eds/bin/gnu/h-i686-mingw32/bin/../lib/gcc/nios2-elf/4.1.2/../../../../nios2-elf/lib\libc.a(lib_a-atexit.o)
                0x0081c53c                _atexit0
                0x0081c6cc                . = ALIGN (0x4)
                0x0081c6cc                __bss_end = ABSOLUTE (.)

.sdram_0        0x0081c6cc        0x0
                0x0081c6cc                PROVIDE (_alt_partition_sdram_0_start, ABSOLUTE (.))
 *(.sdram_0. sdram_0.*)
                0x0081c6cc                . = ALIGN (0x4)
                0x0081c6cc                PROVIDE (_alt_partition_sdram_0_end, ABSOLUTE (.))
                0x0081c6cc                _end = ABSOLUTE (.)
                0x0081c6cc                end = ABSOLUTE (.)
                0x0081c6cc                __alt_stack_base = ABSOLUTE (.)
                0x0081c6cc                PROVIDE (_alt_partition_sdram_0_load_addr, LOADADDR (.sdram_0))

.stab
 *(.stab)

.stabstr
 *(.stabstr)

.stab.excl
 *(.stab.excl)

.stab.exclstr
 *(.stab.exclstr)

.stab.index
 *(.stab.index)

.stab.indexstr
 *(.stab.indexstr)

.comment        0x00000000       0x26
 *(.comment)
 .comment       0x00000000       0x26 obj/default/audio.o
                                 0x27 (size before relaxing)
 .comment       0x00000000       0x27 obj/default/audio_up_hack.o
 .comment       0x00000000       0x27 obj/default/hello_world.o
 .comment       0x00000000       0x27 obj/default/player.o
 .comment       0x00000000       0x27 obj/default/sd_card.o
 .comment       0x00000000       0x27 obj/default/timer.o
 .comment       0x00000000       0x27 obj/default/vga.o
 .comment       0x00000000       0x27 c:/altera/12.0sp2/nios2eds/bin/gnu/h-i686-mingw32/bin/../lib/gcc/nios2-elf/4.1.2/../../../../nios2-elf/lib\libm.a(lib_a-s_sin.o)
 .comment       0x00000000       0x27 c:/altera/12.0sp2/nios2eds/bin/gnu/h-i686-mingw32/bin/../lib/gcc/nios2-elf/4.1.2/../../../../nios2-elf/lib\libm.a(lib_a-e_rem_pio2.o)
 .comment       0x00000000       0x27 c:/altera/12.0sp2/nios2eds/bin/gnu/h-i686-mingw32/bin/../lib/gcc/nios2-elf/4.1.2/../../../../nios2-elf/lib\libm.a(lib_a-k_cos.o)
 .comment       0x00000000       0x27 c:/altera/12.0sp2/nios2eds/bin/gnu/h-i686-mingw32/bin/../lib/gcc/nios2-elf/4.1.2/../../../../nios2-elf/lib\libm.a(lib_a-k_rem_pio2.o)
 .comment       0x00000000       0x27 c:/altera/12.0sp2/nios2eds/bin/gnu/h-i686-mingw32/bin/../lib/gcc/nios2-elf/4.1.2/../../../../nios2-elf/lib\libm.a(lib_a-k_sin.o)
 .comment       0x00000000       0x27 c:/altera/12.0sp2/nios2eds/bin/gnu/h-i686-mingw32/bin/../lib/gcc/nios2-elf/4.1.2/../../../../nios2-elf/lib\libm.a(lib_a-s_fabs.o)
 .comment       0x00000000       0x27 c:/altera/12.0sp2/nios2eds/bin/gnu/h-i686-mingw32/bin/../lib/gcc/nios2-elf/4.1.2/../../../../nios2-elf/lib\libm.a(lib_a-s_floor.o)
 .comment       0x00000000       0x27 c:/altera/12.0sp2/nios2eds/bin/gnu/h-i686-mingw32/bin/../lib/gcc/nios2-elf/4.1.2/../../../../nios2-elf/lib\libm.a(lib_a-s_scalbn.o)
 .comment       0x00000000       0x27 c:/altera/12.0sp2/nios2eds/bin/gnu/h-i686-mingw32/bin/../lib/gcc/nios2-elf/4.1.2/../../../../nios2-elf/lib\libm.a(lib_a-s_copysign.o)
 .comment       0x00000000       0x27 c:/altera/12.0sp2/nios2eds/bin/gnu/h-i686-mingw32/bin/../lib/gcc/nios2-elf/4.1.2\libgcc.a(_fixunsdfsi.o)
 .comment       0x00000000       0x27 c:/altera/12.0sp2/nios2eds/bin/gnu/h-i686-mingw32/bin/../lib/gcc/nios2-elf/4.1.2\libgcc.a(_div_sf.o)
 .comment       0x00000000       0x27 c:/altera/12.0sp2/nios2eds/bin/gnu/h-i686-mingw32/bin/../lib/gcc/nios2-elf/4.1.2\libgcc.a(_si_to_sf.o)
 .comment       0x00000000       0x27 c:/altera/12.0sp2/nios2eds/bin/gnu/h-i686-mingw32/bin/../lib/gcc/nios2-elf/4.1.2\libgcc.a(_sf_to_df.o)
 .comment       0x00000000       0x27 c:/altera/12.0sp2/nios2eds/bin/gnu/h-i686-mingw32/bin/../lib/gcc/nios2-elf/4.1.2\libgcc.a(_thenan_sf.o)
 .comment       0x00000000       0x27 c:/altera/12.0sp2/nios2eds/bin/gnu/h-i686-mingw32/bin/../lib/gcc/nios2-elf/4.1.2\libgcc.a(_addsub_df.o)
 .comment       0x00000000       0x27 c:/altera/12.0sp2/nios2eds/bin/gnu/h-i686-mingw32/bin/../lib/gcc/nios2-elf/4.1.2\libgcc.a(_mul_df.o)
 .comment       0x00000000       0x27 c:/altera/12.0sp2/nios2eds/bin/gnu/h-i686-mingw32/bin/../lib/gcc/nios2-elf/4.1.2\libgcc.a(_div_df.o)
 .comment       0x00000000       0x27 c:/altera/12.0sp2/nios2eds/bin/gnu/h-i686-mingw32/bin/../lib/gcc/nios2-elf/4.1.2\libgcc.a(_eq_df.o)
 .comment       0x00000000       0x27 c:/altera/12.0sp2/nios2eds/bin/gnu/h-i686-mingw32/bin/../lib/gcc/nios2-elf/4.1.2\libgcc.a(_gt_df.o)
 .comment       0x00000000       0x27 c:/altera/12.0sp2/nios2eds/bin/gnu/h-i686-mingw32/bin/../lib/gcc/nios2-elf/4.1.2\libgcc.a(_ge_df.o)
 .comment       0x00000000       0x27 c:/altera/12.0sp2/nios2eds/bin/gnu/h-i686-mingw32/bin/../lib/gcc/nios2-elf/4.1.2\libgcc.a(_si_to_df.o)
 .comment       0x00000000       0x27 c:/altera/12.0sp2/nios2eds/bin/gnu/h-i686-mingw32/bin/../lib/gcc/nios2-elf/4.1.2\libgcc.a(_df_to_si.o)
 .comment       0x00000000       0x27 c:/altera/12.0sp2/nios2eds/bin/gnu/h-i686-mingw32/bin/../lib/gcc/nios2-elf/4.1.2\libgcc.a(_make_df.o)
 .comment       0x00000000       0x27 c:/altera/12.0sp2/nios2eds/bin/gnu/h-i686-mingw32/bin/../lib/gcc/nios2-elf/4.1.2\libgcc.a(_thenan_df.o)
 .comment       0x00000000       0x27 c:/altera/12.0sp2/nios2eds/bin/gnu/h-i686-mingw32/bin/../lib/gcc/nios2-elf/4.1.2\libgcc.a(lib2-divmod.o)