Archive member included because of file (symbol)

c:/altera/12.0sp2/nios2eds/bin/gnu/h-i686-mingw32/bin/../lib/gcc/nios2-elf/4.1.2\libgcc.a(_div_sf.o)
                              obj/default/Excercises/excercise2.o (__divsf3)
c:/altera/12.0sp2/nios2eds/bin/gnu/h-i686-mingw32/bin/../lib/gcc/nios2-elf/4.1.2\libgcc.a(_si_to_sf.o)
                              obj/default/Excercises/excercise2.o (__floatsisf)
c:/altera/12.0sp2/nios2eds/bin/gnu/h-i686-mingw32/bin/../lib/gcc/nios2-elf/4.1.2\libgcc.a(_sf_to_df.o)
                              obj/default/Excercises/excercise2.o (__extendsfdf2)
c:/altera/12.0sp2/nios2eds/bin/gnu/h-i686-mingw32/bin/../lib/gcc/nios2-elf/4.1.2\libgcc.a(_thenan_sf.o)
                              c:/altera/12.0sp2/nios2eds/bin/gnu/h-i686-mingw32/bin/../lib/gcc/nios2-elf/4.1.2\libgcc.a(_div_sf.o) (__thenan_sf)
c:/altera/12.0sp2/nios2eds/bin/gnu/h-i686-mingw32/bin/../lib/gcc/nios2-elf/4.1.2\libgcc.a(_usi_to_sf.o)
                              obj/default/Excercises/excercise2.o (__floatunsisf)
c:/altera/12.0sp2/nios2eds/bin/gnu/h-i686-mingw32/bin/../lib/gcc/nios2-elf/4.1.2\libgcc.a(_make_df.o)
                              c:/altera/12.0sp2/nios2eds/bin/gnu/h-i686-mingw32/bin/../lib/gcc/nios2-elf/4.1.2\libgcc.a(_sf_to_df.o) (__make_dp)
c:/altera/12.0sp2/nios2eds/bin/gnu/h-i686-mingw32/bin/../lib/gcc/nios2-elf/4.1.2\libgcc.a(_clzsi2.o)
                              c:/altera/12.0sp2/nios2eds/bin/gnu/h-i686-mingw32/bin/../lib/gcc/nios2-elf/4.1.2\libgcc.a(_si_to_sf.o) (__clzsi2)
c:/altera/12.0sp2/nios2eds/bin/gnu/h-i686-mingw32/bin/../lib/gcc/nios2-elf/4.1.2\libgcc.a(_pack_sf.o)
                              c:/altera/12.0sp2/nios2eds/bin/gnu/h-i686-mingw32/bin/../lib/gcc/nios2-elf/4.1.2\libgcc.a(_div_sf.o) (__pack_f)
c:/altera/12.0sp2/nios2eds/bin/gnu/h-i686-mingw32/bin/../lib/gcc/nios2-elf/4.1.2\libgcc.a(_unpack_sf.o)
                              c:/altera/12.0sp2/nios2eds/bin/gnu/h-i686-mingw32/bin/../lib/gcc/nios2-elf/4.1.2\libgcc.a(_div_sf.o) (__unpack_f)
c:/altera/12.0sp2/nios2eds/bin/gnu/h-i686-mingw32/bin/../lib/gcc/nios2-elf/4.1.2\libgcc.a(_pack_df.o)
                              c:/altera/12.0sp2/nios2eds/bin/gnu/h-i686-mingw32/bin/../lib/gcc/nios2-elf/4.1.2\libgcc.a(_make_df.o) (__pack_d)
c:/altera/12.0sp2/nios2eds/bin/gnu/h-i686-mingw32/bin/../lib/gcc/nios2-elf/4.1.2\libgcc.a(_clz.o)
                              c:/altera/12.0sp2/nios2eds/bin/gnu/h-i686-mingw32/bin/../lib/gcc/nios2-elf/4.1.2\libgcc.a(_clzsi2.o) (__clz_tab)
c:/altera/12.0sp2/nios2eds/bin/gnu/h-i686-mingw32/bin/../lib/gcc/nios2-elf/4.1.2/../../../../nios2-elf/lib\libc.a(lib_a-printf.o)
                              obj/default/Excercises/excercise2.o (printf)
c:/altera/12.0sp2/nios2eds/bin/gnu/h-i686-mingw32/bin/../lib/gcc/nios2-elf/4.1.2/../../../../nios2-elf/lib\libc.a(lib_a-puts.o)
                              obj/default/hello_world.o (puts)
c:/altera/12.0sp2/nios2eds/bin/gnu/h-i686-mingw32/bin/../lib/gcc/nios2-elf/4.1.2/../../../../nios2-elf/lib\libc.a(lib_a-strlen.o)
                              c:/altera/12.0sp2/nios2eds/bin/gnu/h-i686-mingw32/bin/../lib/gcc/nios2-elf/4.1.2/../../../../nios2-elf/lib\libc.a(lib_a-puts.o) (strlen)
c:/altera/12.0sp2/nios2eds/bin/gnu/h-i686-mingw32/bin/../lib/gcc/nios2-elf/4.1.2/../../../../nios2-elf/lib\libc.a(lib_a-vfprintf.o)
                              c:/altera/12.0sp2/nios2eds/bin/gnu/h-i686-mingw32/bin/../lib/gcc/nios2-elf/4.1.2/../../../../nios2-elf/lib\libc.a(lib_a-printf.o) (___vfprintf_internal_r)
c:/altera/12.0sp2/nios2eds/bin/gnu/h-i686-mingw32/bin/../lib/gcc/nios2-elf/4.1.2/../../../../nios2-elf/lib\libc.a(lib_a-wsetup.o)
                              c:/altera/12.0sp2/nios2eds/bin/gnu/h-i686-mingw32/bin/../lib/gcc/nios2-elf/4.1.2/../../../../nios2-elf/lib\libc.a(lib_a-vfprintf.o) (__swsetup_r)
c:/altera/12.0sp2/nios2eds/bin/gnu/h-i686-mingw32/bin/../lib/gcc/nios2-elf/4.1.2/../../../../nios2-elf/lib\libc.a(lib_a-dtoa.o)
                              c:/altera/12.0sp2/nios2eds/bin/gnu/h-i686-mingw32/bin/../lib/gcc/nios2-elf/4.1.2/../../../../nios2-elf/lib\libc.a(lib_a-vfprintf.o) (_dtoa_r)
c:/altera/12.0sp2/nios2eds/bin/gnu/h-i686-mingw32/bin/../lib/gcc/nios2-elf/4.1.2/../../../../nios2-elf/lib\libc.a(lib_a-fflush.o)
                              c:/altera/12.0sp2/nios2eds/bin/gnu/h-i686-mingw32/bin/../lib/gcc/nios2-elf/4.1.2/../../../../nios2-elf/lib\libc.a(lib_a-vfprintf.o) (_fflush_r)
c:/altera/12.0sp2/nios2eds/bin/gnu/h-i686-mingw32/bin/../lib/gcc/nios2-elf/4.1.2/../../../../nios2-elf/lib\libc.a(lib_a-findfp.o)
                              c:/altera/12.0sp2/nios2eds/bin/gnu/h-i686-mingw32/bin/../lib/gcc/nios2-elf/4.1.2/../../../../nios2-elf/lib\libc.a(lib_a-vfprintf.o) (__sinit)
c:/altera/12.0sp2/nios2eds/bin/gnu/h-i686-mingw32/bin/../lib/gcc/nios2-elf/4.1.2/../../../../nios2-elf/lib\libc.a(lib_a-freer.o)
[...]
Memory Configuration

Name             Origin             Length             Attributes
reset            0x00800000         0x00000020
sdram_0          0x00800020         0x007fffe0
*default*        0x00000000         0xffffffff

Linker script and memory map

LOAD C:\Users\SarahLynn\Documents\School\School3\EECE381\LaserSharknado\LaserSharknado_bsp/obj/HAL/src/crt0.o
LOAD obj/default/Excercises/excercise2.o
LOAD obj/default/hello_world.o
LOAD obj/default/timer.o
LOAD obj/default/vga.o
LOAD c:/altera/12.0sp2/nios2eds/bin/gnu/h-i686-mingw32/bin/../lib/gcc/nios2-elf/4.1.2/../../../../nios2-elf/lib\libstdc++.a
LOAD c:/altera/12.0sp2/nios2eds/bin/gnu/h-i686-mingw32/bin/../lib/gcc/nios2-elf/4.1.2/../../../../nios2-elf/lib\libm.a
LOAD c:/altera/12.0sp2/nios2eds/bin/gnu/h-i686-mingw32/bin/../lib/gcc/nios2-elf/4.1.2\libgcc.a
START GROUP
LOAD c:/altera/12.0sp2/nios2eds/bin/gnu/h-i686-mingw32/bin/../lib/gcc/nios2-elf/4.1.2/../../../../nios2-elf/lib\libc.a
LOAD c:/altera/12.0sp2/nios2eds/bin/gnu/h-i686-mingw32/bin/../lib/gcc/nios2-elf/4.1.2\libgcc.a
LOAD C:\Users\SarahLynn\Documents\School\School3\EECE381\LaserSharknado\LaserSharknado_bsp\libhal_bsp.a
END GROUP
LOAD c:/altera/12.0sp2/nios2eds/bin/gnu/h-i686-mingw32/bin/../lib/gcc/nios2-elf/4.1.2\libgcc.a
                0x00800000                __alt_mem_sdram_0 = 0x800000

.entry          0x00800000       0x20
 *(.entry)
 .entry         0x00800000       0x20 C:\Users\SarahLynn\Documents\School\School3\EECE381\LaserSharknado\LaserSharknado_bsp/obj/HAL/src/crt0.o
                0x00800000                __reset

.exceptions     0x00800020      0x194
                0x00800020                PROVIDE (__ram_exceptions_start, ABSOLUTE (.))
                0x00800020                . = ALIGN (0x20)
 *(.irq)
 *(.exceptions.entry.label)
 .exceptions.entry.label
                0x00800020        0x0 C:\Users\SarahLynn\Documents\School\School3\EECE381\LaserSharknado\LaserSharknado_bsp\libhal_bsp.a(alt_irq_entry.o)
                0x00800020                alt_irq_entry
 .exceptions.entry.label
                0x00800020        0x0 C:\Users\SarahLynn\Documents\School\School3\EECE381\LaserSharknado\LaserSharknado_bsp\libhal_bsp.a(alt_exception_entry.o)
                0x00800020                alt_exception
 *(.exceptions.entry.user)
 *(.exceptions.entry)
 .exceptions.entry
                0x00800020       0x54 C:\Users\SarahLynn\Documents\School\School3\EECE381\LaserSharknado\LaserSharknado_bsp\libhal_bsp.a(alt_exception_entry.o)
 *(.exceptions.irqtest.user)
 *(.exceptions.irqtest)
 .exceptions.irqtest
                0x00800074       0x10 C:\Users\SarahLynn\Documents\School\School3\EECE381\LaserSharknado\LaserSharknado_bsp\libhal_bsp.a(alt_irq_entry.o)
 *(.exceptions.irqhandler.user)
 *(.exceptions.irqhandler)
 .exceptions.irqhandler
                0x00800084        0x4 C:\Users\SarahLynn\Documents\School\School3\EECE381\LaserSharknado\LaserSharknado_bsp\libhal_bsp.a(alt_irq_entry.o)
 *(.exceptions.irqreturn.user)
 *(.exceptions.irqreturn)
 .exceptions.irqreturn
                0x00800088        0x4 C:\Users\SarahLynn\Documents\School\School3\EECE381\LaserSharknado\LaserSharknado_bsp\libhal_bsp.a(alt_irq_entry.o)
 *(.exceptions.notirq.label)
 .exceptions.notirq.label
                0x0080008c        0x0 C:\Users\SarahLynn\Documents\School\School3\EECE381\LaserSharknado\LaserSharknado_bsp\libhal_bsp.a(alt_irq_entry.o)
 *(.exceptions.notirq.user)
 *(.exceptions.notirq)
 .exceptions.notirq
                0x0080008c        0x8 C:\Users\SarahLynn\Documents\School\School3\EECE381\LaserSharknado\LaserSharknado_bsp\libhal_bsp.a(alt_exception_entry.o)
 *(.exceptions.soft.user)
 *(.exceptions.soft)
 *(.exceptions.unknown.user)
 *(.exceptions.unknown)
 .exceptions.unknown
                0x00800094        0x4 C:\Users\SarahLynn\Documents\School\School3\EECE381\LaserSharknado\LaserSharknado_bsp\libhal_bsp.a(alt_exception_entry.o)
 *(.exceptions.exit.label)
 .exceptions.exit.label
                0x00800098        0x0 C:\Users\SarahLynn\Documents\School\School3\EECE381\LaserSharknado\LaserSharknado_bsp\libhal_bsp.a(alt_irq_entry.o)
 .exceptions.exit.label
                0x00800098        0x0 C:\Users\SarahLynn\Documents\School\School3\EECE381\LaserSharknado\LaserSharknado_bsp\libhal_bsp.a(alt_exception_entry.o)
 *(.exceptions.exit.user)
 *(.exceptions.exit)
 .exceptions.exit
                0x00800098       0x54 C:\Users\SarahLynn\Documents\School\School3\EECE381\LaserSharknado\LaserSharknado_bsp\libhal_bsp.a(alt_exception_entry.o)
 *(.exceptions)
 .exceptions    0x008000ec       0xc8 C:\Users\SarahLynn\Documents\School\School3\EECE381\LaserSharknado\LaserSharknado_bsp\libhal_bsp.a(alt_irq_handler.o)
                0x008000ec                alt_irq_handler
                0x008001b4                PROVIDE (__ram_exceptions_end, ABSOLUTE (.))
                0x00800020                PROVIDE (__flash_exceptions_start, LOADADDR (.exceptions))

.text           0x008001b4     0xf7ac
                0x008001b4                PROVIDE (stext, ABSOLUTE (.))
 *(.interp)
 *(.hash)
 *(.dynsym)
 *(.dynstr)
 *(.gnu.version)
 *(.gnu.version_d)
 *(.gnu.version_r)
 *(.rel.init)
 *(.rela.init)
 *(.rel.text .rel.text.* .rel.gnu.linkonce.t.*)
 *(.rela.text .rela.text.* .rela.gnu.linkonce.t.*)
 *(.rel.fini)
 *(.rela.fini)
 *(.rel.rodata .rel.rodata.* .rel.gnu.linkonce.r.*)
 *(.rela.rodata .rela.rodata.* .rela.gnu.linkonce.r.*)
 *(.rel.data .rel.data.* .rel.gnu.linkonce.d.*)
 *(.rela.data .rela.data.* .rela.gnu.linkonce.d.*)
 *(.rel.tdata .rel.tdata.* .rel.gnu.linkonce.td.*)
 *(.rela.tdata .rela.tdata.* .rela.gnu.linkonce.td.*)
 *(.rel.tbss .rel.tbss.* .rel.gnu.linkonce.tb.*)
 *(.rela.tbss .rela.tbss.* .rela.gnu.linkonce.tb.*)
 *(.rel.ctors)
 *(.rela.ctors)
 *(.rel.dtors)
 *(.rela.dtors)
 *(.rel.got)
 *(.rela.got)
 *(.rel.sdata .rel.sdata.* .rel.gnu.linkonce.s.*)
 *(.rela.sdata .rela.sdata.* .rela.gnu.linkonce.s.*)
 *(.rel.sbss .rel.sbss.* .rel.gnu.linkonce.sb.*)
 *(.rela.sbss .rela.sbss.* .rela.gnu.linkonce.sb.*)
 *(.rel.sdata2 .rel.sdata2.* .rel.gnu.linkonce.s2.*)
 *(.rela.sdata2 .rela.sdata2.* .rela.gnu.linkonce.s2.*)
 *(.rel.sbss2 .rel.sbss2.* .rel.gnu.linkonce.sb2.*)
 *(.rela.sbss2 .rela.sbss2.* .rela.gnu.linkonce.sb2.*)
 *(.rel.bss .rel.bss.* .rel.gnu.linkonce.b.*)
 *(.rela.bss .rela.bss.* .rela.gnu.linkonce.b.*)
 *(.rel.plt)
 *(.rela.plt)
 *(.rel.dyn)
 *(.init)
 *(.plt)
 *(.text .stub .text.* .gnu.linkonce.t.*)
 .text          0x008001b4       0x4c C:\Users\SarahLynn\Documents\School\School3\EECE381\LaserSharknado\LaserSharknado_bsp/obj/HAL/src/crt0.o
                0x008001b4                _start
 .text          0x00800200      0x528 obj/default/Excercises/excercise2.o
                0x00800200                setupMatrixA
                0x00800294                setupMatrixB
                0x0080032c                matrixMultiply
                0x008005ac                timeMatrixMultiply
 .text          0x00800728      0x17c obj/default/hello_world.o
                0x00800728                main
 .text          0x008008a4      0x360 obj/default/timer.o
                0x008008a4                timer_test
                0x00800b34                setHardwareTimerPeriod
                0x00800b7c                isHardwareTimerRunning
                0x00800bb0                hasHardwareTimerExpired
                0x00800bd8                startHardwareTimer
 .text          0x00800c04      0x224 obj/default/vga.o
                0x00800c04                setUp
                0x00800c60                clearScreen
                0x00800cb0                drawLine
                0x00800d78                printLine
                0x00800dcc                drawBox
 .text          0x00800e28      0x174 c:/altera/12.0sp2/nios2eds/bin/gnu/h-i686-mingw32/bin/../lib/gcc/nios2-elf/4.1.2\libgcc.a(_div_sf.o)
                0x00800e28                __divsf3
 .text          0x00800f9c       0x98 c:/altera/12.0sp2/nios2eds/bin/gnu/h-i686-mingw32/bin/../lib/gcc/nios2-elf/4.1.2\libgcc.a(_si_to_sf.o)
                0x00800f9c                __floatsisf
 .text          0x00801034       0x54 c:/altera/12.0sp2/nios2eds/bin/gnu/h-i686-mingw32/bin/../lib/gcc/nios2-elf/4.1.2\libgcc.a(_sf_to_df.o)
                0x00801034                __extendsfdf2
 .text          0x00801088        0x0 c:/altera/12.0sp2/nios2eds/bin/gnu/h-i686-mingw32/bin/../lib/gcc/nios2-elf/4.1.2\libgcc.a(_thenan_sf.o)
 .text          0x00801088       0xc0 c:/altera/12.0sp2/nios2eds/bin/gnu/h-i686-mingw32/bin/../lib/gcc/nios2-elf/4.1.2\libgcc.a(_usi_to_sf.o)
                0x00801088                __floatunsisf
 .text          0x00801148       0x38 c:/altera/12.0sp2/nios2eds/bin/gnu/h-i686-mingw32/bin/../lib/gcc/nios2-elf/4.1.2\libgcc.a(_make_df.o)
                0x00801148                __make_dp
 .text          0x00801180       0x80 c:/altera/12.0sp2/nios2eds/bin/gnu/h-i686-mingw32/bin/../lib/gcc/nios2-elf/4.1.2\libgcc.a(_clzsi2.o)
                0x00801180                __clzsi2
 .text          0x00801200      0x160 c:/altera/12.0sp2/nios2eds/bin/gnu/h-i686-mingw32/bin/../lib/gcc/nios2-elf/4.1.2\libgcc.a(_pack_sf.o)
                0x00801200                __pack_f
 .text          0x00801360       0xc8 c:/altera/12.0sp2/nios2eds/bin/gnu/h-i686-mingw32/bin/../lib/gcc/nios2-elf/4.1.2\libgcc.a(_unpack_sf.o)
                0x00801360                __unpack_f
 .text          0x00801428      0x314 c:/altera/12.0sp2/nios2eds/bin/gnu/h-i686-mingw32/bin/../lib/gcc/nios2-elf/4.1.2\libgcc.a(_pack_df.o)
                0x00801428                __pack_d
 .text          0x0080173c        0x0 c:/altera/12.0sp2/nios2eds/bin/gnu/h-i686-mingw32/bin/../lib/gcc/nios2-elf/4.1.2\libgcc.a(_clz.o)
 .text          0x0080173c       0x78 c:/altera/12.0sp2/nios2eds/bin/gnu/h-i686-mingw32/bin/../lib/gcc/nios2-elf/4.1.2/../../../../nios2-elf/lib\libc.a(lib_a-printf.o)
                0x0080173c                printf
                0x00801780                _printf_r
 .text          0x008017b4       0xb4 c:/altera/12.0sp2/nios2eds/bin/gnu/h-i686-mingw32/bin/../lib/gcc/nios2-elf/4.1.2/../../../../nios2-elf/lib\libc.a(lib_a-puts.o)
                0x008017b4                _puts_r
                0x00801854                puts
 .text          0x00801868       0x74 c:/altera/12.0sp2/nios2eds/bin/gnu/h-i686-mingw32/bin/../lib/gcc/nios2-elf/4.1.2/../../../../nios2-elf/lib\libc.a(lib_a-strlen.o)
                0x00801868                strlen
 .text          0x008018dc     0x1f28 c:/altera/12.0sp2/nios2eds/bin/gnu/h-i686-mingw32/bin/../lib/gcc/nios2-elf/4.1.2/../../../../nios2-elf/lib\libc.a(lib_a-vfprintf.o)
                0x00801934                ___vfprintf_internal_r
                0x008037e0                __vfprintf_internal
 .text          0x00803804      0x13c c:/altera/12.0sp2/nios2eds/bin/gnu/h-i686-mingw32/bin/../lib/gcc/nios2-elf/4.1.2/../../../../nios2-elf/lib\libc.a(lib_a-wsetup.o)
                0x00803804                __swsetup_r
 .text          0x00803940     0x17cc c:/altera/12.0sp2/nios2eds/bin/gnu/h-i686-mingw32/bin/../lib/gcc/nios2-elf/4.1.2/../../../../nios2-elf/lib\libc.a(lib_a-dtoa.o)
                0x00803b58                _dtoa_r
 .text          0x0080510c      0x230 c:/altera/12.0sp2/nios2eds/bin/gnu/h-i686-mingw32/bin/../lib/gcc/nios2-elf/4.1.2/../../../../nios2-elf/lib\libc.a(lib_a-fflush.o)
                0x0080510c                _fflush_r
                0x00805308                fflush
 .text          0x0080533c      0x2c0 c:/altera/12.0sp2/nios2eds/bin/gnu/h-i686-mingw32/bin/../lib/gcc/nios2-elf/4.1.2/../../../../nios2-elf/lib\libc.a(lib_a-findfp.o)
                0x00805394                __sfp_lock_acquire
                0x00805398                __sfp_lock_release
                0x0080539c                __sinit_lock_acquire
                0x008053a0                __sinit_lock_release
                0x008053a4                __sinit
                0x00805458                __fp_unlock_all
                0x00805470                __fp_lock_all
                0x00805488                _cleanup_r
                0x00805494                _cleanup
                0x008054a4                __sfmoreglue
                0x0080550c                __sfp
 .text          0x008055fc      0x440 c:/altera/12.0sp2/nios2eds/bin/gnu/h-i686-mingw32/bin/../lib/gcc/nios2-elf/4.1.2/../../../../nios2-elf/lib\libc.a(lib_a-freer.o)
                0x008055fc                _malloc_trim_r
                0x00805728                _free_r
 .text          0x00805a3c      0x49c c:/altera/12.0sp2/nios2eds/bin/gnu/h-i686-mingw32/bin/../lib/gcc/nios2-elf/4.1.2/../../../../nios2-elf/lib\libc.a(lib_a-fvwrite.o)
                0x00805a3c                __sfvwrite_r
 .text          0x00805ed8      0x180 c:/altera/12.0sp2/nios2eds/bin/gnu/h-i686-mingw32/bin/../lib/gcc/nios2-elf/4.1.2/../../../../nios2-elf/lib\libc.a(lib_a-fwalk.o)
                0x00805ed8                _fwalk_reent
                0x00805fa0                _fwalk
 .text          0x00806058        0x0 c:/altera/12.0sp2/nios2eds/bin/gnu/h-i686-mingw32/bin/../lib/gcc/nios2-elf/4.1.2/../../../../nios2-elf/lib\libc.a(lib_a-impure.o)
 .text          0x00806058       0xc4 c:/altera/12.0sp2/nios2eds/bin/gnu/h-i686-mingw32/bin/../lib/gcc/nios2-elf/4.1.2/../../../../nios2-elf/lib\libc.a(lib_a-locale.o)
                0x00806058                __locale_charset
                0x00806060                _localeconv_r
                0x0080606c                localeconv
                0x0080607c                _setlocale_r
                0x00806100                setlocale
 .text          0x0080611c      0x194 c:/altera/12.0sp2/nios2eds/bin/gnu/h-i686-mingw32/bin/../lib/gcc/nios2-elf/4.1.2/../../../../nios2-elf/lib\libc.a(lib_a-makebuf.o)
                0x0080611c                __smakebuf_r
 .text          0x008062b0      0x740 c:/altera/12.0sp2/nios2eds/bin/gnu/h-i686-mingw32/bin/../lib/gcc/nios2-elf/4.1.2/../../../../nios2-elf/lib\libc.a(lib_a-mallocr.o)
                0x008062b0                _malloc_r
 .text          0x008069f0       0xe4 c:/altera/12.0sp2/nios2eds/bin/gnu/h-i686-mingw32/bin/../lib/gcc/nios2-elf/4.1.2/../../../../nios2-elf/lib\libc.a(lib_a-memchr.o)
                0x008069f0                memchr
 .text          0x00806ad4       0xa0 c:/altera/12.0sp2/nios2eds/bin/gnu/h-i686-mingw32/bin/../lib/gcc/nios2-elf/4.1.2/../../../../nios2-elf/lib\libc.a(lib_a-memcpy.o)
                0x00806ad4                memcpy
 .text          0x00806b74       0xe0 c:/altera/12.0sp2/nios2eds/bin/gnu/h-i686-mingw32/bin/../lib/gcc/nios2-elf/4.1.2/../../../../nios2-elf/lib\libc.a(lib_a-memmove.o)
                0x00806b74                memmove
 .text          0x00806c54       0x98 c:/altera/12.0sp2/nios2eds/bin/gnu/h-i686-mingw32/bin/../lib/gcc/nios2-elf/4.1.2/../../../../nios2-elf/lib\libc.a(lib_a-memset.o)
                0x00806c54                memset
 .text          0x00806cec      0xff4 c:/altera/12.0sp2/nios2eds/bin/gnu/h-i686-mingw32/bin/../lib/gcc/nios2-elf/4.1.2/../../../../nios2-elf/lib\libc.a(lib_a-mprec.o)
                0x00806cec                _Bfree
                0x00806d14                __hi0bits
                0x00806d84                __lo0bits
                0x00806e48                __mcmp
                0x00806ea8                __ulp
                0x00806f28                __b2d
                0x00807048                __ratio
                0x008070f8                _mprec_log10
                0x0080718c                __copybits
                0x008071e4                __any_on
                0x0080726c                _Balloc
                0x00807328                __d2b
                0x008074a4                __mdiff
                0x00807630                __lshift
                0x0080777c                __multiply
                0x00807964                __i2b
                0x008079a0                __multadd
                0x00807aa0                __pow5mult
                0x00807bc0                __s2b
 .text          0x00807ce0      0x5f4 c:/altera/12.0sp2/nios2eds/bin/gnu/h-i686-mingw32/bin/../lib/gcc/nios2-elf/4.1.2/../../../../nios2-elf/lib\libc.a(lib_a-reallocr.o)
                0x00807ce0                _realloc_r
 .text          0x008082d4       0x40 c:/altera/12.0sp2/nios2eds/bin/gnu/h-i686-mingw32/bin/../lib/gcc/nios2-elf/4.1.2/../../../../nios2-elf/lib\libc.a(lib_a-s_isinfd.o)
                0x008082d4                __isinfd
 .text          0x00808314       0x30 c:/altera/12.0sp2/nios2eds/bin/gnu/h-i686-mingw32/bin/../lib/gcc/nios2-elf/4.1.2/../../../../nios2-elf/lib\libc.a(lib_a-s_isnand.o)
                0x00808314                __isnand
 .text          0x00808344       0x70 c:/altera/12.0sp2/nios2eds/bin/gnu/h-i686-mingw32/bin/../lib/gcc/nios2-elf/4.1.2/../../../../nios2-elf/lib\libc.a(lib_a-sbrkr.o)
                0x00808344                _sbrk_r
 .text          0x008083b4      0x14c c:/altera/12.0sp2/nios2eds/bin/gnu/h-i686-mingw32/bin/../lib/gcc/nios2-elf/4.1.2/../../../../nios2-elf/lib\libc.a(lib_a-stdio.o)
                0x008083b4                __sclose
                0x008083bc                __sseek
                0x00808424                __swrite
                0x008084a0                __sread
 .text          0x00808500       0xbc c:/altera/12.0sp2/nios2eds/bin/gnu/h-i686-mingw32/bin/../lib/gcc/nios2-elf/4.1.2/../../../../nios2-elf/lib\libc.a(lib_a-strcmp.o)
                0x00808500                strcmp
 .text          0x008085bc       0x78 c:/altera/12.0sp2/nios2eds/bin/gnu/h-i686-mingw32/bin/../lib/gcc/nios2-elf/4.1.2/../../../../nios2-elf/lib\libc.a(lib_a-writer.o)
                0x008085bc                _write_r
 .text          0x00808634       0xb4 c:/altera/12.0sp2/nios2eds/bin/gnu/h-i686-mingw32/bin/../lib/gcc/nios2-elf/4.1.2/../../../../nios2-elf/lib\libc.a(lib_a-callocr.o)
                0x00808634                _calloc_r
 .text          0x008086e8       0x70 c:/altera/12.0sp2/nios2eds/bin/gnu/h-i686-mingw32/bin/../lib/gcc/nios2-elf/4.1.2/../../../../nios2-elf/lib\libc.a(lib_a-closer.o)
                0x008086e8                _close_r
 .text          0x00808758      0x124 c:/altera/12.0sp2/nios2eds/bin/gnu/h-i686-mingw32/bin/../lib/gcc/nios2-elf/4.1.2/../../../../nios2-elf/lib\libc.a(lib_a-fclose.o)
                0x00808758                _fclose_r
                0x00808868                fclose
 .text          0x0080887c       0x74 c:/altera/12.0sp2/nios2eds/bin/gnu/h-i686-mingw32/bin/../lib/gcc/nios2-elf/4.1.2/../../../../nios2-elf/lib\libc.a(lib_a-fstatr.o)
                0x0080887c                _fstat_r
 .text          0x008088f0        0x0 c:/altera/12.0sp2/nios2eds/bin/gnu/h-i686-mingw32/bin/../lib/gcc/nios2-elf/4.1.2/../../../../nios2-elf/lib\libc.a(lib_a-int_errno.o)
 .text          0x008088f0       0x70 c:/altera/12.0sp2/nios2eds/bin/gnu/h-i686-mingw32/bin/../lib/gcc/nios2-elf/4.1.2/../../../../nios2-elf/lib\libc.a(lib_a-isattyr.o)
                0x008088f0                _isatty_r
 .text          0x00808960       0x78 c:/altera/12.0sp2/nios2eds/bin/gnu/h-i686-mingw32/bin/../lib/gcc/nios2-elf/4.1.2/../../../../nios2-elf/lib\libc.a(lib_a-lseekr.o)
                0x00808960                _lseek_r
 .text          0x008089d8       0x78 c:/altera/12.0sp2/nios2eds/bin/gnu/h-i686-mingw32/bin/../lib/gcc/nios2-elf/4.1.2/../../../../nios2-elf/lib\libc.a(lib_a-readr.o)
                0x008089d8                _read_r
 .text          0x00808a50      0x5dc c:/altera/12.0sp2/nios2eds/bin/gnu/h-i686-mingw32/bin/../lib/gcc/nios2-elf/4.1.2\libgcc.a(_udivdi3.o)
                0x00808a50                __udivdi3
 .text          0x0080902c      0x5b0 c:/altera/12.0sp2/nios2eds/bin/gnu/h-i686-mingw32/bin/../lib/gcc/nios2-elf/4.1.2\libgcc.a(_umoddi3.o)
                0x0080902c                __umoddi3
 .text          0x008095dc      0x504 c:/altera/12.0sp2/nios2eds/bin/gnu/h-i686-mingw32/bin/../lib/gcc/nios2-elf/4.1.2\libgcc.a(_addsub_df.o)
                0x008099ec                __subdf3
                0x00809a6c                __adddf3
 .text          0x00809ae0      0x3c4 c:/altera/12.0sp2/nios2eds/bin/gnu/h-i686-mingw32/bin/../lib/gcc/nios2-elf/4.1.2\libgcc.a(_mul_df.o)
                0x00809ae0                __muldf3
 .text          0x00809ea4      0x258 c:/altera/12.0sp2/nios2eds/bin/gnu/h-i686-mingw32/bin/../lib/gcc/nios2-elf/4.1.2\libgcc.a(_div_df.o)
                0x00809ea4                __divdf3
 .text          0x0080a0fc       0x88 c:/altera/12.0sp2/nios2eds/bin/gnu/h-i686-mingw32/bin/../lib/gcc/nios2-elf/4.1.2\libgcc.a(_eq_df.o)
                0x0080a0fc                __eqdf2
 .text          0x0080a184       0x88 c:/altera/12.0sp2/nios2eds/bin/gnu/h-i686-mingw32/bin/../lib/gcc/nios2-elf/4.1.2\libgcc.a(_ne_df.o)
                0x0080a184                __nedf2
 .text          0x0080a20c       0x88 c:/altera/12.0sp2/nios2eds/bin/gnu/h-i686-mingw32/bin/../lib/gcc/nios2-elf/4.1.2\libgcc.a(_gt_df.o)
                0x0080a20c                __gtdf2
 .text          0x0080a294       0x88 c:/altera/12.0sp2/nios2eds/bin/gnu/h-i686-mingw32/bin/../lib/gcc/nios2-elf/4.1.2\libgcc.a(_ge_df.o)
                0x0080a294                __gedf2
 .text          0x0080a31c       0x88 c:/altera/12.0sp2/nios2eds/bin/gnu/h-i686-mingw32/bin/../lib/gcc/nios2-elf/4.1.2\libgcc.a(_lt_df.o)
                0x0080a31c                __ltdf2
 .text          0x0080a3a4       0xf8 c:/altera/12.0sp2/nios2eds/bin/gnu/h-i686-mingw32/bin/../lib/gcc/nios2-elf/4.1.2\libgcc.a(_si_to_df.o)
                0x0080a3a4                __floatsidf
 .text          0x0080a49c       0xd8 c:/altera/12.0sp2/nios2eds/bin/gnu/h-i686-mingw32/bin/../lib/gcc/nios2-elf/4.1.2\libgcc.a(_df_to_si.o)
                0x0080a49c                __fixdfsi
 .text          0x0080a574        0x0 c:/altera/12.0sp2/nios2eds/bin/gnu/h-i686-mingw32/bin/../lib/gcc/nios2-elf/4.1.2\libgcc.a(_thenan_df.o)
 .text          0x0080a574      0x194 c:/altera/12.0sp2/nios2eds/bin/gnu/h-i686-mingw32/bin/../lib/gcc/nios2-elf/4.1.2\libgcc.a(_usi_to_df.o)
                0x0080a574                __floatunsidf
 .text          0x0080a708      0x14c c:/altera/12.0sp2/nios2eds/bin/gnu/h-i686-mingw32/bin/../lib/gcc/nios2-elf/4.1.2\libgcc.a(lib2-divmod.o)
                0x0080a784                __divsi3
                0x0080a7e4                __modsi3
                0x0080a844                __udivsi3
                0x0080a84c                __umodsi3
 .text          0x0080a854       0x98 c:/altera/12.0sp2/nios2eds/bin/gnu/h-i686-mingw32/bin/../lib/gcc/nios2-elf/4.1.2\libgcc.a(_muldi3.o)
                0x0080a854                __muldi3
 .text          0x0080a8ec      0x138 c:/altera/12.0sp2/nios2eds/bin/gnu/h-i686-mingw32/bin/../lib/gcc/nios2-elf/4.1.2\libgcc.a(_unpack_df.o)
                0x0080a8ec                __unpack_d
 .text          0x0080aa24       0xc8 c:/altera/12.0sp2/nios2eds/bin/gnu/h-i686-mingw32/bin/../lib/gcc/nios2-elf/4.1.2\libgcc.a(_fpcmp_parts_df.o)
                0x0080aa24                __fpcmp_parts_d
 .text          0x0080aaec      0x15c C:\Users\SarahLynn\Documents\School\School3\EECE381\LaserSharknado\LaserSharknado_bsp\libhal_bsp.a(alt_close.o)
                0x0080aaec                close
 .text          0x0080ac48       0x2c C:\Users\SarahLynn\Documents\School\School3\EECE381\LaserSharknado\LaserSharknado_bsp\libhal_bsp.a(alt_dev.o)
 .text          0x0080ac74        0x0 C:\Users\SarahLynn\Documents\School\School3\EECE381\LaserSharknado\LaserSharknado_bsp\libhal_bsp.a(alt_errno.o)
 .text          0x0080ac74      0x134 C:\Users\SarahLynn\Documents\School\School3\EECE381\LaserSharknado\LaserSharknado_bsp\libhal_bsp.a(alt_fstat.o)
                0x0080ac74                fstat
 .text          0x0080ada8      0x120 C:\Users\SarahLynn\Documents\School\School3\EECE381\LaserSharknado\LaserSharknado_bsp\libhal_bsp.a(alt_isatty.o)
                0x0080ada8                isatty
 .text          0x0080aec8       0xec C:\Users\SarahLynn\Documents\School\School3\EECE381\LaserSharknado\LaserSharknado_bsp\libhal_bsp.a(alt_load.o)
                0x0080aec8                alt_load
 .text          0x0080afb4      0x150 C:\Users\SarahLynn\Documents\School\School3\EECE381\LaserSharknado\LaserSharknado_bsp\libhal_bsp.a(alt_lseek.o)
                0x0080afb4                lseek
 .text          0x0080b104       0x6c C:\Users\SarahLynn\Documents\School\School3\EECE381\LaserSharknado\LaserSharknado_bsp\libhal_bsp.a(alt_main.o)
                0x0080b104                alt_main
 .text          0x0080b170       0x40 C:\Users\SarahLynn\Documents\School\School3\EECE381\LaserSharknado\LaserSharknado_bsp\libhal_bsp.a(alt_malloc_lock.o)
                0x0080b170                __malloc_lock
                0x0080b190                __malloc_unlock
 .text          0x0080b1b0      0x180 C:\Users\SarahLynn\Documents\School\School3\EECE381\LaserSharknado\LaserSharknado_bsp\libhal_bsp.a(alt_read.o)
                0x0080b1b0                read
 .text          0x0080b330       0x60 C:\Users\SarahLynn\Documents\School\School3\EECE381\LaserSharknado\LaserSharknado_bsp\libhal_bsp.a(alt_release_fd.o)
                0x0080b330                alt_release_fd
 .text          0x0080b390       0xbc C:\Users\SarahLynn\Documents\School\School3\EECE381\LaserSharknado\LaserSharknado_bsp\libhal_bsp.a(alt_sbrk.o)
                0x0080b390                sbrk
 .text          0x0080b44c      0x1a4 C:\Users\SarahLynn\Documents\School\School3\EECE381\LaserSharknado\LaserSharknado_bsp\libhal_bsp.a(alt_tick.o)
                0x0080b44c                alt_alarm_stop
                0x0080b4e4                alt_tick
 .text          0x0080b5f0       0x30 C:\Users\SarahLynn\Documents\School\School3\EECE381\LaserSharknado\LaserSharknado_bsp\libhal_bsp.a(alt_usleep.o)
                0x0080b5f0                usleep
 .text          0x0080b620      0x180 C:\Users\SarahLynn\Documents\School\School3\EECE381\LaserSharknado\LaserSharknado_bsp\libhal_bsp.a(alt_write.o)
                0x0080b620                write
 .text          0x0080b7a0      0x3bc C:\Users\SarahLynn\Documents\School\School3\EECE381\LaserSharknado\LaserSharknado_bsp\libhal_bsp.a(alt_sys_init.o)
                0x0080b7a0                alt_irq_init
                0x0080b7d4                alt_sys_init
 .text          0x0080bb5c      0x148 C:\Users\SarahLynn\Documents\School\School3\EECE381\LaserSharknado\LaserSharknado_bsp\libhal_bsp.a(altera_avalon_jtag_uart_fd.o)
                0x0080bb5c                altera_avalon_jtag_uart_read_fd
                0x0080bbb4                altera_avalon_jtag_uart_write_fd
                0x0080bc0c                altera_avalon_jtag_uart_close_fd
                0x0080bc54                altera_avalon_jtag_uart_ioctl_fd
 .text          0x0080bca4      0x40c C:\Users\SarahLynn\Documents\School\School3\EECE381\LaserSharknado\LaserSharknado_bsp\libhal_bsp.a(altera_avalon_jtag_uart_init.o)
                0x0080bca4                altera_avalon_jtag_uart_init
                0x0080c03c                altera_avalon_jtag_uart_close
 .text          0x0080c0b0       0xf4 C:\Users\SarahLynn\Documents\School\School3\EECE381\LaserSharknado\LaserSharknado_bsp\libhal_bsp.a(altera_avalon_jtag_uart_ioctl.o)
                0x0080c0b0                altera_avalon_jtag_uart_ioctl
 .text          0x0080c1a4      0x224 C:\Users\SarahLynn\Documents\School\School3\EECE381\LaserSharknado\LaserSharknado_bsp\libhal_bsp.a(altera_avalon_jtag_uart_read.o)
                0x0080c1a4                altera_avalon_jtag_uart_read
 .text          0x0080c3c8      0x240 C:\Users\SarahLynn\Documents\School\School3\EECE381\LaserSharknado\LaserSharknado_bsp\libhal_bsp.a(altera_avalon_jtag_uart_write.o)
                0x0080c3c8                altera_avalon_jtag_uart_write
 .text          0x0080c608      0x100 C:\Users\SarahLynn\Documents\School\School3\EECE381\LaserSharknado\LaserSharknado_bsp\libhal_bsp.a(altera_avalon_timer_sc.o)
                0x0080c678                alt_avalon_timer_sc_init
 .text          0x0080c708      0x168 C:\Users\SarahLynn\Documents\School\School3\EECE381\LaserSharknado\LaserSharknado_bsp\libhal_bsp.a(altera_avalon_timer_ts.o)
                0x0080c708                alt_timestamp_start
                0x0080c7ac                alt_timestamp
                0x0080c848                alt_timestamp_freq
 .text          0x0080c870        0x0 C:\Users\SarahLynn\Documents\School\School3\EECE381\LaserSharknado\LaserSharknado_bsp\libhal_bsp.a(altera_avalon_timer_vars.o)
 .text          0x0080c870      0x530 C:\Users\SarahLynn\Documents\School\School3\EECE381\LaserSharknado\LaserSharknado_bsp\libhal_bsp.a(altera_up_avalon_character_lcd.o)
                0x0080c870                get_DDRAM_addr
                0x0080c8ec                alt_up_character_lcd_send_cmd
                0x0080c920                alt_up_character_lcd_init
                0x0080c954                alt_up_character_lcd_open_dev
                0x0080c994                alt_up_character_lcd_write
                0x0080ca0c                alt_up_character_lcd_string
                0x0080ca84                alt_up_character_lcd_write_fd
                0x0080cad0                alt_up_character_lcd_set_cursor_pos
                0x0080cb48                alt_up_character_lcd_shift_cursor
                0x0080cbf8                alt_up_character_lcd_shift_display
                0x0080cca8                alt_up_character_lcd_erase_pos
                0x0080cd38                alt_up_character_lcd_cursor_off
                0x0080cd6c                alt_up_character_lcd_cursor_blink_on
 .text          0x0080cda0      0x304 C:\Users\SarahLynn\Documents\School\School3\EECE381\LaserSharknado\LaserSharknado_bsp\libhal_bsp.a(altera_up_avalon_video_character_buffer_with_dma.o)
                0x0080cda0                alt_up_char_buffer_init
                0x0080ce24                alt_up_char_buffer_open_dev
                0x0080ce64                alt_up_char_buffer_draw
                0x0080cf34                alt_up_char_buffer_string
                0x0080d048                alt_up_char_buffer_clear
 .text          0x0080d0a4     0x156c C:\Users\SarahLynn\Documents\School\School3\EECE381\LaserSharknado\LaserSharknado_bsp\libhal_bsp.a(altera_up_avalon_video_pixel_buffer_dma.o)
                0x0080d0a4                alt_up_pixel_buffer_dma_open_dev
                0x0080d0e4                alt_up_pixel_buffer_dma_draw
                0x0080d284                alt_up_pixel_buffer_dma_change_back_buffer_address
                0x0080d2dc                alt_up_pixel_buffer_dma_swap_buffers
                0x0080d334                alt_up_pixel_buffer_dma_check_swap_buffers_status
                0x0080d368                alt_up_pixel_buffer_dma_clear_screen
                0x0080d4cc                alt_up_pixel_buffer_dma_draw_box
                0x0080d9c0                alt_up_pixel_buffer_dma_draw_hline
                0x0080dd10                alt_up_pixel_buffer_dma_draw_vline
                0x0080e0e0                alt_up_pixel_buffer_dma_draw_rectangle
                0x0080e1a4                helper_plot_pixel
                0x0080e274                alt_up_pixel_buffer_dma_draw_line
 .text          0x0080e610      0x154 C:\Users\SarahLynn\Documents\School\School3\EECE381\LaserSharknado\LaserSharknado_bsp\libhal_bsp.a(alt_alarm_start.o)
                0x0080e610                alt_alarm_start
 .text          0x0080e764      0x14c C:\Users\SarahLynn\Documents\School\School3\EECE381\LaserSharknado\LaserSharknado_bsp\libhal_bsp.a(alt_busy_sleep.o)
                0x0080e764                alt_busy_sleep
 .text          0x0080e8b0       0x44 C:\Users\SarahLynn\Documents\School\School3\EECE381\LaserSharknado\LaserSharknado_bsp\libhal_bsp.a(alt_dcache_flush_all.o)
                0x0080e8b0                alt_dcache_flush_all
 .text          0x0080e8f4      0x114 C:\Users\SarahLynn\Documents\School\School3\EECE381\LaserSharknado\LaserSharknado_bsp\libhal_bsp.a(alt_dev_llist_insert.o)
                0x0080e8f4                alt_dev_llist_insert
 .text          0x0080ea08       0x64 C:\Users\SarahLynn\Documents\School\School3\EECE381\LaserSharknado\LaserSharknado_bsp\libhal_bsp.a(alt_do_ctors.o)
                0x0080ea08                _do_ctors
 .text          0x0080ea6c       0x64 C:\Users\SarahLynn\Documents\School\School3\EECE381\LaserSharknado\LaserSharknado_bsp\libhal_bsp.a(alt_do_dtors.o)
                0x0080ea6c                _do_dtors
 .text          0x0080ead0       0x94 C:\Users\SarahLynn\Documents\School\School3\EECE381\LaserSharknado\LaserSharknado_bsp\libhal_bsp.a(alt_find_dev.o)
                0x0080ead0                alt_find_dev
 .text          0x0080eb64       0x30 C:\Users\SarahLynn\Documents\School\School3\EECE381\LaserSharknado\LaserSharknado_bsp\libhal_bsp.a(alt_icache_flush_all.o)
                0x0080eb64                alt_icache_flush_all
 .text          0x0080eb94      0x1d4 C:\Users\SarahLynn\Documents\School\School3\EECE381\LaserSharknado\LaserSharknado_bsp\libhal_bsp.a(alt_iic.o)
                0x0080eb94                alt_ic_isr_register
                0x0080ebe4                alt_ic_irq_enable
                0x0080ec80                alt_ic_irq_disable
                0x0080ed20                alt_ic_irq_enabled
 .text          0x0080ed68       0xf8 C:\Users\SarahLynn\Documents\School\School3\EECE381\LaserSharknado\LaserSharknado_bsp\libhal_bsp.a(alt_iic_isr_register.o)
                0x0080ed68                alt_iic_isr_register
 .text          0x0080ee60      0x13c C:\Users\SarahLynn\Documents\School\School3\EECE381\LaserSharknado\LaserSharknado_bsp\libhal_bsp.a(alt_io_redirect.o)
                0x0080ef24                alt_io_redirect
 .text          0x0080ef9c        0x0 C:\Users\SarahLynn\Documents\School\School3\EECE381\LaserSharknado\LaserSharknado_bsp\libhal_bsp.a(alt_irq_entry.o)
 .text          0x0080ef9c        0x0 C:\Users\SarahLynn\Documents\School\School3\EECE381\LaserSharknado\LaserSharknado_bsp\libhal_bsp.a(alt_irq_handler.o)
 .text          0x0080ef9c        0x0 C:\Users\SarahLynn\Documents\School\School3\EECE381\LaserSharknado\LaserSharknado_bsp\libhal_bsp.a(alt_irq_vars.o)
 .text          0x0080ef9c      0x2c4 C:\Users\SarahLynn\Documents\School\School3\EECE381\LaserSharknado\LaserSharknado_bsp\libhal_bsp.a(alt_open.o)
                0x0080f078                open
 .text          0x0080f260       0x20 C:\Users\SarahLynn\Documents\School\School3\EECE381\LaserSharknado\LaserSharknado_bsp\libhal_bsp.a(altera_nios2_qsys_irq.o)
                0x0080f260                altera_nios2_qsys_irq_init
 .text          0x0080f280        0x0 C:\Users\SarahLynn\Documents\School\School3\EECE381\LaserSharknado\LaserSharknado_bsp\libhal_bsp.a(alt_exception_entry.o)
 .text          0x0080f280      0x120 C:\Users\SarahLynn\Documents\School\School3\EECE381\LaserSharknado\LaserSharknado_bsp\libhal_bsp.a(alt_find_file.o)
                0x0080f280                alt_find_file
 .text          0x0080f3a0       0xb8 C:\Users\SarahLynn\Documents\School\School3\EECE381\LaserSharknado\LaserSharknado_bsp\libhal_bsp.a(alt_get_fd.o)
                0x0080f3a0                alt_get_fd
 .text          0x0080f458       0x90 C:\Users\SarahLynn\Documents\School\School3\EECE381\LaserSharknado\LaserSharknado_bsp\libhal_bsp.a(alt_icache_flush.o)
                0x0080f458                alt_icache_flush
 .text          0x0080f4e8       0x14 c:/altera/12.0sp2/nios2eds/bin/gnu/h-i686-mingw32/bin/../lib/gcc/nios2-elf/4.1.2/../../../../nios2-elf/lib\libc.a(lib_a-atexit.o)
                0x0080f4e8                atexit
 .text          0x0080f4fc       0x38 c:/altera/12.0sp2/nios2eds/bin/gnu/h-i686-mingw32/bin/../lib/gcc/nios2-elf/4.1.2/../../../../nios2-elf/lib\libc.a(lib_a-exit.o)
                0x0080f4fc                exit
 .text          0x0080f534       0x74 c:/altera/12.0sp2/nios2eds/bin/gnu/h-i686-mingw32/bin/../lib/gcc/nios2-elf/4.1.2/../../../../nios2-elf/lib\libc.a(lib_a-memcmp.o)
                0x0080f534                memcmp
 .text          0x0080f5a8      0x134 c:/altera/12.0sp2/nios2eds/bin/gnu/h-i686-mingw32/bin/../lib/gcc/nios2-elf/4.1.2/../../../../nios2-elf/lib\libc.a(lib_a-__atexit.o)
                0x0080f5a8                __register_exitproc
 .text          0x0080f6dc      0x1b4 c:/altera/12.0sp2/nios2eds/bin/gnu/h-i686-mingw32/bin/../lib/gcc/nios2-elf/4.1.2/../../../../nios2-elf/lib\libc.a(lib_a-__call_atexit.o)
                0x0080f6e0                __call_exitprocs
 .text          0x0080f890       0x60 C:\Users\SarahLynn\Documents\School\School3\EECE381\LaserSharknado\LaserSharknado_bsp\libhal_bsp.a(alt_exit.o)
                0x0080f8d0                _exit
 *(.gnu.warning.*)
 *(.fini)
                0x0080f8f0                PROVIDE (__etext, ABSOLUTE (.))
                0x0080f8f0                PROVIDE (_etext, ABSOLUTE (.))
                0x0080f8f0                PROVIDE (etext, ABSOLUTE (.))
 *(.eh_frame_hdr)
                0x0080f8f0                . = ALIGN (0x4)
                0x0080f8f0                PROVIDE (__preinit_array_start, ABSOLUTE (.))
 *(.preinit_array)
                0x0080f8f0                PROVIDE (__preinit_array_end, ABSOLUTE (.))
                0x0080f8f0                PROVIDE (__init_array_start, ABSOLUTE (.))
 *(.init_array)
                0x0080f8f0                PROVIDE (__init_array_end, ABSOLUTE (.))
                0x0080f8f0                PROVIDE (__fini_array_start, ABSOLUTE (.))
 *(.fini_array)
                0x0080f8f0                PROVIDE (__fini_array_end, ABSOLUTE (.))
 *(.eh_frame)
 .eh_frame      0x0080f8f0       0x40 c:/altera/12.0sp2/nios2eds/bin/gnu/h-i686-mingw32/bin/../lib/gcc/nios2-elf/4.1.2\libgcc.a(_udivdi3.o)
 .eh_frame      0x0080f930       0x2c c:/altera/12.0sp2/nios2eds/bin/gnu/h-i686-mingw32/bin/../lib/gcc/nios2-elf/4.1.2\libgcc.a(_umoddi3.o)
                                 0x40 (size before relaxing)
 *(.gcc_except_table)
 *(.dynamic)
                0x0080f95c                PROVIDE (__CTOR_LIST__, ABSOLUTE (.))
 *(.ctors)
 *(SORT(.ctors.*))
 .ctors.65535   0x0080f95c        0x4 c:/altera/12.0sp2/nios2eds/bin/gnu/h-i686-mingw32/bin/../lib/gcc/nios2-elf/4.1.2/../../../../nios2-elf/lib\libc.a(lib_a-__call_atexit.o)
                0x0080f960                PROVIDE (__CTOR_END__, ABSOLUTE (.))
                0x0080f960                PROVIDE (__DTOR_LIST__, ABSOLUTE (.))
 *(.dtors)
 *(SORT(.dtors.*))
                0x0080f960                PROVIDE (__DTOR_END__, ABSOLUTE (.))
 *(.jcr)
                0x0080f960                . = ALIGN (0x4)

.rodata         0x0080f960      0x6d8
                0x0080f960                PROVIDE (__ram_rodata_start, ABSOLUTE (.))
                0x0080f960                . = ALIGN (0x4)
 *(.rodata .rodata.* .gnu.linkonce.r.*)
 .rodata        0x0080f960       0x34 obj/default/Excercises/excercise2.o
 .rodata        0x0080f994       0x8c obj/default/hello_world.o
 .rodata        0x0080fa20      0x1ec obj/default/timer.o
 .rodata        0x0080fc0c       0x60 obj/default/vga.o
 .rodata        0x0080fc6c       0x10 c:/altera/12.0sp2/nios2eds/bin/gnu/h-i686-mingw32/bin/../lib/gcc/nios2-elf/4.1.2\libgcc.a(_thenan_sf.o)
                0x0080fc6c                __thenan_sf
 .rodata        0x0080fc7c      0x100 c:/altera/12.0sp2/nios2eds/bin/gnu/h-i686-mingw32/bin/../lib/gcc/nios2-elf/4.1.2\libgcc.a(_clz.o)
                0x0080fc7c                __clz_tab
 .rodata.str1.4
                0x0080fd7c        0x2 c:/altera/12.0sp2/nios2eds/bin/gnu/h-i686-mingw32/bin/../lib/gcc/nios2-elf/4.1.2/../../../../nios2-elf/lib\libc.a(lib_a-puts.o)
                                  0x4 (size before relaxing)
 *fill*         0x0080fd7e        0x2 00
 .rodata.str1.4
                0x0080fd80       0x5e c:/altera/12.0sp2/nios2eds/bin/gnu/h-i686-mingw32/bin/../lib/gcc/nios2-elf/4.1.2/../../../../nios2-elf/lib\libc.a(lib_a-vfprintf.o)
                                 0x60 (size before relaxing)
 .rodata        0x0080fdde       0x20 c:/altera/12.0sp2/nios2eds/bin/gnu/h-i686-mingw32/bin/../lib/gcc/nios2-elf/4.1.2/../../../../nios2-elf/lib\libc.a(lib_a-vfprintf.o)
 *fill*         0x0080fdfe        0x2 00
 .rodata.str1.4
                0x0080fe00       0x10 c:/altera/12.0sp2/nios2eds/bin/gnu/h-i686-mingw32/bin/../lib/gcc/nios2-elf/4.1.2/../../../../nios2-elf/lib\libc.a(lib_a-dtoa.o)
                                 0x14 (size before relaxing)
 .rodata.str1.4
                0x0080fe10        0x2 c:/altera/12.0sp2/nios2eds/bin/gnu/h-i686-mingw32/bin/../lib/gcc/nios2-elf/4.1.2/../../../../nios2-elf/lib\libc.a(lib_a-impure.o)
                                  0x4 (size before relaxing)
 *fill*         0x0080fe12        0x2 00
 .rodata.str1.4
                0x0080fe14       0x10 c:/altera/12.0sp2/nios2eds/bin/gnu/h-i686-mingw32/bin/../lib/gcc/nios2-elf/4.1.2/../../../../nios2-elf/lib\libc.a(lib_a-locale.o)
                                 0x18 (size before relaxing)
 .rodata        0x0080fe24       0x30 c:/altera/12.0sp2/nios2eds/bin/gnu/h-i686-mingw32/bin/../lib/gcc/nios2-elf/4.1.2/../../../../nios2-elf/lib\libc.a(lib_a-locale.o)
 .rodata        0x0080fe54      0x124 c:/altera/12.0sp2/nios2eds/bin/gnu/h-i686-mingw32/bin/../lib/gcc/nios2-elf/4.1.2/../../../../nios2-elf/lib\libc.a(lib_a-mprec.o)
                0x0080fe54                __mprec_tens
                0x0080ff1c                __mprec_bigtens
                0x0080ff44                __mprec_tinytens
 .rodata        0x0080ff78       0x14 c:/altera/12.0sp2/nios2eds/bin/gnu/h-i686-mingw32/bin/../lib/gcc/nios2-elf/4.1.2\libgcc.a(_thenan_df.o)
                0x0080ff78                __thenan_df
 .rodata        0x0080ff8c        0xc C:\Users\SarahLynn\Documents\School\School3\EECE381\LaserSharknado\LaserSharknado_bsp\libhal_bsp.a(alt_dev.o)
 .rodata        0x0080ff98       0x14 C:\Users\SarahLynn\Documents\School\School3\EECE381\LaserSharknado\LaserSharknado_bsp\libhal_bsp.a(alt_main.o)
 .rodata        0x0080ffac       0x70 C:\Users\SarahLynn\Documents\School\School3\EECE381\LaserSharknado\LaserSharknado_bsp\libhal_bsp.a(alt_sys_init.o)
 .rodata        0x0081001c       0x1c C:\Users\SarahLynn\Documents\School\School3\EECE381\LaserSharknado\LaserSharknado_bsp\libhal_bsp.a(altera_up_avalon_video_character_buffer_with_dma.o)
 *(.rodata1)
                0x00810038                . = ALIGN (0x4)
                0x00810038                PROVIDE (__ram_rodata_end, ABSOLUTE (.))
                0x0080f960                PROVIDE (__flash_rodata_start, LOADADDR (.rodata))

.rwdata         0x00810038     0x1b24 load address 0x00811b5c
                0x00810038                PROVIDE (__ram_rwdata_start, ABSOLUTE (.))
                0x00810038                . = ALIGN (0x4)
 *(.got.plt)
 *(.got)
 *(.data1)
 *(.data .data.* .gnu.linkonce.d.*)
 .data          0x00810038        0x0 C:\Users\SarahLynn\Documents\School\School3\EECE381\LaserSharknado\LaserSharknado_bsp/obj/HAL/src/crt0.o
 .data          0x00810038        0x0 obj/default/Excercises/excercise2.o
 .data          0x00810038        0x0 obj/default/hello_world.o
 .data          0x00810038        0x0 obj/default/timer.o
 .data          0x00810038        0x0 obj/default/vga.o
 .data          0x00810038        0x0 c:/altera/12.0sp2/nios2eds/bin/gnu/h-i686-mingw32/bin/../lib/gcc/nios2-elf/4.1.2\libgcc.a(_div_sf.o)
 .data          0x00810038        0x0 c:/altera/12.0sp2/nios2eds/bin/gnu/h-i686-mingw32/bin/../lib/gcc/nios2-elf/4.1.2\libgcc.a(_si_to_sf.o)
 .data          0x00810038        0x0 c:/altera/12.0sp2/nios2eds/bin/gnu/h-i686-mingw32/bin/../lib/gcc/nios2-elf/4.1.2\libgcc.a(_sf_to_df.o)
 .data          0x00810038        0x0 c:/altera/12.0sp2/nios2eds/bin/gnu/h-i686-mingw32/bin/../lib/gcc/nios2-elf/4.1.2\libgcc.a(_thenan_sf.o)
 .data          0x00810038        0x0 c:/altera/12.0sp2/nios2eds/bin/gnu/h-i686-mingw32/bin/../lib/gcc/nios2-elf/4.1.2\libgcc.a(_usi_to_sf.o)
 .data          0x00810038        0x0 c:/altera/12.0sp2/nios2eds/bin/gnu/h-i686-mingw32/bin/../lib/gcc/nios2-elf/4.1.2\libgcc.a(_make_df.o)
 .data          0x00810038        0x0 c:/altera/12.0sp2/nios2eds/bin/gnu/h-i686-mingw32/bin/../lib/gcc/nios2-elf/4.1.2\libgcc.a(_clzsi2.o)
 .data          0x00810038        0x0 c:/altera/12.0sp2/nios2eds/bin/gnu/h-i686-mingw32/bin/../lib/gcc/nios2-elf/4.1.2\libgcc.a(_pack_sf.o)
 .data          0x00810038        0x0 c:/altera/12.0sp2/nios2eds/bin/gnu/h-i686-mingw32/bin/../lib/gcc/nios2-elf/4.1.2\libgcc.a(_unpack_sf.o)
 .data          0x00810038        0x0 c:/altera/12.0sp2/nios2eds/bin/gnu/h-i686-mingw32/bin/../lib/gcc/nios2-elf/4.1.2\libgcc.a(_pack_df.o)
 .data          0x00810038        0x0 c:/altera/12.0sp2/nios2eds/bin/gnu/h-i686-mingw32/bin/../lib/gcc/nios2-elf/4.1.2\libgcc.a(_clz.o)
 .data          0x00810038        0x0 c:/altera/12.0sp2/nios2eds/bin/gnu/h-i686-mingw32/bin/../lib/gcc/nios2-elf/4.1.2/../../../../nios2-elf/lib\libc.a(lib_a-printf.o)
 .data          0x00810038        0x0 c:/altera/12.0sp2/nios2eds/bin/gnu/h-i686-mingw32/bin/../lib/gcc/nios2-elf/4.1.2/../../../../nios2-elf/lib\libc.a(lib_a-puts.o)
 .data          0x00810038        0x0 c:/altera/12.0sp2/nios2eds/bin/gnu/h-i686-mingw32/bin/../lib/gcc/nios2-elf/4.1.2/../../../../nios2-elf/lib\libc.a(lib_a-strlen.o)
 .data          0x00810038        0x0 c:/altera/12.0sp2/nios2eds/bin/gnu/h-i686-mingw32/bin/../lib/gcc/nios2-elf/4.1.2/../../../../nios2-elf/lib\libc.a(lib_a-vfprintf.o)
 .data          0x00810038        0x0 c:/altera/12.0sp2/nios2eds/bin/gnu/h-i686-mingw32/bin/../lib/gcc/nios2-elf/4.1.2/../../../../nios2-elf/lib\libc.a(lib_a-wsetup.o)
 .data          0x00810038        0x0 c:/altera/12.0sp2/nios2eds/bin/gnu/h-i686-mingw32/bin/../lib/gcc/nios2-elf/4.1.2/../../../../nios2-elf/lib\libc.a(lib_a-dtoa.o)
 .data          0x00810038        0x0 c:/altera/12.0sp2/nios2eds/bin/gnu/h-i686-mingw32/bin/../lib/gcc/nios2-elf/4.1.2/../../../../nios2-elf/lib\libc.a(lib_a-fflush.o)
 .data          0x00810038        0x0 c:/altera/12.0sp2/nios2eds/bin/gnu/h-i686-mingw32/bin/../lib/gcc/nios2-elf/4.1.2/../../../../nios2-elf/lib\libc.a(lib_a-findfp.o)
 .data          0x00810038        0x0 c:/altera/12.0sp2/nios2eds/bin/gnu/h-i686-mingw32/bin/../lib/gcc/nios2-elf/4.1.2/../../../../nios2-elf/lib\libc.a(lib_a-freer.o)
 .data          0x00810038        0x0 c:/altera/12.0sp2/nios2eds/bin/gnu/h-i686-mingw32/bin/../lib/gcc/nios2-elf/4.1.2/../../../../nios2-elf/lib\libc.a(lib_a-fvwrite.o)
 .data          0x00810038        0x0 c:/altera/12.0sp2/nios2eds/bin/gnu/h-i686-mingw32/bin/../lib/gcc/nios2-elf/4.1.2/../../../../nios2-elf/lib\libc.a(lib_a-fwalk.o)
 .data          0x00810038      0x400 c:/altera/12.0sp2/nios2eds/bin/gnu/h-i686-mingw32/bin/../lib/gcc/nios2-elf/4.1.2/../../../../nios2-elf/lib\libc.a(lib_a-impure.o)
 .data          0x00810438        0xc c:/altera/12.0sp2/nios2eds/bin/gnu/h-i686-mingw32/bin/../lib/gcc/nios2-elf/4.1.2/../../../../nios2-elf/lib\libc.a(lib_a-locale.o)
                0x00810438                __lc_ctype
 .data          0x00810444        0x0 c:/altera/12.0sp2/nios2eds/bin/gnu/h-i686-mingw32/bin/../lib/gcc/nios2-elf/4.1.2/../../../../nios2-elf/lib\libc.a(lib_a-makebuf.o)
 .data          0x00810444      0x408 c:/altera/12.0sp2/nios2eds/bin/gnu/h-i686-mingw32/bin/../lib/gcc/nios2-elf/4.1.2/../../../../nios2-elf/lib\libc.a(lib_a-mallocr.o)
                0x00810444                __malloc_av_
 .data          0x0081084c        0x0 c:/altera/12.0sp2/nios2eds/bin/gnu/h-i686-mingw32/bin/../lib/gcc/nios2-elf/4.1.2/../../../../nios2-elf/lib\libc.a(lib_a-memchr.o)
 .data          0x0081084c        0x0 c:/altera/12.0sp2/nios2eds/bin/gnu/h-i686-mingw32/bin/../lib/gcc/nios2-elf/4.1.2/../../../../nios2-elf/lib\libc.a(lib_a-memcpy.o)
 .data          0x0081084c        0x0 c:/altera/12.0sp2/nios2eds/bin/gnu/h-i686-mingw32/bin/../lib/gcc/nios2-elf/4.1.2/../../../../nios2-elf/lib\libc.a(lib_a-memmove.o)
 .data          0x0081084c        0x0 c:/altera/12.0sp2/nios2eds/bin/gnu/h-i686-mingw32/bin/../lib/gcc/nios2-elf/4.1.2/../../../../nios2-elf/lib\libc.a(lib_a-memset.o)
 .data          0x0081084c        0x0 c:/altera/12.0sp2/nios2eds/bin/gnu/h-i686-mingw32/bin/../lib/gcc/nios2-elf/4.1.2/../../../../nios2-elf/lib\libc.a(lib_a-mprec.o)
 .data          0x0081084c        0x0 c:/altera/12.0sp2/nios2eds/bin/gnu/h-i686-mingw32/bin/../lib/gcc/nios2-elf/4.1.2/../../../../nios2-elf/lib\libc.a(lib_a-reallocr.o)
 .data          0x0081084c        0x0 c:/altera/12.0sp2/nios2eds/bin/gnu/h-i686-mingw32/bin/../lib/gcc/nios2-elf/4.1.2/../../../../nios2-elf/lib\libc.a(lib_a-s_isinfd.o)
 .data          0x0081084c        0x0 c:/altera/12.0sp2/nios2eds/bin/gnu/h-i686-mingw32/bin/../lib/gcc/nios2-elf/4.1.2/../../../../nios2-elf/lib\libc.a(lib_a-s_isnand.o)
 .data          0x0081084c        0x0 c:/altera/12.0sp2/nios2eds/bin/gnu/h-i686-mingw32/bin/../lib/gcc/nios2-elf/4.1.2/../../../../nios2-elf/lib\libc.a(lib_a-sbrkr.o)
 .data          0x0081084c        0x0 c:/altera/12.0sp2/nios2eds/bin/gnu/h-i686-mingw32/bin/../lib/gcc/nios2-elf/4.1.2/../../../../nios2-elf/lib\libc.a(lib_a-stdio.o)
 .data          0x0081084c        0x0 c:/altera/12.0sp2/nios2eds/bin/gnu/h-i686-mingw32/bin/../lib/gcc/nios2-elf/4.1.2/../../../../nios2-elf/lib\libc.a(lib_a-strcmp.o)
 .data          0x0081084c        0x0 c:/altera/12.0sp2/nios2eds/bin/gnu/h-i686-mingw32/bin/../lib/gcc/nios2-elf/4.1.2/../../../../nios2-elf/lib\libc.a(lib_a-writer.o)
 .data          0x0081084c        0x0 c:/altera/12.0sp2/nios2eds/bin/gnu/h-i686-mingw32/bin/../lib/gcc/nios2-elf/4.1.2/../../../../nios2-elf/lib\libc.a(lib_a-callocr.o)
 .data          0x0081084c        0x0 c:/altera/12.0sp2/nios2eds/bin/gnu/h-i686-mingw32/bin/../lib/gcc/nios2-elf/4.1.2/../../../../nios2-elf/lib\libc.a(lib_a-closer.o)
 .data          0x0081084c        0x0 c:/altera/12.0sp2/nios2eds/bin/gnu/h-i686-mingw32/bin/../lib/gcc/nios2-elf/4.1.2/../../../../nios2-elf/lib\libc.a(lib_a-fclose.o)
 .data          0x0081084c        0x0 c:/altera/12.0sp2/nios2eds/bin/gnu/h-i686-mingw32/bin/../lib/gcc/nios2-elf/4.1.2/../../../../nios2-elf/lib\libc.a(lib_a-fstatr.o)
 .data          0x0081084c        0x0 c:/altera/12.0sp2/nios2eds/bin/gnu/h-i686-mingw32/bin/../lib/gcc/nios2-elf/4.1.2/../../../../nios2-elf/lib\libc.a(lib_a-int_errno.o)
 .data          0x0081084c        0x0 c:/altera/12.0sp2/nios2eds/bin/gnu/h-i686-mingw32/bin/../lib/gcc/nios2-elf/4.1.2/../../../../nios2-elf/lib\libc.a(lib_a-isattyr.o)
 .data          0x0081084c        0x0 c:/altera/12.0sp2/nios2eds/bin/gnu/h-i686-mingw32/bin/../lib/gcc/nios2-elf/4.1.2/../../../../nios2-elf/lib\libc.a(lib_a-lseekr.o)
 .data          0x0081084c        0x0 c:/altera/12.0sp2/nios2eds/bin/gnu/h-i686-mingw32/bin/../lib/gcc/nios2-elf/4.1.2/../../../../nios2-elf/lib\libc.a(lib_a-readr.o)
 .data          0x0081084c        0x0 c:/altera/12.0sp2/nios2eds/bin/gnu/h-i686-mingw32/bin/../lib/gcc/nios2-elf/4.1.2\libgcc.a(_udivdi3.o)
 .data          0x0081084c        0x0 c:/altera/12.0sp2/nios2eds/bin/gnu/h-i686-mingw32/bin/../lib/gcc/nios2-elf/4.1.2\libgcc.a(_umoddi3.o)
 .data          0x0081084c        0x0 c:/altera/12.0sp2/nios2eds/bin/gnu/h-i686-mingw32/bin/../lib/gcc/nios2-elf/4.1.2\libgcc.a(_addsub_df.o)
 .data          0x0081084c        0x0 c:/altera/12.0sp2/nios2eds/bin/gnu/h-i686-mingw32/bin/../lib/gcc/nios2-elf/4.1.2\libgcc.a(_mul_df.o)
 .data          0x0081084c        0x0 c:/altera/12.0sp2/nios2eds/bin/gnu/h-i686-mingw32/bin/../lib/gcc/nios2-elf/4.1.2\libgcc.a(_div_df.o)
 .data          0x0081084c        0x0 c:/altera/12.0sp2/nios2eds/bin/gnu/h-i686-mingw32/bin/../lib/gcc/nios2-elf/4.1.2\libgcc.a(_eq_df.o)
 .data          0x0081084c        0x0 c:/altera/12.0sp2/nios2eds/bin/gnu/h-i686-mingw32/bin/../lib/gcc/nios2-elf/4.1.2\libgcc.a(_ne_df.o)
 .data          0x0081084c        0x0 c:/altera/12.0sp2/nios2eds/bin/gnu/h-i686-mingw32/bin/../lib/gcc/nios2-elf/4.1.2\libgcc.a(_gt_df.o)
 .data          0x0081084c        0x0 c:/altera/12.0sp2/nios2eds/bin/gnu/h-i686-mingw32/bin/../lib/gcc/nios2-elf/4.1.2\libgcc.a(_ge_df.o)
 .data          0x0081084c        0x0 c:/altera/12.0sp2/nios2eds/bin/gnu/h-i686-mingw32/bin/../lib/gcc/nios2-elf/4.1.2\libgcc.a(_lt_df.o)
 .data          0x0081084c        0x0 c:/altera/12.0sp2/nios2eds/bin/gnu/h-i686-mingw32/bin/../lib/gcc/nios2-elf/4.1.2\libgcc.a(_si_to_df.o)
 .data          0x0081084c        0x0 c:/altera/12.0sp2/nios2eds/bin/gnu/h-i686-mingw32/bin/../lib/gcc/nios2-elf/4.1.2\libgcc.a(_df_to_si.o)
 .data          0x0081084c        0x0 c:/altera/12.0sp2/nios2eds/bin/gnu/h-i686-mingw32/bin/../lib/gcc/nios2-elf/4.1.2\libgcc.a(_thenan_df.o)
 .data          0x0081084c        0x0 c:/altera/12.0sp2/nios2eds/bin/gnu/h-i686-mingw32/bin/../lib/gcc/nios2-elf/4.1.2\libgcc.a(_usi_to_df.o)
 .data          0x0081084c        0x0 c:/altera/12.0sp2/nios2eds/bin/gnu/h-i686-mingw32/bin/../lib/gcc/nios2-elf/4.1.2\libgcc.a(lib2-divmod.o)
 .data          0x0081084c        0x0 c:/altera/12.0sp2/nios2eds/bin/gnu/h-i686-mingw32/bin/../lib/gcc/nios2-elf/4.1.2\libgcc.a(_muldi3.o)
 .data          0x0081084c        0x0 c:/altera/12.0sp2/nios2eds/bin/gnu/h-i686-mingw32/bin/../lib/gcc/nios2-elf/4.1.2\libgcc.a(_unpack_df.o)
 .data          0x0081084c        0x0 c:/altera/12.0sp2/nios2eds/bin/gnu/h-i686-mingw32/bin/../lib/gcc/nios2-elf/4.1.2\libgcc.a(_fpcmp_parts_df.o)
 .data          0x0081084c        0x0 C:\Users\SarahLynn\Documents\School\School3\EECE381\LaserSharknado\LaserSharknado_bsp\libhal_bsp.a(alt_close.o)
 .data          0x0081084c      0x1a8 C:\Users\SarahLynn\Documents\School\School3\EECE381\LaserSharknado\LaserSharknado_bsp\libhal_bsp.a(alt_dev.o)
                0x0081084c                alt_dev_null
                0x00810874                alt_fd_list
 .data          0x008109f4        0x0 C:\Users\SarahLynn\Documents\School\School3\EECE381\LaserSharknado\LaserSharknado_bsp\libhal_bsp.a(alt_errno.o)
 .data          0x008109f4        0x0 C:\Users\SarahLynn\Documents\School\School3\EECE381\LaserSharknado\LaserSharknado_bsp\libhal_bsp.a(alt_fstat.o)
 .data          0x008109f4        0x0 C:\Users\SarahLynn\Documents\School\School3\EECE381\LaserSharknado\LaserSharknado_bsp\libhal_bsp.a(alt_isatty.o)
 .data          0x008109f4        0x0 C:\Users\SarahLynn\Documents\School\School3\EECE381\LaserSharknado\LaserSharknado_bsp\libhal_bsp.a(alt_load.o)
 .data          0x008109f4        0x0 C:\Users\SarahLynn\Documents\School\School3\EECE381\LaserSharknado\LaserSharknado_bsp\libhal_bsp.a(alt_lseek.o)
 .data          0x008109f4        0x0 C:\Users\SarahLynn\Documents\School\School3\EECE381\LaserSharknado\LaserSharknado_bsp\libhal_bsp.a(alt_main.o)
 .data          0x008109f4        0x0 C:\Users\SarahLynn\Documents\School\School3\EECE381\LaserSharknado\LaserSharknado_bsp\libhal_bsp.a(alt_malloc_lock.o)
 .data          0x008109f4        0x0 C:\Users\SarahLynn\Documents\School\School3\EECE381\LaserSharknado\LaserSharknado_bsp\libhal_bsp.a(alt_read.o)
 .data          0x008109f4        0x0 C:\Users\SarahLynn\Documents\School\School3\EECE381\LaserSharknado\LaserSharknado_bsp\libhal_bsp.a(alt_release_fd.o)
 .data          0x008109f4        0x0 C:\Users\SarahLynn\Documents\School\School3\EECE381\LaserSharknado\LaserSharknado_bsp\libhal_bsp.a(alt_sbrk.o)
 .data          0x008109f4        0x0 C:\Users\SarahLynn\Documents\School\School3\EECE381\LaserSharknado\LaserSharknado_bsp\libhal_bsp.a(alt_tick.o)
 .data          0x008109f4        0x0 C:\Users\SarahLynn\Documents\School\School3\EECE381\LaserSharknado\LaserSharknado_bsp\libhal_bsp.a(alt_usleep.o)
 .data          0x008109f4        0x0 C:\Users\SarahLynn\Documents\School\School3\EECE381\LaserSharknado\LaserSharknado_bsp\libhal_bsp.a(alt_write.o)
 .data          0x008109f4     0x1128 C:\Users\SarahLynn\Documents\School\School3\EECE381\LaserSharknado\LaserSharknado_bsp\libhal_bsp.a(alt_sys_init.o)
 .data          0x00811b1c        0x0 C:\Users\SarahLynn\Documents\School\School3\EECE381\LaserSharknado\LaserSharknado_bsp\libhal_bsp.a(altera_avalon_jtag_uart_fd.o)
 .data          0x00811b1c        0x0 C:\Users\SarahLynn\Documents\School\School3\EECE381\LaserSharknado\LaserSharknado_bsp\libhal_bsp.a(altera_avalon_jtag_uart_init.o)
 .data          0x00811b1c        0x0 C:\Users\SarahLynn\Documents\School\School3\EECE381\LaserSharknado\LaserSharknado_bsp\libhal_bsp.a(altera_avalon_jtag_uart_ioctl.o)
 .data          0x00811b1c        0x0 C:\Users\SarahLynn\Documents\School\School3\EECE381\LaserSharknado\LaserSharknado_bsp\libhal_bsp.a(altera_avalon_jtag_uart_read.o)
 .data          0x00811b1c        0x0 C:\Users\SarahLynn\Documents\School\School3\EECE381\LaserSharknado\LaserSharknado_bsp\libhal_bsp.a(altera_avalon_jtag_uart_write.o)
 .data          0x00811b1c        0x0 C:\Users\SarahLynn\Documents\School\School3\EECE381\LaserSharknado\LaserSharknado_bsp\libhal_bsp.a(altera_avalon_timer_sc.o)
 .data          0x00811b1c        0x0 C:\Users\SarahLynn\Documents\School\School3\EECE381\LaserSharknado\LaserSharknado_bsp\libhal_bsp.a(altera_avalon_timer_ts.o)
 .data          0x00811b1c        0x0 C:\Users\SarahLynn\Documents\School\School3\EECE381\LaserSharknado\LaserSharknado_bsp\libhal_bsp.a(altera_avalon_timer_vars.o)
 .data          0x00811b1c        0x0 C:\Users\SarahLynn\Documents\School\School3\EECE381\LaserSharknado\LaserSharknado_bsp\libhal_bsp.a(altera_up_avalon_character_lcd.o)
 .data          0x00811b1c        0x0 C:\Users\SarahLynn\Documents\School\School3\EECE381\LaserSharknado\LaserSharknado_bsp\libhal_bsp.a(altera_up_avalon_video_character_buffer_with_dma.o)
 .data          0x00811b1c        0x0 C:\Users\SarahLynn\Documents\School\School3\EECE381\LaserSharknado\LaserSharknado_bsp\libhal_bsp.a(altera_up_avalon_video_pixel_buffer_dma.o)
 .data          0x00811b1c        0x0 C:\Users\SarahLynn\Documents\School\School3\EECE381\LaserSharknado\LaserSharknado_bsp\libhal_bsp.a(alt_alarm_start.o)
 .data          0x00811b1c        0x0 C:\Users\SarahLynn\Documents\School\School3\EECE381\LaserSharknado\LaserSharknado_bsp\libhal_bsp.a(alt_busy_sleep.o)
 .data          0x00811b1c        0x0 C:\Users\SarahLynn\Documents\School\School3\EECE381\LaserSharknado\LaserSharknado_bsp\libhal_bsp.a(alt_dcache_flush_all.o)
 .data          0x00811b1c        0x0 C:\Users\SarahLynn\Documents\School\School3\EECE381\LaserSharknado\LaserSharknado_bsp\libhal_bsp.a(alt_dev_llist_insert.o)
 .data          0x00811b1c        0x0 C:\Users\SarahLynn\Documents\School\School3\EECE381\LaserSharknado\LaserSharknado_bsp\libhal_bsp.a(alt_do_ctors.o)
 .data          0x00811b1c        0x0 C:\Users\SarahLynn\Documents\School\School3\EECE381\LaserSharknado\LaserSharknado_bsp\libhal_bsp.a(alt_do_dtors.o)
 .data          0x00811b1c        0x0 C:\Users\SarahLynn\Documents\School\School3\EECE381\LaserSharknado\LaserSharknado_bsp\libhal_bsp.a(alt_find_dev.o)
 .data          0x00811b1c        0x0 C:\Users\SarahLynn\Documents\School\School3\EECE381\LaserSharknado\LaserSharknado_bsp\libhal_bsp.a(alt_icache_flush_all.o)
 .data          0x00811b1c        0x0 C:\Users\SarahLynn\Documents\School\School3\EECE381\LaserSharknado\LaserSharknado_bsp\libhal_bsp.a(alt_iic.o)
 .data          0x00811b1c        0x0 C:\Users\SarahLynn\Documents\School\School3\EECE381\LaserSharknado\LaserSharknado_bsp\libhal_bsp.a(alt_iic_isr_register.o)
 .data          0x00811b1c        0x0 C:\Users\SarahLynn\Documents\School\School3\EECE381\LaserSharknado\LaserSharknado_bsp\libhal_bsp.a(alt_io_redirect.o)
 .data          0x00811b1c        0x0 C:\Users\SarahLynn\Documents\School\School3\EECE381\LaserSharknado\LaserSharknado_bsp\libhal_bsp.a(alt_irq_entry.o)
 .data          0x00811b1c        0x0 C:\Users\SarahLynn\Documents\School\School3\EECE381\LaserSharknado\LaserSharknado_bsp\libhal_bsp.a(alt_irq_handler.o)
 .data          0x00811b1c        0x0 C:\Users\SarahLynn\Documents\School\School3\EECE381\LaserSharknado\LaserSharknado_bsp\libhal_bsp.a(alt_irq_vars.o)
 .data          0x00811b1c        0x0 C:\Users\SarahLynn\Documents\School\School3\EECE381\LaserSharknado\LaserSharknado_bsp\libhal_bsp.a(alt_open.o)
 .data          0x00811b1c        0x0 C:\Users\SarahLynn\Documents\School\School3\EECE381\LaserSharknado\LaserSharknado_bsp\libhal_bsp.a(altera_nios2_qsys_irq.o)
 .data          0x00811b1c        0x0 C:\Users\SarahLynn\Documents\School\School3\EECE381\LaserSharknado\LaserSharknado_bsp\libhal_bsp.a(alt_exception_entry.o)
 .data          0x00811b1c        0x0 C:\Users\SarahLynn\Documents\School\School3\EECE381\LaserSharknado\LaserSharknado_bsp\libhal_bsp.a(alt_find_file.o)
 .data          0x00811b1c        0x0 C:\Users\SarahLynn\Documents\School\School3\EECE381\LaserSharknado\LaserSharknado_bsp\libhal_bsp.a(alt_get_fd.o)
 .data          0x00811b1c        0x0 C:\Users\SarahLynn\Documents\School\School3\EECE381\LaserSharknado\LaserSharknado_bsp\libhal_bsp.a(alt_icache_flush.o)
 .data          0x00811b1c        0x0 c:/altera/12.0sp2/nios2eds/bin/gnu/h-i686-mingw32/bin/../lib/gcc/nios2-elf/4.1.2/../../../../nios2-elf/lib\libc.a(lib_a-atexit.o)
 .data          0x00811b1c        0x0 c:/altera/12.0sp2/nios2eds/bin/gnu/h-i686-mingw32/bin/../lib/gcc/nios2-elf/4.1.2/../../../../nios2-elf/lib\libc.a(lib_a-exit.o)
 .data          0x00811b1c        0x0 c:/altera/12.0sp2/nios2eds/bin/gnu/h-i686-mingw32/bin/../lib/gcc/nios2-elf/4.1.2/../../../../nios2-elf/lib\libc.a(lib_a-memcmp.o)
 .data          0x00811b1c        0x0 c:/altera/12.0sp2/nios2eds/bin/gnu/h-i686-mingw32/bin/../lib/gcc/nios2-elf/4.1.2/../../../../nios2-elf/lib\libc.a(lib_a-__atexit.o)
 .data          0x00811b1c        0x0 c:/altera/12.0sp2/nios2eds/bin/gnu/h-i686-mingw32/bin/../lib/gcc/nios2-elf/4.1.2/../../../../nios2-elf/lib\libc.a(lib_a-__call_atexit.o)
 .data          0x00811b1c        0x0 C:\Users\SarahLynn\Documents\School\School3\EECE381\LaserSharknado\LaserSharknado_bsp\libhal_bsp.a(alt_exit.o)
                0x00819b1c                _gp = ABSOLUTE ((. + 0x8000))
                0x00819b1c                PROVIDE (gp, _gp)
 *(.rwdata .rwdata.*)
 *(.sdata .sdata.* .gnu.linkonce.s.*)
 .sdata         0x00811b1c        0x8 c:/altera/12.0sp2/nios2eds/bin/gnu/h-i686-mingw32/bin/../lib/gcc/nios2-elf/4.1.2/../../../../nios2-elf/lib\libc.a(lib_a-impure.o)
                0x00811b1c                _impure_ptr
                0x00811b20                _global_impure_ptr
 .sdata         0x00811b24        0x8 c:/altera/12.0sp2/nios2eds/bin/gnu/h-i686-mingw32/bin/../lib/gcc/nios2-elf/4.1.2/../../../../nios2-elf/lib\libc.a(lib_a-locale.o)
                0x00811b24                __mb_cur_max
 .sdata         0x00811b2c        0x8 c:/altera/12.0sp2/nios2eds/bin/gnu/h-i686-mingw32/bin/../lib/gcc/nios2-elf/4.1.2/../../../../nios2-elf/lib\libc.a(lib_a-mallocr.o)
                0x00811b2c                __malloc_trim_threshold
                0x00811b30                __malloc_sbrk_base
 .sdata         0x00811b34       0x14 C:\Users\SarahLynn\Documents\School\School3\EECE381\LaserSharknado\LaserSharknado_bsp\libhal_bsp.a(alt_dev.o)
                0x00811b34                alt_fs_list
                0x00811b3c                alt_dev_list
                0x00811b44                alt_max_fd
 .sdata         0x00811b48        0x4 C:\Users\SarahLynn\Documents\School\School3\EECE381\LaserSharknado\LaserSharknado_bsp\libhal_bsp.a(alt_errno.o)
                0x00811b48                alt_errno
 .sdata         0x00811b4c        0x4 C:\Users\SarahLynn\Documents\School\School3\EECE381\LaserSharknado\LaserSharknado_bsp\libhal_bsp.a(alt_sbrk.o)
 .sdata         0x00811b50        0x8 C:\Users\SarahLynn\Documents\School\School3\EECE381\LaserSharknado\LaserSharknado_bsp\libhal_bsp.a(alt_tick.o)
                0x00811b50                alt_alarm_list
 .sdata         0x00811b58        0x4 C:\Users\SarahLynn\Documents\School\School3\EECE381\LaserSharknado\LaserSharknado_bsp\libhal_bsp.a(alt_irq_vars.o)
                0x00811b58                alt_priority_mask
 *(.sdata2 .sdata2.* .gnu.linkonce.s2.*)
                0x00811b5c                . = ALIGN (0x4)
                0x00811b5c                _edata = ABSOLUTE (.)
                0x00811b5c                PROVIDE (edata, ABSOLUTE (.))
                0x00811b5c                PROVIDE (__ram_rwdata_end, ABSOLUTE (.))
                0x00811b5c                PROVIDE (__flash_rwdata_start, LOADADDR (.rwdata))

.bss            0x00813680      0x2f4
                0x00813680                __bss_start = ABSOLUTE (.)
                0x00813680                PROVIDE (__sbss_start, ABSOLUTE (.))
                0x00813680                PROVIDE (___sbss_start, ABSOLUTE (.))
 *(.dynsbss)
 *(.sbss .sbss.* .gnu.linkonce.sb.*)
 .sbss          0x00813680        0xc c:/altera/12.0sp2/nios2eds/bin/gnu/h-i686-mingw32/bin/../lib/gcc/nios2-elf/4.1.2/../../../../nios2-elf/lib\libc.a(lib_a-locale.o)
                0x00813680                __nlocale_changed
                0x00813684                __mlocale_changed
                0x00813688                _PathLocale
 .sbss          0x0081368c        0xc c:/altera/12.0sp2/nios2eds/bin/gnu/h-i686-mingw32/bin/../lib/gcc/nios2-elf/4.1.2/../../../../nios2-elf/lib\libc.a(lib_a-mallocr.o)
                0x0081368c                __malloc_top_pad
                0x00813690                __malloc_max_sbrked_mem
                0x00813694                __malloc_max_total_mem
 .sbss          0x00813698        0x4 c:/altera/12.0sp2/nios2eds/bin/gnu/h-i686-mingw32/bin/../lib/gcc/nios2-elf/4.1.2/../../../../nios2-elf/lib\libc.a(lib_a-int_errno.o)
                0x00813698                errno
 .sbss          0x0081369c        0xc C:\Users\SarahLynn\Documents\School\School3\EECE381\LaserSharknado\LaserSharknado_bsp\libhal_bsp.a(alt_main.o)
                0x0081369c                alt_argc
                0x008136a0                alt_argv
                0x008136a4                alt_envp
 .sbss          0x008136a8        0x8 C:\Users\SarahLynn\Documents\School\School3\EECE381\LaserSharknado\LaserSharknado_bsp\libhal_bsp.a(alt_tick.o)
                0x008136a8                _alt_tick_rate
                0x008136ac                _alt_nticks
 .sbss          0x008136b0        0x8 C:\Users\SarahLynn\Documents\School\School3\EECE381\LaserSharknado\LaserSharknado_bsp\libhal_bsp.a(altera_avalon_timer_vars.o)
                0x008136b0                altera_avalon_timer_ts_base
                0x008136b4                altera_avalon_timer_ts_freq
 .sbss          0x008136b8        0x4 C:\Users\SarahLynn\Documents\School\School3\EECE381\LaserSharknado\LaserSharknado_bsp\libhal_bsp.a(alt_irq_vars.o)
                0x008136b8                alt_irq_active
 *(.sbss2 .sbss2.* .gnu.linkonce.sb2.*)
 *(.scommon)
                0x008136bc                PROVIDE (__sbss_end, ABSOLUTE (.))
                0x008136bc                PROVIDE (___sbss_end, ABSOLUTE (.))
 *(.dynbss)
 *(.bss .bss.* .gnu.linkonce.b.*)
 .bss           0x008136bc        0x0 C:\Users\SarahLynn\Documents\School\School3\EECE381\LaserSharknado\LaserSharknado_bsp/obj/HAL/src/crt0.o
 .bss           0x008136bc        0x0 obj/default/Excercises/excercise2.o
 .bss           0x008136bc        0x0 obj/default/hello_world.o
 .bss           0x008136bc        0x0 obj/default/timer.o
 .bss           0x008136bc        0x0 obj/default/vga.o
 .bss           0x008136bc        0x0 c:/altera/12.0sp2/nios2eds/bin/gnu/h-i686-mingw32/bin/../lib/gcc/nios2-elf/4.1.2\libgcc.a(_div_sf.o)
 .bss           0x008136bc        0x0 c:/altera/12.0sp2/nios2eds/bin/gnu/h-i686-mingw32/bin/../lib/gcc/nios2-elf/4.1.2\libgcc.a(_si_to_sf.o)
 .bss           0x008136bc        0x0 c:/altera/12.0sp2/nios2eds/bin/gnu/h-i686-mingw32/bin/../lib/gcc/nios2-elf/4.1.2\libgcc.a(_sf_to_df.o)
 .bss           0x008136bc        0x0 c:/altera/12.0sp2/nios2eds/bin/gnu/h-i686-mingw32/bin/../lib/gcc/nios2-elf/4.1.2\libgcc.a(_thenan_sf.o)
 .bss           0x008136bc        0x0 c:/altera/12.0sp2/nios2eds/bin/gnu/h-i686-mingw32/bin/../lib/gcc/nios2-elf/4.1.2\libgcc.a(_usi_to_sf.o)
 .bss           0x008136bc        0x0 c:/altera/12.0sp2/nios2eds/bin/gnu/h-i686-mingw32/bin/../lib/gcc/nios2-elf/4.1.2\libgcc.a(_make_df.o)
 .bss           0x008136bc        0x0 c:/altera/12.0sp2/nios2eds/bin/gnu/h-i686-mingw32/bin/../lib/gcc/nios2-elf/4.1.2\libgcc.a(_clzsi2.o)
 .bss           0x008136bc        0x0 c:/altera/12.0sp2/nios2eds/bin/gnu/h-i686-mingw32/bin/../lib/gcc/nios2-elf/4.1.2\libgcc.a(_pack_sf.o)
 .bss           0x008136bc        0x0 c:/altera/12.0sp2/nios2eds/bin/gnu/h-i686-mingw32/bin/../lib/gcc/nios2-elf/4.1.2\libgcc.a(_unpack_sf.o)
 .bss           0x008136bc        0x0 c:/altera/12.0sp2/nios2eds/bin/gnu/h-i686-mingw32/bin/../lib/gcc/nios2-elf/4.1.2\libgcc.a(_pack_df.o)
 .bss           0x008136bc        0x0 c:/altera/12.0sp2/nios2eds/bin/gnu/h-i686-mingw32/bin/../lib/gcc/nios2-elf/4.1.2\libgcc.a(_clz.o)
 .bss           0x008136bc        0x0 c:/altera/12.0sp2/nios2eds/bin/gnu/h-i686-mingw32/bin/../lib/gcc/nios2-elf/4.1.2/../../../../nios2-elf/lib\libc.a(lib_a-printf.o)
 .bss           0x008136bc        0x0 c:/altera/12.0sp2/nios2eds/bin/gnu/h-i686-mingw32/bin/../lib/gcc/nios2-elf/4.1.2/../../../../nios2-elf/lib\libc.a(lib_a-puts.o)
 .bss           0x008136bc        0x0 c:/altera/12.0sp2/nios2eds/bin/gnu/h-i686-mingw32/bin/../lib/gcc/nios2-elf/4.1.2/../../../../nios2-elf/lib\libc.a(lib_a-strlen.o)
 .bss           0x008136bc        0x0 c:/altera/12.0sp2/nios2eds/bin/gnu/h-i686-mingw32/bin/../lib/gcc/nios2-elf/4.1.2/../../../../nios2-elf/lib\libc.a(lib_a-vfprintf.o)
 .bss           0x008136bc        0x0 c:/altera/12.0sp2/nios2eds/bin/gnu/h-i686-mingw32/bin/../lib/gcc/nios2-elf/4.1.2/../../../../nios2-elf/lib\libc.a(lib_a-wsetup.o)
 .bss           0x008136bc        0x0 c:/altera/12.0sp2/nios2eds/bin/gnu/h-i686-mingw32/bin/../lib/gcc/nios2-elf/4.1.2/../../../../nios2-elf/lib\libc.a(lib_a-dtoa.o)
 .bss           0x008136bc        0x0 c:/altera/12.0sp2/nios2eds/bin/gnu/h-i686-mingw32/bin/../lib/gcc/nios2-elf/4.1.2/../../../../nios2-elf/lib\libc.a(lib_a-fflush.o)
 .bss           0x008136bc        0x0 c:/altera/12.0sp2/nios2eds/bin/gnu/h-i686-mingw32/bin/../lib/gcc/nios2-elf/4.1.2/../../../../nios2-elf/lib\libc.a(lib_a-findfp.o)
 .bss           0x008136bc        0x0 c:/altera/12.0sp2/nios2eds/bin/gnu/h-i686-mingw32/bin/../lib/gcc/nios2-elf/4.1.2/../../../../nios2-elf/lib\libc.a(lib_a-freer.o)
 .bss           0x008136bc        0x0 c:/altera/12.0sp2/nios2eds/bin/gnu/h-i686-mingw32/bin/../lib/gcc/nios2-elf/4.1.2/../../../../nios2-elf/lib\libc.a(lib_a-fvwrite.o)
 .bss           0x008136bc        0x0 c:/altera/12.0sp2/nios2eds/bin/gnu/h-i686-mingw32/bin/../lib/gcc/nios2-elf/4.1.2/../../../../nios2-elf/lib\libc.a(lib_a-fwalk.o)
 .bss           0x008136bc        0x0 c:/altera/12.0sp2/nios2eds/bin/gnu/h-i686-mingw32/bin/../lib/gcc/nios2-elf/4.1.2/../../../../nios2-elf/lib\libc.a(lib_a-impure.o)
 .bss           0x008136bc        0x0 c:/altera/12.0sp2/nios2eds/bin/gnu/h-i686-mingw32/bin/../lib/gcc/nios2-elf/4.1.2/../../../../nios2-elf/lib\libc.a(lib_a-locale.o)
 .bss           0x008136bc        0x0 c:/altera/12.0sp2/nios2eds/bin/gnu/h-i686-mingw32/bin/../lib/gcc/nios2-elf/4.1.2/../../../../nios2-elf/lib\libc.a(lib_a-makebuf.o)
 .bss           0x008136bc       0x28 c:/altera/12.0sp2/nios2eds/bin/gnu/h-i686-mingw32/bin/../lib/gcc/nios2-elf/4.1.2/../../../../nios2-elf/lib\libc.a(lib_a-mallocr.o)
                0x008136bc                __malloc_current_mallinfo
 .bss           0x008136e4        0x0 c:/altera/12.0sp2/nios2eds/bin/gnu/h-i686-mingw32/bin/../lib/gcc/nios2-elf/4.1.2/../../../../nios2-elf/lib\libc.a(lib_a-memchr.o)
 .bss           0x008136e4        0x0 c:/altera/12.0sp2/nios2eds/bin/gnu/h-i686-mingw32/bin/../lib/gcc/nios2-elf/4.1.2/../../../../nios2-elf/lib\libc.a(lib_a-memcpy.o)
 .bss           0x008136e4        0x0 c:/altera/12.0sp2/nios2eds/bin/gnu/h-i686-mingw32/bin/../lib/gcc/nios2-elf/4.1.2/../../../../nios2-elf/lib\libc.a(lib_a-memmove.o)
 .bss           0x008136e4        0x0 c:/altera/12.0sp2/nios2eds/bin/gnu/h-i686-mingw32/bin/../lib/gcc/nios2-elf/4.1.2/../../../../nios2-elf/lib\libc.a(lib_a-memset.o)
 .bss           0x008136e4        0x0 c:/altera/12.0sp2/nios2eds/bin/gnu/h-i686-mingw32/bin/../lib/gcc/nios2-elf/4.1.2/../../../../nios2-elf/lib\libc.a(lib_a-mprec.o)
 .bss           0x008136e4        0x0 c:/altera/12.0sp2/nios2eds/bin/gnu/h-i686-mingw32/bin/../lib/gcc/nios2-elf/4.1.2/../../../../nios2-elf/lib\libc.a(lib_a-reallocr.o)
 .bss           0x008136e4        0x0 c:/altera/12.0sp2/nios2eds/bin/gnu/h-i686-mingw32/bin/../lib/gcc/nios2-elf/4.1.2/../../../../nios2-elf/lib\libc.a(lib_a-s_isinfd.o)
 .bss           0x008136e4        0x0 c:/altera/12.0sp2/nios2eds/bin/gnu/h-i686-mingw32/bin/../lib/gcc/nios2-elf/4.1.2/../../../../nios2-elf/lib\libc.a(lib_a-s_isnand.o)
 .bss           0x008136e4        0x0 c:/altera/12.0sp2/nios2eds/bin/gnu/h-i686-mingw32/bin/../lib/gcc/nios2-elf/4.1.2/../../../../nios2-elf/lib\libc.a(lib_a-sbrkr.o)
 .bss           0x008136e4        0x0 c:/altera/12.0sp2/nios2eds/bin/gnu/h-i686-mingw32/bin/../lib/gcc/nios2-elf/4.1.2/../../../../nios2-elf/lib\libc.a(lib_a-stdio.o)
 .bss           0x008136e4        0x0 c:/altera/12.0sp2/nios2eds/bin/gnu/h-i686-mingw32/bin/../lib/gcc/nios2-elf/4.1.2/../../../../nios2-elf/lib\libc.a(lib_a-strcmp.o)
 .bss           0x008136e4        0x0 c:/altera/12.0sp2/nios2eds/bin/gnu/h-i686-mingw32/bin/../lib/gcc/nios2-elf/4.1.2/../../../../nios2-elf/lib\libc.a(lib_a-writer.o)
 .bss           0x008136e4        0x0 c:/altera/12.0sp2/nios2eds/bin/gnu/h-i686-mingw32/bin/../lib/gcc/nios2-elf/4.1.2/../../../../nios2-elf/lib\libc.a(lib_a-callocr.o)
 .bss           0x008136e4        0x0 c:/altera/12.0sp2/nios2eds/bin/gnu/h-i686-mingw32/bin/../lib/gcc/nios2-elf/4.1.2/../../../../nios2-elf/lib\libc.a(lib_a-closer.o)
 .bss           0x008136e4        0x0 c:/altera/12.0sp2/nios2eds/bin/gnu/h-i686-mingw32/bin/../lib/gcc/nios2-elf/4.1.2/../../../../nios2-elf/lib\libc.a(lib_a-fclose.o)
 .bss           0x008136e4        0x0 c:/altera/12.0sp2/nios2eds/bin/gnu/h-i686-mingw32/bin/../lib/gcc/nios2-elf/4.1.2/../../../../nios2-elf/lib\libc.a(lib_a-fstatr.o)
 .bss           0x008136e4        0x0 c:/altera/12.0sp2/nios2eds/bin/gnu/h-i686-mingw32/bin/../lib/gcc/nios2-elf/4.1.2/../../../../nios2-elf/lib\libc.a(lib_a-int_errno.o)
 .bss           0x008136e4        0x0 c:/altera/12.0sp2/nios2eds/bin/gnu/h-i686-mingw32/bin/../lib/gcc/nios2-elf/4.1.2/../../../../nios2-elf/lib\libc.a(lib_a-isattyr.o)
 .bss           0x008136e4        0x0 c:/altera/12.0sp2/nios2eds/bin/gnu/h-i686-mingw32/bin/../lib/gcc/nios2-elf/4.1.2/../../../../nios2-elf/lib\libc.a(lib_a-lseekr.o)
 .bss           0x008136e4        0x0 c:/altera/12.0sp2/nios2eds/bin/gnu/h-i686-mingw32/bin/../lib/gcc/nios2-elf/4.1.2/../../../../nios2-elf/lib\libc.a(lib_a-readr.o)
 .bss           0x008136e4        0x0 c:/altera/12.0sp2/nios2eds/bin/gnu/h-i686-mingw32/bin/../lib/gcc/nios2-elf/4.1.2\libgcc.a(_udivdi3.o)
 .bss           0x008136e4        0x0 c:/altera/12.0sp2/nios2eds/bin/gnu/h-i686-mingw32/bin/../lib/gcc/nios2-elf/4.1.2\libgcc.a(_umoddi3.o)
 .bss           0x008136e4        0x0 c:/altera/12.0sp2/nios2eds/bin/gnu/h-i686-mingw32/bin/../lib/gcc/nios2-elf/4.1.2\libgcc.a(_addsub_df.o)
 .bss           0x008136e4        0x0 c:/altera/12.0sp2/nios2eds/bin/gnu/h-i686-mingw32/bin/../lib/gcc/nios2-elf/4.1.2\libgcc.a(_mul_df.o)
 .bss           0x008136e4        0x0 c:/altera/12.0sp2/nios2eds/bin/gnu/h-i686-mingw32/bin/../lib/gcc/nios2-elf/4.1.2\libgcc.a(_div_df.o)
 .bss           0x008136e4        0x0 c:/altera/12.0sp2/nios2eds/bin/gnu/h-i686-mingw32/bin/../lib/gcc/nios2-elf/4.1.2\libgcc.a(_eq_df.o)
 .bss           0x008136e4        0x0 c:/altera/12.0sp2/nios2eds/bin/gnu/h-i686-mingw32/bin/../lib/gcc/nios2-elf/4.1.2\libgcc.a(_ne_df.o)
 .bss           0x008136e4        0x0 c:/altera/12.0sp2/nios2eds/bin/gnu/h-i686-mingw32/bin/../lib/gcc/nios2-elf/4.1.2\libgcc.a(_gt_df.o)
 .bss           0x008136e4        0x0 c:/altera/12.0sp2/nios2eds/bin/gnu/h-i686-mingw32/bin/../lib/gcc/nios2-elf/4.1.2\libgcc.a(_ge_df.o)
 .bss           0x008136e4        0x0 c:/altera/12.0sp2/nios2eds/bin/gnu/h-i686-mingw32/bin/../lib/gcc/nios2-elf/4.1.2\libgcc.a(_lt_df.o)
 .bss           0x008136e4        0x0 c:/altera/12.0sp2/nios2eds/bin/gnu/h-i686-mingw32/bin/../lib/gcc/nios2-elf/4.1.2\libgcc.a(_si_to_df.o)
 .bss           0x008136e4        0x0 c:/altera/12.0sp2/nios2eds/bin/gnu/h-i686-mingw32/bin/../lib/gcc/nios2-elf/4.1.2\libgcc.a(_df_to_si.o)
 .bss           0x008136e4        0x0 c:/altera/12.0sp2/nios2eds/bin/gnu/h-i686-mingw32/bin/../lib/gcc/nios2-elf/4.1.2\libgcc.a(_thenan_df.o)
 .bss           0x008136e4        0x0 c:/altera/12.0sp2/nios2eds/bin/gnu/h-i686-mingw32/bin/../lib/gcc/nios2-elf/4.1.2\libgcc.a(_usi_to_df.o)
 .bss           0x008136e4        0x0 c:/altera/12.0sp2/nios2eds/bin/gnu/h-i686-mingw32/bin/../lib/gcc/nios2-elf/4.1.2\libgcc.a(lib2-divmod.o)
 .bss           0x008136e4        0x0 c:/altera/12.0sp2/nios2eds/bin/gnu/h-i686-mingw32/bin/../lib/gcc/nios2-elf/4.1.2\libgcc.a(_muldi3.o)
 .bss           0x008136e4        0x0 c:/altera/12.0sp2/nios2eds/bin/gnu/h-i686-mingw32/bin/../lib/gcc/nios2-elf/4.1.2\libgcc.a(_unpack_df.o)
 .bss           0x008136e4        0x0 c:/altera/12.0sp2/nios2eds/bin/gnu/h-i686-mingw32/bin/../lib/gcc/nios2-elf/4.1.2\libgcc.a(_fpcmp_parts_df.o)
 .bss           0x008136e4        0x0 C:\Users\SarahLynn\Documents\School\School3\EECE381\LaserSharknado\LaserSharknado_bsp\libhal_bsp.a(alt_close.o)
 .bss           0x008136e4        0x0 C:\Users\SarahLynn\Documents\School\School3\EECE381\LaserSharknado\LaserSharknado_bsp\libhal_bsp.a(alt_dev.o)
 .bss           0x008136e4        0x0 C:\Users\SarahLynn\Documents\School\School3\EECE381\LaserSharknado\LaserSharknado_bsp\libhal_bsp.a(alt_errno.o)
 .bss           0x008136e4        0x0 C:\Users\SarahLynn\Documents\School\School3\EECE381\LaserSharknado\LaserSharknado_bsp\libhal_bsp.a(alt_fstat.o)
 .bss           0x008136e4        0x0 C:\Users\SarahLynn\Documents\School\School3\EECE381\LaserSharknado\LaserSharknado_bsp\libhal_bsp.a(alt_isatty.o)
 .bss           0x008136e4        0x0 C:\Users\SarahLynn\Documents\School\School3\EECE381\LaserSharknado\LaserSharknado_bsp\libhal_bsp.a(alt_load.o)
 .bss           0x008136e4        0x0 C:\Users\SarahLynn\Documents\School\School3\EECE381\LaserSharknado\LaserSharknado_bsp\libhal_bsp.a(alt_lseek.o)
 .bss           0x008136e4        0x0 C:\Users\SarahLynn\Documents\School\School3\EECE381\LaserSharknado\LaserSharknado_bsp\libhal_bsp.a(alt_main.o)
 .bss           0x008136e4        0x0 C:\Users\SarahLynn\Documents\School\School3\EECE381\LaserSharknado\LaserSharknado_bsp\libhal_bsp.a(alt_malloc_lock.o)
 .bss           0x008136e4        0x0 C:\Users\SarahLynn\Documents\School\School3\EECE381\LaserSharknado\LaserSharknado_bsp\libhal_bsp.a(alt_read.o)
 .bss           0x008136e4        0x0 C:\Users\SarahLynn\Documents\School\School3\EECE381\LaserSharknado\LaserSharknado_bsp\libhal_bsp.a(alt_release_fd.o)
 .bss           0x008136e4        0x0 C:\Users\SarahLynn\Documents\School\School3\EECE381\LaserSharknado\LaserSharknado_bsp\libhal_bsp.a(alt_sbrk.o)
 .bss           0x008136e4        0x0 C:\Users\SarahLynn\Documents\School\School3\EECE381\LaserSharknado\LaserSharknado_bsp\libhal_bsp.a(alt_tick.o)
 .bss           0x008136e4        0x0 C:\Users\SarahLynn\Documents\School\School3\EECE381\LaserSharknado\LaserSharknado_bsp\libhal_bsp.a(alt_usleep.o)
 .bss           0x008136e4        0x0 C:\Users\SarahLynn\Documents\School\School3\EECE381\LaserSharknado\LaserSharknado_bsp\libhal_bsp.a(alt_write.o)
 .bss           0x008136e4        0x0 C:\Users\SarahLynn\Documents\School\School3\EECE381\LaserSharknado\LaserSharknado_bsp\libhal_bsp.a(alt_sys_init.o)
 .bss           0x008136e4        0x0 C:\Users\SarahLynn\Documents\School\School3\EECE381\LaserSharknado\LaserSharknado_bsp\libhal_bsp.a(altera_avalon_jtag_uart_fd.o)
 .bss           0x008136e4        0x0 C:\Users\SarahLynn\Documents\School\School3\EECE381\LaserSharknado\LaserSharknado_bsp\libhal_bsp.a(altera_avalon_jtag_uart_init.o)
 .bss           0x008136e4        0x0 C:\Users\SarahLynn\Documents\School\School3\EECE381\LaserSharknado\LaserSharknado_bsp\libhal_bsp.a(altera_avalon_jtag_uart_ioctl.o)
 .bss           0x008136e4        0x0 C:\Users\SarahLynn\Documents\School\School3\EECE381\LaserSharknado\LaserSharknado_bsp\libhal_bsp.a(altera_avalon_jtag_uart_read.o)
 .bss           0x008136e4        0x0 C:\Users\SarahLynn\Documents\School\School3\EECE381\LaserSharknado\LaserSharknado_bsp\libhal_bsp.a(altera_avalon_jtag_uart_write.o)
 .bss           0x008136e4        0x0 C:\Users\SarahLynn\Documents\School\School3\EECE381\LaserSharknado\LaserSharknado_bsp\libhal_bsp.a(altera_avalon_timer_sc.o)
 .bss           0x008136e4        0x0 C:\Users\SarahLynn\Documents\School\School3\EECE381\LaserSharknado\LaserSharknado_bsp\libhal_bsp.a(altera_avalon_timer_ts.o)
 .bss           0x008136e4        0x0 C:\Users\SarahLynn\Documents\School\School3\EECE381\LaserSharknado\LaserSharknado_bsp\libhal_bsp.a(altera_avalon_timer_vars.o)
 .bss           0x008136e4        0x0 C:\Users\SarahLynn\Documents\School\School3\EECE381\LaserSharknado\LaserSharknado_bsp\libhal_bsp.a(altera_up_avalon_character_lcd.o)
 .bss           0x008136e4        0x0 C:\Users\SarahLynn\Documents\School\School3\EECE381\LaserSharknado\LaserSharknado_bsp\libhal_bsp.a(altera_up_avalon_video_character_buffer_with_dma.o)
 .bss           0x008136e4        0x0 C:\Users\SarahLynn\Documents\School\School3\EECE381\LaserSharknado\LaserSharknado_bsp\libhal_bsp.a(altera_up_avalon_video_pixel_buffer_dma.o)
 .bss           0x008136e4        0x0 C:\Users\SarahLynn\Documents\School\School3\EECE381\LaserSharknado\LaserSharknado_bsp\libhal_bsp.a(alt_alarm_start.o)
 .bss           0x008136e4        0x0 C:\Users\SarahLynn\Documents\School\School3\EECE381\LaserSharknado\LaserSharknado_bsp\libhal_bsp.a(alt_busy_sleep.o)
 .bss           0x008136e4        0x0 C:\Users\SarahLynn\Documents\School\School3\EECE381\LaserSharknado\LaserSharknado_bsp\libhal_bsp.a(alt_dcache_flush_all.o)
 .bss           0x008136e4        0x0 C:\Users\SarahLynn\Documents\School\School3\EECE381\LaserSharknado\LaserSharknado_bsp\libhal_bsp.a(alt_dev_llist_insert.o)
 .bss           0x008136e4        0x0 C:\Users\SarahLynn\Documents\School\School3\EECE381\LaserSharknado\LaserSharknado_bsp\libhal_bsp.a(alt_do_ctors.o)
 .bss           0x008136e4        0x0 C:\Users\SarahLynn\Documents\School\School3\EECE381\LaserSharknado\LaserSharknado_bsp\libhal_bsp.a(alt_do_dtors.o)
 .bss           0x008136e4        0x0 C:\Users\SarahLynn\Documents\School\School3\EECE381\LaserSharknado\LaserSharknado_bsp\libhal_bsp.a(alt_find_dev.o)
 .bss           0x008136e4        0x0 C:\Users\SarahLynn\Documents\School\School3\EECE381\LaserSharknado\LaserSharknado_bsp\libhal_bsp.a(alt_icache_flush_all.o)
 .bss           0x008136e4        0x0 C:\Users\SarahLynn\Documents\School\School3\EECE381\LaserSharknado\LaserSharknado_bsp\libhal_bsp.a(alt_iic.o)
 .bss           0x008136e4        0x0 C:\Users\SarahLynn\Documents\School\School3\EECE381\LaserSharknado\LaserSharknado_bsp\libhal_bsp.a(alt_iic_isr_register.o)
 .bss           0x008136e4        0x0 C:\Users\SarahLynn\Documents\School\School3\EECE381\LaserSharknado\LaserSharknado_bsp\libhal_bsp.a(alt_io_redirect.o)
 .bss           0x008136e4        0x0 C:\Users\SarahLynn\Documents\School\School3\EECE381\LaserSharknado\LaserSharknado_bsp\libhal_bsp.a(alt_irq_entry.o)
 .bss           0x008136e4        0x0 C:\Users\SarahLynn\Documents\School\School3\EECE381\LaserSharknado\LaserSharknado_bsp\libhal_bsp.a(alt_irq_handler.o)
 .bss           0x008136e4        0x0 C:\Users\SarahLynn\Documents\School\School3\EECE381\LaserSharknado\LaserSharknado_bsp\libhal_bsp.a(alt_irq_vars.o)
 .bss           0x008136e4        0x0 C:\Users\SarahLynn\Documents\School\School3\EECE381\LaserSharknado\LaserSharknado_bsp\libhal_bsp.a(alt_open.o)
 .bss           0x008136e4        0x0 C:\Users\SarahLynn\Documents\School\School3\EECE381\LaserSharknado\LaserSharknado_bsp\libhal_bsp.a(altera_nios2_qsys_irq.o)
 .bss           0x008136e4        0x0 C:\Users\SarahLynn\Documents\School\School3\EECE381\LaserSharknado\LaserSharknado_bsp\libhal_bsp.a(alt_exception_entry.o)
 .bss           0x008136e4        0x0 C:\Users\SarahLynn\Documents\School\School3\EECE381\LaserSharknado\LaserSharknado_bsp\libhal_bsp.a(alt_find_file.o)
 .bss           0x008136e4        0x0 C:\Users\SarahLynn\Documents\School\School3\EECE381\LaserSharknado\LaserSharknado_bsp\libhal_bsp.a(alt_get_fd.o)
 .bss           0x008136e4        0x0 C:\Users\SarahLynn\Documents\School\School3\EECE381\LaserSharknado\LaserSharknado_bsp\libhal_bsp.a(alt_icache_flush.o)
 .bss           0x008136e4        0x0 c:/altera/12.0sp2/nios2eds/bin/gnu/h-i686-mingw32/bin/../lib/gcc/nios2-elf/4.1.2/../../../../nios2-elf/lib\libc.a(lib_a-atexit.o)
 .bss           0x008136e4        0x0 c:/altera/12.0sp2/nios2eds/bin/gnu/h-i686-mingw32/bin/../lib/gcc/nios2-elf/4.1.2/../../../../nios2-elf/lib\libc.a(lib_a-exit.o)
 .bss           0x008136e4        0x0 c:/altera/12.0sp2/nios2eds/bin/gnu/h-i686-mingw32/bin/../lib/gcc/nios2-elf/4.1.2/../../../../nios2-elf/lib\libc.a(lib_a-memcmp.o)
 .bss           0x008136e4        0x0 c:/altera/12.0sp2/nios2eds/bin/gnu/h-i686-mingw32/bin/../lib/gcc/nios2-elf/4.1.2/../../../../nios2-elf/lib\libc.a(lib_a-__atexit.o)
 .bss           0x008136e4        0x0 c:/altera/12.0sp2/nios2eds/bin/gnu/h-i686-mingw32/bin/../lib/gcc/nios2-elf/4.1.2/../../../../nios2-elf/lib\libc.a(lib_a-__call_atexit.o)
 .bss           0x008136e4        0x0 C:\Users\SarahLynn\Documents\School\School3\EECE381\LaserSharknado\LaserSharknado_bsp\libhal_bsp.a(alt_exit.o)
 *(COMMON)
 COMMON         0x008136e4      0x100 C:\Users\SarahLynn\Documents\School\School3\EECE381\LaserSharknado\LaserSharknado_bsp\libhal_bsp.a(alt_irq_handler.o)
                0x008136e4                alt_irq
 COMMON         0x008137e4      0x190 c:/altera/12.0sp2/nios2eds/bin/gnu/h-i686-mingw32/bin/../lib/gcc/nios2-elf/4.1.2/../../../../nios2-elf/lib\libc.a(lib_a-atexit.o)
                0x008137e4                _atexit0
                0x00813974                . = ALIGN (0x4)
                0x00813974                __bss_end = ABSOLUTE (.)

.sdram_0        0x00813974        0x0
                0x00813974                PROVIDE (_alt_partition_sdram_0_start, ABSOLUTE (.))
 *(.sdram_0. sdram_0.*)
                0x00813974                . = ALIGN (0x4)
                0x00813974                PROVIDE (_alt_partition_sdram_0_end, ABSOLUTE (.))
                0x00813974                _end = ABSOLUTE (.)
                0x00813974                end = ABSOLUTE (.)
                0x00813974                __alt_stack_base = ABSOLUTE (.)
                0x00813974                PROVIDE (_alt_partition_sdram_0_load_addr, LOADADDR (.sdram_0))

.stab
 *(.stab)

.stabstr
 *(.stabstr)

.stab.excl
 *(.stab.excl)

.stab.exclstr
 *(.stab.exclstr)

.stab.index
 *(.stab.index)

.stab.indexstr
 *(.stab.indexstr)

.comment        0x00000000       0x26
 *(.comment)
 .comment       0x00000000       0x26 obj/default/Excercises/excercise2.o
                                 0x27 (size before relaxing)
 .comment       0x00000000       0x27 obj/default/hello_world.o
 .comment       0x00000000       0x27 obj/default/timer.o
 .comment       0x00000000       0x27 obj/default/vga.o
 .comment       0x00000000       0x27 c:/altera/12.0sp2/nios2eds/bin/gnu/h-i686-mingw32/bin/../lib/gcc/nios2-elf/4.1.2\libgcc.a(_div_sf.o)
 .comment       0x00000000       0x27 c:/altera/12.0sp2/nios2eds/bin/gnu/h-i686-mingw32/bin/../lib/gcc/nios2-elf/4.1.2\libgcc.a(_si_to_sf.o)
 .comment       0x00000000       0x27 c:/altera/12.0sp2/nios2eds/bin/gnu/h-i686-mingw32/bin/../lib/gcc/nios2-elf/4.1.2\libgcc.a(_sf_to_df.o)
 .comment       0x00000000       0x27 c:/altera/12.0sp2/nios2eds/bin/gnu/h-i686-mingw32/bin/../lib/gcc/nios2-elf/4.1.2\libgcc.a(_thenan_sf.o)
 .comment       0x00000000       0x27 c:/altera/12.0sp2/nios2eds/bin/gnu/h-i686-mingw32/bin/../lib/gcc/nios2-elf/4.1.2\libgcc.a(_usi_to_sf.o)
 .comment       0x00000000       0x27 c:/altera/12.0sp2/nios2eds/bin/gnu/h-i686-mingw32/bin/../lib/gcc/nios2-elf/4.1.2\libgcc.a(_make_df.o)
 .comment       0x00000000       0x27 c:/altera/12.0sp2/nios2eds/bin/gnu/h-i686-mingw32/bin/../lib/gcc/nios2-elf/4.1.2\libgcc.a(_clzsi2.o)
 .comment       0x00000000       0x27 c:/altera/12.0sp2/nios2eds/bin/gnu/h-i686-mingw32/bin/../lib/gcc/nios2-elf/4.1.2\libgcc.a(_pack_sf.o)
 .comment       0x00000000       0x27 c:/altera/12.0sp2/nios2eds/bin/gnu/h-i686-mingw32/bin/../lib/gcc/nios2-elf/4.1.2\libgcc.a(_unpack_sf.o)
 .comment       0x00000000       0x27 c:/altera/12.0sp2/nios2eds/bin/gnu/h-i686-mingw32/bin/../lib/gcc/nios2-elf/4.1.2\libgcc.a(_pack_df.o)
 .comment       0x00000000       0x27 c:/altera/12.0sp2/nios2eds/bin/gnu/h-i686-mingw32/bin/../lib/gcc/nios2-elf/4.1.2\libgcc.a(_clz.o)
 .comment       0x00000000       0x27 c:/altera/12.0sp2/nios2eds/bin/gnu/h-i686-mingw32/bin/../lib/gcc/nios2-elf/4.1.2/../../../../nios2-elf/lib\libc.a(lib_a-printf.o)
 .comment       0x00000000       0x27 c:/altera/12.0sp2/nios2eds/bin/gnu/h-i686-mingw32/bin/../lib/gcc/nios2-elf/4.1.2/../../../../nios2-elf/lib\libc.a(lib_a-puts.o)
 .comment       0x00000000       0x27 c:/altera/12.0sp2/nios2eds/bin/gnu/h-i686-mingw32/bin/../lib/gcc/nios2-elf/4.1.2/../../../../nios2-elf/lib\libc.a(lib_a-strlen.o)
 .comment       0x00000000       0x27 c:/altera/12.0sp2/nios2eds/bin/gnu/h-i686-mingw32/bin/../lib/gcc/nios2-elf/4.1.2/../../../../nios2-elf/lib\libc.a(lib_a-vfprintf.o)
 .comment       0x00000000       0x27 c:/altera/12.0sp2/nios2eds/bin/gnu/h-i686-mingw32/bin/../lib/gcc/nios2-elf/4.1.2/../../../../nios2-elf/lib\libc.a(lib_a-wsetup.o)
 .comment       0x00000000       0x27 c:/altera/12.0sp2/nios2eds/bin/gnu/h-i686-mingw32/bin/../lib/gcc/nios2-elf/4.1.2/../../../../nios2-elf/lib\libc.a(lib_a-dtoa.o)
 .comment       0x00000000       0x27 c:/altera/12.0sp2/nios2eds/bin/gnu/h-i686-mingw32/bin/../lib/gcc/nios2-elf/4.1.2/../../../../nios2-elf/lib\libc.a(lib_a-fflush.o)
 .comment       0x00000000       0x27 c:/altera/12.0sp2/nios2eds/bin/gnu/h-i686-mingw32/bin/../lib/gcc/nios2-elf/4.1.2/../../../../nios2-elf/lib\libc.a(lib_a-findfp.o)
 .comment       0x00000000       0x27 c:/altera/12.0sp2/nios2eds/bin/gnu/h-i686-mingw32/bin/../lib/gcc/nios2-elf/4.1.2/../../../../nios2-elf/lib\libc.a(lib_a-freer.o)
 .comment       0x00000000       0x27 c:/altera/12.0sp2/nios2eds/bin/gnu/h-i686-mingw32/bin/../lib/gcc/nios2-elf/4.1.2/../../../../nios2-elf/lib\libc.a(lib_a-fvwrite.o)
 .comment       0x00000000       0x27 c:/altera/12.0sp2/nios2eds/bin/gnu/h-i686-mingw32/bin/../lib/gcc/nios2-elf/4.1.2/../../../../nios2-elf/lib\libc.a(lib_a-fwalk.o)
 .comment       0x00000000       0x27 c:/altera/12.0sp2/nios2eds/bin/gnu/h-i686-mingw32/bin/../lib/gcc/nios2-elf/4.1.2/../../../../nios2-elf/lib\libc.a(lib_a-impure.o)
 .comment       0x00000000       0x27 c:/altera/12.0sp2/nios2eds/bin/gnu/h-i686-mingw32/bin/../lib/gcc/nios2-elf/4.1.2/../../../../nios2-elf/lib\libc.a(lib_a-locale.o)
 .comment       0x00000000       0x27 c:/altera/12.0sp2/nios2eds/bin/gnu/h-i686-mingw32/bin/../lib/gcc/nios2-elf/4.1.2/../../../../nios2-elf/lib\libc.a(lib_a-makebuf.o)
 .comment       0x00000000       0x27 c:/altera/12.0sp2/nios2eds/bin/gnu/h-i686-mingw32/bin/../lib/gcc/nios2-elf/4.1.2/../../../../nios2-elf/lib\libc.a(lib_a-mallocr.o)
 .comment       0x00000000       0x27 c:/altera/12.0sp2/nios2eds/bin/gnu/h-i686-mingw32/bin/../lib/gcc/nios2-elf/4.1.2/../../../../nios2-elf/lib\libc.a(lib_a-memchr.o)
 .comment       0x00000000       0x27 c:/altera/12.0sp2/nios2eds/bin/gnu/h-i686-mingw32/bin/../lib/gcc/nios2-elf/4.1.2/../../../../nios2-elf/lib\libc.a(lib_a-memcpy.o)
 .comment       0x00000000       0x27 c:/altera/12.0sp2/nios2eds/bin/gnu/h-i686-mingw32/bin/../lib/gcc/nios2-elf/4.1.2/../../../../nios2-elf/lib\libc.a(lib_a-memmove.o)
 .comment       0x00000000       0x27 c:/altera/12.0sp2/nios2eds/bin/gnu/h-i686-mingw32/bin/../lib/gcc/nios2-elf/4.1.2/../../../../nios2-elf/lib\libc.a(lib_a-memset.o)
 .comment       0x00000000       0x27 c:/altera/12.0sp2/nios2eds/bin/gnu/h-i686-mingw32/bin/../lib/gcc/nios2-elf/4.1.2/../../../../nios2-elf/lib\libc.a(lib_a-mprec.o)
 .comment       0x00000000       0x27 c:/altera/12.0sp2/nios2eds/bin/gnu/h-i686-mingw32/bin/../lib/gcc/nios2-elf/4.1.2/../../../../nios2-elf/lib\libc.a(lib_a-reallocr.o)
 .comment       0x00000000       0x27 c:/altera/12.0sp2/nios2eds/bin/gnu/h-i686-mingw32/bin/../lib/gcc/nios2-elf/4.1.2/../../../../nios2-elf/lib\libc.a(lib_a-s_isinfd.o)
 .comment       0x00000000       0x27 c:/altera/12.0sp2/nios2eds/bin/gnu/h-i686-mingw32/bin/../lib/gcc/nios2-elf/4.1.2/../../../../nios2-elf/lib\libc.a(lib_a-s_isnand.o)
 .comment       0x00000000       0x27 c:/altera/12.0sp2/nios2eds/bin/gnu/h-i686-mingw32/bin/../lib/gcc/nios2-elf/4.1.2/../../../../nios2-elf/lib\libc.a(lib_a-sbrkr.o)
 .comment       0x00000000       0x27 c:/altera/12.0sp2/nios2eds/bin/gnu/h-i686-mingw32/bin/../lib/gcc/nios2-elf/4.1.2/../../../../nios2-elf/lib\libc.a(lib_a-stdio.o)
 .comment       0x00000000       0x27 c:/altera/12.0sp2/nios2eds/bin/gnu/h-i686-mingw32/bin/../lib/gcc/nios2-elf/4.1.2/../../../../nios2-elf/lib\libc.a(lib_a-strcmp.o)
 .comment       0x00000000       0x27 c:/altera/12.0sp2/nios2eds/bin/gnu/h-i686-mingw32/bin/../lib/gcc/nios2-elf/4.1.2/../../../../nios2-elf/lib\libc.a(lib_a-writer.o)
 .comment       0x00000000       0x27 c:/altera/12.0sp2/nios2eds/bin/gnu/h-i686-mingw32/bin/../lib/gcc/nios2-elf/4.1.2/../../../../nios2-elf/lib\libc.a(lib_a-callocr.o)
 .comment       0x00000000       0x27 c:/altera/12.0sp2/nios2eds/bin/gnu/h-i686-mingw32/bin/../lib/gcc/nios2-elf/4.1.2/../../../../nios2-elf/lib\libc.a(lib_a-closer.o)
 .comment       0x00000000       0x27 c:/altera/12.0sp2/nios2eds/bin/gnu/h-i686-mingw32/bin/../lib/gcc/nios2-elf/4.1.2/../../../../nios2-elf/lib\libc.a(lib_a-fclose.o)
 .comment       0x00000000       0x27 c:/altera/12.0sp2/nios2eds/bin/gnu/h-i686-mingw32/bin/../lib/gcc/nios2-elf/4.1.2/../../../../nios2-elf/lib\libc.a(lib_a-fstatr.o)
 .comment       0x00000000       0x27 c:/altera/12.0sp2/nios2eds/bin/gnu/h-i686-mingw32/bin/../lib/gcc/nios2-elf/4.1.2/../../../../nios2-elf/lib\libc.a(lib_a-int_errno.o)
 .comment       0x00000000       0x27 c:/altera/12.0sp2/nios2eds/bin/gnu/h-i686-mingw32/bin/../lib/gcc/nios2-elf/4.1.2/../../../../nios2-elf/lib\libc.a(lib_a-isattyr.o)
 .comment       0x00000000       0x27 c:/altera/12.0sp2/nios2eds/bin/gnu/h-i686-mingw32/bin/../lib/gcc/nios2-elf/4.1.2/../../../../nios2-elf/lib\libc.a(lib_a-lseekr.o)