Archive member included because of file (symbol)

f:/windowsstuff/12.0/nios2eds/bin/gnu/h-i686-mingw32/bin/../lib/gcc/nios2-elf/4.1.2/../../../../nios2-elf/lib\libc.a(lib_a-puts.o)
                              obj/default/hello_world.o (puts)
f:/windowsstuff/12.0/nios2eds/bin/gnu/h-i686-mingw32/bin/../lib/gcc/nios2-elf/4.1.2/../../../../nios2-elf/lib\libc.a(lib_a-strlen.o)
                              f:/windowsstuff/12.0/nios2eds/bin/gnu/h-i686-mingw32/bin/../lib/gcc/nios2-elf/4.1.2/../../../../nios2-elf/lib\libc.a(lib_a-puts.o) (strlen)
f:/windowsstuff/12.0/nios2eds/bin/gnu/h-i686-mingw32/bin/../lib/gcc/nios2-elf/4.1.2/../../../../nios2-elf/lib\libc.a(lib_a-fvwrite.o)
                              f:/windowsstuff/12.0/nios2eds/bin/gnu/h-i686-mingw32/bin/../lib/gcc/nios2-elf/4.1.2/../../../../nios2-elf/lib\libc.a(lib_a-puts.o) (__sfvwrite_r)
f:/windowsstuff/12.0/nios2eds/bin/gnu/h-i686-mingw32/bin/../lib/gcc/nios2-elf/4.1.2/../../../../nios2-elf/lib\libc.a(lib_a-impure.o)
                              f:/windowsstuff/12.0/nios2eds/bin/gnu/h-i686-mingw32/bin/../lib/gcc/nios2-elf/4.1.2/../../../../nios2-elf/lib\libc.a(lib_a-puts.o) (_impure_ptr)
f:/windowsstuff/12.0/nios2eds/bin/gnu/h-i686-mingw32/bin/../lib/gcc/nios2-elf/4.1.2/../../../../nios2-elf/lib\libc.a(lib_a-mallocr.o)
                              f:/windowsstuff/12.0/nios2eds/bin/gnu/h-i686-mingw32/bin/../lib/gcc/nios2-elf/4.1.2/../../../../nios2-elf/lib\libc.a(lib_a-fvwrite.o) (_malloc_r)
f:/windowsstuff/12.0/nios2eds/bin/gnu/h-i686-mingw32/bin/../lib/gcc/nios2-elf/4.1.2/../../../../nios2-elf/lib\libc.a(lib_a-memchr.o)
                              f:/windowsstuff/12.0/nios2eds/bin/gnu/h-i686-mingw32/bin/../lib/gcc/nios2-elf/4.1.2/../../../../nios2-elf/lib\libc.a(lib_a-fvwrite.o) (memchr)
f:/windowsstuff/12.0/nios2eds/bin/gnu/h-i686-mingw32/bin/../lib/gcc/nios2-elf/4.1.2/../../../../nios2-elf/lib\libc.a(lib_a-memcpy.o)
                              f:/windowsstuff/12.0/nios2eds/bin/gnu/h-i686-mingw32/bin/../lib/gcc/nios2-elf/4.1.2/../../../../nios2-elf/lib\libc.a(lib_a-fvwrite.o) (memcpy)
f:/windowsstuff/12.0/nios2eds/bin/gnu/h-i686-mingw32/bin/../lib/gcc/nios2-elf/4.1.2/../../../../nios2-elf/lib\libc.a(lib_a-memmove.o)
                              f:/windowsstuff/12.0/nios2eds/bin/gnu/h-i686-mingw32/bin/../lib/gcc/nios2-elf/4.1.2/../../../../nios2-elf/lib\libc.a(lib_a-fvwrite.o) (memmove)
f:/windowsstuff/12.0/nios2eds/bin/gnu/h-i686-mingw32/bin/../lib/gcc/nios2-elf/4.1.2/../../../../nios2-elf/lib\libc.a(lib_a-reallocr.o)
                              f:/windowsstuff/12.0/nios2eds/bin/gnu/h-i686-mingw32/bin/../lib/gcc/nios2-elf/4.1.2/../../../../nios2-elf/lib\libc.a(lib_a-fvwrite.o) (_realloc_r)
f:/windowsstuff/12.0/nios2eds/bin/gnu/h-i686-mingw32/bin/../lib/gcc/nios2-elf/4.1.2/../../../../nios2-elf/lib\libc.a(lib_a-sbrkr.o)
                              f:/windowsstuff/12.0/nios2eds/bin/gnu/h-i686-mingw32/bin/../lib/gcc/nios2-elf/4.1.2/../../../../nios2-elf/lib\libc.a(lib_a-mallocr.o) (_sbrk_r)
f:/windowsstuff/12.0/nios2eds/bin/gnu/h-i686-mingw32/bin/../lib/gcc/nios2-elf/4.1.2/../../../../nios2-elf/lib\libc.a(lib_a-wsetup.o)
                              f:/windowsstuff/12.0/nios2eds/bin/gnu/h-i686-mingw32/bin/../lib/gcc/nios2-elf/4.1.2/../../../../nios2-elf/lib\libc.a(lib_a-fvwrite.o) (__swsetup_r)
f:/windowsstuff/12.0/nios2eds/bin/gnu/h-i686-mingw32/bin/../lib/gcc/nios2-elf/4.1.2/../../../../nios2-elf/lib\libc.a(lib_a-fflush.o)
                              f:/windowsstuff/12.0/nios2eds/bin/gnu/h-i686-mingw32/bin/../lib/gcc/nios2-elf/4.1.2/../../../../nios2-elf/lib\libc.a(lib_a-fvwrite.o) (_fflush_r)
f:/windowsstuff/12.0/nios2eds/bin/gnu/h-i686-mingw32/bin/../lib/gcc/nios2-elf/4.1.2/../../../../nios2-elf/lib\libc.a(lib_a-findfp.o)
                              f:/windowsstuff/12.0/nios2eds/bin/gnu/h-i686-mingw32/bin/../lib/gcc/nios2-elf/4.1.2/../../../../nios2-elf/lib\libc.a(lib_a-wsetup.o) (__sinit)
f:/windowsstuff/12.0/nios2eds/bin/gnu/h-i686-mingw32/bin/../lib/gcc/nios2-elf/4.1.2/../../../../nios2-elf/lib\libc.a(lib_a-freer.o)
                              f:/windowsstuff/12.0/nios2eds/bin/gnu/h-i686-mingw32/bin/../lib/gcc/nios2-elf/4.1.2/../../../../nios2-elf/lib\libc.a(lib_a-fvwrite.o) (_free_r)
f:/windowsstuff/12.0/nios2eds/bin/gnu/h-i686-mingw32/bin/../lib/gcc/nios2-elf/4.1.2/../../../../nios2-elf/lib\libc.a(lib_a-fwalk.o)
                              f:/windowsstuff/12.0/nios2eds/bin/gnu/h-i686-mingw32/bin/../lib/gcc/nios2-elf/4.1.2/../../../../nios2-elf/lib\libc.a(lib_a-fflush.o) (_fwalk_reent)
f:/windowsstuff/12.0/nios2eds/bin/gnu/h-i686-mingw32/bin/../lib/gcc/nios2-elf/4.1.2/../../../../nios2-elf/lib\libc.a(lib_a-int_errno.o)
                              f:/windowsstuff/12.0/nios2eds/bin/gnu/h-i686-mingw32/bin/../lib/gcc/nios2-elf/4.1.2/../../../../nios2-elf/lib\libc.a(lib_a-sbrkr.o) (errno)
f:/windowsstuff/12.0/nios2eds/bin/gnu/h-i686-mingw32/bin/../lib/gcc/nios2-elf/4.1.2/../../../../nios2-elf/lib\libc.a(lib_a-makebuf.o)
[...]
Memory Configuration

Name             Origin             Length             Attributes
onchip_memory2_0 0x00000000         0x00001000
reset            0x01000000         0x00000020
sdram_0          0x01000020         0x007fffe0
*default*        0x00000000         0xffffffff

Linker script and memory map

LOAD C:/Users/jorde_000/Documents/GitHub/LaserSharknado/LaserSharknado_bsp//obj/HAL/src/crt0.o
LOAD obj/default/hello_world.o
LOAD f:/windowsstuff/12.0/nios2eds/bin/gnu/h-i686-mingw32/bin/../lib/gcc/nios2-elf/4.1.2/../../../../nios2-elf/lib\libstdc++.a
LOAD f:/windowsstuff/12.0/nios2eds/bin/gnu/h-i686-mingw32/bin/../lib/gcc/nios2-elf/4.1.2/../../../../nios2-elf/lib\libm.a
LOAD f:/windowsstuff/12.0/nios2eds/bin/gnu/h-i686-mingw32/bin/../lib/gcc/nios2-elf/4.1.2\libgcc.a
START GROUP
LOAD f:/windowsstuff/12.0/nios2eds/bin/gnu/h-i686-mingw32/bin/../lib/gcc/nios2-elf/4.1.2/../../../../nios2-elf/lib\libc.a
LOAD f:/windowsstuff/12.0/nios2eds/bin/gnu/h-i686-mingw32/bin/../lib/gcc/nios2-elf/4.1.2\libgcc.a
LOAD C:/Users/jorde_000/Documents/GitHub/LaserSharknado/LaserSharknado_bsp/\libhal_bsp.a
END GROUP
LOAD f:/windowsstuff/12.0/nios2eds/bin/gnu/h-i686-mingw32/bin/../lib/gcc/nios2-elf/4.1.2\libgcc.a
                0x00000000                __alt_mem_onchip_memory2_0 = 0x0
                0x01000000                __alt_mem_sdram_0 = 0x1000000

.entry          0x01000000       0x20
 *(.entry)
 .entry         0x01000000       0x20 C:/Users/jorde_000/Documents/GitHub/LaserSharknado/LaserSharknado_bsp//obj/HAL/src/crt0.o
                0x01000000                __reset

.exceptions     0x01000020      0x194
                0x01000020                PROVIDE (__ram_exceptions_start, ABSOLUTE (.))
                0x01000020                . = ALIGN (0x20)
 *(.irq)
 *(.exceptions.entry.label)
 .exceptions.entry.label
                0x01000020        0x0 C:/Users/jorde_000/Documents/GitHub/LaserSharknado/LaserSharknado_bsp/\libhal_bsp.a(alt_irq_entry.o)
                0x01000020                alt_irq_entry
 .exceptions.entry.label
                0x01000020        0x0 C:/Users/jorde_000/Documents/GitHub/LaserSharknado/LaserSharknado_bsp/\libhal_bsp.a(alt_exception_entry.o)
                0x01000020                alt_exception
 *(.exceptions.entry.user)
 *(.exceptions.entry)
 .exceptions.entry
                0x01000020       0x54 C:/Users/jorde_000/Documents/GitHub/LaserSharknado/LaserSharknado_bsp/\libhal_bsp.a(alt_exception_entry.o)
 *(.exceptions.irqtest.user)
 *(.exceptions.irqtest)
 .exceptions.irqtest
                0x01000074       0x10 C:/Users/jorde_000/Documents/GitHub/LaserSharknado/LaserSharknado_bsp/\libhal_bsp.a(alt_irq_entry.o)
 *(.exceptions.irqhandler.user)
 *(.exceptions.irqhandler)
 .exceptions.irqhandler
                0x01000084        0x4 C:/Users/jorde_000/Documents/GitHub/LaserSharknado/LaserSharknado_bsp/\libhal_bsp.a(alt_irq_entry.o)
 *(.exceptions.irqreturn.user)
 *(.exceptions.irqreturn)
 .exceptions.irqreturn
                0x01000088        0x4 C:/Users/jorde_000/Documents/GitHub/LaserSharknado/LaserSharknado_bsp/\libhal_bsp.a(alt_irq_entry.o)
 *(.exceptions.notirq.label)
 .exceptions.notirq.label
                0x0100008c        0x0 C:/Users/jorde_000/Documents/GitHub/LaserSharknado/LaserSharknado_bsp/\libhal_bsp.a(alt_irq_entry.o)
 *(.exceptions.notirq.user)
 *(.exceptions.notirq)
 .exceptions.notirq
                0x0100008c        0x8 C:/Users/jorde_000/Documents/GitHub/LaserSharknado/LaserSharknado_bsp/\libhal_bsp.a(alt_exception_entry.o)
 *(.exceptions.soft.user)
 *(.exceptions.soft)
 *(.exceptions.unknown.user)
 *(.exceptions.unknown)
 .exceptions.unknown
                0x01000094        0x4 C:/Users/jorde_000/Documents/GitHub/LaserSharknado/LaserSharknado_bsp/\libhal_bsp.a(alt_exception_entry.o)
 *(.exceptions.exit.label)
 .exceptions.exit.label
                0x01000098        0x0 C:/Users/jorde_000/Documents/GitHub/LaserSharknado/LaserSharknado_bsp/\libhal_bsp.a(alt_irq_entry.o)
 .exceptions.exit.label
                0x01000098        0x0 C:/Users/jorde_000/Documents/GitHub/LaserSharknado/LaserSharknado_bsp/\libhal_bsp.a(alt_exception_entry.o)
 *(.exceptions.exit.user)
 *(.exceptions.exit)
 .exceptions.exit
                0x01000098       0x54 C:/Users/jorde_000/Documents/GitHub/LaserSharknado/LaserSharknado_bsp/\libhal_bsp.a(alt_exception_entry.o)
 *(.exceptions)
 .exceptions    0x010000ec       0xc8 C:/Users/jorde_000/Documents/GitHub/LaserSharknado/LaserSharknado_bsp/\libhal_bsp.a(alt_irq_handler.o)
                0x010000ec                alt_irq_handler
                0x010001b4                PROVIDE (__ram_exceptions_end, ABSOLUTE (.))
                0x01000020                PROVIDE (__flash_exceptions_start, LOADADDR (.exceptions))

.text           0x010001b4     0x58b0
                0x010001b4                PROVIDE (stext, ABSOLUTE (.))
 *(.interp)
 *(.hash)
 *(.dynsym)
 *(.dynstr)
 *(.gnu.version)
 *(.gnu.version_d)
 *(.gnu.version_r)
 *(.rel.init)
 *(.rela.init)
 *(.rel.text .rel.text.* .rel.gnu.linkonce.t.*)
 *(.rela.text .rela.text.* .rela.gnu.linkonce.t.*)
 *(.rel.fini)
 *(.rela.fini)
 *(.rel.rodata .rel.rodata.* .rel.gnu.linkonce.r.*)
 *(.rela.rodata .rela.rodata.* .rela.gnu.linkonce.r.*)
 *(.rel.data .rel.data.* .rel.gnu.linkonce.d.*)
 *(.rela.data .rela.data.* .rela.gnu.linkonce.d.*)
 *(.rel.tdata .rel.tdata.* .rel.gnu.linkonce.td.*)
 *(.rela.tdata .rela.tdata.* .rela.gnu.linkonce.td.*)
 *(.rel.tbss .rel.tbss.* .rel.gnu.linkonce.tb.*)
 *(.rela.tbss .rela.tbss.* .rela.gnu.linkonce.tb.*)
 *(.rel.ctors)
 *(.rela.ctors)
 *(.rel.dtors)
 *(.rela.dtors)
 *(.rel.got)
 *(.rela.got)
 *(.rel.sdata .rel.sdata.* .rel.gnu.linkonce.s.*)
 *(.rela.sdata .rela.sdata.* .rela.gnu.linkonce.s.*)
 *(.rel.sbss .rel.sbss.* .rel.gnu.linkonce.sb.*)
 *(.rela.sbss .rela.sbss.* .rela.gnu.linkonce.sb.*)
 *(.rel.sdata2 .rel.sdata2.* .rel.gnu.linkonce.s2.*)
 *(.rela.sdata2 .rela.sdata2.* .rela.gnu.linkonce.s2.*)
 *(.rel.sbss2 .rel.sbss2.* .rel.gnu.linkonce.sb2.*)
 *(.rela.sbss2 .rela.sbss2.* .rela.gnu.linkonce.sb2.*)
 *(.rel.bss .rel.bss.* .rel.gnu.linkonce.b.*)
 *(.rela.bss .rela.bss.* .rela.gnu.linkonce.b.*)
 *(.rel.plt)
 *(.rela.plt)
 *(.rel.dyn)
 *(.init)
 *(.plt)
 *(.text .stub .text.* .gnu.linkonce.t.*)
 .text          0x010001b4       0x3c C:/Users/jorde_000/Documents/GitHub/LaserSharknado/LaserSharknado_bsp//obj/HAL/src/crt0.o
                0x010001b4                _start
 .text          0x010001f0       0xcc obj/default/hello_world.o
                0x010001f0                main
 .text          0x010002bc       0xb4 f:/windowsstuff/12.0/nios2eds/bin/gnu/h-i686-mingw32/bin/../lib/gcc/nios2-elf/4.1.2/../../../../nios2-elf/lib\libc.a(lib_a-puts.o)
                0x010002bc                _puts_r
                0x0100035c                puts
 .text          0x01000370       0x74 f:/windowsstuff/12.0/nios2eds/bin/gnu/h-i686-mingw32/bin/../lib/gcc/nios2-elf/4.1.2/../../../../nios2-elf/lib\libc.a(lib_a-strlen.o)
                0x01000370                strlen
 .text          0x010003e4      0x49c f:/windowsstuff/12.0/nios2eds/bin/gnu/h-i686-mingw32/bin/../lib/gcc/nios2-elf/4.1.2/../../../../nios2-elf/lib\libc.a(lib_a-fvwrite.o)
                0x010003e4                __sfvwrite_r
 .text          0x01000880        0x0 f:/windowsstuff/12.0/nios2eds/bin/gnu/h-i686-mingw32/bin/../lib/gcc/nios2-elf/4.1.2/../../../../nios2-elf/lib\libc.a(lib_a-impure.o)
 .text          0x01000880      0x740 f:/windowsstuff/12.0/nios2eds/bin/gnu/h-i686-mingw32/bin/../lib/gcc/nios2-elf/4.1.2/../../../../nios2-elf/lib\libc.a(lib_a-mallocr.o)
                0x01000880                _malloc_r
 .text          0x01000fc0       0xe4 f:/windowsstuff/12.0/nios2eds/bin/gnu/h-i686-mingw32/bin/../lib/gcc/nios2-elf/4.1.2/../../../../nios2-elf/lib\libc.a(lib_a-memchr.o)
                0x01000fc0                memchr
 .text          0x010010a4       0xa0 f:/windowsstuff/12.0/nios2eds/bin/gnu/h-i686-mingw32/bin/../lib/gcc/nios2-elf/4.1.2/../../../../nios2-elf/lib\libc.a(lib_a-memcpy.o)
                0x010010a4                memcpy
 .text          0x01001144       0xe0 f:/windowsstuff/12.0/nios2eds/bin/gnu/h-i686-mingw32/bin/../lib/gcc/nios2-elf/4.1.2/../../../../nios2-elf/lib\libc.a(lib_a-memmove.o)
                0x01001144                memmove
 .text          0x01001224      0x5f4 f:/windowsstuff/12.0/nios2eds/bin/gnu/h-i686-mingw32/bin/../lib/gcc/nios2-elf/4.1.2/../../../../nios2-elf/lib\libc.a(lib_a-reallocr.o)
                0x01001224                _realloc_r
 .text          0x01001818       0x70 f:/windowsstuff/12.0/nios2eds/bin/gnu/h-i686-mingw32/bin/../lib/gcc/nios2-elf/4.1.2/../../../../nios2-elf/lib\libc.a(lib_a-sbrkr.o)
                0x01001818                _sbrk_r
 .text          0x01001888      0x13c f:/windowsstuff/12.0/nios2eds/bin/gnu/h-i686-mingw32/bin/../lib/gcc/nios2-elf/4.1.2/../../../../nios2-elf/lib\libc.a(lib_a-wsetup.o)
                0x01001888                __swsetup_r
 .text          0x010019c4      0x230 f:/windowsstuff/12.0/nios2eds/bin/gnu/h-i686-mingw32/bin/../lib/gcc/nios2-elf/4.1.2/../../../../nios2-elf/lib\libc.a(lib_a-fflush.o)
                0x010019c4                _fflush_r
                0x01001bc0                fflush
 .text          0x01001bf4      0x2c0 f:/windowsstuff/12.0/nios2eds/bin/gnu/h-i686-mingw32/bin/../lib/gcc/nios2-elf/4.1.2/../../../../nios2-elf/lib\libc.a(lib_a-findfp.o)
                0x01001c4c                __sfp_lock_acquire
                0x01001c50                __sfp_lock_release
                0x01001c54                __sinit_lock_acquire
                0x01001c58                __sinit_lock_release
                0x01001c5c                __sinit
                0x01001d10                __fp_unlock_all
                0x01001d28                __fp_lock_all
                0x01001d40                _cleanup_r
                0x01001d4c                _cleanup
                0x01001d5c                __sfmoreglue
                0x01001dc4                __sfp
 .text          0x01001eb4      0x440 f:/windowsstuff/12.0/nios2eds/bin/gnu/h-i686-mingw32/bin/../lib/gcc/nios2-elf/4.1.2/../../../../nios2-elf/lib\libc.a(lib_a-freer.o)
                0x01001eb4                _malloc_trim_r
                0x01001fe0                _free_r
 .text          0x010022f4      0x180 f:/windowsstuff/12.0/nios2eds/bin/gnu/h-i686-mingw32/bin/../lib/gcc/nios2-elf/4.1.2/../../../../nios2-elf/lib\libc.a(lib_a-fwalk.o)
                0x010022f4                _fwalk_reent
                0x010023bc                _fwalk
 .text          0x01002474        0x0 f:/windowsstuff/12.0/nios2eds/bin/gnu/h-i686-mingw32/bin/../lib/gcc/nios2-elf/4.1.2/../../../../nios2-elf/lib\libc.a(lib_a-int_errno.o)
 .text          0x01002474      0x194 f:/windowsstuff/12.0/nios2eds/bin/gnu/h-i686-mingw32/bin/../lib/gcc/nios2-elf/4.1.2/../../../../nios2-elf/lib\libc.a(lib_a-makebuf.o)
                0x01002474                __smakebuf_r
 .text          0x01002608       0x98 f:/windowsstuff/12.0/nios2eds/bin/gnu/h-i686-mingw32/bin/../lib/gcc/nios2-elf/4.1.2/../../../../nios2-elf/lib\libc.a(lib_a-memset.o)
                0x01002608                memset
 .text          0x010026a0      0x14c f:/windowsstuff/12.0/nios2eds/bin/gnu/h-i686-mingw32/bin/../lib/gcc/nios2-elf/4.1.2/../../../../nios2-elf/lib\libc.a(lib_a-stdio.o)
                0x010026a0                __sclose
                0x010026a8                __sseek
                0x01002710                __swrite
                0x0100278c                __sread
 .text          0x010027ec       0x78 f:/windowsstuff/12.0/nios2eds/bin/gnu/h-i686-mingw32/bin/../lib/gcc/nios2-elf/4.1.2/../../../../nios2-elf/lib\libc.a(lib_a-writer.o)
                0x010027ec                _write_r
 .text          0x01002864       0x70 f:/windowsstuff/12.0/nios2eds/bin/gnu/h-i686-mingw32/bin/../lib/gcc/nios2-elf/4.1.2/../../../../nios2-elf/lib\libc.a(lib_a-closer.o)
                0x01002864                _close_r
 .text          0x010028d4      0x124 f:/windowsstuff/12.0/nios2eds/bin/gnu/h-i686-mingw32/bin/../lib/gcc/nios2-elf/4.1.2/../../../../nios2-elf/lib\libc.a(lib_a-fclose.o)
                0x010028d4                _fclose_r
                0x010029e4                fclose
 .text          0x010029f8       0x74 f:/windowsstuff/12.0/nios2eds/bin/gnu/h-i686-mingw32/bin/../lib/gcc/nios2-elf/4.1.2/../../../../nios2-elf/lib\libc.a(lib_a-fstatr.o)
                0x010029f8                _fstat_r
 .text          0x01002a6c       0x70 f:/windowsstuff/12.0/nios2eds/bin/gnu/h-i686-mingw32/bin/../lib/gcc/nios2-elf/4.1.2/../../../../nios2-elf/lib\libc.a(lib_a-isattyr.o)
                0x01002a6c                _isatty_r
 .text          0x01002adc       0x78 f:/windowsstuff/12.0/nios2eds/bin/gnu/h-i686-mingw32/bin/../lib/gcc/nios2-elf/4.1.2/../../../../nios2-elf/lib\libc.a(lib_a-lseekr.o)
                0x01002adc                _lseek_r
 .text          0x01002b54       0x78 f:/windowsstuff/12.0/nios2eds/bin/gnu/h-i686-mingw32/bin/../lib/gcc/nios2-elf/4.1.2/../../../../nios2-elf/lib\libc.a(lib_a-readr.o)
                0x01002b54                _read_r
 .text          0x01002bcc      0x15c C:/Users/jorde_000/Documents/GitHub/LaserSharknado/LaserSharknado_bsp/\libhal_bsp.a(alt_close.o)
                0x01002bcc                close
 .text          0x01002d28       0x2c C:/Users/jorde_000/Documents/GitHub/LaserSharknado/LaserSharknado_bsp/\libhal_bsp.a(alt_dev.o)
 .text          0x01002d54        0x0 C:/Users/jorde_000/Documents/GitHub/LaserSharknado/LaserSharknado_bsp/\libhal_bsp.a(alt_errno.o)
 .text          0x01002d54      0x134 C:/Users/jorde_000/Documents/GitHub/LaserSharknado/LaserSharknado_bsp/\libhal_bsp.a(alt_fstat.o)
                0x01002d54                fstat
 .text          0x01002e88      0x120 C:/Users/jorde_000/Documents/GitHub/LaserSharknado/LaserSharknado_bsp/\libhal_bsp.a(alt_isatty.o)
                0x01002e88                isatty
 .text          0x01002fa8       0xec C:/Users/jorde_000/Documents/GitHub/LaserSharknado/LaserSharknado_bsp/\libhal_bsp.a(alt_load.o)
                0x01002fa8                alt_load
 .text          0x01003094      0x150 C:/Users/jorde_000/Documents/GitHub/LaserSharknado/LaserSharknado_bsp/\libhal_bsp.a(alt_lseek.o)
                0x01003094                lseek
 .text          0x010031e4       0x6c C:/Users/jorde_000/Documents/GitHub/LaserSharknado/LaserSharknado_bsp/\libhal_bsp.a(alt_main.o)
                0x010031e4                alt_main
 .text          0x01003250       0x40 C:/Users/jorde_000/Documents/GitHub/LaserSharknado/LaserSharknado_bsp/\libhal_bsp.a(alt_malloc_lock.o)
                0x01003250                __malloc_lock
                0x01003270                __malloc_unlock
 .text          0x01003290      0x180 C:/Users/jorde_000/Documents/GitHub/LaserSharknado/LaserSharknado_bsp/\libhal_bsp.a(alt_read.o)
                0x01003290                read
 .text          0x01003410       0x60 C:/Users/jorde_000/Documents/GitHub/LaserSharknado/LaserSharknado_bsp/\libhal_bsp.a(alt_release_fd.o)
                0x01003410                alt_release_fd
 .text          0x01003470       0xbc C:/Users/jorde_000/Documents/GitHub/LaserSharknado/LaserSharknado_bsp/\libhal_bsp.a(alt_sbrk.o)
                0x01003470                sbrk
 .text          0x0100352c      0x180 C:/Users/jorde_000/Documents/GitHub/LaserSharknado/LaserSharknado_bsp/\libhal_bsp.a(alt_write.o)
                0x0100352c                write
 .text          0x010036ac       0xc8 C:/Users/jorde_000/Documents/GitHub/LaserSharknado/LaserSharknado_bsp/\libhal_bsp.a(alt_sys_init.o)
                0x010036ac                alt_irq_init
                0x010036e0                alt_sys_init
 .text          0x01003774      0x148 C:/Users/jorde_000/Documents/GitHub/LaserSharknado/LaserSharknado_bsp/\libhal_bsp.a(altera_avalon_jtag_uart_fd.o)
                0x01003774                altera_avalon_jtag_uart_read_fd
                0x010037cc                altera_avalon_jtag_uart_write_fd
                0x01003824                altera_avalon_jtag_uart_close_fd
                0x0100386c                altera_avalon_jtag_uart_ioctl_fd
 .text          0x010038bc      0x40c C:/Users/jorde_000/Documents/GitHub/LaserSharknado/LaserSharknado_bsp/\libhal_bsp.a(altera_avalon_jtag_uart_init.o)
                0x010038bc                altera_avalon_jtag_uart_init
                0x01003c54                altera_avalon_jtag_uart_close
 .text          0x01003cc8       0xf4 C:/Users/jorde_000/Documents/GitHub/LaserSharknado/LaserSharknado_bsp/\libhal_bsp.a(altera_avalon_jtag_uart_ioctl.o)
                0x01003cc8                altera_avalon_jtag_uart_ioctl
 .text          0x01003dbc      0x224 C:/Users/jorde_000/Documents/GitHub/LaserSharknado/LaserSharknado_bsp/\libhal_bsp.a(altera_avalon_jtag_uart_read.o)
                0x01003dbc                altera_avalon_jtag_uart_read
 .text          0x01003fe0      0x240 C:/Users/jorde_000/Documents/GitHub/LaserSharknado/LaserSharknado_bsp/\libhal_bsp.a(altera_avalon_jtag_uart_write.o)
                0x01003fe0                altera_avalon_jtag_uart_write
 .text          0x01004220      0x530 C:/Users/jorde_000/Documents/GitHub/LaserSharknado/LaserSharknado_bsp/\libhal_bsp.a(altera_up_avalon_character_lcd.o)
                0x01004220                get_DDRAM_addr
                0x0100429c                alt_up_character_lcd_send_cmd
                0x010042d0                alt_up_character_lcd_init
                0x01004304                alt_up_character_lcd_open_dev
                0x01004344                alt_up_character_lcd_write
                0x010043bc                alt_up_character_lcd_string
                0x01004434                alt_up_character_lcd_write_fd
                0x01004480                alt_up_character_lcd_set_cursor_pos
                0x010044f8                alt_up_character_lcd_shift_cursor
                0x010045a8                alt_up_character_lcd_shift_display
                0x01004658                alt_up_character_lcd_erase_pos
                0x010046e8                alt_up_character_lcd_cursor_off
                0x0100471c                alt_up_character_lcd_cursor_blink_on
 .text          0x01004750      0x154 C:/Users/jorde_000/Documents/GitHub/LaserSharknado/LaserSharknado_bsp/\libhal_bsp.a(alt_alarm_start.o)
                0x01004750                alt_alarm_start
 .text          0x010048a4       0x1c C:/Users/jorde_000/Documents/GitHub/LaserSharknado/LaserSharknado_bsp/\libhal_bsp.a(alt_dcache_flush_all.o)
                0x010048a4                alt_dcache_flush_all
 .text          0x010048c0      0x114 C:/Users/jorde_000/Documents/GitHub/LaserSharknado/LaserSharknado_bsp/\libhal_bsp.a(alt_dev_llist_insert.o)
                0x010048c0                alt_dev_llist_insert
 .text          0x010049d4       0x64 C:/Users/jorde_000/Documents/GitHub/LaserSharknado/LaserSharknado_bsp/\libhal_bsp.a(alt_do_ctors.o)
                0x010049d4                _do_ctors
 .text          0x01004a38       0x64 C:/Users/jorde_000/Documents/GitHub/LaserSharknado/LaserSharknado_bsp/\libhal_bsp.a(alt_do_dtors.o)
                0x01004a38                _do_dtors
 .text          0x01004a9c       0x94 C:/Users/jorde_000/Documents/GitHub/LaserSharknado/LaserSharknado_bsp/\libhal_bsp.a(alt_find_dev.o)
                0x01004a9c                alt_find_dev
 .text          0x01004b30       0x30 C:/Users/jorde_000/Documents/GitHub/LaserSharknado/LaserSharknado_bsp/\libhal_bsp.a(alt_icache_flush_all.o)
                0x01004b30                alt_icache_flush_all
 .text          0x01004b60      0x1d4 C:/Users/jorde_000/Documents/GitHub/LaserSharknado/LaserSharknado_bsp/\libhal_bsp.a(alt_iic.o)
                0x01004b60                alt_ic_isr_register
                0x01004bb0                alt_ic_irq_enable
                0x01004c4c                alt_ic_irq_disable
                0x01004cec                alt_ic_irq_enabled
 .text          0x01004d34       0xf8 C:/Users/jorde_000/Documents/GitHub/LaserSharknado/LaserSharknado_bsp/\libhal_bsp.a(alt_iic_isr_register.o)
                0x01004d34                alt_iic_isr_register
 .text          0x01004e2c      0x13c C:/Users/jorde_000/Documents/GitHub/LaserSharknado/LaserSharknado_bsp/\libhal_bsp.a(alt_io_redirect.o)
                0x01004ef0                alt_io_redirect
 .text          0x01004f68        0x0 C:/Users/jorde_000/Documents/GitHub/LaserSharknado/LaserSharknado_bsp/\libhal_bsp.a(alt_irq_entry.o)
 .text          0x01004f68        0x0 C:/Users/jorde_000/Documents/GitHub/LaserSharknado/LaserSharknado_bsp/\libhal_bsp.a(alt_irq_handler.o)
 .text          0x01004f68        0x0 C:/Users/jorde_000/Documents/GitHub/LaserSharknado/LaserSharknado_bsp/\libhal_bsp.a(alt_irq_vars.o)
 .text          0x01004f68      0x2c4 C:/Users/jorde_000/Documents/GitHub/LaserSharknado/LaserSharknado_bsp/\libhal_bsp.a(alt_open.o)
                0x01005044                open
 .text          0x0100522c      0x1a4 C:/Users/jorde_000/Documents/GitHub/LaserSharknado/LaserSharknado_bsp/\libhal_bsp.a(alt_tick.o)
                0x0100522c                alt_alarm_stop
                0x010052c4                alt_tick
 .text          0x010053d0       0x20 C:/Users/jorde_000/Documents/GitHub/LaserSharknado/LaserSharknado_bsp/\libhal_bsp.a(altera_nios2_qsys_irq.o)
                0x010053d0                altera_nios2_qsys_irq_init
 .text          0x010053f0        0x0 C:/Users/jorde_000/Documents/GitHub/LaserSharknado/LaserSharknado_bsp/\libhal_bsp.a(alt_exception_entry.o)
 .text          0x010053f0      0x120 C:/Users/jorde_000/Documents/GitHub/LaserSharknado/LaserSharknado_bsp/\libhal_bsp.a(alt_find_file.o)
                0x010053f0                alt_find_file
 .text          0x01005510       0xb8 C:/Users/jorde_000/Documents/GitHub/LaserSharknado/LaserSharknado_bsp/\libhal_bsp.a(alt_get_fd.o)
                0x01005510                alt_get_fd
 .text          0x010055c8       0x90 C:/Users/jorde_000/Documents/GitHub/LaserSharknado/LaserSharknado_bsp/\libhal_bsp.a(alt_icache_flush.o)
                0x010055c8                alt_icache_flush
 .text          0x01005658       0x14 f:/windowsstuff/12.0/nios2eds/bin/gnu/h-i686-mingw32/bin/../lib/gcc/nios2-elf/4.1.2/../../../../nios2-elf/lib\libc.a(lib_a-atexit.o)
                0x01005658                atexit
 .text          0x0100566c       0x38 f:/windowsstuff/12.0/nios2eds/bin/gnu/h-i686-mingw32/bin/../lib/gcc/nios2-elf/4.1.2/../../../../nios2-elf/lib\libc.a(lib_a-exit.o)
                0x0100566c                exit
 .text          0x010056a4       0x74 f:/windowsstuff/12.0/nios2eds/bin/gnu/h-i686-mingw32/bin/../lib/gcc/nios2-elf/4.1.2/../../../../nios2-elf/lib\libc.a(lib_a-memcmp.o)
                0x010056a4                memcmp
 .text          0x01005718      0x134 f:/windowsstuff/12.0/nios2eds/bin/gnu/h-i686-mingw32/bin/../lib/gcc/nios2-elf/4.1.2/../../../../nios2-elf/lib\libc.a(lib_a-__atexit.o)
                0x01005718                __register_exitproc
 .text          0x0100584c      0x1b4 f:/windowsstuff/12.0/nios2eds/bin/gnu/h-i686-mingw32/bin/../lib/gcc/nios2-elf/4.1.2/../../../../nios2-elf/lib\libc.a(lib_a-__call_atexit.o)
                0x01005850                __call_exitprocs
 .text          0x01005a00       0x60 C:/Users/jorde_000/Documents/GitHub/LaserSharknado/LaserSharknado_bsp/\libhal_bsp.a(alt_exit.o)
                0x01005a40                _exit
 *(.gnu.warning.*)
 *(.fini)
                0x01005a60                PROVIDE (__etext, ABSOLUTE (.))
                0x01005a60                PROVIDE (_etext, ABSOLUTE (.))
                0x01005a60                PROVIDE (etext, ABSOLUTE (.))
 *(.eh_frame_hdr)
                0x01005a60                . = ALIGN (0x4)
                0x01005a60                PROVIDE (__preinit_array_start, ABSOLUTE (.))
 *(.preinit_array)
                0x01005a60                PROVIDE (__preinit_array_end, ABSOLUTE (.))
                0x01005a60                PROVIDE (__init_array_start, ABSOLUTE (.))
 *(.init_array)
                0x01005a60                PROVIDE (__init_array_end, ABSOLUTE (.))
                0x01005a60                PROVIDE (__fini_array_start, ABSOLUTE (.))
 *(.fini_array)
                0x01005a60                PROVIDE (__fini_array_end, ABSOLUTE (.))
 *(.eh_frame)
 *(.gcc_except_table)
 *(.dynamic)
                0x01005a60                PROVIDE (__CTOR_LIST__, ABSOLUTE (.))
 *(.ctors)
 *(SORT(.ctors.*))
 .ctors.65535   0x01005a60        0x4 f:/windowsstuff/12.0/nios2eds/bin/gnu/h-i686-mingw32/bin/../lib/gcc/nios2-elf/4.1.2/../../../../nios2-elf/lib\libc.a(lib_a-__call_atexit.o)
                0x01005a64                PROVIDE (__CTOR_END__, ABSOLUTE (.))
                0x01005a64                PROVIDE (__DTOR_LIST__, ABSOLUTE (.))
 *(.dtors)
 *(SORT(.dtors.*))
                0x01005a64                PROVIDE (__DTOR_END__, ABSOLUTE (.))
 *(.jcr)
                0x01005a64                . = ALIGN (0x4)

.rodata         0x01005a64       0xe0
                0x01005a64                PROVIDE (__ram_rodata_start, ABSOLUTE (.))
                0x01005a64                . = ALIGN (0x4)
 *(.rodata .rodata.* .gnu.linkonce.r.*)
 .rodata        0x01005a64       0x8c obj/default/hello_world.o
 .rodata.str1.4
                0x01005af0        0x2 f:/windowsstuff/12.0/nios2eds/bin/gnu/h-i686-mingw32/bin/../lib/gcc/nios2-elf/4.1.2/../../../../nios2-elf/lib\libc.a(lib_a-puts.o)
                                  0x4 (size before relaxing)
 *fill*         0x01005af2        0x2 00
 .rodata.str1.4
                0x01005af4        0x4 f:/windowsstuff/12.0/nios2eds/bin/gnu/h-i686-mingw32/bin/../lib/gcc/nios2-elf/4.1.2/../../../../nios2-elf/lib\libc.a(lib_a-impure.o)
 .rodata        0x01005af8        0xc C:/Users/jorde_000/Documents/GitHub/LaserSharknado/LaserSharknado_bsp/\libhal_bsp.a(alt_dev.o)
 .rodata        0x01005b04       0x14 C:/Users/jorde_000/Documents/GitHub/LaserSharknado/LaserSharknado_bsp/\libhal_bsp.a(alt_main.o)
 .rodata        0x01005b18       0x2c C:/Users/jorde_000/Documents/GitHub/LaserSharknado/LaserSharknado_bsp/\libhal_bsp.a(alt_sys_init.o)
 *(.rodata1)
                0x01005b44                . = ALIGN (0x4)
                0x01005b44                PROVIDE (__ram_rodata_end, ABSOLUTE (.))
                0x01005a64                PROVIDE (__flash_rodata_start, LOADADDR (.rodata))

.rwdata         0x01005b44     0x1a74 load address 0x010075b8
                0x01005b44                PROVIDE (__ram_rwdata_start, ABSOLUTE (.))
                0x01005b44                . = ALIGN (0x4)
 *(.got.plt)
 *(.got)
 *(.data1)
 *(.data .data.* .gnu.linkonce.d.*)
 .data          0x01005b44        0x0 C:/Users/jorde_000/Documents/GitHub/LaserSharknado/LaserSharknado_bsp//obj/HAL/src/crt0.o
 .data          0x01005b44        0x0 obj/default/hello_world.o
 .data          0x01005b44        0x0 f:/windowsstuff/12.0/nios2eds/bin/gnu/h-i686-mingw32/bin/../lib/gcc/nios2-elf/4.1.2/../../../../nios2-elf/lib\libc.a(lib_a-puts.o)
 .data          0x01005b44        0x0 f:/windowsstuff/12.0/nios2eds/bin/gnu/h-i686-mingw32/bin/../lib/gcc/nios2-elf/4.1.2/../../../../nios2-elf/lib\libc.a(lib_a-strlen.o)
 .data          0x01005b44        0x0 f:/windowsstuff/12.0/nios2eds/bin/gnu/h-i686-mingw32/bin/../lib/gcc/nios2-elf/4.1.2/../../../../nios2-elf/lib\libc.a(lib_a-fvwrite.o)
 .data          0x01005b44      0x400 f:/windowsstuff/12.0/nios2eds/bin/gnu/h-i686-mingw32/bin/../lib/gcc/nios2-elf/4.1.2/../../../../nios2-elf/lib\libc.a(lib_a-impure.o)
 .data          0x01005f44      0x408 f:/windowsstuff/12.0/nios2eds/bin/gnu/h-i686-mingw32/bin/../lib/gcc/nios2-elf/4.1.2/../../../../nios2-elf/lib\libc.a(lib_a-mallocr.o)
                0x01005f44                __malloc_av_
 .data          0x0100634c        0x0 f:/windowsstuff/12.0/nios2eds/bin/gnu/h-i686-mingw32/bin/../lib/gcc/nios2-elf/4.1.2/../../../../nios2-elf/lib\libc.a(lib_a-memchr.o)
 .data          0x0100634c        0x0 f:/windowsstuff/12.0/nios2eds/bin/gnu/h-i686-mingw32/bin/../lib/gcc/nios2-elf/4.1.2/../../../../nios2-elf/lib\libc.a(lib_a-memcpy.o)
 .data          0x0100634c        0x0 f:/windowsstuff/12.0/nios2eds/bin/gnu/h-i686-mingw32/bin/../lib/gcc/nios2-elf/4.1.2/../../../../nios2-elf/lib\libc.a(lib_a-memmove.o)
 .data          0x0100634c        0x0 f:/windowsstuff/12.0/nios2eds/bin/gnu/h-i686-mingw32/bin/../lib/gcc/nios2-elf/4.1.2/../../../../nios2-elf/lib\libc.a(lib_a-reallocr.o)
 .data          0x0100634c        0x0 f:/windowsstuff/12.0/nios2eds/bin/gnu/h-i686-mingw32/bin/../lib/gcc/nios2-elf/4.1.2/../../../../nios2-elf/lib\libc.a(lib_a-sbrkr.o)
 .data          0x0100634c        0x0 f:/windowsstuff/12.0/nios2eds/bin/gnu/h-i686-mingw32/bin/../lib/gcc/nios2-elf/4.1.2/../../../../nios2-elf/lib\libc.a(lib_a-wsetup.o)
 .data          0x0100634c        0x0 f:/windowsstuff/12.0/nios2eds/bin/gnu/h-i686-mingw32/bin/../lib/gcc/nios2-elf/4.1.2/../../../../nios2-elf/lib\libc.a(lib_a-fflush.o)
 .data          0x0100634c        0x0 f:/windowsstuff/12.0/nios2eds/bin/gnu/h-i686-mingw32/bin/../lib/gcc/nios2-elf/4.1.2/../../../../nios2-elf/lib\libc.a(lib_a-findfp.o)
 .data          0x0100634c        0x0 f:/windowsstuff/12.0/nios2eds/bin/gnu/h-i686-mingw32/bin/../lib/gcc/nios2-elf/4.1.2/../../../../nios2-elf/lib\libc.a(lib_a-freer.o)
 .data          0x0100634c        0x0 f:/windowsstuff/12.0/nios2eds/bin/gnu/h-i686-mingw32/bin/../lib/gcc/nios2-elf/4.1.2/../../../../nios2-elf/lib\libc.a(lib_a-fwalk.o)
 .data          0x0100634c        0x0 f:/windowsstuff/12.0/nios2eds/bin/gnu/h-i686-mingw32/bin/../lib/gcc/nios2-elf/4.1.2/../../../../nios2-elf/lib\libc.a(lib_a-int_errno.o)
 .data          0x0100634c        0x0 f:/windowsstuff/12.0/nios2eds/bin/gnu/h-i686-mingw32/bin/../lib/gcc/nios2-elf/4.1.2/../../../../nios2-elf/lib\libc.a(lib_a-makebuf.o)
 .data          0x0100634c        0x0 f:/windowsstuff/12.0/nios2eds/bin/gnu/h-i686-mingw32/bin/../lib/gcc/nios2-elf/4.1.2/../../../../nios2-elf/lib\libc.a(lib_a-memset.o)
 .data          0x0100634c        0x0 f:/windowsstuff/12.0/nios2eds/bin/gnu/h-i686-mingw32/bin/../lib/gcc/nios2-elf/4.1.2/../../../../nios2-elf/lib\libc.a(lib_a-stdio.o)
 .data          0x0100634c        0x0 f:/windowsstuff/12.0/nios2eds/bin/gnu/h-i686-mingw32/bin/../lib/gcc/nios2-elf/4.1.2/../../../../nios2-elf/lib\libc.a(lib_a-writer.o)
 .data          0x0100634c        0x0 f:/windowsstuff/12.0/nios2eds/bin/gnu/h-i686-mingw32/bin/../lib/gcc/nios2-elf/4.1.2/../../../../nios2-elf/lib\libc.a(lib_a-closer.o)
 .data          0x0100634c        0x0 f:/windowsstuff/12.0/nios2eds/bin/gnu/h-i686-mingw32/bin/../lib/gcc/nios2-elf/4.1.2/../../../../nios2-elf/lib\libc.a(lib_a-fclose.o)
 .data          0x0100634c        0x0 f:/windowsstuff/12.0/nios2eds/bin/gnu/h-i686-mingw32/bin/../lib/gcc/nios2-elf/4.1.2/../../../../nios2-elf/lib\libc.a(lib_a-fstatr.o)
 .data          0x0100634c        0x0 f:/windowsstuff/12.0/nios2eds/bin/gnu/h-i686-mingw32/bin/../lib/gcc/nios2-elf/4.1.2/../../../../nios2-elf/lib\libc.a(lib_a-isattyr.o)
 .data          0x0100634c        0x0 f:/windowsstuff/12.0/nios2eds/bin/gnu/h-i686-mingw32/bin/../lib/gcc/nios2-elf/4.1.2/../../../../nios2-elf/lib\libc.a(lib_a-lseekr.o)
 .data          0x0100634c        0x0 f:/windowsstuff/12.0/nios2eds/bin/gnu/h-i686-mingw32/bin/../lib/gcc/nios2-elf/4.1.2/../../../../nios2-elf/lib\libc.a(lib_a-readr.o)
 .data          0x0100634c        0x0 C:/Users/jorde_000/Documents/GitHub/LaserSharknado/LaserSharknado_bsp/\libhal_bsp.a(alt_close.o)
 .data          0x0100634c      0x1a8 C:/Users/jorde_000/Documents/GitHub/LaserSharknado/LaserSharknado_bsp/\libhal_bsp.a(alt_dev.o)
                0x0100634c                alt_dev_null
                0x01006374                alt_fd_list
 .data          0x010064f4        0x0 C:/Users/jorde_000/Documents/GitHub/LaserSharknado/LaserSharknado_bsp/\libhal_bsp.a(alt_errno.o)
 .data          0x010064f4        0x0 C:/Users/jorde_000/Documents/GitHub/LaserSharknado/LaserSharknado_bsp/\libhal_bsp.a(alt_fstat.o)
 .data          0x010064f4        0x0 C:/Users/jorde_000/Documents/GitHub/LaserSharknado/LaserSharknado_bsp/\libhal_bsp.a(alt_isatty.o)
 .data          0x010064f4        0x0 C:/Users/jorde_000/Documents/GitHub/LaserSharknado/LaserSharknado_bsp/\libhal_bsp.a(alt_load.o)
 .data          0x010064f4        0x0 C:/Users/jorde_000/Documents/GitHub/LaserSharknado/LaserSharknado_bsp/\libhal_bsp.a(alt_lseek.o)
 .data          0x010064f4        0x0 C:/Users/jorde_000/Documents/GitHub/LaserSharknado/LaserSharknado_bsp/\libhal_bsp.a(alt_main.o)
 .data          0x010064f4        0x0 C:/Users/jorde_000/Documents/GitHub/LaserSharknado/LaserSharknado_bsp/\libhal_bsp.a(alt_malloc_lock.o)
 .data          0x010064f4        0x0 C:/Users/jorde_000/Documents/GitHub/LaserSharknado/LaserSharknado_bsp/\libhal_bsp.a(alt_read.o)
 .data          0x010064f4        0x0 C:/Users/jorde_000/Documents/GitHub/LaserSharknado/LaserSharknado_bsp/\libhal_bsp.a(alt_release_fd.o)
 .data          0x010064f4        0x0 C:/Users/jorde_000/Documents/GitHub/LaserSharknado/LaserSharknado_bsp/\libhal_bsp.a(alt_sbrk.o)
 .data          0x010064f4        0x0 C:/Users/jorde_000/Documents/GitHub/LaserSharknado/LaserSharknado_bsp/\libhal_bsp.a(alt_write.o)
 .data          0x010064f4     0x108c C:/Users/jorde_000/Documents/GitHub/LaserSharknado/LaserSharknado_bsp/\libhal_bsp.a(alt_sys_init.o)
 .data          0x01007580        0x0 C:/Users/jorde_000/Documents/GitHub/LaserSharknado/LaserSharknado_bsp/\libhal_bsp.a(altera_avalon_jtag_uart_fd.o)
 .data          0x01007580        0x0 C:/Users/jorde_000/Documents/GitHub/LaserSharknado/LaserSharknado_bsp/\libhal_bsp.a(altera_avalon_jtag_uart_init.o)
 .data          0x01007580        0x0 C:/Users/jorde_000/Documents/GitHub/LaserSharknado/LaserSharknado_bsp/\libhal_bsp.a(altera_avalon_jtag_uart_ioctl.o)
 .data          0x01007580        0x0 C:/Users/jorde_000/Documents/GitHub/LaserSharknado/LaserSharknado_bsp/\libhal_bsp.a(altera_avalon_jtag_uart_read.o)
 .data          0x01007580        0x0 C:/Users/jorde_000/Documents/GitHub/LaserSharknado/LaserSharknado_bsp/\libhal_bsp.a(altera_avalon_jtag_uart_write.o)
 .data          0x01007580        0x0 C:/Users/jorde_000/Documents/GitHub/LaserSharknado/LaserSharknado_bsp/\libhal_bsp.a(altera_up_avalon_character_lcd.o)
 .data          0x01007580        0x0 C:/Users/jorde_000/Documents/GitHub/LaserSharknado/LaserSharknado_bsp/\libhal_bsp.a(alt_alarm_start.o)
 .data          0x01007580        0x0 C:/Users/jorde_000/Documents/GitHub/LaserSharknado/LaserSharknado_bsp/\libhal_bsp.a(alt_dcache_flush_all.o)
 .data          0x01007580        0x0 C:/Users/jorde_000/Documents/GitHub/LaserSharknado/LaserSharknado_bsp/\libhal_bsp.a(alt_dev_llist_insert.o)
 .data          0x01007580        0x0 C:/Users/jorde_000/Documents/GitHub/LaserSharknado/LaserSharknado_bsp/\libhal_bsp.a(alt_do_ctors.o)
 .data          0x01007580        0x0 C:/Users/jorde_000/Documents/GitHub/LaserSharknado/LaserSharknado_bsp/\libhal_bsp.a(alt_do_dtors.o)
 .data          0x01007580        0x0 C:/Users/jorde_000/Documents/GitHub/LaserSharknado/LaserSharknado_bsp/\libhal_bsp.a(alt_find_dev.o)
 .data          0x01007580        0x0 C:/Users/jorde_000/Documents/GitHub/LaserSharknado/LaserSharknado_bsp/\libhal_bsp.a(alt_icache_flush_all.o)
 .data          0x01007580        0x0 C:/Users/jorde_000/Documents/GitHub/LaserSharknado/LaserSharknado_bsp/\libhal_bsp.a(alt_iic.o)
 .data          0x01007580        0x0 C:/Users/jorde_000/Documents/GitHub/LaserSharknado/LaserSharknado_bsp/\libhal_bsp.a(alt_iic_isr_register.o)
 .data          0x01007580        0x0 C:/Users/jorde_000/Documents/GitHub/LaserSharknado/LaserSharknado_bsp/\libhal_bsp.a(alt_io_redirect.o)
 .data          0x01007580        0x0 C:/Users/jorde_000/Documents/GitHub/LaserSharknado/LaserSharknado_bsp/\libhal_bsp.a(alt_irq_entry.o)
 .data          0x01007580        0x0 C:/Users/jorde_000/Documents/GitHub/LaserSharknado/LaserSharknado_bsp/\libhal_bsp.a(alt_irq_handler.o)
 .data          0x01007580        0x0 C:/Users/jorde_000/Documents/GitHub/LaserSharknado/LaserSharknado_bsp/\libhal_bsp.a(alt_irq_vars.o)
 .data          0x01007580        0x0 C:/Users/jorde_000/Documents/GitHub/LaserSharknado/LaserSharknado_bsp/\libhal_bsp.a(alt_open.o)
 .data          0x01007580        0x0 C:/Users/jorde_000/Documents/GitHub/LaserSharknado/LaserSharknado_bsp/\libhal_bsp.a(alt_tick.o)
 .data          0x01007580        0x0 C:/Users/jorde_000/Documents/GitHub/LaserSharknado/LaserSharknado_bsp/\libhal_bsp.a(altera_nios2_qsys_irq.o)
 .data          0x01007580        0x0 C:/Users/jorde_000/Documents/GitHub/LaserSharknado/LaserSharknado_bsp/\libhal_bsp.a(alt_exception_entry.o)
 .data          0x01007580        0x0 C:/Users/jorde_000/Documents/GitHub/LaserSharknado/LaserSharknado_bsp/\libhal_bsp.a(alt_find_file.o)
 .data          0x01007580        0x0 C:/Users/jorde_000/Documents/GitHub/LaserSharknado/LaserSharknado_bsp/\libhal_bsp.a(alt_get_fd.o)
 .data          0x01007580        0x0 C:/Users/jorde_000/Documents/GitHub/LaserSharknado/LaserSharknado_bsp/\libhal_bsp.a(alt_icache_flush.o)
 .data          0x01007580        0x0 f:/windowsstuff/12.0/nios2eds/bin/gnu/h-i686-mingw32/bin/../lib/gcc/nios2-elf/4.1.2/../../../../nios2-elf/lib\libc.a(lib_a-atexit.o)
 .data          0x01007580        0x0 f:/windowsstuff/12.0/nios2eds/bin/gnu/h-i686-mingw32/bin/../lib/gcc/nios2-elf/4.1.2/../../../../nios2-elf/lib\libc.a(lib_a-exit.o)
 .data          0x01007580        0x0 f:/windowsstuff/12.0/nios2eds/bin/gnu/h-i686-mingw32/bin/../lib/gcc/nios2-elf/4.1.2/../../../../nios2-elf/lib\libc.a(lib_a-memcmp.o)
 .data          0x01007580        0x0 f:/windowsstuff/12.0/nios2eds/bin/gnu/h-i686-mingw32/bin/../lib/gcc/nios2-elf/4.1.2/../../../../nios2-elf/lib\libc.a(lib_a-__atexit.o)
 .data          0x01007580        0x0 f:/windowsstuff/12.0/nios2eds/bin/gnu/h-i686-mingw32/bin/../lib/gcc/nios2-elf/4.1.2/../../../../nios2-elf/lib\libc.a(lib_a-__call_atexit.o)
 .data          0x01007580        0x0 C:/Users/jorde_000/Documents/GitHub/LaserSharknado/LaserSharknado_bsp/\libhal_bsp.a(alt_exit.o)
                0x0100f580                _gp = ABSOLUTE ((. + 0x8000))
                0x0100f580                PROVIDE (gp, _gp)
 *(.rwdata .rwdata.*)
 *(.sdata .sdata.* .gnu.linkonce.s.*)
 .sdata         0x01007580        0x8 f:/windowsstuff/12.0/nios2eds/bin/gnu/h-i686-mingw32/bin/../lib/gcc/nios2-elf/4.1.2/../../../../nios2-elf/lib\libc.a(lib_a-impure.o)
                0x01007580                _impure_ptr
                0x01007584                _global_impure_ptr
 .sdata         0x01007588        0x8 f:/windowsstuff/12.0/nios2eds/bin/gnu/h-i686-mingw32/bin/../lib/gcc/nios2-elf/4.1.2/../../../../nios2-elf/lib\libc.a(lib_a-mallocr.o)
                0x01007588                __malloc_trim_threshold
                0x0100758c                __malloc_sbrk_base
 .sdata         0x01007590       0x14 C:/Users/jorde_000/Documents/GitHub/LaserSharknado/LaserSharknado_bsp/\libhal_bsp.a(alt_dev.o)
                0x01007590                alt_fs_list
                0x01007598                alt_dev_list
                0x010075a0                alt_max_fd
 .sdata         0x010075a4        0x4 C:/Users/jorde_000/Documents/GitHub/LaserSharknado/LaserSharknado_bsp/\libhal_bsp.a(alt_errno.o)
                0x010075a4                alt_errno
 .sdata         0x010075a8        0x4 C:/Users/jorde_000/Documents/GitHub/LaserSharknado/LaserSharknado_bsp/\libhal_bsp.a(alt_sbrk.o)
 .sdata         0x010075ac        0x4 C:/Users/jorde_000/Documents/GitHub/LaserSharknado/LaserSharknado_bsp/\libhal_bsp.a(alt_irq_vars.o)
                0x010075ac                alt_priority_mask
 .sdata         0x010075b0        0x8 C:/Users/jorde_000/Documents/GitHub/LaserSharknado/LaserSharknado_bsp/\libhal_bsp.a(alt_tick.o)
                0x010075b0                alt_alarm_list
 *(.sdata2 .sdata2.* .gnu.linkonce.s2.*)
                0x010075b8                . = ALIGN (0x4)
                0x010075b8                _edata = ABSOLUTE (.)
                0x010075b8                PROVIDE (edata, ABSOLUTE (.))
                0x010075b8                PROVIDE (__ram_rwdata_end, ABSOLUTE (.))
                0x010075b8                PROVIDE (__flash_rwdata_start, LOADADDR (.rwdata))

.bss            0x0100902c      0x2e0
                0x0100902c                __bss_start = ABSOLUTE (.)
                0x0100902c                PROVIDE (__sbss_start, ABSOLUTE (.))
                0x0100902c                PROVIDE (___sbss_start, ABSOLUTE (.))
 *(.dynsbss)
 *(.sbss .sbss.* .gnu.linkonce.sb.*)
 .sbss          0x0100902c        0xc f:/windowsstuff/12.0/nios2eds/bin/gnu/h-i686-mingw32/bin/../lib/gcc/nios2-elf/4.1.2/../../../../nios2-elf/lib\libc.a(lib_a-mallocr.o)
                0x0100902c                __malloc_top_pad
                0x01009030                __malloc_max_sbrked_mem
                0x01009034                __malloc_max_total_mem
 .sbss          0x01009038        0x4 f:/windowsstuff/12.0/nios2eds/bin/gnu/h-i686-mingw32/bin/../lib/gcc/nios2-elf/4.1.2/../../../../nios2-elf/lib\libc.a(lib_a-int_errno.o)
                0x01009038                errno
 .sbss          0x0100903c        0xc C:/Users/jorde_000/Documents/GitHub/LaserSharknado/LaserSharknado_bsp/\libhal_bsp.a(alt_main.o)
                0x0100903c                alt_argc
                0x01009040                alt_argv
                0x01009044                alt_envp
 .sbss          0x01009048        0x4 C:/Users/jorde_000/Documents/GitHub/LaserSharknado/LaserSharknado_bsp/\libhal_bsp.a(alt_irq_vars.o)
                0x01009048                alt_irq_active
 .sbss          0x0100904c        0x8 C:/Users/jorde_000/Documents/GitHub/LaserSharknado/LaserSharknado_bsp/\libhal_bsp.a(alt_tick.o)
                0x0100904c                _alt_tick_rate
                0x01009050                _alt_nticks
 *(.sbss2 .sbss2.* .gnu.linkonce.sb2.*)
 *(.scommon)
                0x01009054                PROVIDE (__sbss_end, ABSOLUTE (.))
                0x01009054                PROVIDE (___sbss_end, ABSOLUTE (.))
 *(.dynbss)
 *(.bss .bss.* .gnu.linkonce.b.*)
 .bss           0x01009054        0x0 C:/Users/jorde_000/Documents/GitHub/LaserSharknado/LaserSharknado_bsp//obj/HAL/src/crt0.o
 .bss           0x01009054        0x0 obj/default/hello_world.o
 .bss           0x01009054        0x0 f:/windowsstuff/12.0/nios2eds/bin/gnu/h-i686-mingw32/bin/../lib/gcc/nios2-elf/4.1.2/../../../../nios2-elf/lib\libc.a(lib_a-puts.o)
 .bss           0x01009054        0x0 f:/windowsstuff/12.0/nios2eds/bin/gnu/h-i686-mingw32/bin/../lib/gcc/nios2-elf/4.1.2/../../../../nios2-elf/lib\libc.a(lib_a-strlen.o)
 .bss           0x01009054        0x0 f:/windowsstuff/12.0/nios2eds/bin/gnu/h-i686-mingw32/bin/../lib/gcc/nios2-elf/4.1.2/../../../../nios2-elf/lib\libc.a(lib_a-fvwrite.o)
 .bss           0x01009054        0x0 f:/windowsstuff/12.0/nios2eds/bin/gnu/h-i686-mingw32/bin/../lib/gcc/nios2-elf/4.1.2/../../../../nios2-elf/lib\libc.a(lib_a-impure.o)
 .bss           0x01009054       0x28 f:/windowsstuff/12.0/nios2eds/bin/gnu/h-i686-mingw32/bin/../lib/gcc/nios2-elf/4.1.2/../../../../nios2-elf/lib\libc.a(lib_a-mallocr.o)
                0x01009054                __malloc_current_mallinfo
 .bss           0x0100907c        0x0 f:/windowsstuff/12.0/nios2eds/bin/gnu/h-i686-mingw32/bin/../lib/gcc/nios2-elf/4.1.2/../../../../nios2-elf/lib\libc.a(lib_a-memchr.o)
 .bss           0x0100907c        0x0 f:/windowsstuff/12.0/nios2eds/bin/gnu/h-i686-mingw32/bin/../lib/gcc/nios2-elf/4.1.2/../../../../nios2-elf/lib\libc.a(lib_a-memcpy.o)
 .bss           0x0100907c        0x0 f:/windowsstuff/12.0/nios2eds/bin/gnu/h-i686-mingw32/bin/../lib/gcc/nios2-elf/4.1.2/../../../../nios2-elf/lib\libc.a(lib_a-memmove.o)
 .bss           0x0100907c        0x0 f:/windowsstuff/12.0/nios2eds/bin/gnu/h-i686-mingw32/bin/../lib/gcc/nios2-elf/4.1.2/../../../../nios2-elf/lib\libc.a(lib_a-reallocr.o)
 .bss           0x0100907c        0x0 f:/windowsstuff/12.0/nios2eds/bin/gnu/h-i686-mingw32/bin/../lib/gcc/nios2-elf/4.1.2/../../../../nios2-elf/lib\libc.a(lib_a-sbrkr.o)
 .bss           0x0100907c        0x0 f:/windowsstuff/12.0/nios2eds/bin/gnu/h-i686-mingw32/bin/../lib/gcc/nios2-elf/4.1.2/../../../../nios2-elf/lib\libc.a(lib_a-wsetup.o)
 .bss           0x0100907c        0x0 f:/windowsstuff/12.0/nios2eds/bin/gnu/h-i686-mingw32/bin/../lib/gcc/nios2-elf/4.1.2/../../../../nios2-elf/lib\libc.a(lib_a-fflush.o)
 .bss           0x0100907c        0x0 f:/windowsstuff/12.0/nios2eds/bin/gnu/h-i686-mingw32/bin/../lib/gcc/nios2-elf/4.1.2/../../../../nios2-elf/lib\libc.a(lib_a-findfp.o)
 .bss           0x0100907c        0x0 f:/windowsstuff/12.0/nios2eds/bin/gnu/h-i686-mingw32/bin/../lib/gcc/nios2-elf/4.1.2/../../../../nios2-elf/lib\libc.a(lib_a-freer.o)
 .bss           0x0100907c        0x0 f:/windowsstuff/12.0/nios2eds/bin/gnu/h-i686-mingw32/bin/../lib/gcc/nios2-elf/4.1.2/../../../../nios2-elf/lib\libc.a(lib_a-fwalk.o)
 .bss           0x0100907c        0x0 f:/windowsstuff/12.0/nios2eds/bin/gnu/h-i686-mingw32/bin/../lib/gcc/nios2-elf/4.1.2/../../../../nios2-elf/lib\libc.a(lib_a-int_errno.o)
 .bss           0x0100907c        0x0 f:/windowsstuff/12.0/nios2eds/bin/gnu/h-i686-mingw32/bin/../lib/gcc/nios2-elf/4.1.2/../../../../nios2-elf/lib\libc.a(lib_a-makebuf.o)
 .bss           0x0100907c        0x0 f:/windowsstuff/12.0/nios2eds/bin/gnu/h-i686-mingw32/bin/../lib/gcc/nios2-elf/4.1.2/../../../../nios2-elf/lib\libc.a(lib_a-memset.o)
 .bss           0x0100907c        0x0 f:/windowsstuff/12.0/nios2eds/bin/gnu/h-i686-mingw32/bin/../lib/gcc/nios2-elf/4.1.2/../../../../nios2-elf/lib\libc.a(lib_a-stdio.o)
 .bss           0x0100907c        0x0 f:/windowsstuff/12.0/nios2eds/bin/gnu/h-i686-mingw32/bin/../lib/gcc/nios2-elf/4.1.2/../../../../nios2-elf/lib\libc.a(lib_a-writer.o)
 .bss           0x0100907c        0x0 f:/windowsstuff/12.0/nios2eds/bin/gnu/h-i686-mingw32/bin/../lib/gcc/nios2-elf/4.1.2/../../../../nios2-elf/lib\libc.a(lib_a-closer.o)
 .bss           0x0100907c        0x0 f:/windowsstuff/12.0/nios2eds/bin/gnu/h-i686-mingw32/bin/../lib/gcc/nios2-elf/4.1.2/../../../../nios2-elf/lib\libc.a(lib_a-fclose.o)
 .bss           0x0100907c        0x0 f:/windowsstuff/12.0/nios2eds/bin/gnu/h-i686-mingw32/bin/../lib/gcc/nios2-elf/4.1.2/../../../../nios2-elf/lib\libc.a(lib_a-fstatr.o)
 .bss           0x0100907c        0x0 f:/windowsstuff/12.0/nios2eds/bin/gnu/h-i686-mingw32/bin/../lib/gcc/nios2-elf/4.1.2/../../../../nios2-elf/lib\libc.a(lib_a-isattyr.o)
 .bss           0x0100907c        0x0 f:/windowsstuff/12.0/nios2eds/bin/gnu/h-i686-mingw32/bin/../lib/gcc/nios2-elf/4.1.2/../../../../nios2-elf/lib\libc.a(lib_a-lseekr.o)
 .bss           0x0100907c        0x0 f:/windowsstuff/12.0/nios2eds/bin/gnu/h-i686-mingw32/bin/../lib/gcc/nios2-elf/4.1.2/../../../../nios2-elf/lib\libc.a(lib_a-readr.o)
 .bss           0x0100907c        0x0 C:/Users/jorde_000/Documents/GitHub/LaserSharknado/LaserSharknado_bsp/\libhal_bsp.a(alt_close.o)
 .bss           0x0100907c        0x0 C:/Users/jorde_000/Documents/GitHub/LaserSharknado/LaserSharknado_bsp/\libhal_bsp.a(alt_dev.o)
 .bss           0x0100907c        0x0 C:/Users/jorde_000/Documents/GitHub/LaserSharknado/LaserSharknado_bsp/\libhal_bsp.a(alt_errno.o)
 .bss           0x0100907c        0x0 C:/Users/jorde_000/Documents/GitHub/LaserSharknado/LaserSharknado_bsp/\libhal_bsp.a(alt_fstat.o)
 .bss           0x0100907c        0x0 C:/Users/jorde_000/Documents/GitHub/LaserSharknado/LaserSharknado_bsp/\libhal_bsp.a(alt_isatty.o)
 .bss           0x0100907c        0x0 C:/Users/jorde_000/Documents/GitHub/LaserSharknado/LaserSharknado_bsp/\libhal_bsp.a(alt_load.o)
 .bss           0x0100907c        0x0 C:/Users/jorde_000/Documents/GitHub/LaserSharknado/LaserSharknado_bsp/\libhal_bsp.a(alt_lseek.o)
 .bss           0x0100907c        0x0 C:/Users/jorde_000/Documents/GitHub/LaserSharknado/LaserSharknado_bsp/\libhal_bsp.a(alt_main.o)
 .bss           0x0100907c        0x0 C:/Users/jorde_000/Documents/GitHub/LaserSharknado/LaserSharknado_bsp/\libhal_bsp.a(alt_malloc_lock.o)
 .bss           0x0100907c        0x0 C:/Users/jorde_000/Documents/GitHub/LaserSharknado/LaserSharknado_bsp/\libhal_bsp.a(alt_read.o)
 .bss           0x0100907c        0x0 C:/Users/jorde_000/Documents/GitHub/LaserSharknado/LaserSharknado_bsp/\libhal_bsp.a(alt_release_fd.o)
 .bss           0x0100907c        0x0 C:/Users/jorde_000/Documents/GitHub/LaserSharknado/LaserSharknado_bsp/\libhal_bsp.a(alt_sbrk.o)
 .bss           0x0100907c        0x0 C:/Users/jorde_000/Documents/GitHub/LaserSharknado/LaserSharknado_bsp/\libhal_bsp.a(alt_write.o)
 .bss           0x0100907c        0x0 C:/Users/jorde_000/Documents/GitHub/LaserSharknado/LaserSharknado_bsp/\libhal_bsp.a(alt_sys_init.o)
 .bss           0x0100907c        0x0 C:/Users/jorde_000/Documents/GitHub/LaserSharknado/LaserSharknado_bsp/\libhal_bsp.a(altera_avalon_jtag_uart_fd.o)
 .bss           0x0100907c        0x0 C:/Users/jorde_000/Documents/GitHub/LaserSharknado/LaserSharknado_bsp/\libhal_bsp.a(altera_avalon_jtag_uart_init.o)
 .bss           0x0100907c        0x0 C:/Users/jorde_000/Documents/GitHub/LaserSharknado/LaserSharknado_bsp/\libhal_bsp.a(altera_avalon_jtag_uart_ioctl.o)
 .bss           0x0100907c        0x0 C:/Users/jorde_000/Documents/GitHub/LaserSharknado/LaserSharknado_bsp/\libhal_bsp.a(altera_avalon_jtag_uart_read.o)
 .bss           0x0100907c        0x0 C:/Users/jorde_000/Documents/GitHub/LaserSharknado/LaserSharknado_bsp/\libhal_bsp.a(altera_avalon_jtag_uart_write.o)
 .bss           0x0100907c        0x0 C:/Users/jorde_000/Documents/GitHub/LaserSharknado/LaserSharknado_bsp/\libhal_bsp.a(altera_up_avalon_character_lcd.o)
 .bss           0x0100907c        0x0 C:/Users/jorde_000/Documents/GitHub/LaserSharknado/LaserSharknado_bsp/\libhal_bsp.a(alt_alarm_start.o)
 .bss           0x0100907c        0x0 C:/Users/jorde_000/Documents/GitHub/LaserSharknado/LaserSharknado_bsp/\libhal_bsp.a(alt_dcache_flush_all.o)
 .bss           0x0100907c        0x0 C:/Users/jorde_000/Documents/GitHub/LaserSharknado/LaserSharknado_bsp/\libhal_bsp.a(alt_dev_llist_insert.o)
 .bss           0x0100907c        0x0 C:/Users/jorde_000/Documents/GitHub/LaserSharknado/LaserSharknado_bsp/\libhal_bsp.a(alt_do_ctors.o)
 .bss           0x0100907c        0x0 C:/Users/jorde_000/Documents/GitHub/LaserSharknado/LaserSharknado_bsp/\libhal_bsp.a(alt_do_dtors.o)
 .bss           0x0100907c        0x0 C:/Users/jorde_000/Documents/GitHub/LaserSharknado/LaserSharknado_bsp/\libhal_bsp.a(alt_find_dev.o)
 .bss           0x0100907c        0x0 C:/Users/jorde_000/Documents/GitHub/LaserSharknado/LaserSharknado_bsp/\libhal_bsp.a(alt_icache_flush_all.o)
 .bss           0x0100907c        0x0 C:/Users/jorde_000/Documents/GitHub/LaserSharknado/LaserSharknado_bsp/\libhal_bsp.a(alt_iic.o)
 .bss           0x0100907c        0x0 C:/Users/jorde_000/Documents/GitHub/LaserSharknado/LaserSharknado_bsp/\libhal_bsp.a(alt_iic_isr_register.o)
 .bss           0x0100907c        0x0 C:/Users/jorde_000/Documents/GitHub/LaserSharknado/LaserSharknado_bsp/\libhal_bsp.a(alt_io_redirect.o)
 .bss           0x0100907c        0x0 C:/Users/jorde_000/Documents/GitHub/LaserSharknado/LaserSharknado_bsp/\libhal_bsp.a(alt_irq_entry.o)
 .bss           0x0100907c        0x0 C:/Users/jorde_000/Documents/GitHub/LaserSharknado/LaserSharknado_bsp/\libhal_bsp.a(alt_irq_handler.o)
 .bss           0x0100907c        0x0 C:/Users/jorde_000/Documents/GitHub/LaserSharknado/LaserSharknado_bsp/\libhal_bsp.a(alt_irq_vars.o)
 .bss           0x0100907c        0x0 C:/Users/jorde_000/Documents/GitHub/LaserSharknado/LaserSharknado_bsp/\libhal_bsp.a(alt_open.o)
 .bss           0x0100907c        0x0 C:/Users/jorde_000/Documents/GitHub/LaserSharknado/LaserSharknado_bsp/\libhal_bsp.a(alt_tick.o)
 .bss           0x0100907c        0x0 C:/Users/jorde_000/Documents/GitHub/LaserSharknado/LaserSharknado_bsp/\libhal_bsp.a(altera_nios2_qsys_irq.o)
 .bss           0x0100907c        0x0 C:/Users/jorde_000/Documents/GitHub/LaserSharknado/LaserSharknado_bsp/\libhal_bsp.a(alt_exception_entry.o)
 .bss           0x0100907c        0x0 C:/Users/jorde_000/Documents/GitHub/LaserSharknado/LaserSharknado_bsp/\libhal_bsp.a(alt_find_file.o)
 .bss           0x0100907c        0x0 C:/Users/jorde_000/Documents/GitHub/LaserSharknado/LaserSharknado_bsp/\libhal_bsp.a(alt_get_fd.o)
 .bss           0x0100907c        0x0 C:/Users/jorde_000/Documents/GitHub/LaserSharknado/LaserSharknado_bsp/\libhal_bsp.a(alt_icache_flush.o)
 .bss           0x0100907c        0x0 f:/windowsstuff/12.0/nios2eds/bin/gnu/h-i686-mingw32/bin/../lib/gcc/nios2-elf/4.1.2/../../../../nios2-elf/lib\libc.a(lib_a-atexit.o)
 .bss           0x0100907c        0x0 f:/windowsstuff/12.0/nios2eds/bin/gnu/h-i686-mingw32/bin/../lib/gcc/nios2-elf/4.1.2/../../../../nios2-elf/lib\libc.a(lib_a-exit.o)
 .bss           0x0100907c        0x0 f:/windowsstuff/12.0/nios2eds/bin/gnu/h-i686-mingw32/bin/../lib/gcc/nios2-elf/4.1.2/../../../../nios2-elf/lib\libc.a(lib_a-memcmp.o)
 .bss           0x0100907c        0x0 f:/windowsstuff/12.0/nios2eds/bin/gnu/h-i686-mingw32/bin/../lib/gcc/nios2-elf/4.1.2/../../../../nios2-elf/lib\libc.a(lib_a-__atexit.o)
 .bss           0x0100907c        0x0 f:/windowsstuff/12.0/nios2eds/bin/gnu/h-i686-mingw32/bin/../lib/gcc/nios2-elf/4.1.2/../../../../nios2-elf/lib\libc.a(lib_a-__call_atexit.o)
 .bss           0x0100907c        0x0 C:/Users/jorde_000/Documents/GitHub/LaserSharknado/LaserSharknado_bsp/\libhal_bsp.a(alt_exit.o)
 *(COMMON)
 COMMON         0x0100907c      0x100 C:/Users/jorde_000/Documents/GitHub/LaserSharknado/LaserSharknado_bsp/\libhal_bsp.a(alt_irq_handler.o)
                0x0100907c                alt_irq
 COMMON         0x0100917c      0x190 f:/windowsstuff/12.0/nios2eds/bin/gnu/h-i686-mingw32/bin/../lib/gcc/nios2-elf/4.1.2/../../../../nios2-elf/lib\libc.a(lib_a-atexit.o)
                0x0100917c                _atexit0
                0x0100930c                . = ALIGN (0x4)
                0x0100930c                __bss_end = ABSOLUTE (.)

.onchip_memory2_0
                0x00000000        0x0 load address 0x0100930c
                0x00000000                PROVIDE (_alt_partition_onchip_memory2_0_start, ABSOLUTE (.))
 *(.onchip_memory2_0. onchip_memory2_0.*)
                0x00000000                . = ALIGN (0x4)
                0x00000000                PROVIDE (_alt_partition_onchip_memory2_0_end, ABSOLUTE (.))
                0x0100930c                PROVIDE (_alt_partition_onchip_memory2_0_load_addr, LOADADDR (.onchip_memory2_0))

.sdram_0        0x0100930c        0x0
                0x0100930c                PROVIDE (_alt_partition_sdram_0_start, ABSOLUTE (.))
 *(.sdram_0. sdram_0.*)
                0x0100930c                . = ALIGN (0x4)
                0x0100930c                PROVIDE (_alt_partition_sdram_0_end, ABSOLUTE (.))
                0x0100930c                _end = ABSOLUTE (.)
                0x0100930c                end = ABSOLUTE (.)
                0x0100930c                __alt_stack_base = ABSOLUTE (.)
                0x0100930c                PROVIDE (_alt_partition_sdram_0_load_addr, LOADADDR (.sdram_0))

.stab
 *(.stab)

.stabstr
 *(.stabstr)

.stab.excl
 *(.stab.excl)

.stab.exclstr
 *(.stab.exclstr)

.stab.index
 *(.stab.index)

.stab.indexstr
 *(.stab.indexstr)

.comment        0x00000000       0x26
 *(.comment)
 .comment       0x00000000       0x26 obj/default/hello_world.o
                                 0x27 (size before relaxing)
 .comment       0x00000000       0x27 f:/windowsstuff/12.0/nios2eds/bin/gnu/h-i686-mingw32/bin/../lib/gcc/nios2-elf/4.1.2/../../../../nios2-elf/lib\libc.a(lib_a-puts.o)
 .comment       0x00000000       0x27 f:/windowsstuff/12.0/nios2eds/bin/gnu/h-i686-mingw32/bin/../lib/gcc/nios2-elf/4.1.2/../../../../nios2-elf/lib\libc.a(lib_a-strlen.o)
 .comment       0x00000000       0x27 f:/windowsstuff/12.0/nios2eds/bin/gnu/h-i686-mingw32/bin/../lib/gcc/nios2-elf/4.1.2/../../../../nios2-elf/lib\libc.a(lib_a-fvwrite.o)
 .comment       0x00000000       0x27 f:/windowsstuff/12.0/nios2eds/bin/gnu/h-i686-mingw32/bin/../lib/gcc/nios2-elf/4.1.2/../../../../nios2-elf/lib\libc.a(lib_a-impure.o)
 .comment       0x00000000       0x27 f:/windowsstuff/12.0/nios2eds/bin/gnu/h-i686-mingw32/bin/../lib/gcc/nios2-elf/4.1.2/../../../../nios2-elf/lib\libc.a(lib_a-mallocr.o)
 .comment       0x00000000       0x27 f:/windowsstuff/12.0/nios2eds/bin/gnu/h-i686-mingw32/bin/../lib/gcc/nios2-elf/4.1.2/../../../../nios2-elf/lib\libc.a(lib_a-memchr.o)
 .comment       0x00000000       0x27 f:/windowsstuff/12.0/nios2eds/bin/gnu/h-i686-mingw32/bin/../lib/gcc/nios2-elf/4.1.2/../../../../nios2-elf/lib\libc.a(lib_a-memcpy.o)
 .comment       0x00000000       0x27 f:/windowsstuff/12.0/nios2eds/bin/gnu/h-i686-mingw32/bin/../lib/gcc/nios2-elf/4.1.2/../../../../nios2-elf/lib\libc.a(lib_a-memmove.o)
 .comment       0x00000000       0x27 f:/windowsstuff/12.0/nios2eds/bin/gnu/h-i686-mingw32/bin/../lib/gcc/nios2-elf/4.1.2/../../../../nios2-elf/lib\libc.a(lib_a-reallocr.o)
 .comment       0x00000000       0x27 f:/windowsstuff/12.0/nios2eds/bin/gnu/h-i686-mingw32/bin/../lib/gcc/nios2-elf/4.1.2/../../../../nios2-elf/lib\libc.a(lib_a-sbrkr.o)
 .comment       0x00000000       0x27 f:/windowsstuff/12.0/nios2eds/bin/gnu/h-i686-mingw32/bin/../lib/gcc/nios2-elf/4.1.2/../../../../nios2-elf/lib\libc.a(lib_a-wsetup.o)
 .comment       0x00000000       0x27 f:/windowsstuff/12.0/nios2eds/bin/gnu/h-i686-mingw32/bin/../lib/gcc/nios2-elf/4.1.2/../../../../nios2-elf/lib\libc.a(lib_a-fflush.o)
 .comment       0x00000000       0x27 f:/windowsstuff/12.0/nios2eds/bin/gnu/h-i686-mingw32/bin/../lib/gcc/nios2-elf/4.1.2/../../../../nios2-elf/lib\libc.a(lib_a-findfp.o)
 .comment       0x00000000       0x27 f:/windowsstuff/12.0/nios2eds/bin/gnu/h-i686-mingw32/bin/../lib/gcc/nios2-elf/4.1.2/../../../../nios2-elf/lib\libc.a(lib_a-freer.o)
 .comment       0x00000000       0x27 f:/windowsstuff/12.0/nios2eds/bin/gnu/h-i686-mingw32/bin/../lib/gcc/nios2-elf/4.1.2/../../../../nios2-elf/lib\libc.a(lib_a-fwalk.o)
 .comment       0x00000000       0x27 f:/windowsstuff/12.0/nios2eds/bin/gnu/h-i686-mingw32/bin/../lib/gcc/nios2-elf/4.1.2/../../../../nios2-elf/lib\libc.a(lib_a-int_errno.o)
 .comment       0x00000000       0x27 f:/windowsstuff/12.0/nios2eds/bin/gnu/h-i686-mingw32/bin/../lib/gcc/nios2-elf/4.1.2/../../../../nios2-elf/lib\libc.a(lib_a-makebuf.o)
 .comment       0x00000000       0x27 f:/windowsstuff/12.0/nios2eds/bin/gnu/h-i686-mingw32/bin/../lib/gcc/nios2-elf/4.1.2/../../../../nios2-elf/lib\libc.a(lib_a-memset.o)
 .comment       0x00000000       0x27 f:/windowsstuff/12.0/nios2eds/bin/gnu/h-i686-mingw32/bin/../lib/gcc/nios2-elf/4.1.2/../../../../nios2-elf/lib\libc.a(lib_a-stdio.o)
 .comment       0x00000000       0x27 f:/windowsstuff/12.0/nios2eds/bin/gnu/h-i686-mingw32/bin/../lib/gcc/nios2-elf/4.1.2/../../../../nios2-elf/lib\libc.a(lib_a-writer.o)
 .comment       0x00000000       0x27 f:/windowsstuff/12.0/nios2eds/bin/gnu/h-i686-mingw32/bin/../lib/gcc/nios2-elf/4.1.2/../../../../nios2-elf/lib\libc.a(lib_a-closer.o)
 .comment       0x00000000       0x27 f:/windowsstuff/12.0/nios2eds/bin/gnu/h-i686-mingw32/bin/../lib/gcc/nios2-elf/4.1.2/../../../../nios2-elf/lib\libc.a(lib_a-fclose.o)
 .comment       0x00000000       0x27 f:/windowsstuff/12.0/nios2eds/bin/gnu/h-i686-mingw32/bin/../lib/gcc/nios2-elf/4.1.2/../../../../nios2-elf/lib\libc.a(lib_a-fstatr.o)
 .comment       0x00000000       0x27 f:/windowsstuff/12.0/nios2eds/bin/gnu/h-i686-mingw32/bin/../lib/gcc/nios2-elf/4.1.2/../../../../nios2-elf/lib\libc.a(lib_a-isattyr.o)
 .comment       0x00000000       0x27 f:/windowsstuff/12.0/nios2eds/bin/gnu/h-i686-mingw32/bin/../lib/gcc/nios2-elf/4.1.2/../../../../nios2-elf/lib\libc.a(lib_a-lseekr.o)
 .comment       0x00000000       0x27 f:/windowsstuff/12.0/nios2eds/bin/gnu/h-i686-mingw32/bin/../lib/gcc/nios2-elf/4.1.2/../../../../nios2-elf/lib\libc.a(lib_a-readr.o)
 .comment       0x00000000       0x27 C:/Users/jorde_000/Documents/GitHub/LaserSharknado/LaserSharknado_bsp/\libhal_bsp.a(alt_close.o)
 .comment       0x00000000       0x27 C:/Users/jorde_000/Documents/GitHub/LaserSharknado/LaserSharknado_bsp/\libhal_bsp.a(alt_dev.o)
 .comment       0x00000000       0x27 C:/Users/jorde_000/Documents/GitHub/LaserSharknado/LaserSharknado_bsp/\libhal_bsp.a(alt_errno.o)
 .comment       0x00000000       0x27 C:/Users/jorde_000/Documents/GitHub/LaserSharknado/LaserSharknado_bsp/\libhal_bsp.a(alt_fstat.o)
 .comment       0x00000000       0x27 C:/Users/jorde_000/Documents/GitHub/LaserSharknado/LaserSharknado_bsp/\libhal_bsp.a(alt_isatty.o)
 .comment       0x00000000       0x27 C:/Users/jorde_000/Documents/GitHub/LaserSharknado/LaserSharknado_bsp/\libhal_bsp.a(alt_load.o)
 .comment       0x00000000       0x27 C:/Users/jorde_000/Documents/GitHub/LaserSharknado/LaserSharknado_bsp/\libhal_bsp.a(alt_lseek.o)
 .comment       0x00000000       0x27 C:/Users/jorde_000/Documents/GitHub/LaserSharknado/LaserSharknado_bsp/\libhal_bsp.a(alt_main.o)
 .comment       0x00000000       0x27 C:/Users/jorde_000/Documents/GitHub/LaserSharknado/LaserSharknado_bsp/\libhal_bsp.a(alt_malloc_lock.o)
 .comment       0x00000000       0x27 C:/Users/jorde_000/Documents/GitHub/LaserSharknado/LaserSharknado_bsp/\libhal_bsp.a(alt_read.o)
 .comment       0x00000000       0x27 C:/Users/jorde_000/Documents/GitHub/LaserSharknado/LaserSharknado_bsp/\libhal_bsp.a(alt_release_fd.o)
 .comment       0x00000000       0x27 C:/Users/jorde_000/Documents/GitHub/LaserSharknado/LaserSharknado_bsp/\libhal_bsp.a(alt_sbrk.o)
 .comment       0x00000000       0x27 C:/Users/jorde_000/Documents/GitHub/LaserSharknado/LaserSharknado_bsp/\libhal_bsp.a(alt_write.o)
 .comment       0x00000000       0x27 C:/Users/jorde_000/Documents/GitHub/LaserSharknado/LaserSharknado_bsp/\libhal_bsp.a(alt_sys_init.o)
 .comment       0x00000000       0x27 C:/Users/jorde_000/Documents/GitHub/LaserSharknado/LaserSharknado_bsp/\libhal_bsp.a(altera_avalon_jtag_uart_fd.o)
 .comment       0x00000000       0x27 C:/Users/jorde_000/Documents/GitHub/LaserSharknado/LaserSharknado_bsp/\libhal_bsp.a(altera_avalon_jtag_uart_init.o)
 .comment       0x00000000       0x27 C:/Users/jorde_000/Documents/GitHub/LaserSharknado/LaserSharknado_bsp/\libhal_bsp.a(altera_avalon_jtag_uart_ioctl.o)
 .comment       0x00000000       0x27 C:/Users/jorde_000/Documents/GitHub/LaserSharknado/LaserSharknado_bsp/\libhal_bsp.a(altera_avalon_jtag_uart_read.o)
 .comment       0x00000000       0x27 C:/Users/jorde_000/Documents/GitHub/LaserSharknado/LaserSharknado_bsp/\libhal_bsp.a(altera_avalon_jtag_uart_write.o)
 .comment       0x00000000       0x27 C:/Users/jorde_000/Documents/GitHub/LaserSharknado/LaserSharknado_bsp/\libhal_bsp.a(altera_up_avalon_character_lcd.o)
 .comment       0x00000000       0x27 C:/Users/jorde_000/Documents/GitHub/LaserSharknado/LaserSharknado_bsp/\libhal_bsp.a(alt_alarm_start.o)
 .comment       0x00000000       0x27 C:/Users/jorde_000/Documents/GitHub/LaserSharknado/LaserSharknado_bsp/\libhal_bsp.a(alt_dcache_flush_all.o)
 .comment       0x00000000       0x27 C:/Users/jorde_000/Documents/GitHub/LaserSharknado/LaserSharknado_bsp/\libhal_bsp.a(alt_dev_llist_insert.o)
 .comment       0x00000000       0x27 C:/Users/jorde_000/Documents/GitHub/LaserSharknado/LaserSharknado_bsp/\libhal_bsp.a(alt_do_ctors.o)
 .comment       0x00000000       0x27 C:/Users/jorde_000/Documents/GitHub/LaserSharknado/LaserSharknado_bsp/\libhal_bsp.a(alt_do_dtors.o)
 .comment       0x00000000       0x27 C:/Users/jorde_000/Documents/GitHub/LaserSharknado/LaserSharknado_bsp/\libhal_bsp.a(alt_find_dev.o)
 .comment       0x00000000       0x27 C:/Users/jorde_000/Documents/GitHub/LaserSharknado/LaserSharknado_bsp/\libhal_bsp.a(alt_icache_flush_all.o)
 .comment       0x00000000       0x27 C:/Users/jorde_000/Documents/GitHub/LaserSharknado/LaserSharknado_bsp/\libhal_bsp.a(alt_iic.o)
 .comment       0x00000000       0x27 C:/Users/jorde_000/Documents/GitHub/LaserSharknado/LaserSharknado_bsp/\libhal_bsp.a(alt_iic_isr_register.o)
 .comment       0x00000000       0x27 C:/Users/jorde_000/Documents/GitHub/LaserSharknado/LaserSharknado_bsp/\libhal_bsp.a(alt_io_redirect.o)
 .comment       0x00000000       0x27 C:/Users/jorde_000/Documents/GitHub/LaserSharknado/LaserSharknado_bsp/\libhal_bsp.a(alt_irq_handler.o)
 .comment       0x00000000       0x27 C:/Users/jorde_000/Documents/GitHub/LaserSharknado/LaserSharknado_bsp/\libhal_bsp.a(alt_irq_vars.o)
 .comment       0x00000000       0x27 C:/Users/jorde_000/Documents/GitHub/LaserSharknado/LaserSharknado_bsp/\libhal_bsp.a(alt_open.o)
 .comment       0x00000000       0x27 C:/Users/jorde_000/Documents/GitHub/LaserSharknado/LaserSharknado_bsp/\libhal_bsp.a(alt_tick.o)
 .comment       0x00000000       0x27 C:/Users/jorde_000/Documents/GitHub/LaserSharknado/LaserSharknado_bsp/\libhal_bsp.a(altera_nios2_qsys_irq.o)
 .comment       0x00000000       0x27 C:/Users/jorde_000/Documents/GitHub/LaserSharknado/LaserSharknado_bsp/\libhal_bsp.a(alt_find_file.o)
 .comment       0x00000000       0x27 C:/Users/jorde_000/Documents/GitHub/LaserSharknado/LaserSharknado_bsp/\libhal_bsp.a(alt_get_fd.o)
 .comment       0x00000000       0x27 C:/Users/jorde_000/Documents/GitHub/LaserSharknado/LaserSharknado_bsp/\libhal_bsp.a(alt_icache_flush.o)
 .comment       0x00000000       0x27 f:/windowsstuff/12.0/nios2eds/bin/gnu/h-i686-mingw32/bin/../lib/gcc/nios2-elf/4.1.2/../../../../nios2-elf/lib\libc.a(lib_a-atexit.o)
 .comment       0x00000000       0x27 f:/windowsstuff/12.0/nios2eds/bin/gnu/h-i686-mingw32/bin/../lib/gcc/nios2-elf/4.1.2/../../../../nios2-elf/lib\libc.a(lib_a-exit.o)
 .comment       0x00000000       0x27 f:/windowsstuff/12.0/nios2eds/bin/gnu/h-i686-mingw32/bin/../lib/gcc/nios2-elf/4.1.2/../../../../nios2-elf/lib\libc.a(lib_a-memcmp.o)
 .comment       0x00000000       0x27 f:/windowsstuff/12.0/nios2eds/bin/gnu/h-i686-mingw32/bin/../lib/gcc/nios2-elf/4.1.2/../../../../nios2-elf/lib\libc.a(lib_a-__atexit.o)
 .comment       0x00000000       0x27 f:/windowsstuff/12.0/nios2eds/bin/gnu/h-i686-mingw32/bin/../lib/gcc/nios2-elf/4.1.2/../../../../nios2-elf/lib\libc.a(lib_a-__call_atexit.o)
 .comment       0x00000000       0x27 C:/Users/jorde_000/Documents/GitHub/LaserSharknado/LaserSharknado_bsp/\libhal_bsp.a(alt_exit.o)

.debug
 *(.debug)

.line
 *(.line)

.debug_srcinfo
 *(.debug_srcinfo)

.debug_sfnames
 *(.debug_sfnames)

.debug_aranges  0x00000000      0x8f8
 *(.debug_aranges)
 .debug_aranges
                0x00000000       0x28 C:/Users/jorde_000/Documents/GitHub/LaserSharknado/LaserSharknado_bsp//obj/HAL/src/crt0.o
 .debug_aranges
                0x00000028       0x20 obj/default/hello_world.o
 .debug_aranges
                0x00000048       0x20 f:/windowsstuff/12.0/nios2eds/bin/gnu/h-i686-mingw32/bin/../lib/gcc/nios2-elf/4.1.2/../../../../nios2-elf/lib\libc.a(lib_a-puts.o)
 .debug_aranges
                0x00000068       0x20 f:/windowsstuff/12.0/nios2eds/bin/gnu/h-i686-mingw32/bin/../lib/gcc/nios2-elf/4.1.2/../../../../nios2-elf/lib\libc.a(lib_a-strlen.o)
 .debug_aranges
                0x00000088       0x20 f:/windowsstuff/12.0/nios2eds/bin/gnu/h-i686-mingw32/bin/../lib/gcc/nios2-elf/4.1.2/../../../../nios2-elf/lib\libc.a(lib_a-fvwrite.o)
 .debug_aranges
                0x000000a8       0x20 f:/windowsstuff/12.0/nios2eds/bin/gnu/h-i686-mingw32/bin/../lib/gcc/nios2-elf/4.1.2/../../../../nios2-elf/lib\libc.a(lib_a-mallocr.o)
 .debug_aranges
                0x000000c8       0x20 f:/windowsstuff/12.0/nios2eds/bin/gnu/h-i686-mingw32/bin/../lib/gcc/nios2-elf/4.1.2/../../../../nios2-elf/lib\libc.a(lib_a-memchr.o)
 .debug_aranges
                0x000000e8       0x20 f:/windowsstuff/12.0/nios2eds/bin/gnu/h-i686-mingw32/bin/../lib/gcc/nios2-elf/4.1.2/../../../../nios2-elf/lib\libc.a(lib_a-memcpy.o)
 .debug_aranges
                0x00000108       0x20 f:/windowsstuff/12.0/nios2eds/bin/gnu/h-i686-mingw32/bin/../lib/gcc/nios2-elf/4.1.2/../../../../nios2-elf/lib\libc.a(lib_a-memmove.o)
 .debug_aranges
                0x00000128       0x20 f:/windowsstuff/12.0/nios2eds/bin/gnu/h-i686-mingw32/bin/../lib/gcc/nios2-elf/4.1.2/../../../../nios2-elf/lib\libc.a(lib_a-reallocr.o)
 .debug_aranges
                0x00000148       0x20 f:/windowsstuff/12.0/nios2eds/bin/gnu/h-i686-mingw32/bin/../lib/gcc/nios2-elf/4.1.2/../../../../nios2-elf/lib\libc.a(lib_a-sbrkr.o)
 .debug_aranges
                0x00000168       0x20 f:/windowsstuff/12.0/nios2eds/bin/gnu/h-i686-mingw32/bin/../lib/gcc/nios2-elf/4.1.2/../../../../nios2-elf/lib\libc.a(lib_a-wsetup.o)
 .debug_aranges
                0x00000188       0x20 f:/windowsstuff/12.0/nios2eds/bin/gnu/h-i686-mingw32/bin/../lib/gcc/nios2-elf/4.1.2/../../../../nios2-elf/lib\libc.a(lib_a-fflush.o)
 .debug_aranges
                0x000001a8       0x20 f:/windowsstuff/12.0/nios2eds/bin/gnu/h-i686-mingw32/bin/../lib/gcc/nios2-elf/4.1.2/../../../../nios2-elf/lib\libc.a(lib_a-findfp.o)
 .debug_aranges
                0x000001c8       0x20 f:/windowsstuff/12.0/nios2eds/bin/gnu/h-i686-mingw32/bin/../lib/gcc/nios2-elf/4.1.2/../../../../nios2-elf/lib\libc.a(lib_a-freer.o)
 .debug_aranges
                0x000001e8       0x20 f:/windowsstuff/12.0/nios2eds/bin/gnu/h-i686-mingw32/bin/../lib/gcc/nios2-elf/4.1.2/../../../../nios2-elf/lib\libc.a(lib_a-fwalk.o)
 .debug_aranges
                0x00000208       0x20 f:/windowsstuff/12.0/nios2eds/bin/gnu/h-i686-mingw32/bin/../lib/gcc/nios2-elf/4.1.2/../../../../nios2-elf/lib\libc.a(lib_a-makebuf.o)
 .debug_aranges
                0x00000228       0x20 f:/windowsstuff/12.0/nios2eds/bin/gnu/h-i686-mingw32/bin/../lib/gcc/nios2-elf/4.1.2/../../../../nios2-elf/lib\libc.a(lib_a-memset.o)
 .debug_aranges
                0x00000248       0x20 f:/windowsstuff/12.0/nios2eds/bin/gnu/h-i686-mingw32/bin/../lib/gcc/nios2-elf/4.1.2/../../../../nios2-elf/lib\libc.a(lib_a-stdio.o)
 .debug_aranges
                0x00000268       0x20 f:/windowsstuff/12.0/nios2eds/bin/gnu/h-i686-mingw32/bin/../lib/gcc/nios2-elf/4.1.2/../../../../nios2-elf/lib\libc.a(lib_a-writer.o)
 .debug_aranges
                0x00000288       0x20 f:/windowsstuff/12.0/nios2eds/bin/gnu/h-i686-mingw32/bin/../lib/gcc/nios2-elf/4.1.2/../../../../nios2-elf/lib\libc.a(lib_a-closer.o)
 .debug_aranges
                0x000002a8       0x20 f:/windowsstuff/12.0/nios2eds/bin/gnu/h-i686-mingw32/bin/../lib/gcc/nios2-elf/4.1.2/../../../../nios2-elf/lib\libc.a(lib_a-fclose.o)
 .debug_aranges
                0x000002c8       0x20 f:/windowsstuff/12.0/nios2eds/bin/gnu/h-i686-mingw32/bin/../lib/gcc/nios2-elf/4.1.2/../../../../nios2-elf/lib\libc.a(lib_a-fstatr.o)
 .debug_aranges
                0x000002e8       0x20 f:/windowsstuff/12.0/nios2eds/bin/gnu/h-i686-mingw32/bin/../lib/gcc/nios2-elf/4.1.2/../../../../nios2-elf/lib\libc.a(lib_a-isattyr.o)
 .debug_aranges
                0x00000308       0x20 f:/windowsstuff/12.0/nios2eds/bin/gnu/h-i686-mingw32/bin/../lib/gcc/nios2-elf/4.1.2/../../../../nios2-elf/lib\libc.a(lib_a-lseekr.o)
 .debug_aranges
                0x00000328       0x20 f:/windowsstuff/12.0/nios2eds/bin/gnu/h-i686-mingw32/bin/../lib/gcc/nios2-elf/4.1.2/../../../../nios2-elf/lib\libc.a(lib_a-readr.o)
 .debug_aranges
                0x00000348       0x20 C:/Users/jorde_000/Documents/GitHub/LaserSharknado/LaserSharknado_bsp/\libhal_bsp.a(alt_close.o)
 .debug_aranges
                0x00000368       0x20 C:/Users/jorde_000/Documents/GitHub/LaserSharknado/LaserSharknado_bsp/\libhal_bsp.a(alt_dev.o)
 .debug_aranges
                0x00000388       0x20 C:/Users/jorde_000/Documents/GitHub/LaserSharknado/LaserSharknado_bsp/\libhal_bsp.a(alt_fstat.o)
 .debug_aranges
                0x000003a8       0x20 C:/Users/jorde_000/Documents/GitHub/LaserSharknado/LaserSharknado_bsp/\libhal_bsp.a(alt_isatty.o)
 .debug_aranges
                0x000003c8       0x20 C:/Users/jorde_000/Documents/GitHub/LaserSharknado/LaserSharknado_bsp/\libhal_bsp.a(alt_load.o)
 .debug_aranges
                0x000003e8       0x20 C:/Users/jorde_000/Documents/GitHub/LaserSharknado/LaserSharknado_bsp/\libhal_bsp.a(alt_lseek.o)
 .debug_aranges
                0x00000408       0x20 C:/Users/jorde_000/Documents/GitHub/LaserSharknado/LaserSharknado_bsp/\libhal_bsp.a(alt_main.o)
 .debug_aranges
                0x00000428       0x20 C:/Users/jorde_000/Documents/GitHub/LaserSharknado/LaserSharknado_bsp/\libhal_bsp.a(alt_malloc_lock.o)
 .debug_aranges
                0x00000448       0x20 C:/Users/jorde_000/Documents/GitHub/LaserSharknado/LaserSharknado_bsp/\libhal_bsp.a(alt_read.o)
 .debug_aranges
                0x00000468       0x20 C:/Users/jorde_000/Documents/GitHub/LaserSharknado/LaserSharknado_bsp/\libhal_bsp.a(alt_release_fd.o)
 .debug_aranges
                0x00000488       0x20 C:/Users/jorde_000/Documents/GitHub/LaserSharknado/LaserSharknado_bsp/\libhal_bsp.a(alt_sbrk.o)
 .debug_aranges
                0x000004a8       0x20 C:/Users/jorde_000/Documents/GitHub/LaserSharknado/LaserSharknado_bsp/\libhal_bsp.a(alt_write.o)
 .debug_aranges
                0x000004c8       0x20 C:/Users/jorde_000/Documents/GitHub/LaserSharknado/LaserSharknado_bsp/\libhal_bsp.a(alt_sys_init.o)
 .debug_aranges
                0x000004e8       0x20 C:/Users/jorde_000/Documents/GitHub/LaserSharknado/LaserSharknado_bsp/\libhal_bsp.a(altera_avalon_jtag_uart_fd.o)
 .debug_aranges
                0x00000508       0x20 C:/Users/jorde_000/Documents/GitHub/LaserSharknado/LaserSharknado_bsp/\libhal_bsp.a(altera_avalon_jtag_uart_init.o)
 .debug_aranges
                0x00000528       0x20 C:/Users/jorde_000/Documents/GitHub/LaserSharknado/LaserSharknado_bsp/\libhal_bsp.a(altera_avalon_jtag_uart_ioctl.o)
 .debug_aranges
                0x00000548       0x20 C:/Users/jorde_000/Documents/GitHub/LaserSharknado/LaserSharknado_bsp/\libhal_bsp.a(altera_avalon_jtag_uart_read.o)
 .debug_aranges
                0x00000568       0x20 C:/Users/jorde_000/Documents/GitHub/LaserSharknado/LaserSharknado_bsp/\libhal_bsp.a(altera_avalon_jtag_uart_write.o)
 .debug_aranges
                0x00000588       0x20 C:/Users/jorde_000/Documents/GitHub/LaserSharknado/LaserSharknado_bsp/\libhal_bsp.a(altera_up_avalon_character_lcd.o)
 .debug_aranges
                0x000005a8       0x20 C:/Users/jorde_000/Documents/GitHub/LaserSharknado/LaserSharknado_bsp/\libhal_bsp.a(alt_alarm_start.o)
 .debug_aranges
                0x000005c8       0x20 C:/Users/jorde_000/Documents/GitHub/LaserSharknado/LaserSharknado_bsp/\libhal_bsp.a(alt_dcache_flush_all.o)
 .debug_aranges
                0x000005e8       0x20 C:/Users/jorde_000/Documents/GitHub/LaserSharknado/LaserSharknado_bsp/\libhal_bsp.a(alt_dev_llist_insert.o)
 .debug_aranges
                0x00000608       0x20 C:/Users/jorde_000/Documents/GitHub/LaserSharknado/LaserSharknado_bsp/\libhal_bsp.a(alt_do_ctors.o)
 .debug_aranges
                0x00000628       0x20 C:/Users/jorde_000/Documents/GitHub/LaserSharknado/LaserSharknado_bsp/\libhal_bsp.a(alt_do_dtors.o)
 .debug_aranges
                0x00000648       0x20 C:/Users/jorde_000/Documents/GitHub/LaserSharknado/LaserSharknado_bsp/\libhal_bsp.a(alt_find_dev.o)
 .debug_aranges
                0x00000668       0x20 C:/Users/jorde_000/Documents/GitHub/LaserSharknado/LaserSharknado_bsp/\libhal_bsp.a(alt_icache_flush_all.o)
 .debug_aranges
                0x00000688       0x20 C:/Users/jorde_000/Documents/GitHub/LaserSharknado/LaserSharknado_bsp/\libhal_bsp.a(alt_iic.o)
 .debug_aranges
                0x000006a8       0x20 C:/Users/jorde_000/Documents/GitHub/LaserSharknado/LaserSharknado_bsp/\libhal_bsp.a(alt_iic_isr_register.o)
 .debug_aranges
                0x000006c8       0x20 C:/Users/jorde_000/Documents/GitHub/LaserSharknado/LaserSharknado_bsp/\libhal_bsp.a(alt_io_redirect.o)
 .debug_aranges
                0x000006e8       0x30 C:/Users/jorde_000/Documents/GitHub/LaserSharknado/LaserSharknado_bsp/\libhal_bsp.a(alt_irq_entry.o)
 .debug_aranges
                0x00000718       0x28 C:/Users/jorde_000/Documents/GitHub/LaserSharknado/LaserSharknado_bsp/\libhal_bsp.a(alt_irq_handler.o)
 .debug_aranges
                0x00000740       0x20 C:/Users/jorde_000/Documents/GitHub/LaserSharknado/LaserSharknado_bsp/\libhal_bsp.a(alt_open.o)
 .debug_aranges
                0x00000760       0x20 C:/Users/jorde_000/Documents/GitHub/LaserSharknado/LaserSharknado_bsp/\libhal_bsp.a(alt_tick.o)
 .debug_aranges
                0x00000780       0x20 C:/Users/jorde_000/Documents/GitHub/LaserSharknado/LaserSharknado_bsp/\libhal_bsp.a(altera_nios2_qsys_irq.o)
 .debug_aranges
                0x000007a0       0x38 C:/Users/jorde_000/Documents/GitHub/LaserSharknado/LaserSharknado_bsp/\libhal_bsp.a(alt_exception_entry.o)
 .debug_aranges
                0x000007d8       0x20 C:/Users/jorde_000/Documents/GitHub/LaserSharknado/LaserSharknado_bsp/\libhal_bsp.a(alt_find_file.o)
 .debug_aranges
                0x000007f8       0x20 C:/Users/jorde_000/Documents/GitHub/LaserSharknado/LaserSharknado_bsp/\libhal_bsp.a(alt_get_fd.o)
 .debug_aranges
                0x00000818       0x20 C:/Users/jorde_000/Documents/GitHub/LaserSharknado/LaserSharknado_bsp/\libhal_bsp.a(alt_icache_flush.o)
 .debug_aranges
                0x00000838       0x20 f:/windowsstuff/12.0/nios2eds/bin/gnu/h-i686-mingw32/bin/../lib/gcc/nios2-elf/4.1.2/../../../../nios2-elf/lib\libc.a(lib_a-atexit.o)
 .debug_aranges
                0x00000858       0x20 f:/windowsstuff/12.0/nios2eds/bin/gnu/h-i686-mingw32/bin/../lib/gcc/nios2-elf/4.1.2/../../../../nios2-elf/lib\libc.a(lib_a-exit.o)
 .debug_aranges
                0x00000878       0x20 f:/windowsstuff/12.0/nios2eds/bin/gnu/h-i686-mingw32/bin/../lib/gcc/nios2-elf/4.1.2/../../../../nios2-elf/lib\libc.a(lib_a-memcmp.o)
 .debug_aranges
                0x00000898       0x20 f:/windowsstuff/12.0/nios2eds/bin/gnu/h-i686-mingw32/bin/../lib/gcc/nios2-elf/4.1.2/../../../../nios2-elf/lib\libc.a(lib_a-__atexit.o)
 .debug_aranges
                0x000008b8       0x20 f:/windowsstuff/12.0/nios2eds/bin/gnu/h-i686-mingw32/bin/../lib/gcc/nios2-elf/4.1.2/../../../../nios2-elf/lib\libc.a(lib_a-__call_atexit.o)
 .debug_aranges
                0x000008d8       0x20 C:/Users/jorde_000/Documents/GitHub/LaserSharknado/LaserSharknado_bsp/\libhal_bsp.a(alt_exit.o)

.debug_pubnames
                0x00000000      0xeef
 *(.debug_pubnames)
 .debug_pubnames
                0x00000000       0x1b obj/default/hello_world.o
 .debug_pubnames
                0x0000001b       0x27 f:/windowsstuff/12.0/nios2eds/bin/gnu/h-i686-mingw32/bin/../lib/gcc/nios2-elf/4.1.2/../../../../nios2-elf/lib\libc.a(lib_a-puts.o)
 .debug_pubnames
                0x00000042       0x1d f:/windowsstuff/12.0/nios2eds/bin/gnu/h-i686-mingw32/bin/../lib/gcc/nios2-elf/4.1.2/../../../../nios2-elf/lib\libc.a(lib_a-strlen.o)
 .debug_pubnames
                0x0000005f       0x23 f:/windowsstuff/12.0/nios2eds/bin/gnu/h-i686-mingw32/bin/../lib/gcc/nios2-elf/4.1.2/../../../../nios2-elf/lib\libc.a(lib_a-fvwrite.o)
 .debug_pubnames
                0x00000082       0x39 f:/windowsstuff/12.0/nios2eds/bin/gnu/h-i686-mingw32/bin/../lib/gcc/nios2-elf/4.1.2/../../../../nios2-elf/lib\libc.a(lib_a-impure.o)
 .debug_pubnames
                0x000000bb       0xce f:/windowsstuff/12.0/nios2eds/bin/gnu/h-i686-mingw32/bin/../lib/gcc/nios2-elf/4.1.2/../../../../nios2-elf/lib\libc.a(lib_a-mallocr.o)
 .debug_pubnames
                0x00000189       0x1d f:/windowsstuff/12.0/nios2eds/bin/gnu/h-i686-mingw32/bin/../lib/gcc/nios2-elf/4.1.2/../../../../nios2-elf/lib\libc.a(lib_a-memchr.o)
 .debug_pubnames
                0x000001a6       0x1d f:/windowsstuff/12.0/nios2eds/bin/gnu/h-i686-mingw32/bin/../lib/gcc/nios2-elf/4.1.2/../../../../nios2-elf/lib\libc.a(lib_a-memcpy.o)
 .debug_pubnames
                0x000001c3       0x1e f:/windowsstuff/12.0/nios2eds/bin/gnu/h-i686-mingw32/bin/../lib/gcc/nios2-elf/4.1.2/../../../../nios2-elf/lib\libc.a(lib_a-memmove.o)
 .debug_pubnames
                0x000001e1       0x21 f:/windowsstuff/12.0/nios2eds/bin/gnu/h-i686-mingw32/bin/../lib/gcc/nios2-elf/4.1.2/../../../../nios2-elf/lib\libc.a(lib_a-reallocr.o)
 .debug_pubnames
                0x00000202       0x1e f:/windowsstuff/12.0/nios2eds/bin/gnu/h-i686-mingw32/bin/../lib/gcc/nios2-elf/4.1.2/../../../../nios2-elf/lib\libc.a(lib_a-sbrkr.o)
 .debug_pubnames
                0x00000220       0x22 f:/windowsstuff/12.0/nios2eds/bin/gnu/h-i686-mingw32/bin/../lib/gcc/nios2-elf/4.1.2/../../../../nios2-elf/lib\libc.a(lib_a-wsetup.o)
 .debug_pubnames
                0x00000242       0x2b f:/windowsstuff/12.0/nios2eds/bin/gnu/h-i686-mingw32/bin/../lib/gcc/nios2-elf/4.1.2/../../../../nios2-elf/lib\libc.a(lib_a-fflush.o)
 .debug_pubnames
                0x0000026d       0xdb f:/windowsstuff/12.0/nios2eds/bin/gnu/h-i686-mingw32/bin/../lib/gcc/nios2-elf/4.1.2/../../../../nios2-elf/lib\libc.a(lib_a-findfp.o)
 .debug_pubnames
                0x00000348       0x31 f:/windowsstuff/12.0/nios2eds/bin/gnu/h-i686-mingw32/bin/../lib/gcc/nios2-elf/4.1.2/../../../../nios2-elf/lib\libc.a(lib_a-freer.o)
 .debug_pubnames
                0x00000379       0x2e f:/windowsstuff/12.0/nios2eds/bin/gnu/h-i686-mingw32/bin/../lib/gcc/nios2-elf/4.1.2/../../../../nios2-elf/lib\libc.a(lib_a-fwalk.o)
 .debug_pubnames
                0x000003a7       0x1c f:/windowsstuff/12.0/nios2eds/bin/gnu/h-i686-mingw32/bin/../lib/gcc/nios2-elf/4.1.2/../../../../nios2-elf/lib\libc.a(lib_a-int_errno.o)
 .debug_pubnames
                0x000003c3       0x23 f:/windowsstuff/12.0/nios2eds/bin/gnu/h-i686-mingw32/bin/../lib/gcc/nios2-elf/4.1.2/../../../../nios2-elf/lib\libc.a(lib_a-makebuf.o)
 .debug_pubnames
                0x000003e6       0x1d f:/windowsstuff/12.0/nios2eds/bin/gnu/h-i686-mingw32/bin/../lib/gcc/nios2-elf/4.1.2/../../../../nios2-elf/lib\libc.a(lib_a-memset.o)
 .debug_pubnames
                0x00000403       0x44 f:/windowsstuff/12.0/nios2eds/bin/gnu/h-i686-mingw32/bin/../lib/gcc/nios2-elf/4.1.2/../../../../nios2-elf/lib\libc.a(lib_a-stdio.o)
 .debug_pubnames
                0x00000447       0x1f f:/windowsstuff/12.0/nios2eds/bin/gnu/h-i686-mingw32/bin/../lib/gcc/nios2-elf/4.1.2/../../../../nios2-elf/lib\libc.a(lib_a-writer.o)
 .debug_pubnames
                0x00000466       0x1f f:/windowsstuff/12.0/nios2eds/bin/gnu/h-i686-mingw32/bin/../lib/gcc/nios2-elf/4.1.2/../../../../nios2-elf/lib\libc.a(lib_a-closer.o)
 .debug_pubnames
                0x00000485       0x2b f:/windowsstuff/12.0/nios2eds/bin/gnu/h-i686-mingw32/bin/../lib/gcc/nios2-elf/4.1.2/../../../../nios2-elf/lib\libc.a(lib_a-fclose.o)
 .debug_pubnames
                0x000004b0       0x1f f:/windowsstuff/12.0/nios2eds/bin/gnu/h-i686-mingw32/bin/../lib/gcc/nios2-elf/4.1.2/../../../../nios2-elf/lib\libc.a(lib_a-fstatr.o)
 .debug_pubnames
                0x000004cf       0x20 f:/windowsstuff/12.0/nios2eds/bin/gnu/h-i686-mingw32/bin/../lib/gcc/nios2-elf/4.1.2/../../../../nios2-elf/lib\libc.a(lib_a-isattyr.o)
 .debug_pubnames
                0x000004ef       0x1f f:/windowsstuff/12.0/nios2eds/bin/gnu/h-i686-mingw32/bin/../lib/gcc/nios2-elf/4.1.2/../../../../nios2-elf/lib\libc.a(lib_a-lseekr.o)
 .debug_pubnames
                0x0000050e       0x1e f:/windowsstuff/12.0/nios2eds/bin/gnu/h-i686-mingw32/bin/../lib/gcc/nios2-elf/4.1.2/../../../../nios2-elf/lib\libc.a(lib_a-readr.o)
 .debug_pubnames
                0x0000052c       0x1c C:/Users/jorde_000/Documents/GitHub/LaserSharknado/LaserSharknado_bsp/\libhal_bsp.a(alt_close.o)
 .debug_pubnames
                0x00000548       0x63 C:/Users/jorde_000/Documents/GitHub/LaserSharknado/LaserSharknado_bsp/\libhal_bsp.a(alt_dev.o)
 .debug_pubnames
                0x000005ab       0x20 C:/Users/jorde_000/Documents/GitHub/LaserSharknado/LaserSharknado_bsp/\libhal_bsp.a(alt_errno.o)
 .debug_pubnames
                0x000005cb       0x1c C:/Users/jorde_000/Documents/GitHub/LaserSharknado/LaserSharknado_bsp/\libhal_bsp.a(alt_fstat.o)
 .debug_pubnames
                0x000005e7       0x1d C:/Users/jorde_000/Documents/GitHub/LaserSharknado/LaserSharknado_bsp/\libhal_bsp.a(alt_isatty.o)
 .debug_pubnames
                0x00000604       0x1f C:/Users/jorde_000/Documents/GitHub/LaserSharknado/LaserSharknado_bsp/\libhal_bsp.a(alt_load.o)
 .debug_pubnames
                0x00000623       0x1c C:/Users/jorde_000/Documents/GitHub/LaserSharknado/LaserSharknado_bsp/\libhal_bsp.a(alt_lseek.o)
 .debug_pubnames
                0x0000063f       0x46 C:/Users/jorde_000/Documents/GitHub/LaserSharknado/LaserSharknado_bsp/\libhal_bsp.a(alt_main.o)
 .debug_pubnames
                0x00000685       0x38 C:/Users/jorde_000/Documents/GitHub/LaserSharknado/LaserSharknado_bsp/\libhal_bsp.a(alt_malloc_lock.o)
 .debug_pubnames
                0x000006bd       0x1b C:/Users/jorde_000/Documents/GitHub/LaserSharknado/LaserSharknado_bsp/\libhal_bsp.a(alt_read.o)
 .debug_pubnames
                0x000006d8       0x25 C:/Users/jorde_000/Documents/GitHub/LaserSharknado/LaserSharknado_bsp/\libhal_bsp.a(alt_release_fd.o)
 .debug_pubnames
                0x000006fd       0x1b C:/Users/jorde_000/Documents/GitHub/LaserSharknado/LaserSharknado_bsp/\libhal_bsp.a(alt_sbrk.o)
 .debug_pubnames
                0x00000718       0x1c C:/Users/jorde_000/Documents/GitHub/LaserSharknado/LaserSharknado_bsp/\libhal_bsp.a(alt_write.o)
 .debug_pubnames
                0x00000734       0x34 C:/Users/jorde_000/Documents/GitHub/LaserSharknado/LaserSharknado_bsp/\libhal_bsp.a(alt_sys_init.o)
 .debug_pubnames
                0x00000768       0xa5 C:/Users/jorde_000/Documents/GitHub/LaserSharknado/LaserSharknado_bsp/\libhal_bsp.a(altera_avalon_jtag_uart_fd.o)
 .debug_pubnames
                0x0000080d       0x55 C:/Users/jorde_000/Documents/GitHub/LaserSharknado/LaserSharknado_bsp/\libhal_bsp.a(altera_avalon_jtag_uart_init.o)
 .debug_pubnames
                0x00000862       0x34 C:/Users/jorde_000/Documents/GitHub/LaserSharknado/LaserSharknado_bsp/\libhal_bsp.a(altera_avalon_jtag_uart_ioctl.o)
 .debug_pubnames
                0x00000896       0x33 C:/Users/jorde_000/Documents/GitHub/LaserSharknado/LaserSharknado_bsp/\libhal_bsp.a(altera_avalon_jtag_uart_read.o)
 .debug_pubnames
                0x000008c9       0x34 C:/Users/jorde_000/Documents/GitHub/LaserSharknado/LaserSharknado_bsp/\libhal_bsp.a(altera_avalon_jtag_uart_write.o)
 .debug_pubnames
                0x000008fd      0x1cd C:/Users/jorde_000/Documents/GitHub/LaserSharknado/LaserSharknado_bsp/\libhal_bsp.a(altera_up_avalon_character_lcd.o)
 .debug_pubnames
                0x00000aca       0x26 C:/Users/jorde_000/Documents/GitHub/LaserSharknado/LaserSharknado_bsp/\libhal_bsp.a(alt_alarm_start.o)
 .debug_pubnames
                0x00000af0       0x2b C:/Users/jorde_000/Documents/GitHub/LaserSharknado/LaserSharknado_bsp/\libhal_bsp.a(alt_dcache_flush_all.o)
 .debug_pubnames
                0x00000b1b       0x2b C:/Users/jorde_000/Documents/GitHub/LaserSharknado/LaserSharknado_bsp/\libhal_bsp.a(alt_dev_llist_insert.o)
 .debug_pubnames
                0x00000b46       0x20 C:/Users/jorde_000/Documents/GitHub/LaserSharknado/LaserSharknado_bsp/\libhal_bsp.a(alt_do_ctors.o)
 .debug_pubnames
                0x00000b66       0x20 C:/Users/jorde_000/Documents/GitHub/LaserSharknado/LaserSharknado_bsp/\libhal_bsp.a(alt_do_dtors.o)
 .debug_pubnames
                0x00000b86       0x23 C:/Users/jorde_000/Documents/GitHub/LaserSharknado/LaserSharknado_bsp/\libhal_bsp.a(alt_find_dev.o)
 .debug_pubnames
                0x00000ba9       0x2b C:/Users/jorde_000/Documents/GitHub/LaserSharknado/LaserSharknado_bsp/\libhal_bsp.a(alt_icache_flush_all.o)
 .debug_pubnames
                0x00000bd4       0x6e C:/Users/jorde_000/Documents/GitHub/LaserSharknado/LaserSharknado_bsp/\libhal_bsp.a(alt_iic.o)
 .debug_pubnames
                0x00000c42       0x2b C:/Users/jorde_000/Documents/GitHub/LaserSharknado/LaserSharknado_bsp/\libhal_bsp.a(alt_iic_isr_register.o)
 .debug_pubnames
                0x00000c6d       0x26 C:/Users/jorde_000/Documents/GitHub/LaserSharknado/LaserSharknado_bsp/\libhal_bsp.a(alt_io_redirect.o)
 .debug_pubnames
                0x00000c93       0x32 C:/Users/jorde_000/Documents/GitHub/LaserSharknado/LaserSharknado_bsp/\libhal_bsp.a(alt_irq_handler.o)
 .debug_pubnames
                0x00000cc5       0x3b C:/Users/jorde_000/Documents/GitHub/LaserSharknado/LaserSharknado_bsp/\libhal_bsp.a(alt_irq_vars.o)
 .debug_pubnames
                0x00000d00       0x1b C:/Users/jorde_000/Documents/GitHub/LaserSharknado/LaserSharknado_bsp/\libhal_bsp.a(alt_open.o)
 .debug_pubnames
                0x00000d1b       0x68 C:/Users/jorde_000/Documents/GitHub/LaserSharknado/LaserSharknado_bsp/\libhal_bsp.a(alt_tick.o)
 .debug_pubnames
                0x00000d83       0x31 C:/Users/jorde_000/Documents/GitHub/LaserSharknado/LaserSharknado_bsp/\libhal_bsp.a(altera_nios2_qsys_irq.o)
 .debug_pubnames
                0x00000db4       0x24 C:/Users/jorde_000/Documents/GitHub/LaserSharknado/LaserSharknado_bsp/\libhal_bsp.a(alt_find_file.o)
 .debug_pubnames
                0x00000dd8       0x21 C:/Users/jorde_000/Documents/GitHub/LaserSharknado/LaserSharknado_bsp/\libhal_bsp.a(alt_get_fd.o)
 .debug_pubnames
                0x00000df9       0x27 C:/Users/jorde_000/Documents/GitHub/LaserSharknado/LaserSharknado_bsp/\libhal_bsp.a(alt_icache_flush.o)
 .debug_pubnames
                0x00000e20       0x2a f:/windowsstuff/12.0/nios2eds/bin/gnu/h-i686-mingw32/bin/../lib/gcc/nios2-elf/4.1.2/../../../../nios2-elf/lib\libc.a(lib_a-atexit.o)
 .debug_pubnames
                0x00000e4a       0x1b f:/windowsstuff/12.0/nios2eds/bin/gnu/h-i686-mingw32/bin/../lib/gcc/nios2-elf/4.1.2/../../../../nios2-elf/lib\libc.a(lib_a-exit.o)
 .debug_pubnames
                0x00000e65       0x1d f:/windowsstuff/12.0/nios2eds/bin/gnu/h-i686-mingw32/bin/../lib/gcc/nios2-elf/4.1.2/../../../../nios2-elf/lib\libc.a(lib_a-memcmp.o)
 .debug_pubnames
                0x00000e82       0x2a f:/windowsstuff/12.0/nios2eds/bin/gnu/h-i686-mingw32/bin/../lib/gcc/nios2-elf/4.1.2/../../../../nios2-elf/lib\libc.a(lib_a-__atexit.o)
 .debug_pubnames
                0x00000eac       0x27 f:/windowsstuff/12.0/nios2eds/bin/gnu/h-i686-mingw32/bin/../lib/gcc/nios2-elf/4.1.2/../../../../nios2-elf/lib\libc.a(lib_a-__call_atexit.o)
 .debug_pubnames
                0x00000ed3       0x1c C:/Users/jorde_000/Documents/GitHub/LaserSharknado/LaserSharknado_bsp/\libhal_bsp.a(alt_exit.o)

.debug_info     0x00000000    0x1a0ce
 *(.debug_info .gnu.linkonce.wi.*)
 .debug_info    0x00000000       0x77 C:/Users/jorde_000/Documents/GitHub/LaserSharknado/LaserSharknado_bsp//obj/HAL/src/crt0.o
 .debug_info    0x00000077      0x466 obj/default/hello_world.o
 .debug_info    0x000004dd      0xa25 f:/windowsstuff/12.0/nios2eds/bin/gnu/h-i686-mingw32/bin/../lib/gcc/nios2-elf/4.1.2/../../../../nios2-elf/lib\libc.a(lib_a-puts.o)
 .debug_info    0x00000f02       0xdb f:/windowsstuff/12.0/nios2eds/bin/gnu/h-i686-mingw32/bin/../lib/gcc/nios2-elf/4.1.2/../../../../nios2-elf/lib\libc.a(lib_a-strlen.o)
 .debug_info    0x00000fdd      0xa88 f:/windowsstuff/12.0/nios2eds/bin/gnu/h-i686-mingw32/bin/../lib/gcc/nios2-elf/4.1.2/../../../../nios2-elf/lib\libc.a(lib_a-fvwrite.o)
 .debug_info    0x00001a65      0x93d f:/windowsstuff/12.0/nios2eds/bin/gnu/h-i686-mingw32/bin/../lib/gcc/nios2-elf/4.1.2/../../../../nios2-elf/lib\libc.a(lib_a-impure.o)
 .debug_info    0x000023a2      0xcd0 f:/windowsstuff/12.0/nios2eds/bin/gnu/h-i686-mingw32/bin/../lib/gcc/nios2-elf/4.1.2/../../../../nios2-elf/lib\libc.a(lib_a-mallocr.o)
 .debug_info    0x00003072      0x138 f:/windowsstuff/12.0/nios2eds/bin/gnu/h-i686-mingw32/bin/../lib/gcc/nios2-elf/4.1.2/../../../../nios2-elf/lib\libc.a(lib_a-memchr.o)
 .debug_info    0x000031aa      0x106 f:/windowsstuff/12.0/nios2eds/bin/gnu/h-i686-mingw32/bin/../lib/gcc/nios2-elf/4.1.2/../../../../nios2-elf/lib\libc.a(lib_a-memcpy.o)
 .debug_info    0x000032b0      0x13e f:/windowsstuff/12.0/nios2eds/bin/gnu/h-i686-mingw32/bin/../lib/gcc/nios2-elf/4.1.2/../../../../nios2-elf/lib\libc.a(lib_a-memmove.o)
 .debug_info    0x000033ee      0xbd7 f:/windowsstuff/12.0/nios2eds/bin/gnu/h-i686-mingw32/bin/../lib/gcc/nios2-elf/4.1.2/../../../../nios2-elf/lib\libc.a(lib_a-reallocr.o)
 .debug_info    0x00003fc5      0x962 f:/windowsstuff/12.0/nios2eds/bin/gnu/h-i686-mingw32/bin/../lib/gcc/nios2-elf/4.1.2/../../../../nios2-elf/lib\libc.a(lib_a-sbrkr.o)
 .debug_info    0x00004927      0x95d f:/windowsstuff/12.0/nios2eds/bin/gnu/h-i686-mingw32/bin/../lib/gcc/nios2-elf/4.1.2/../../../../nios2-elf/lib\libc.a(lib_a-wsetup.o)
 .debug_info    0x00005284      0x9fe f:/windowsstuff/12.0/nios2eds/bin/gnu/h-i686-mingw32/bin/../lib/gcc/nios2-elf/4.1.2/../../../../nios2-elf/lib\libc.a(lib_a-fflush.o)
 .debug_info    0x00005c82      0xb72 f:/windowsstuff/12.0/nios2eds/bin/gnu/h-i686-mingw32/bin/../lib/gcc/nios2-elf/4.1.2/../../../../nios2-elf/lib\libc.a(lib_a-findfp.o)
 .debug_info    0x000067f4      0xbc9 f:/windowsstuff/12.0/nios2eds/bin/gnu/h-i686-mingw32/bin/../lib/gcc/nios2-elf/4.1.2/../../../../nios2-elf/lib\libc.a(lib_a-freer.o)
 .debug_info    0x000073bd      0xaed f:/windowsstuff/12.0/nios2eds/bin/gnu/h-i686-mingw32/bin/../lib/gcc/nios2-elf/4.1.2/../../../../nios2-elf/lib\libc.a(lib_a-fwalk.o)
 .debug_info    0x00007eaa       0x8c f:/windowsstuff/12.0/nios2eds/bin/gnu/h-i686-mingw32/bin/../lib/gcc/nios2-elf/4.1.2/../../../../nios2-elf/lib\libc.a(lib_a-int_errno.o)
 .debug_info    0x00007f36      0xb1a f:/windowsstuff/12.0/nios2eds/bin/gnu/h-i686-mingw32/bin/../lib/gcc/nios2-elf/4.1.2/../../../../nios2-elf/lib\libc.a(lib_a-makebuf.o)
 .debug_info    0x00008a50      0x113 f:/windowsstuff/12.0/nios2eds/bin/gnu/h-i686-mingw32/bin/../lib/gcc/nios2-elf/4.1.2/../../../../nios2-elf/lib\libc.a(lib_a-memset.o)
 .debug_info    0x00008b63      0xaac f:/windowsstuff/12.0/nios2eds/bin/gnu/h-i686-mingw32/bin/../lib/gcc/nios2-elf/4.1.2/../../../../nios2-elf/lib\libc.a(lib_a-stdio.o)
 .debug_info    0x0000960f      0x993 f:/windowsstuff/12.0/nios2eds/bin/gnu/h-i686-mingw32/bin/../lib/gcc/nios2-elf/4.1.2/../../../../nios2-elf/lib\libc.a(lib_a-writer.o)
 .debug_info    0x00009fa2      0x958 f:/windowsstuff/12.0/nios2eds/bin/gnu/h-i686-mingw32/bin/../lib/gcc/nios2-elf/4.1.2/../../../../nios2-elf/lib\libc.a(lib_a-closer.o)
 .debug_info    0x0000a8fa      0x994 f:/windowsstuff/12.0/nios2eds/bin/gnu/h-i686-mingw32/bin/../lib/gcc/nios2-elf/4.1.2/../../../../nios2-elf/lib\libc.a(lib_a-fclose.o)
 .debug_info    0x0000b28e      0xafc f:/windowsstuff/12.0/nios2eds/bin/gnu/h-i686-mingw32/bin/../lib/gcc/nios2-elf/4.1.2/../../../../nios2-elf/lib\libc.a(lib_a-fstatr.o)
 .debug_info    0x0000bd8a      0x958 f:/windowsstuff/12.0/nios2eds/bin/gnu/h-i686-mingw32/bin/../lib/gcc/nios2-elf/4.1.2/../../../../nios2-elf/lib\libc.a(lib_a-isattyr.o)